============================= test session starts =============================
platform win32 -- Python 3.11.9, pytest-8.4.1, pluggy-1.6.0 -- C:\Python311\python.exe
cachedir: .pytest_cache
PySide6 6.9.1 -- Qt runtime 6.9.1 -- Qt compiled 6.9.1
rootdir: F:\Programming\Apps\ShittyRandomPhotoScreenSaver
configfile: pytest.ini
plugins: qt-4.5.0
collecting ... collected 371 items

tests/test_animation.py::test_animation_manager_initialization PASSED    [  0%]
tests/test_animation.py::test_property_animation PASSED                  [  0%]
tests/test_animation.py::test_custom_animation PASSED                    [  0%]
tests/test_animation.py::test_animation_pause_resume PASSED              [  1%]
tests/test_animation.py::test_animation_cancel PASSED                    [  1%]
tests/test_animation.py::test_easing_curves PASSED                       [  1%]
tests/test_animation.py::test_animation_with_delay PASSED                [  1%]
tests/test_animation.py::test_multiple_animations PASSED                 [  2%]
tests/test_animation.py::test_cancel_all_animations PASSED               [  2%]
tests/test_animation.py::test_animation_manager_auto_stop PASSED         [  2%]
tests/test_animation_set_target_fps.py::test_set_target_fps_updates_timer_interval PASSED [  2%]
tests/test_block_puzzle_flip.py::test_block_puzzle_creation PASSED       [  3%]
tests/test_block_puzzle_flip.py::test_block_puzzle_runs_and_labels PASSED [  3%]
tests/test_block_puzzle_flip.py::test_block_puzzle_cleanup PASSED        [  3%]
tests/test_block_puzzle_flip.py::test_block_puzzle_invalid_pixmap PASSED [  4%]
tests/test_block_puzzle_flip.py::test_block_puzzle_set_flip_duration PASSED [  4%]
tests/test_block_puzzle_flip.py::test_block_puzzle_randomization PASSED  [  4%]
tests/test_block_puzzle_flip.py::test_block_puzzle_small_widget PASSED   [  4%]
tests/test_clock_integration_regression.py::TestClockIntegrationRegression::test_bug1_clock_widget_created PASSED [  5%]
tests/test_clock_integration_regression.py::TestClockIntegrationRegression::test_bug2_set_text_color_method_exists PASSED [  5%]
tests/test_clock_integration_regression.py::TestClockIntegrationRegression::test_bug3_color_array_to_qcolor_conversion PASSED [  5%]
tests/test_clock_integration_regression.py::TestClockIntegrationRegression::test_bug4_z_order_clock_on_top PASSED [  5%]
tests/test_clock_integration_regression.py::TestClockIntegrationRegression::test_bug5_settings_retrieval_no_crash PASSED [  6%]
tests/test_clock_integration_regression.py::TestClockIntegrationRegression::test_bug6_boolean_type_conversion PASSED [  6%]
tests/test_clock_integration_regression.py::TestClockIntegrationRegression::test_bug7_position_string_to_enum PASSED [  6%]
tests/test_clock_integration_regression.py::TestClockIntegrationRegression::test_bug8_format_string_to_enum PASSED [  7%]
tests/test_clock_integration_regression.py::TestClockIntegrationRegression::test_bug9_missing_raise_call PASSED [  7%]
tests/test_clock_integration_regression.py::TestClockIntegrationRegression::test_clock_widget_visibility_after_setup PASSED [  7%]
tests/test_clock_integration_regression.py::TestClockIntegrationRegression::test_clock_widget_size_and_position PASSED [  7%]
tests/test_clock_integration_regression.py::TestClockIntegrationRegression::test_clock_settings_complete_integration PASSED [  8%]
tests/test_clock_widget.py::test_time_format_enum PASSED                 [  8%]
tests/test_clock_widget.py::test_clock_position_enum PASSED              [  8%]
tests/test_clock_widget.py::test_clock_creation PASSED                   [  8%]
tests/test_clock_widget.py::test_clock_start_stop PASSED                 [  9%]
tests/test_clock_widget.py::test_clock_signals PASSED                    [  9%]
tests/test_clock_widget.py::test_clock_12h_format PASSED                 [  9%]
tests/test_clock_widget.py::test_clock_24h_format PASSED                 [  9%]
tests/test_clock_widget.py::test_clock_without_seconds PASSED            [ 10%]
tests/test_clock_widget.py::test_clock_with_seconds PASSED               [ 10%]
tests/test_clock_widget.py::test_clock_set_time_format PASSED            [ 10%]
tests/test_clock_widget.py::test_clock_set_show_seconds PASSED           [ 11%]
tests/test_clock_widget.py::test_clock_all_positions PASSED              [ 11%]
tests/test_clock_widget.py::test_clock_set_position PASSED               [ 11%]
tests/test_clock_widget.py::test_clock_set_font_size PASSED              [ 11%]
tests/test_clock_widget.py::test_clock_set_text_color PASSED             [ 12%]
tests/test_clock_widget.py::test_clock_set_margin PASSED                 [ 12%]
tests/test_clock_widget.py::test_clock_cleanup PASSED                    [ 12%]
tests/test_clock_widget.py::test_clock_concurrent_start_prevention PASSED [ 12%]
tests/test_clock_widget.py::test_clock_updates_over_time PASSED          [ 13%]
tests/test_diffuse_transition.py::test_diffuse_creation PASSED           [ 13%]
tests/test_diffuse_transition.py::test_diffuse_start_no_old_image PASSED [ 13%]
tests/test_diffuse_transition.py::test_diffuse_start_with_images PASSED  [ 14%]
tests/test_diffuse_transition.py::test_diffuse_signals PASSED            [ 14%]
tests/test_diffuse_transition.py::test_diffuse_progress_range PASSED     [ 14%]
tests/test_diffuse_transition.py::test_diffuse_stop PASSED               [ 14%]
tests/test_diffuse_transition.py::test_diffuse_grid_creation PASSED      [ 15%]
tests/test_diffuse_transition.py::test_diffuse_cleanup PASSED            [ 15%]
tests/test_diffuse_transition.py::test_diffuse_invalid_pixmap PASSED     [ 15%]
tests/test_diffuse_transition.py::test_diffuse_already_running PASSED    [ 15%]
tests/test_diffuse_transition.py::test_diffuse_block_size PASSED         [ 16%]
tests/test_diffuse_transition.py::test_diffuse_small_widget PASSED       [ 16%]
tests/test_diffuse_transition.py::test_diffuse_randomization PASSED      [ 16%]
tests/test_display_tab.py::TestDisplayTab::test_display_tab_creation PASSED [ 16%]
tests/test_display_tab.py::TestDisplayTab::test_display_tab_loads_settings PASSED [ 17%]
tests/test_display_tab.py::TestDisplayTab::test_display_tab_saves_monitor_selection PASSED [ 17%]
tests/test_display_tab.py::TestDisplayTab::test_display_tab_saves_display_mode PASSED [ 17%]
tests/test_display_tab.py::TestDisplayTab::test_display_tab_saves_timing PASSED [ 18%]
tests/test_display_tab.py::TestDisplayTab::test_display_tab_boolean_conversion PASSED [ 18%]
tests/test_display_tab.py::TestDisplayTab::test_display_tab_lanczos_setting PASSED [ 18%]
tests/test_display_tab.py::TestDisplayTab::test_display_tab_sharpen_setting PASSED [ 18%]
tests/test_display_tab.py::TestDisplayTab::test_display_tab_same_image_monitors PASSED [ 19%]
tests/test_display_tab.py::TestDisplayTab::test_display_tab_all_settings_persist PASSED [ 19%]
tests/test_display_tab.py::TestDisplayTab::test_display_tab_default_values PASSED [ 19%]
tests/test_display_tab.py::TestDisplayTab::test_display_tab_invalid_mode_handling PASSED [ 19%]
tests/test_display_tab.py::TestDisplayTab::test_display_tab_invalid_interval_handling PASSED [ 20%]
tests/test_display_tab.py::TestDisplayTab::test_display_tab_ui_elements_exist PASSED [ 20%]
tests/test_events.py::test_event_system_initialization PASSED            [ 20%]
tests/test_events.py::test_subscribe_and_publish PASSED                  [ 21%]
tests/test_events.py::test_unsubscribe PASSED                            [ 21%]
tests/test_events.py::test_priority_ordering PASSED                      [ 21%]
tests/test_events.py::test_event_filter PASSED                           [ 21%]
tests/test_events.py::test_event_history PASSED                          [ 22%]
tests/test_flicker_fix_integration.py::TestQtAllocationLimit::test_allocation_limit_increased PASSED [ 22%]
tests/test_flicker_fix_integration.py::TestQtAllocationLimit::test_large_image_can_be_allocated PASSED [ 22%]
tests/test_flicker_fix_integration.py::TestOverlayReadyFlow::test_overlay_lifecycle SKIPPED [ 22%]
tests/test_flicker_fix_integration.py::TestOverlayReadyFlow::test_paint_event_respects_ready_state PASSED [ 23%]
tests/test_flicker_fix_integration.py::TestTransitionTelemetryFlow::test_transition_tracks_timing PASSED [ 23%]
tests/test_flicker_fix_integration.py::TestMultiDisplaySyncFlow::test_sync_queue_lifecycle PASSED [ 23%]
tests/test_flicker_fix_integration.py::TestMultiDisplaySyncFlow::test_sync_timeout_handling PASSED [ 23%]
tests/test_flicker_fix_integration.py::TestEndToEndFlickerFix::test_gl_overlay_eliminates_race_condition SKIPPED [ 24%]
tests/test_flicker_fix_integration.py::TestEndToEndFlickerFix::test_pre_warming_reduces_init_time PASSED [ 24%]
tests/test_flicker_fix_integration.py::TestRegressionPrevention::test_no_process_events_in_transitions PASSED [ 24%]
tests/test_flicker_fix_integration.py::TestRegressionPrevention::test_showfullscreen_not_deferred PASSED [ 25%]
tests/test_gl_prewarm.py::test_gl_prewarm_overlays_ready PASSED          [ 25%]
tests/test_image_processor.py::test_fill_mode_wider_image PASSED         [ 25%]
tests/test_image_processor.py::test_fill_mode_taller_image PASSED        [ 25%]
tests/test_image_processor.py::test_fill_mode_small_image PASSED         [ 26%]
tests/test_image_processor.py::test_fit_mode_landscape PASSED            [ 26%]
tests/test_image_processor.py::test_fit_mode_portrait PASSED             [ 26%]
tests/test_image_processor.py::test_shrink_mode_large_image PASSED       [ 26%]
tests/test_image_processor.py::test_shrink_mode_small_image PASSED       [ 27%]
tests/test_image_processor.py::test_null_image_fallback PASSED           [ 27%]
tests/test_image_processor.py::test_square_image_fill PASSED             [ 27%]
tests/test_image_processor.py::test_aspect_ratio_preservation_fit PASSED [ 28%]
tests/test_image_processor.py::test_calculate_scale_factors_fill PASSED  [ 28%]
tests/test_image_processor.py::test_calculate_scale_factors_fit PASSED   [ 28%]
tests/test_image_processor.py::test_calculate_scale_factors_shrink_no_scaling PASSED [ 28%]
tests/test_image_processor.py::test_calculate_scale_factors_shrink_with_scaling PASSED [ 29%]
tests/test_image_processor.py::test_get_crop_rect PASSED                 [ 29%]
tests/test_image_processor.py::test_display_mode_from_string PASSED      [ 29%]
tests/test_image_processor.py::test_display_mode_from_string_invalid PASSED [ 29%]
tests/test_image_processor.py::test_display_mode_str PASSED              [ 30%]
tests/test_image_queue.py::test_image_queue_initialization PASSED        [ 30%]
tests/test_image_queue.py::test_add_images_no_shuffle PASSED             [ 30%]
tests/test_image_queue.py::test_add_images_with_shuffle PASSED           [ 30%]
tests/test_image_queue.py::test_next_image PASSED                        [ 31%]
tests/test_image_queue.py::test_next_multiple_images PASSED              [ 31%]
tests/test_image_queue.py::test_queue_wraparound PASSED                  [ 31%]
tests/test_image_queue.py::test_current_image PASSED                     [ 32%]
tests/test_image_queue.py::test_peek_next_image PASSED                   [ 32%]
tests/test_image_queue.py::test_history_tracking PASSED                  [ 32%]
tests/test_image_queue.py::test_history_max_size PASSED                  [ 32%]
tests/test_image_queue.py::test_is_in_recent_history PASSED              [ 33%]
tests/test_image_queue.py::test_shuffle_method PASSED                    [ 33%]
tests/test_image_queue.py::test_set_shuffle_enabled PASSED               [ 33%]
tests/test_image_queue.py::test_clear_queue PASSED                       [ 33%]
tests/test_image_queue.py::test_set_images_replaces_all PASSED           [ 34%]
tests/test_image_queue.py::test_remove_image PASSED                      [ 34%]
tests/test_image_queue.py::test_remove_nonexistent_image PASSED          [ 34%]
tests/test_image_queue.py::test_get_stats PASSED                         [ 35%]
tests/test_image_queue.py::test_empty_queue_behavior PASSED              [ 35%]
tests/test_image_queue.py::test_queue_len_and_bool PASSED                [ 35%]
tests/test_image_queue.py::test_queue_repr PASSED                        [ 35%]
tests/test_image_queue.py::test_previous_image PASSED                    [ 36%]
tests/test_image_queue.py::test_previous_with_no_history PASSED          [ 36%]
tests/test_image_queue.py::test_wraparound_preserves_shuffle PASSED      [ 36%]
tests/test_integration.py::test_engine_creation PASSED                   [ 36%]
tests/test_integration.py::test_engine_initialization PASSED             [ 37%]
tests/test_integration.py::test_engine_core_systems PASSED               [ 37%]
tests/test_integration.py::test_engine_image_queue_initialization PASSED [ 37%]
tests/test_integration.py::test_engine_display_initialization PASSED     [ 38%]
tests/test_integration.py::test_engine_start_stop PASSED                 [ 38%]
tests/test_integration.py::test_engine_signals PASSED                    [ 38%]
tests/test_integration.py::test_engine_rotation_timer PASSED             [ 38%]
tests/test_integration.py::test_engine_get_stats PASSED                  [ 39%]
tests/test_integration.py::test_engine_cleanup PASSED                    [ 39%]
tests/test_integration.py::test_engine_without_initialization PASSED     [ 39%]
tests/test_integration.py::test_engine_default_rss_sources PASSED        [ 39%]
tests/test_integration.py::test_engine_settings_integration PASSED       [ 40%]
tests/test_integration.py::test_engine_multiple_start_calls PASSED       [ 40%]
tests/test_integration.py::test_engine_stop_without_start PASSED         [ 40%]
tests/test_integration_settings.py::test_sources_tab_folder_persistence PASSED [ 40%]
tests/test_integration_settings.py::test_sources_tab_rss_persistence PASSED [ 41%]
tests/test_integration_settings.py::test_settings_dialog_full_workflow PASSED [ 41%]
tests/test_integration_settings.py::test_nested_dict_does_not_work PASSED [ 41%]
tests/test_integration_settings.py::test_settings_load_on_startup PASSED [ 42%]
tests/test_lanczos_scaling.py::TestLanczosScaling::test_lanczos_downscaling PASSED [ 42%]
tests/test_lanczos_scaling.py::TestLanczosScaling::test_bug10_no_image_tripling PASSED [ 42%]
tests/test_lanczos_scaling.py::TestLanczosScaling::test_lanczos_with_alpha_channel PASSED [ 42%]
tests/test_lanczos_scaling.py::TestLanczosScaling::test_lanczos_with_sharpening PASSED [ 43%]
tests/test_lanczos_scaling.py::TestLanczosScaling::test_fallback_when_lanczos_disabled PASSED [ 43%]
tests/test_lanczos_scaling.py::TestLanczosScaling::test_fallback_when_pil_unavailable SKIPPED [ 43%]
tests/test_lanczos_scaling.py::TestLanczosScaling::test_lanczos_fill_mode PASSED [ 43%]
tests/test_lanczos_scaling.py::TestLanczosScaling::test_lanczos_fit_mode PASSED [ 44%]
tests/test_lanczos_scaling.py::TestLanczosScaling::test_lanczos_shrink_mode_downscale PASSED [ 44%]
tests/test_lanczos_scaling.py::TestLanczosScaling::test_lanczos_shrink_mode_no_upscale PASSED [ 44%]
tests/test_lanczos_scaling.py::TestLanczosScaling::test_lanczos_aspect_ratio_preserved PASSED [ 45%]
tests/test_lanczos_scaling.py::TestLanczosScaling::test_null_image_handling PASSED [ 45%]
tests/test_lanczos_scaling.py::TestLanczosScaling::test_aggressive_downscale PASSED [ 45%]
tests/test_multidisplay_sync.py::TestDisplayManagerSync::test_sync_disabled_by_default PASSED [ 45%]
tests/test_multidisplay_sync.py::TestDisplayManagerSync::test_enable_sync_creates_queue PASSED [ 46%]
tests/test_multidisplay_sync.py::TestDisplayManagerSync::test_disable_sync_clears_queue PASSED [ 46%]
tests/test_multidisplay_sync.py::TestDisplayManagerSync::test_sync_not_enabled_for_single_display PASSED [ 46%]
tests/test_multidisplay_sync.py::TestSPSCQueueSync::test_ready_signal_queuing PASSED [ 46%]
tests/test_multidisplay_sync.py::TestSPSCQueueSync::test_wait_for_all_displays_success PASSED [ 47%]
tests/test_multidisplay_sync.py::TestSPSCQueueSync::test_wait_for_all_displays_timeout PASSED [ 47%]
tests/test_multidisplay_sync.py::TestSPSCQueueSync::test_wait_returns_true_when_sync_disabled PASSED [ 47%]
tests/test_multidisplay_sync.py::TestSPSCQueueSync::test_wait_returns_true_for_single_display PASSED [ 47%]
tests/test_multidisplay_sync.py::TestSynchronizedTransition::test_show_image_synchronized_falls_back_when_disabled PASSED [ 48%]
tests/test_multidisplay_sync.py::TestSynchronizedTransition::test_show_image_synchronized_clears_queue PASSED [ 48%]
tests/test_multidisplay_sync.py::TestQueueOverflow::test_queue_rejects_when_full PASSED [ 48%]
tests/test_multidisplay_sync.py::TestQueueOverflow::test_display_manager_logs_queue_full PASSED [ 49%]
tests/test_multidisplay_sync.py::TestConcurrentReadySignals::test_no_duplicate_ready_signals PASSED [ 49%]
tests/test_multidisplay_sync.py::TestPerformanceMetrics::test_sync_overhead_minimal PASSED [ 49%]
tests/test_overlay_ready_state.py::TestGLCrossfadeOverlayReady::test_overlay_not_ready_before_init PASSED [ 49%]
tests/test_overlay_ready_state.py::TestGLCrossfadeOverlayReady::test_overlay_ready_after_init_and_paint SKIPPED [ 50%]
tests/test_overlay_ready_state.py::TestGLCrossfadeOverlayReady::test_overlay_ready_state_thread_safe PASSED [ 50%]
tests/test_overlay_ready_state.py::TestGLCrossfadeOverlayReady::test_overlay_reset_on_set_images PASSED [ 50%]
tests/test_overlay_ready_state.py::TestSWCrossfadeOverlayReady::test_sw_overlay_not_ready_before_paint PASSED [ 50%]
tests/test_overlay_ready_state.py::TestSWCrossfadeOverlayReady::test_sw_overlay_ready_after_paint PASSED [ 51%]
tests/test_overlay_ready_state.py::TestOverlayManagerReady::test_any_overlay_ready_returns_false_when_none_visible PASSED [ 51%]
tests/test_overlay_ready_state.py::TestOverlayManagerReady::test_any_overlay_ready_returns_true_when_gl_ready SKIPPED [ 51%]
tests/test_overlay_ready_state.py::TestOverlayManagerReady::test_any_overlay_ready_returns_false_when_visible_but_not_ready PASSED [ 52%]
tests/test_overlay_ready_state.py::TestAllGLOverlaysReadyState::test_gl_overlay_has_ready_method[_GLFadeWidget-extra_args0] PASSED [ 52%]
tests/test_overlay_ready_state.py::TestAllGLOverlaysReadyState::test_gl_overlay_has_ready_method[_GLSlideWidget-extra_args1] PASSED [ 52%]
tests/test_overlay_ready_state.py::TestAllGLOverlaysReadyState::test_gl_overlay_has_ready_method[_GLWipeWidget-extra_args2] PASSED [ 52%]
tests/test_overlay_ready_state.py::TestAllGLOverlaysReadyState::test_gl_blinds_tail_repaint_flag PASSED [ 53%]
tests/test_overlay_ready_state.py::TestAllGLOverlaysReadyState::test_display_widget_retains_previous_pixmap_on_clear PASSED [ 53%]
tests/test_overlay_ready_state.py::TestAllGLOverlaysReadyState::test_gl_diffuse_overlay_ready PASSED [ 53%]
tests/test_overlay_ready_state.py::TestAllGLOverlaysReadyState::test_gl_block_overlay_ready PASSED [ 53%]
tests/test_overlay_ready_state.py::TestDisplayWidgetPaintEvent::test_paint_event_skips_when_overlay_ready PASSED [ 54%]
tests/test_overlay_ready_state.py::TestDisplayWidgetOverlayDiagnostics::test_notify_overlay_ready_tracks_counts PASSED [ 54%]
tests/test_overlay_ready_state.py::TestDisplayWidgetOverlayDiagnostics::test_handle_screen_change_updates_geometry_and_dpi PASSED [ 54%]
tests/test_pan_scan_animator.py::test_pan_direction_enum PASSED          [ 54%]
tests/test_pan_scan_animator.py::test_animator_creation PASSED           [ 55%]
tests/test_pan_scan_animator.py::test_animator_start PASSED              [ 55%]
tests/test_pan_scan_animator.py::test_animator_signals PASSED            [ 55%]
tests/test_pan_scan_animator.py::test_animator_stop PASSED               [ 56%]
tests/test_pan_scan_animator.py::test_animator_all_directions PASSED     [ 56%]
tests/test_pan_scan_animator.py::test_animator_random_direction PASSED   [ 56%]
tests/test_pan_scan_animator.py::test_animator_viewport_rectangles PASSED [ 56%]
tests/test_pan_scan_animator.py::test_animator_set_zoom_range PASSED     [ 57%]
tests/test_pan_scan_animator.py::test_animator_set_duration PASSED       [ 57%]
tests/test_pan_scan_animator.py::test_animator_set_fps PASSED            [ 57%]
tests/test_pan_scan_animator.py::test_animator_progress_values PASSED    [ 57%]
tests/test_pan_scan_animator.py::test_animator_concurrent_prevention PASSED [ 58%]
tests/test_pan_scan_animator.py::test_ease_in_out_cubic PASSED           [ 58%]
tests/test_pan_scan_animator.py::test_animator_small_image PASSED        [ 58%]
tests/test_pan_scan_animator.py::test_animator_multiple_runs PASSED      [ 59%]
tests/test_pan_scan_integration.py::test_pan_scan_stopped_before_transition PASSED [ 59%]
tests/test_pan_scan_integration.py::test_diffuse_with_pan_scan PASSED    [ 59%]
tests/test_pan_scan_integration.py::test_block_puzzle_with_pan_scan PASSED [ 59%]
tests/test_pan_scan_integration.py::test_transition_uses_pan_preview_frame PASSED [ 60%]
tests/test_pan_scan_integration.py::test_wipe_with_pan_scan PASSED       [ 60%]
tests/test_pan_scan_integration.py::test_crossfade_duration PASSED       [ 60%]
tests/test_pan_scan_integration.py::test_pan_scan_cleanup_between_images PASSED [ 60%]
tests/test_pan_scan_integration.py::test_all_transitions_with_pan_scan PASSED [ 61%]
tests/test_prewarm_no_deadlock.py::test_prewarm_no_deadlock PASSED       [ 61%]
tests/test_rendering_backends.py::test_opengl_backend_falls_back_to_software PASSED [ 61%]
tests/test_rendering_backends.py::test_explicit_software_backend_selection PASSED [ 61%]
tests/test_rendering_backends.py::test_backend_diagnostics_counters PASSED [ 62%]
tests/test_rendering_backends.py::test_unknown_backend_normalizes_to_opengl PASSED [ 62%]
tests/test_resources.py::test_resource_manager_initialization PASSED     [ 62%]
tests/test_resources.py::test_register_resource PASSED                   [ 63%]
tests/test_resources.py::test_unregister_resource PASSED                 [ 63%]
tests/test_resources.py::test_register_temp_file PASSED                  [ 63%]
tests/test_resources.py::test_get_all_resources PASSED                   [ 63%]
tests/test_resources.py::test_get_stats PASSED                           [ 64%]
tests/test_s_hotkey_workflow.py::test_s_hotkey_opens_settings_without_crash PASSED [ 64%]
