2025-11-19 00:47:20,118 - pytest_runner - INFO - pytest.py starting with args: ['tests/test_widgets_media_integration.py', '-vv']
2025-11-19 00:47:20,119 - pytest_runner - INFO - pytest.py starting with args: ['tests/test_widgets_media_integration.py', '-vv']
2025-11-19 00:47:20,120 - pytest_runner - INFO - pytest.py starting with args: ['tests/test_widgets_media_integration.py', '-vv']
2025-11-19 00:47:20,120 - pytest_runner - INFO - pytest.py starting with args: ['tests/test_widgets_media_integration.py', '-vv']
2025-11-19 00:47:20,120 - pytest_runner - INFO - pytest.py starting with args: ['tests/test_widgets_media_integration.py', '-vv']
2025-11-19 00:47:20,121 - pytest_runner - INFO - pytest.py starting with args: ['tests/test_widgets_media_integration.py', '-vv']
2025-11-19 00:47:20,123 - pytest_runner - INFO - pytest.py starting with args: ['tests/test_widgets_media_integration.py', '-vv']
2025-11-19 00:47:20,123 - pytest_runner - INFO - pytest.py starting with args: ['tests/test_widgets_media_integration.py', '-vv']
2025-11-19 00:47:20,125 - pytest_runner - INFO - pytest.py starting with args: ['tests/test_widgets_media_integration.py', '-vv']
2025-11-19 00:47:20,125 - pytest_runner - INFO - pytest.py starting with args: ['tests/test_widgets_media_integration.py', '-vv']
2025-11-19 00:47:20,125 - pytest_runner - INFO - pytest.py starting with args: ['tests/test_widgets_media_integration.py', '-vv']
2025-11-19 00:47:20,126 - pytest_runner - INFO - pytest.py starting with args: ['tests/test_widgets_media_integration.py', '-vv']
2025-11-19 00:47:20,127 - pytest_runner - INFO - pytest.py starting with args: ['tests/test_widgets_media_integration.py', '-vv']
2025-11-19 00:47:20,127 - pytest_runner - INFO - pytest.py starting with args: ['tests/test_widgets_media_integration.py', '-vv']
2025-11-19 00:47:20,127 - pytest_runner - INFO - pytest.py starting with args: ['tests/test_widgets_media_integration.py', '-vv']
2025-11-19 00:47:20,128 - pytest_runner - INFO - pytest.py starting with args: ['tests/test_widgets_media_integration.py', '-vv']
2025-11-19 00:47:20,128 - pytest_runner - INFO - pytest.py starting with args: ['tests/test_widgets_media_integration.py', '-vv']
2025-11-19 00:47:20,129 - pytest_runner - INFO - pytest.py starting with args: ['tests/test_widgets_media_integration.py', '-vv']
2025-11-19 00:47:20,129 - pytest_runner - INFO - pytest.py starting with args: ['tests/test_widgets_media_integration.py', '-vv']
2025-11-19 00:47:20,129 - pytest_runner - INFO - pytest.py starting with args: ['tests/test_widgets_media_integration.py', '-vv']
2025-11-19 00:47:20,130 - pytest_runner - INFO - pytest.py starting with args: ['tests/test_widgets_media_integration.py', '-vv']
2025-11-19 00:47:20,130 - pytest_runner - INFO - pytest.py starting with args: ['tests/test_widgets_media_integration.py', '-vv']
2025-11-19 00:47:20,130 - pytest_runner - INFO - pytest.py starting with args: ['tests/test_widgets_media_integration.py', '-vv']
2025-11-19 00:47:20,132 - pytest_runner - INFO - pytest.py starting with args: ['tests/test_widgets_media_integration.py', '-vv']
2025-11-19 00:47:20,132 - pytest_runner - INFO - pytest.py starting with args: ['tests/test_widgets_media_integration.py', '-vv']
2025-11-19 00:47:20,133 - pytest_runner - INFO - pytest.py starting with args: ['tests/test_widgets_media_integration.py', '-vv']
2025-11-19 00:47:20,133 - pytest_runner - INFO - pytest.py starting with args: ['tests/test_widgets_media_integration.py', '-vv']
2025-11-19 00:47:20,134 - pytest_runner - INFO - pytest.py starting with args: ['tests/test_widgets_media_integration.py', '-vv']
2025-11-19 00:47:20,134 - pytest_runner - INFO - pytest.py starting with args: ['tests/test_widgets_media_integration.py', '-vv']
2025-11-19 00:47:20,134 - pytest_runner - INFO - pytest.py starting with args: ['tests/test_widgets_media_integration.py', '-vv']
2025-11-19 00:47:20,135 - pytest_runner - INFO - pytest.py starting with args: ['tests/test_widgets_media_integration.py', '-vv']
2025-11-19 00:47:20,135 - pytest_runner - INFO - pytest.py starting with args: ['tests/test_widgets_media_integration.py', '-vv']
2025-11-19 00:47:20,136 - pytest_runner - INFO - pytest.py starting with args: ['tests/test_widgets_media_integration.py', '-vv']
2025-11-19 00:47:20,136 - pytest_runner - INFO - pytest.py starting with args: ['tests/test_widgets_media_integration.py', '-vv']
2025-11-19 00:47:20,137 - pytest_runner - INFO - pytest.py starting with args: ['tests/test_widgets_media_integration.py', '-vv']
2025-11-19 00:47:20,137 - pytest_runner - INFO - pytest.py starting with args: ['tests/test_widgets_media_integration.py', '-vv']
2025-11-19 00:47:20,137 - pytest_runner - INFO - pytest.py starting with args: ['tests/test_widgets_media_integration.py', '-vv']
2025-11-19 00:47:20,138 - pytest_runner - INFO - pytest.py starting with args: ['tests/test_widgets_media_integration.py', '-vv']
2025-11-19 00:47:20,139 - pytest_runner - INFO - pytest.py starting with args: ['tests/test_widgets_media_integration.py', '-vv']
2025-11-19 00:47:20,139 - pytest_runner - INFO - pytest.py starting with args: ['tests/test_widgets_media_integration.py', '-vv']
2025-11-19 00:47:20,139 - pytest_runner - INFO - pytest.py starting with args: ['tests/test_widgets_media_integration.py', '-vv']
2025-11-19 00:47:20,140 - pytest_runner - INFO - pytest.py starting with args: ['tests/test_widgets_media_integration.py', '-vv']
2025-11-19 00:47:20,140 - pytest_runner - INFO - pytest.py starting with args: ['tests/test_widgets_media_integration.py', '-vv']
2025-11-19 00:47:20,141 - pytest_runner - INFO - pytest.py starting with args: ['tests/test_widgets_media_integration.py', '-vv']
2025-11-19 00:47:20,141 - pytest_runner - INFO - pytest.py starting with args: ['tests/test_widgets_media_integration.py', '-vv']
2025-11-19 00:47:20,141 - pytest_runner - INFO - pytest.py starting with args: ['tests/test_widgets_media_integration.py', '-vv']
2025-11-19 00:47:20,141 - pytest_runner - INFO - pytest.py starting with args: ['tests/test_widgets_media_integration.py', '-vv']
2025-11-19 00:47:20,143 - pytest_runner - INFO - pytest.py starting with args: ['tests/test_widgets_media_integration.py', '-vv']
2025-11-19 00:47:20,143 - pytest_runner - INFO - pytest.py starting with args: ['tests/test_widgets_media_integration.py', '-vv']
2025-11-19 00:47:20,143 - pytest_runner - INFO - pytest.py starting with args: ['tests/test_widgets_media_integration.py', '-vv']
2025-11-19 00:47:20,144 - pytest_runner - INFO - pytest.py starting with args: ['tests/test_widgets_media_integration.py', '-vv']
2025-11-19 00:47:20,144 - pytest_runner - INFO - pytest.py starting with args: ['tests/test_widgets_media_integration.py', '-vv']
2025-11-19 00:47:20,144 - pytest_runner - INFO - pytest.py starting with args: ['tests/test_widgets_media_integration.py', '-vv']
2025-11-19 00:47:20,145 - pytest_runner - INFO - pytest.py starting with args: ['tests/test_widgets_media_integration.py', '-vv']
2025-11-19 00:47:20,145 - pytest_runner - INFO - pytest.py starting with args: ['tests/test_widgets_media_integration.py', '-vv']
2025-11-19 00:47:20,146 - pytest_runner - INFO - pytest.py starting with args: ['tests/test_widgets_media_integration.py', '-vv']
2025-11-19 00:47:20,146 - pytest_runner - INFO - pytest.py starting with args: ['tests/test_widgets_media_integration.py', '-vv']
2025-11-19 00:47:20,146 - pytest_runner - INFO - pytest.py starting with args: ['tests/test_widgets_media_integration.py', '-vv']
2025-11-19 00:47:20,146 - pytest_runner - INFO - pytest.py starting with args: ['tests/test_widgets_media_integration.py', '-vv']
2025-11-19 00:47:20,148 - pytest_runner - INFO - pytest.py starting with args: ['tests/test_widgets_media_integration.py', '-vv']
2025-11-19 00:47:20,148 - pytest_runner - INFO - pytest.py starting with args: ['tests/test_widgets_media_integration.py', '-vv']
2025-11-19 00:47:20,149 - pytest_runner - INFO - pytest.py starting with args: ['tests/test_widgets_media_integration.py', '-vv']
2025-11-19 00:47:20,149 - pytest_runner - INFO - pytest.py starting with args: ['tests/test_widgets_media_integration.py', '-vv']
2025-11-19 00:47:20,150 - pytest_runner - INFO - pytest.py starting with args: ['tests/test_widgets_media_integration.py', '-vv']
2025-11-19 00:47:20,150 - pytest_runner - INFO - pytest.py starting with args: ['tests/test_widgets_media_integration.py', '-vv']
2025-11-19 00:47:20,150 - pytest_runner - INFO - pytest.py starting with args: ['tests/test_widgets_media_integration.py', '-vv']
2025-11-19 00:47:20,150 - pytest_runner - INFO - pytest.py starting with args: ['tests/test_widgets_media_integration.py', '-vv']
2025-11-19 00:47:20,151 - pytest_runner - INFO - pytest.py starting with args: ['tests/test_widgets_media_integration.py', '-vv']
2025-11-19 00:47:20,151 - pytest_runner - INFO - pytest.py starting with args: ['tests/test_widgets_media_integration.py', '-vv']
2025-11-19 00:47:20,152 - pytest_runner - INFO - pytest.py starting with args: ['tests/test_widgets_media_integration.py', '-vv']
2025-11-19 00:47:20,152 - pytest_runner - INFO - pytest.py starting with args: ['tests/test_widgets_media_integration.py', '-vv']
2025-11-19 00:47:20,152 - pytest_runner - INFO - pytest.py starting with args: ['tests/test_widgets_media_integration.py', '-vv']
2025-11-19 00:47:20,154 - pytest_runner - INFO - pytest.py starting with args: ['tests/test_widgets_media_integration.py', '-vv']
2025-11-19 00:47:20,154 - pytest_runner - INFO - pytest.py starting with args: ['tests/test_widgets_media_integration.py', '-vv']
2025-11-19 00:47:20,154 - pytest_runner - INFO - pytest.py starting with args: ['tests/test_widgets_media_integration.py', '-vv']
2025-11-19 00:47:20,155 - pytest_runner - INFO - pytest.py starting with args: ['tests/test_widgets_media_integration.py', '-vv']
2025-11-19 00:47:20,155 - pytest_runner - INFO - pytest.py starting with args: ['tests/test_widgets_media_integration.py', '-vv']
2025-11-19 00:47:20,156 - pytest_runner - INFO - pytest.py starting with args: ['tests/test_widgets_media_integration.py', '-vv']
2025-11-19 00:47:20,156 - pytest_runner - INFO - pytest.py starting with args: ['tests/test_widgets_media_integration.py', '-vv']
2025-11-19 00:47:20,156 - pytest_runner - INFO - pytest.py starting with args: ['tests/test_widgets_media_integration.py', '-vv']
2025-11-19 00:47:20,157 - pytest_runner - INFO - pytest.py starting with args: ['tests/test_widgets_media_integration.py', '-vv']
2025-11-19 00:47:20,157 - pytest_runner - INFO - pytest.py starting with args: ['tests/test_widgets_media_integration.py', '-vv']
2025-11-19 00:47:20,158 - pytest_runner - INFO - pytest.py starting with args: ['tests/test_widgets_media_integration.py', '-vv']
2025-11-19 00:47:20,158 - pytest_runner - INFO - pytest.py starting with args: ['tests/test_widgets_media_integration.py', '-vv']
2025-11-19 00:47:20,158 - pytest_runner - INFO - pytest.py starting with args: ['tests/test_widgets_media_integration.py', '-vv']
2025-11-19 00:47:20,159 - pytest_runner - INFO - pytest.py starting with args: ['tests/test_widgets_media_integration.py', '-vv']
2025-11-19 00:47:20,159 - pytest_runner - INFO - pytest.py starting with args: ['tests/test_widgets_media_integration.py', '-vv']
2025-11-19 00:47:20,160 - pytest_runner - INFO - pytest.py starting with args: ['tests/test_widgets_media_integration.py', '-vv']
2025-11-19 00:47:20,160 - pytest_runner - INFO - pytest.py starting with args: ['tests/test_widgets_media_integration.py', '-vv']
2025-11-19 00:47:20,161 - pytest_runner - INFO - pytest.py starting with args: ['tests/test_widgets_media_integration.py', '-vv']
2025-11-19 00:47:20,161 - pytest_runner - INFO - pytest.py starting with args: ['tests/test_widgets_media_integration.py', '-vv']
2025-11-19 00:47:20,161 - pytest_runner - INFO - pytest.py starting with args: ['tests/test_widgets_media_integration.py', '-vv']
2025-11-19 00:47:20,161 - pytest_runner - INFO - pytest.py starting with args: ['tests/test_widgets_media_integration.py', '-vv']
2025-11-19 00:47:20,163 - pytest_runner - INFO - pytest.py starting with args: ['tests/test_widgets_media_integration.py', '-vv']
2025-11-19 00:47:20,163 - pytest_runner - INFO - pytest.py starting with args: ['tests/test_widgets_media_integration.py', '-vv']
2025-11-19 00:47:20,163 - pytest_runner - INFO - pytest.py starting with args: ['tests/test_widgets_media_integration.py', '-vv']
2025-11-19 00:47:20,164 - pytest_runner - INFO - pytest.py starting with args: ['tests/test_widgets_media_integration.py', '-vv']
2025-11-19 00:47:20,164 - pytest_runner - INFO - pytest.py starting with args: ['tests/test_widgets_media_integration.py', '-vv']
2025-11-19 00:47:20,165 - pytest_runner - INFO - pytest.py starting with args: ['tests/test_widgets_media_integration.py', '-vv']
2025-11-19 00:47:20,166 - pytest_runner - INFO - pytest.py starting with args: ['tests/test_widgets_media_integration.py', '-vv']
2025-11-19 00:47:20,166 - pytest_runner - INFO - pytest.py starting with args: ['tests/test_widgets_media_integration.py', '-vv']
2025-11-19 00:47:20,166 - pytest_runner - INFO - pytest.py starting with args: ['tests/test_widgets_media_integration.py', '-vv']
2025-11-19 00:47:20,167 - pytest_runner - INFO - pytest.py starting with args: ['tests/test_widgets_media_integration.py', '-vv']
2025-11-19 00:47:20,167 - pytest_runner - INFO - pytest.py starting with args: ['tests/test_widgets_media_integration.py', '-vv']
2025-11-19 00:47:20,168 - pytest_runner - INFO - pytest.py starting with args: ['tests/test_widgets_media_integration.py', '-vv']
2025-11-19 00:47:20,168 - pytest_runner - INFO - pytest.py starting with args: ['tests/test_widgets_media_integration.py', '-vv']
2025-11-19 00:47:20,169 - pytest_runner - INFO - pytest.py starting with args: ['tests/test_widgets_media_integration.py', '-vv']
2025-11-19 00:47:20,169 - pytest_runner - INFO - pytest.py starting with args: ['tests/test_widgets_media_integration.py', '-vv']
2025-11-19 00:47:20,169 - pytest_runner - INFO - pytest.py starting with args: ['tests/test_widgets_media_integration.py', '-vv']
2025-11-19 00:47:20,170 - pytest_runner - INFO - pytest.py starting with args: ['tests/test_widgets_media_integration.py', '-vv']
2025-11-19 00:47:20,170 - pytest_runner - INFO - pytest.py starting with args: ['tests/test_widgets_media_integration.py', '-vv']
2025-11-19 00:47:20,170 - pytest_runner - INFO - pytest.py starting with args: ['tests/test_widgets_media_integration.py', '-vv']
2025-11-19 00:47:20,171 - pytest_runner - INFO - pytest.py starting with args: ['tests/test_widgets_media_integration.py', '-vv']
2025-11-19 00:47:20,171 - pytest_runner - INFO - pytest.py starting with args: ['tests/test_widgets_media_integration.py', '-vv']
2025-11-19 00:47:20,172 - pytest_runner - INFO - pytest.py starting with args: ['tests/test_widgets_media_integration.py', '-vv']
2025-11-19 00:47:20,172 - pytest_runner - INFO - pytest.py starting with args: ['tests/test_widgets_media_integration.py', '-vv']
2025-11-19 00:47:20,172 - pytest_runner - INFO - pytest.py starting with args: ['tests/test_widgets_media_integration.py', '-vv']
2025-11-19 00:47:20,174 - pytest_runner - INFO - pytest.py starting with args: ['tests/test_widgets_media_integration.py', '-vv']
2025-11-19 00:47:20,174 - pytest_runner - INFO - pytest.py starting with args: ['tests/test_widgets_media_integration.py', '-vv']
2025-11-19 00:47:20,175 - pytest_runner - INFO - pytest.py starting with args: ['tests/test_widgets_media_integration.py', '-vv']
2025-11-19 00:47:20,175 - pytest_runner - INFO - pytest.py starting with args: ['tests/test_widgets_media_integration.py', '-vv']
2025-11-19 00:47:20,175 - pytest_runner - INFO - pytest.py starting with args: ['tests/test_widgets_media_integration.py', '-vv']
2025-11-19 00:47:20,175 - pytest_runner - INFO - pytest.py starting with args: ['tests/test_widgets_media_integration.py', '-vv']
2025-11-19 00:47:20,176 - pytest_runner - INFO - pytest.py starting with args: ['tests/test_widgets_media_integration.py', '-vv']
2025-11-19 00:47:20,177 - pytest_runner - INFO - pytest.py starting with args: ['tests/test_widgets_media_integration.py', '-vv']
2025-11-19 00:47:20,177 - pytest_runner - INFO - pytest.py starting with args: ['tests/test_widgets_media_integration.py', '-vv']
2025-11-19 00:47:20,177 - pytest_runner - INFO - pytest.py starting with args: ['tests/test_widgets_media_integration.py', '-vv']
2025-11-19 00:47:20,178 - pytest_runner - INFO - pytest.py starting with args: ['tests/test_widgets_media_integration.py', '-vv']
2025-11-19 00:47:20,178 - pytest_runner - INFO - pytest.py starting with args: ['tests/test_widgets_media_integration.py', '-vv']
2025-11-19 00:47:20,179 - pytest_runner - INFO - pytest.py starting with args: ['tests/test_widgets_media_integration.py', '-vv']
2025-11-19 00:47:20,179 - pytest_runner - INFO - pytest.py starting with args: ['tests/test_widgets_media_integration.py', '-vv']
2025-11-19 00:47:20,180 - pytest_runner - INFO - pytest.py starting with args: ['tests/test_widgets_media_integration.py', '-vv']
2025-11-19 00:47:20,181 - pytest_runner - INFO - pytest.py starting with args: ['tests/test_widgets_media_integration.py', '-vv']
2025-11-19 00:47:20,181 - pytest_runner - INFO - pytest.py starting with args: ['tests/test_widgets_media_integration.py', '-vv']
2025-11-19 00:47:20,181 - pytest_runner - INFO - pytest.py starting with args: ['tests/test_widgets_media_integration.py', '-vv']
2025-11-19 00:47:20,181 - pytest_runner - INFO - pytest.py starting with args: ['tests/test_widgets_media_integration.py', '-vv']
2025-11-19 00:47:20,181 - pytest_runner - INFO - pytest.py starting with args: ['tests/test_widgets_media_integration.py', '-vv']
2025-11-19 00:47:20,183 - pytest_runner - INFO - pytest.py starting with args: ['tests/test_widgets_media_integration.py', '-vv']
2025-11-19 00:47:20,183 - pytest_runner - INFO - pytest.py starting with args: ['tests/test_widgets_media_integration.py', '-vv']
2025-11-19 00:47:20,183 - pytest_runner - INFO - pytest.py starting with args: ['tests/test_widgets_media_integration.py', '-vv']
2025-11-19 00:47:20,184 - pytest_runner - INFO - pytest.py starting with args: ['tests/test_widgets_media_integration.py', '-vv']
2025-11-19 00:47:20,184 - pytest_runner - INFO - pytest.py starting with args: ['tests/test_widgets_media_integration.py', '-vv']
2025-11-19 00:47:20,184 - pytest_runner - INFO - pytest.py starting with args: ['tests/test_widgets_media_integration.py', '-vv']
2025-11-19 00:47:20,185 - pytest_runner - INFO - pytest.py starting with args: ['tests/test_widgets_media_integration.py', '-vv']
2025-11-19 00:47:20,185 - pytest_runner - INFO - pytest.py starting with args: ['tests/test_widgets_media_integration.py', '-vv']
2025-11-19 00:47:20,185 - pytest_runner - INFO - pytest.py starting with args: ['tests/test_widgets_media_integration.py', '-vv']
2025-11-19 00:47:20,185 - pytest_runner - INFO - pytest.py starting with args: ['tests/test_widgets_media_integration.py', '-vv']
2025-11-19 00:47:20,187 - pytest_runner - INFO - pytest.py starting with args: ['tests/test_widgets_media_integration.py', '-vv']
2025-11-19 00:47:20,187 - pytest_runner - INFO - pytest.py starting with args: ['tests/test_widgets_media_integration.py', '-vv']
2025-11-19 00:47:20,188 - pytest_runner - INFO - pytest.py starting with args: ['tests/test_widgets_media_integration.py', '-vv']
2025-11-19 00:47:20,188 - pytest_runner - INFO - pytest.py starting with args: ['tests/test_widgets_media_integration.py', '-vv']
2025-11-19 00:47:20,189 - pytest_runner - INFO - pytest.py starting with args: ['tests/test_widgets_media_integration.py', '-vv']
2025-11-19 00:47:20,190 - pytest_runner - INFO - pytest.py starting with args: ['tests/test_widgets_media_integration.py', '-vv']
2025-11-19 00:47:20,190 - pytest_runner - INFO - pytest.py starting with args: ['tests/test_widgets_media_integration.py', '-vv']
2025-11-19 00:47:20,190 - pytest_runner - INFO - pytest.py starting with args: ['tests/test_widgets_media_integration.py', '-vv']
2025-11-19 00:47:20,191 - pytest_runner - INFO - pytest.py starting with args: ['tests/test_widgets_media_integration.py', '-vv']
2025-11-19 00:47:20,191 - pytest_runner - INFO - pytest.py starting with args: ['tests/test_widgets_media_integration.py', '-vv']
2025-11-19 00:47:20,192 - pytest_runner - INFO - pytest.py starting with args: ['tests/test_widgets_media_integration.py', '-vv']
2025-11-19 00:47:20,192 - pytest_runner - INFO - pytest.py starting with args: ['tests/test_widgets_media_integration.py', '-vv']
2025-11-19 00:47:20,193 - pytest_runner - INFO - pytest.py starting with args: ['tests/test_widgets_media_integration.py', '-vv']
2025-11-19 00:47:20,193 - pytest_runner - INFO - pytest.py starting with args: ['tests/test_widgets_media_integration.py', '-vv']
2025-11-19 00:47:20,193 - pytest_runner - INFO - pytest.py starting with args: ['tests/test_widgets_media_integration.py', '-vv']
2025-11-19 00:47:20,194 - pytest_runner - INFO - pytest.py starting with args: ['tests/test_widgets_media_integration.py', '-vv']
2025-11-19 00:47:20,194 - pytest_runner - INFO - pytest.py starting with args: ['tests/test_widgets_media_integration.py', '-vv']
2025-11-19 00:47:20,194 - pytest_runner - INFO - pytest.py starting with args: ['tests/test_widgets_media_integration.py', '-vv']
2025-11-19 00:47:20,194 - pytest_runner - INFO - pytest.py starting with args: ['tests/test_widgets_media_integration.py', '-vv']
2025-11-19 00:47:20,195 - pytest_runner - INFO - pytest.py starting with args: ['tests/test_widgets_media_integration.py', '-vv']
2025-11-19 00:47:20,196 - pytest_runner - INFO - pytest.py starting with args: ['tests/test_widgets_media_integration.py', '-vv']
2025-11-19 00:47:20,196 - pytest_runner - INFO - pytest.py starting with args: ['tests/test_widgets_media_integration.py', '-vv']
2025-11-19 00:47:20,196 - pytest_runner - INFO - pytest.py starting with args: ['tests/test_widgets_media_integration.py', '-vv']
2025-11-19 00:47:20,196 - pytest_runner - INFO - pytest.py starting with args: ['tests/test_widgets_media_integration.py', '-vv']
2025-11-19 00:47:20,196 - pytest_runner - INFO - pytest.py starting with args: ['tests/test_widgets_media_integration.py', '-vv']
2025-11-19 00:47:20,198 - pytest_runner - INFO - pytest.py starting with args: ['tests/test_widgets_media_integration.py', '-vv']
2025-11-19 00:47:20,199 - pytest_runner - INFO - pytest.py starting with args: ['tests/test_widgets_media_integration.py', '-vv']
2025-11-19 00:47:20,199 - pytest_runner - INFO - pytest.py starting with args: ['tests/test_widgets_media_integration.py', '-vv']
2025-11-19 00:47:20,199 - pytest_runner - INFO - pytest.py starting with args: ['tests/test_widgets_media_integration.py', '-vv']
2025-11-19 00:47:20,200 - pytest_runner - INFO - pytest.py starting with args: ['tests/test_widgets_media_integration.py', '-vv']
2025-11-19 00:47:20,200 - pytest_runner - INFO - pytest.py starting with args: ['tests/test_widgets_media_integration.py', '-vv']
2025-11-19 00:47:20,200 - pytest_runner - INFO - pytest.py starting with args: ['tests/test_widgets_media_integration.py', '-vv']
2025-11-19 00:47:20,201 - pytest_runner - INFO - pytest.py starting with args: ['tests/test_widgets_media_integration.py', '-vv']
2025-11-19 00:47:20,201 - pytest_runner - INFO - pytest.py starting with args: ['tests/test_widgets_media_integration.py', '-vv']
2025-11-19 00:47:20,201 - pytest_runner - INFO - pytest.py starting with args: ['tests/test_widgets_media_integration.py', '-vv']
2025-11-19 00:47:20,203 - pytest_runner - INFO - pytest.py starting with args: ['tests/test_widgets_media_integration.py', '-vv']
2025-11-19 00:47:20,203 - pytest_runner - INFO - pytest.py starting with args: ['tests/test_widgets_media_integration.py', '-vv']
2025-11-19 00:47:20,204 - pytest_runner - INFO - pytest.py starting with args: ['tests/test_widgets_media_integration.py', '-vv']
2025-11-19 00:47:20,204 - pytest_runner - INFO - pytest.py starting with args: ['tests/test_widgets_media_integration.py', '-vv']
2025-11-19 00:47:20,204 - pytest_runner - INFO - pytest.py starting with args: ['tests/test_widgets_media_integration.py', '-vv']
2025-11-19 00:47:20,205 - pytest_runner - INFO - pytest.py starting with args: ['tests/test_widgets_media_integration.py', '-vv']
2025-11-19 00:47:20,206 - pytest_runner - INFO - pytest.py starting with args: ['tests/test_widgets_media_integration.py', '-vv']
2025-11-19 00:47:20,206 - pytest_runner - INFO - pytest.py starting with args: ['tests/test_widgets_media_integration.py', '-vv']
2025-11-19 00:47:20,207 - pytest_runner - INFO - pytest.py starting with args: ['tests/test_widgets_media_integration.py', '-vv']
2025-11-19 00:47:20,207 - pytest_runner - INFO - pytest.py starting with args: ['tests/test_widgets_media_integration.py', '-vv']
2025-11-19 00:47:20,207 - pytest_runner - INFO - pytest.py starting with args: ['tests/test_widgets_media_integration.py', '-vv']
2025-11-19 00:47:20,208 - pytest_runner - INFO - pytest.py starting with args: ['tests/test_widgets_media_integration.py', '-vv']
2025-11-19 00:47:20,208 - pytest_runner - INFO - pytest.py starting with args: ['tests/test_widgets_media_integration.py', '-vv']
2025-11-19 00:47:20,209 - pytest_runner - INFO - pytest.py starting with args: ['tests/test_widgets_media_integration.py', '-vv']
2025-11-19 00:47:20,209 - pytest_runner - INFO - pytest.py starting with args: ['tests/test_widgets_media_integration.py', '-vv']
2025-11-19 00:47:20,210 - pytest_runner - INFO - pytest.py starting with args: ['tests/test_widgets_media_integration.py', '-vv']
2025-11-19 00:47:20,210 - pytest_runner - INFO - pytest.py starting with args: ['tests/test_widgets_media_integration.py', '-vv']
2025-11-19 00:47:20,211 - pytest_runner - INFO - pytest.py starting with args: ['tests/test_widgets_media_integration.py', '-vv']
2025-11-19 00:47:20,211 - pytest_runner - INFO - pytest.py starting with args: ['tests/test_widgets_media_integration.py', '-vv']
2025-11-19 00:47:20,211 - pytest_runner - INFO - pytest.py starting with args: ['tests/test_widgets_media_integration.py', '-vv']
2025-11-19 00:47:20,212 - pytest_runner - INFO - pytest.py starting with args: ['tests/test_widgets_media_integration.py', '-vv']
2025-11-19 00:47:20,212 - pytest_runner - INFO - pytest.py starting with args: ['tests/test_widgets_media_integration.py', '-vv']
2025-11-19 00:47:20,212 - pytest_runner - INFO - pytest.py starting with args: ['tests/test_widgets_media_integration.py', '-vv']
2025-11-19 00:47:20,212 - pytest_runner - INFO - pytest.py starting with args: ['tests/test_widgets_media_integration.py', '-vv']
2025-11-19 00:47:20,214 - pytest_runner - INFO - pytest.py starting with args: ['tests/test_widgets_media_integration.py', '-vv']
2025-11-19 00:47:20,214 - pytest_runner - INFO - pytest.py starting with args: ['tests/test_widgets_media_integration.py', '-vv']
2025-11-19 00:47:20,215 - pytest_runner - INFO - pytest.py starting with args: ['tests/test_widgets_media_integration.py', '-vv']
2025-11-19 00:47:20,215 - pytest_runner - INFO - pytest.py starting with args: ['tests/test_widgets_media_integration.py', '-vv']
2025-11-19 00:47:20,215 - pytest_runner - INFO - pytest.py starting with args: ['tests/test_widgets_media_integration.py', '-vv']
2025-11-19 00:47:20,216 - pytest_runner - INFO - pytest.py starting with args: ['tests/test_widgets_media_integration.py', '-vv']
2025-11-19 00:47:20,216 - pytest_runner - INFO - pytest.py starting with args: ['tests/test_widgets_media_integration.py', '-vv']
2025-11-19 00:47:20,217 - pytest_runner - INFO - pytest.py starting with args: ['tests/test_widgets_media_integration.py', '-vv']
2025-11-19 00:47:20,217 - pytest_runner - INFO - pytest.py starting with args: ['tests/test_widgets_media_integration.py', '-vv']
2025-11-19 00:47:20,218 - pytest_runner - INFO - pytest.py starting with args: ['tests/test_widgets_media_integration.py', '-vv']
2025-11-19 00:47:20,218 - pytest_runner - INFO - pytest.py starting with args: ['tests/test_widgets_media_integration.py', '-vv']
2025-11-19 00:47:20,218 - pytest_runner - INFO - pytest.py starting with args: ['tests/test_widgets_media_integration.py', '-vv']
2025-11-19 00:47:20,219 - pytest_runner - INFO - pytest.py starting with args: ['tests/test_widgets_media_integration.py', '-vv']
2025-11-19 00:47:20,219 - pytest_runner - INFO - pytest.py starting with args: ['tests/test_widgets_media_integration.py', '-vv']
2025-11-19 00:47:20,220 - pytest_runner - INFO - pytest.py starting with args: ['tests/test_widgets_media_integration.py', '-vv']
2025-11-19 00:47:20,220 - pytest_runner - INFO - pytest.py starting with args: ['tests/test_widgets_media_integration.py', '-vv']
2025-11-19 00:47:20,220 - pytest_runner - INFO - pytest.py starting with args: ['tests/test_widgets_media_integration.py', '-vv']
2025-11-19 00:47:20,220 - pytest_runner - INFO - pytest.py starting with args: ['tests/test_widgets_media_integration.py', '-vv']
2025-11-19 00:47:20,222 - pytest_runner - INFO - pytest.py starting with args: ['tests/test_widgets_media_integration.py', '-vv']
2025-11-19 00:47:20,222 - pytest_runner - INFO - pytest.py starting with args: ['tests/test_widgets_media_integration.py', '-vv']
2025-11-19 00:47:20,222 - pytest_runner - INFO - pytest.py starting with args: ['tests/test_widgets_media_integration.py', '-vv']
2025-11-19 00:47:20,223 - pytest_runner - INFO - pytest.py starting with args: ['tests/test_widgets_media_integration.py', '-vv']
2025-11-19 00:47:20,223 - pytest_runner - INFO - pytest.py starting with args: ['tests/test_widgets_media_integration.py', '-vv']
2025-11-19 00:47:20,224 - pytest_runner - INFO - pytest.py starting with args: ['tests/test_widgets_media_integration.py', '-vv']
2025-11-19 00:47:20,224 - pytest_runner - INFO - pytest.py starting with args: ['tests/test_widgets_media_integration.py', '-vv']
2025-11-19 00:47:20,225 - pytest_runner - INFO - pytest.py starting with args: ['tests/test_widgets_media_integration.py', '-vv']
2025-11-19 00:47:20,225 - pytest_runner - INFO - pytest.py starting with args: ['tests/test_widgets_media_integration.py', '-vv']
2025-11-19 00:47:20,225 - pytest_runner - INFO - pytest.py starting with args: ['tests/test_widgets_media_integration.py', '-vv']
2025-11-19 00:47:20,226 - pytest_runner - INFO - pytest.py starting with args: ['tests/test_widgets_media_integration.py', '-vv']
2025-11-19 00:47:20,226 - pytest_runner - INFO - pytest.py starting with args: ['tests/test_widgets_media_integration.py', '-vv']
2025-11-19 00:47:20,227 - pytest_runner - INFO - pytest.py starting with args: ['tests/test_widgets_media_integration.py', '-vv']
2025-11-19 00:47:20,227 - pytest_runner - INFO - pytest.py starting with args: ['tests/test_widgets_media_integration.py', '-vv']
2025-11-19 00:47:20,227 - pytest_runner - INFO - pytest.py starting with args: ['tests/test_widgets_media_integration.py', '-vv']
2025-11-19 00:47:20,228 - pytest_runner - INFO - pytest.py starting with args: ['tests/test_widgets_media_integration.py', '-vv']
2025-11-19 00:47:20,228 - pytest_runner - INFO - pytest.py starting with args: ['tests/test_widgets_media_integration.py', '-vv']
2025-11-19 00:47:20,229 - pytest_runner - INFO - pytest.py starting with args: ['tests/test_widgets_media_integration.py', '-vv']
2025-11-19 00:47:20,229 - pytest_runner - INFO - pytest.py starting with args: ['tests/test_widgets_media_integration.py', '-vv']
2025-11-19 00:47:20,230 - pytest_runner - INFO - pytest.py starting with args: ['tests/test_widgets_media_integration.py', '-vv']
2025-11-19 00:47:20,230 - pytest_runner - INFO - pytest.py starting with args: ['tests/test_widgets_media_integration.py', '-vv']
2025-11-19 00:47:20,230 - pytest_runner - INFO - pytest.py starting with args: ['tests/test_widgets_media_integration.py', '-vv']
2025-11-19 00:47:20,230 - pytest_runner - INFO - pytest.py starting with args: ['tests/test_widgets_media_integration.py', '-vv']
2025-11-19 00:47:20,231 - pytest_runner - INFO - pytest.py starting with args: ['tests/test_widgets_media_integration.py', '-vv']
2025-11-19 00:47:20,231 - pytest_runner - INFO - pytest.py starting with args: ['tests/test_widgets_media_integration.py', '-vv']
2025-11-19 00:47:20,233 - pytest_runner - INFO - pytest.py starting with args: ['tests/test_widgets_media_integration.py', '-vv']
2025-11-19 00:47:20,233 - pytest_runner - INFO - pytest.py starting with args: ['tests/test_widgets_media_integration.py', '-vv']
2025-11-19 00:47:20,233 - pytest_runner - INFO - pytest.py starting with args: ['tests/test_widgets_media_integration.py', '-vv']
2025-11-19 00:47:20,234 - pytest_runner - INFO - pytest.py starting with args: ['tests/test_widgets_media_integration.py', '-vv']
2025-11-19 00:47:20,234 - pytest_runner - INFO - pytest.py starting with args: ['tests/test_widgets_media_integration.py', '-vv']
2025-11-19 00:47:20,234 - pytest_runner - INFO - pytest.py starting with args: ['tests/test_widgets_media_integration.py', '-vv']
2025-11-19 00:47:20,235 - pytest_runner - INFO - pytest.py starting with args: ['tests/test_widgets_media_integration.py', '-vv']
2025-11-19 00:47:20,235 - pytest_runner - INFO - pytest.py starting with args: ['tests/test_widgets_media_integration.py', '-vv']
2025-11-19 00:47:20,235 - pytest_runner - INFO - pytest.py starting with args: ['tests/test_widgets_media_integration.py', '-vv']
2025-11-19 00:47:20,237 - pytest_runner - INFO - pytest.py starting with args: ['tests/test_widgets_media_integration.py', '-vv']
2025-11-19 00:47:20,237 - pytest_runner - INFO - pytest.py starting with args: ['tests/test_widgets_media_integration.py', '-vv']
2025-11-19 00:47:20,237 - pytest_runner - INFO - pytest.py starting with args: ['tests/test_widgets_media_integration.py', '-vv']
2025-11-19 00:47:20,237 - pytest_runner - INFO - pytest.py starting with args: ['tests/test_widgets_media_integration.py', '-vv']
2025-11-19 00:47:20,237 - pytest_runner - INFO - pytest.py starting with args: ['tests/test_widgets_media_integration.py', '-vv']
2025-11-19 00:47:20,239 - pytest_runner - INFO - pytest.py starting with args: ['tests/test_widgets_media_integration.py', '-vv']
2025-11-19 00:47:20,239 - pytest_runner - INFO - pytest.py starting with args: ['tests/test_widgets_media_integration.py', '-vv']
2025-11-19 00:47:20,239 - pytest_runner - INFO - pytest.py starting with args: ['tests/test_widgets_media_integration.py', '-vv']
2025-11-19 00:47:20,240 - pytest_runner - INFO - pytest.py starting with args: ['tests/test_widgets_media_integration.py', '-vv']
2025-11-19 00:47:20,240 - pytest_runner - INFO - pytest.py starting with args: ['tests/test_widgets_media_integration.py', '-vv']
2025-11-19 00:47:20,241 - pytest_runner - INFO - pytest.py starting with args: ['tests/test_widgets_media_integration.py', '-vv']
2025-11-19 00:47:20,241 - pytest_runner - INFO - pytest.py starting with args: ['tests/test_widgets_media_integration.py', '-vv']
2025-11-19 00:47:20,241 - pytest_runner - INFO - pytest.py starting with args: ['tests/test_widgets_media_integration.py', '-vv']
2025-11-19 00:47:20,243 - pytest_runner - INFO - pytest.py starting with args: ['tests/test_widgets_media_integration.py', '-vv']
2025-11-19 00:47:20,243 - pytest_runner - INFO - pytest.py starting with args: ['tests/test_widgets_media_integration.py', '-vv']
2025-11-19 00:47:20,243 - pytest_runner - INFO - pytest.py starting with args: ['tests/test_widgets_media_integration.py', '-vv']
2025-11-19 00:47:20,244 - pytest_runner - INFO - pytest.py starting with args: ['tests/test_widgets_media_integration.py', '-vv']
2025-11-19 00:47:20,244 - pytest_runner - INFO - pytest.py starting with args: ['tests/test_widgets_media_integration.py', '-vv']
2025-11-19 00:47:20,244 - pytest_runner - INFO - pytest.py starting with args: ['tests/test_widgets_media_integration.py', '-vv']
2025-11-19 00:47:20,245 - pytest_runner - INFO - pytest.py starting with args: ['tests/test_widgets_media_integration.py', '-vv']
2025-11-19 00:47:20,245 - pytest_runner - INFO - pytest.py starting with args: ['tests/test_widgets_media_integration.py', '-vv']
2025-11-19 00:47:20,246 - pytest_runner - INFO - pytest.py starting with args: ['tests/test_widgets_media_integration.py', '-vv']
2025-11-19 00:47:20,246 - pytest_runner - INFO - pytest.py starting with args: ['tests/test_widgets_media_integration.py', '-vv']
2025-11-19 00:47:20,246 - pytest_runner - INFO - pytest.py starting with args: ['tests/test_widgets_media_integration.py', '-vv']
2025-11-19 00:47:20,246 - pytest_runner - INFO - pytest.py starting with args: ['tests/test_widgets_media_integration.py', '-vv']
2025-11-19 00:47:20,248 - pytest_runner - INFO - pytest.py starting with args: ['tests/test_widgets_media_integration.py', '-vv']
2025-11-19 00:47:20,249 - pytest_runner - INFO - pytest.py starting with args: ['tests/test_widgets_media_integration.py', '-vv']
2025-11-19 00:47:20,249 - pytest_runner - INFO - pytest.py starting with args: ['tests/test_widgets_media_integration.py', '-vv']
2025-11-19 00:47:20,250 - pytest_runner - INFO - pytest.py starting with args: ['tests/test_widgets_media_integration.py', '-vv']
2025-11-19 00:47:20,250 - pytest_runner - INFO - pytest.py starting with args: ['tests/test_widgets_media_integration.py', '-vv']
2025-11-19 00:47:20,251 - pytest_runner - INFO - pytest.py starting with args: ['tests/test_widgets_media_integration.py', '-vv']
2025-11-19 00:47:20,251 - pytest_runner - INFO - pytest.py starting with args: ['tests/test_widgets_media_integration.py', '-vv']
2025-11-19 00:47:20,251 - pytest_runner - INFO - pytest.py starting with args: ['tests/test_widgets_media_integration.py', '-vv']
2025-11-19 00:47:20,251 - pytest_runner - INFO - pytest.py starting with args: ['tests/test_widgets_media_integration.py', '-vv']
2025-11-19 00:47:20,252 - pytest_runner - INFO - pytest.py starting with args: ['tests/test_widgets_media_integration.py', '-vv']
2025-11-19 00:47:20,252 - pytest_runner - INFO - pytest.py starting with args: ['tests/test_widgets_media_integration.py', '-vv']
2025-11-19 00:47:20,253 - pytest_runner - INFO - pytest.py starting with args: ['tests/test_widgets_media_integration.py', '-vv']
2025-11-19 00:47:20,253 - pytest_runner - INFO - pytest.py starting with args: ['tests/test_widgets_media_integration.py', '-vv']
2025-11-19 00:47:20,253 - pytest_runner - INFO - pytest.py starting with args: ['tests/test_widgets_media_integration.py', '-vv']
2025-11-19 00:47:20,255 - pytest_runner - INFO - pytest.py starting with args: ['tests/test_widgets_media_integration.py', '-vv']
2025-11-19 00:47:20,255 - pytest_runner - INFO - pytest.py starting with args: ['tests/test_widgets_media_integration.py', '-vv']
2025-11-19 00:47:20,255 - pytest_runner - INFO - pytest.py starting with args: ['tests/test_widgets_media_integration.py', '-vv']
2025-11-19 00:47:20,256 - pytest_runner - INFO - pytest.py starting with args: ['tests/test_widgets_media_integration.py', '-vv']
2025-11-19 00:47:20,256 - pytest_runner - INFO - pytest.py starting with args: ['tests/test_widgets_media_integration.py', '-vv']
2025-11-19 00:47:20,257 - pytest_runner - INFO - pytest.py starting with args: ['tests/test_widgets_media_integration.py', '-vv']
2025-11-19 00:47:20,257 - pytest_runner - INFO - pytest.py starting with args: ['tests/test_widgets_media_integration.py', '-vv']
2025-11-19 00:47:20,257 - pytest_runner - INFO - pytest.py starting with args: ['tests/test_widgets_media_integration.py', '-vv']
2025-11-19 00:47:20,258 - pytest_runner - INFO - pytest.py starting with args: ['tests/test_widgets_media_integration.py', '-vv']
2025-11-19 00:47:20,258 - pytest_runner - INFO - pytest.py starting with args: ['tests/test_widgets_media_integration.py', '-vv']
2025-11-19 00:47:20,258 - pytest_runner - INFO - pytest.py starting with args: ['tests/test_widgets_media_integration.py', '-vv']
2025-11-19 00:47:20,259 - pytest_runner - INFO - pytest.py starting with args: ['tests/test_widgets_media_integration.py', '-vv']
2025-11-19 00:47:20,259 - pytest_runner - INFO - pytest.py starting with args: ['tests/test_widgets_media_integration.py', '-vv']
2025-11-19 00:47:20,260 - pytest_runner - INFO - pytest.py starting with args: ['tests/test_widgets_media_integration.py', '-vv']
2025-11-19 00:47:20,260 - pytest_runner - INFO - pytest.py starting with args: ['tests/test_widgets_media_integration.py', '-vv']
2025-11-19 00:47:20,261 - pytest_runner - INFO - pytest.py starting with args: ['tests/test_widgets_media_integration.py', '-vv']
2025-11-19 00:47:20,261 - pytest_runner - INFO - pytest.py starting with args: ['tests/test_widgets_media_integration.py', '-vv']
2025-11-19 00:47:20,261 - pytest_runner - INFO - pytest.py starting with args: ['tests/test_widgets_media_integration.py', '-vv']
2025-11-19 00:47:20,262 - pytest_runner - INFO - pytest.py starting with args: ['tests/test_widgets_media_integration.py', '-vv']
2025-11-19 00:47:20,262 - pytest_runner - INFO - pytest.py starting with args: ['tests/test_widgets_media_integration.py', '-vv']
2025-11-19 00:47:20,262 - pytest_runner - INFO - pytest.py starting with args: ['tests/test_widgets_media_integration.py', '-vv']
2025-11-19 00:47:20,262 - pytest_runner - INFO - pytest.py starting with args: ['tests/test_widgets_media_integration.py', '-vv']
2025-11-19 00:47:20,264 - pytest_runner - INFO - pytest.py starting with args: ['tests/test_widgets_media_integration.py', '-vv']
2025-11-19 00:47:20,264 - pytest_runner - INFO - pytest.py starting with args: ['tests/test_widgets_media_integration.py', '-vv']
2025-11-19 00:47:20,265 - pytest_runner - INFO - pytest.py starting with args: ['tests/test_widgets_media_integration.py', '-vv']
2025-11-19 00:47:20,266 - pytest_runner - INFO - pytest.py starting with args: ['tests/test_widgets_media_integration.py', '-vv']
2025-11-19 00:47:20,266 - pytest_runner - INFO - pytest.py starting with args: ['tests/test_widgets_media_integration.py', '-vv']
2025-11-19 00:47:20,267 - pytest_runner - INFO - pytest.py starting with args: ['tests/test_widgets_media_integration.py', '-vv']
2025-11-19 00:47:20,267 - pytest_runner - INFO - pytest.py starting with args: ['tests/test_widgets_media_integration.py', '-vv']
2025-11-19 00:47:20,267 - pytest_runner - INFO - pytest.py starting with args: ['tests/test_widgets_media_integration.py', '-vv']
2025-11-19 00:47:20,268 - pytest_runner - INFO - pytest.py starting with args: ['tests/test_widgets_media_integration.py', '-vv']
2025-11-19 00:47:20,268 - pytest_runner - INFO - pytest.py starting with args: ['tests/test_widgets_media_integration.py', '-vv']
2025-11-19 00:47:20,268 - pytest_runner - INFO - pytest.py starting with args: ['tests/test_widgets_media_integration.py', '-vv']
2025-11-19 00:47:20,269 - pytest_runner - INFO - pytest.py starting with args: ['tests/test_widgets_media_integration.py', '-vv']
2025-11-19 00:47:20,269 - pytest_runner - INFO - pytest.py starting with args: ['tests/test_widgets_media_integration.py', '-vv']
2025-11-19 00:47:20,270 - pytest_runner - INFO - pytest.py starting with args: ['tests/test_widgets_media_integration.py', '-vv']
2025-11-19 00:47:20,270 - pytest_runner - INFO - pytest.py starting with args: ['tests/test_widgets_media_integration.py', '-vv']
2025-11-19 00:47:20,270 - pytest_runner - INFO - pytest.py starting with args: ['tests/test_widgets_media_integration.py', '-vv']
2025-11-19 00:47:20,272 - pytest_runner - INFO - pytest.py starting with args: ['tests/test_widgets_media_integration.py', '-vv']
2025-11-19 00:47:20,272 - pytest_runner - INFO - pytest.py starting with args: ['tests/test_widgets_media_integration.py', '-vv']
2025-11-19 00:47:20,273 - pytest_runner - INFO - pytest.py starting with args: ['tests/test_widgets_media_integration.py', '-vv']
2025-11-19 00:47:20,273 - pytest_runner - INFO - pytest.py starting with args: ['tests/test_widgets_media_integration.py', '-vv']
2025-11-19 00:47:20,273 - pytest_runner - INFO - pytest.py starting with args: ['tests/test_widgets_media_integration.py', '-vv']
2025-11-19 00:47:20,274 - pytest_runner - INFO - pytest.py starting with args: ['tests/test_widgets_media_integration.py', '-vv']
2025-11-19 00:47:20,274 - pytest_runner - INFO - pytest.py starting with args: ['tests/test_widgets_media_integration.py', '-vv']
2025-11-19 00:47:20,275 - pytest_runner - INFO - pytest.py starting with args: ['tests/test_widgets_media_integration.py', '-vv']
2025-11-19 00:47:20,275 - pytest_runner - INFO - pytest.py starting with args: ['tests/test_widgets_media_integration.py', '-vv']
2025-11-19 00:47:20,275 - pytest_runner - INFO - pytest.py starting with args: ['tests/test_widgets_media_integration.py', '-vv']
2025-11-19 00:47:20,276 - pytest_runner - INFO - pytest.py starting with args: ['tests/test_widgets_media_integration.py', '-vv']
2025-11-19 00:47:20,277 - pytest_runner - INFO - pytest.py starting with args: ['tests/test_widgets_media_integration.py', '-vv']
2025-11-19 00:47:20,277 - pytest_runner - INFO - pytest.py starting with args: ['tests/test_widgets_media_integration.py', '-vv']
2025-11-19 00:47:20,278 - pytest_runner - INFO - pytest.py starting with args: ['tests/test_widgets_media_integration.py', '-vv']
2025-11-19 00:47:20,278 - pytest_runner - INFO - pytest.py starting with args: ['tests/test_widgets_media_integration.py', '-vv']
2025-11-19 00:47:20,278 - pytest_runner - INFO - pytest.py starting with args: ['tests/test_widgets_media_integration.py', '-vv']
2025-11-19 00:47:20,278 - pytest_runner - INFO - pytest.py starting with args: ['tests/test_widgets_media_integration.py', '-vv']
2025-11-19 00:47:20,279 - pytest_runner - INFO - pytest.py starting with args: ['tests/test_widgets_media_integration.py', '-vv']
2025-11-19 00:47:20,279 - pytest_runner - INFO - pytest.py starting with args: ['tests/test_widgets_media_integration.py', '-vv']
2025-11-19 00:47:20,280 - pytest_runner - INFO - pytest.py starting with args: ['tests/test_widgets_media_integration.py', '-vv']
2025-11-19 00:47:20,280 - pytest_runner - INFO - pytest.py starting with args: ['tests/test_widgets_media_integration.py', '-vv']
2025-11-19 00:47:20,280 - pytest_runner - INFO - pytest.py starting with args: ['tests/test_widgets_media_integration.py', '-vv']
2025-11-19 00:47:20,282 - pytest_runner - INFO - pytest.py starting with args: ['tests/test_widgets_media_integration.py', '-vv']
2025-11-19 00:47:20,282 - pytest_runner - INFO - pytest.py starting with args: ['tests/test_widgets_media_integration.py', '-vv']
2025-11-19 00:47:20,282 - pytest_runner - INFO - pytest.py starting with args: ['tests/test_widgets_media_integration.py', '-vv']
2025-11-19 00:47:20,283 - pytest_runner - INFO - pytest.py starting with args: ['tests/test_widgets_media_integration.py', '-vv']
2025-11-19 00:47:20,283 - pytest_runner - INFO - pytest.py starting with args: ['tests/test_widgets_media_integration.py', '-vv']
2025-11-19 00:47:20,283 - pytest_runner - INFO - pytest.py starting with args: ['tests/test_widgets_media_integration.py', '-vv']
2025-11-19 00:47:20,284 - pytest_runner - INFO - pytest.py starting with args: ['tests/test_widgets_media_integration.py', '-vv']
2025-11-19 00:47:20,284 - pytest_runner - INFO - pytest.py starting with args: ['tests/test_widgets_media_integration.py', '-vv']
2025-11-19 00:47:20,284 - pytest_runner - INFO - pytest.py starting with args: ['tests/test_widgets_media_integration.py', '-vv']
2025-11-19 00:47:20,285 - pytest_runner - INFO - pytest.py starting with args: ['tests/test_widgets_media_integration.py', '-vv']
2025-11-19 00:47:20,285 - pytest_runner - INFO - pytest.py starting with args: ['tests/test_widgets_media_integration.py', '-vv']
2025-11-19 00:47:20,285 - pytest_runner - INFO - pytest.py starting with args: ['tests/test_widgets_media_integration.py', '-vv']
2025-11-19 00:47:20,285 - pytest_runner - INFO - pytest.py starting with args: ['tests/test_widgets_media_integration.py', '-vv']
2025-11-19 00:47:20,287 - pytest_runner - INFO - pytest.py starting with args: ['tests/test_widgets_media_integration.py', '-vv']
2025-11-19 00:47:20,287 - pytest_runner - INFO - pytest.py starting with args: ['tests/test_widgets_media_integration.py', '-vv']
2025-11-19 00:47:20,287 - pytest_runner - INFO - pytest.py starting with args: ['tests/test_widgets_media_integration.py', '-vv']
2025-11-19 00:47:20,287 - pytest_runner - INFO - pytest.py starting with args: ['tests/test_widgets_media_integration.py', '-vv']
2025-11-19 00:47:20,287 - pytest_runner - INFO - pytest.py starting with args: ['tests/test_widgets_media_integration.py', '-vv']
2025-11-19 00:47:20,289 - pytest_runner - INFO - pytest.py starting with args: ['tests/test_widgets_media_integration.py', '-vv']
2025-11-19 00:47:20,289 - pytest_runner - INFO - pytest.py starting with args: ['tests/test_widgets_media_integration.py', '-vv']
2025-11-19 00:47:20,289 - pytest_runner - INFO - pytest.py starting with args: ['tests/test_widgets_media_integration.py', '-vv']
2025-11-19 00:47:20,290 - pytest_runner - INFO - pytest.py starting with args: ['tests/test_widgets_media_integration.py', '-vv']
2025-11-19 00:47:20,290 - pytest_runner - INFO - pytest.py starting with args: ['tests/test_widgets_media_integration.py', '-vv']
2025-11-19 00:47:20,291 - pytest_runner - INFO - pytest.py starting with args: ['tests/test_widgets_media_integration.py', '-vv']
2025-11-19 00:47:20,291 - pytest_runner - INFO - pytest.py starting with args: ['tests/test_widgets_media_integration.py', '-vv']
2025-11-19 00:47:20,291 - pytest_runner - INFO - pytest.py starting with args: ['tests/test_widgets_media_integration.py', '-vv']
2025-11-19 00:47:20,293 - pytest_runner - INFO - pytest.py starting with args: ['tests/test_widgets_media_integration.py', '-vv']
2025-11-19 00:47:20,293 - pytest_runner - INFO - pytest.py starting with args: ['tests/test_widgets_media_integration.py', '-vv']
2025-11-19 00:47:20,294 - pytest_runner - INFO - pytest.py starting with args: ['tests/test_widgets_media_integration.py', '-vv']
2025-11-19 00:47:20,294 - pytest_runner - INFO - pytest.py starting with args: ['tests/test_widgets_media_integration.py', '-vv']
2025-11-19 00:47:20,294 - pytest_runner - INFO - pytest.py starting with args: ['tests/test_widgets_media_integration.py', '-vv']
2025-11-19 00:47:20,294 - pytest_runner - INFO - pytest.py starting with args: ['tests/test_widgets_media_integration.py', '-vv']
2025-11-19 00:47:20,294 - pytest_runner - INFO - pytest.py starting with args: ['tests/test_widgets_media_integration.py', '-vv']
2025-11-19 00:47:20,296 - pytest_runner - INFO - pytest.py starting with args: ['tests/test_widgets_media_integration.py', '-vv']
2025-11-19 00:47:20,296 - pytest_runner - INFO - pytest.py starting with args: ['tests/test_widgets_media_integration.py', '-vv']
2025-11-19 00:47:20,296 - pytest_runner - INFO - pytest.py starting with args: ['tests/test_widgets_media_integration.py', '-vv']
2025-11-19 00:47:20,297 - pytest_runner - INFO - pytest.py starting with args: ['tests/test_widgets_media_integration.py', '-vv']
2025-11-19 00:47:20,297 - pytest_runner - INFO - pytest.py starting with args: ['tests/test_widgets_media_integration.py', '-vv']
2025-11-19 00:47:20,298 - pytest_runner - INFO - pytest.py starting with args: ['tests/test_widgets_media_integration.py', '-vv']
2025-11-19 00:47:20,298 - pytest_runner - INFO - pytest.py starting with args: ['tests/test_widgets_media_integration.py', '-vv']
2025-11-19 00:47:20,298 - pytest_runner - INFO - pytest.py starting with args: ['tests/test_widgets_media_integration.py', '-vv']
2025-11-19 00:47:20,299 - pytest_runner - INFO - pytest.py starting with args: ['tests/test_widgets_media_integration.py', '-vv']
2025-11-19 00:47:20,299 - pytest_runner - INFO - pytest.py starting with args: ['tests/test_widgets_media_integration.py', '-vv']
2025-11-19 00:47:20,299 - pytest_runner - INFO - pytest.py starting with args: ['tests/test_widgets_media_integration.py', '-vv']
2025-11-19 00:47:20,299 - pytest_runner - INFO - pytest.py starting with args: ['tests/test_widgets_media_integration.py', '-vv']
2025-11-19 00:47:20,301 - pytest_runner - INFO - pytest.py starting with args: ['tests/test_widgets_media_integration.py', '-vv']
2025-11-19 00:47:20,301 - pytest_runner - INFO - pytest.py starting with args: ['tests/test_widgets_media_integration.py', '-vv']
2025-11-19 00:47:20,302 - pytest_runner - INFO - pytest.py starting with args: ['tests/test_widgets_media_integration.py', '-vv']
2025-11-19 00:47:20,302 - pytest_runner - INFO - pytest.py starting with args: ['tests/test_widgets_media_integration.py', '-vv']
2025-11-19 00:47:20,303 - pytest_runner - INFO - pytest.py starting with args: ['tests/test_widgets_media_integration.py', '-vv']
2025-11-19 00:47:20,303 - pytest_runner - INFO - pytest.py starting with args: ['tests/test_widgets_media_integration.py', '-vv']
2025-11-19 00:47:20,303 - pytest_runner - INFO - pytest.py starting with args: ['tests/test_widgets_media_integration.py', '-vv']
2025-11-19 00:47:20,304 - pytest_runner - INFO - pytest.py starting with args: ['tests/test_widgets_media_integration.py', '-vv']
2025-11-19 00:47:20,304 - pytest_runner - INFO - pytest.py starting with args: ['tests/test_widgets_media_integration.py', '-vv']
2025-11-19 00:47:20,304 - pytest_runner - INFO - pytest.py starting with args: ['tests/test_widgets_media_integration.py', '-vv']
2025-11-19 00:47:20,305 - pytest_runner - INFO - pytest.py starting with args: ['tests/test_widgets_media_integration.py', '-vv']
2025-11-19 00:47:20,305 - pytest_runner - INFO - pytest.py starting with args: ['tests/test_widgets_media_integration.py', '-vv']
2025-11-19 00:47:20,305 - pytest_runner - INFO - pytest.py starting with args: ['tests/test_widgets_media_integration.py', '-vv']
2025-11-19 00:47:20,306 - pytest_runner - INFO - pytest.py starting with args: ['tests/test_widgets_media_integration.py', '-vv']
2025-11-19 00:47:20,306 - pytest_runner - INFO - pytest.py starting with args: ['tests/test_widgets_media_integration.py', '-vv']
2025-11-19 00:47:20,307 - pytest_runner - INFO - pytest.py starting with args: ['tests/test_widgets_media_integration.py', '-vv']
2025-11-19 00:47:20,307 - pytest_runner - INFO - pytest.py starting with args: ['tests/test_widgets_media_integration.py', '-vv']
2025-11-19 00:47:20,308 - pytest_runner - INFO - pytest.py starting with args: ['tests/test_widgets_media_integration.py', '-vv']
2025-11-19 00:47:20,308 - pytest_runner - INFO - pytest.py starting with args: ['tests/test_widgets_media_integration.py', '-vv']
2025-11-19 00:47:20,309 - pytest_runner - INFO - pytest.py starting with args: ['tests/test_widgets_media_integration.py', '-vv']
2025-11-19 00:47:20,309 - pytest_runner - INFO - pytest.py starting with args: ['tests/test_widgets_media_integration.py', '-vv']
2025-11-19 00:47:20,309 - pytest_runner - INFO - pytest.py starting with args: ['tests/test_widgets_media_integration.py', '-vv']
2025-11-19 00:47:20,309 - pytest_runner - INFO - pytest.py starting with args: ['tests/test_widgets_media_integration.py', '-vv']
2025-11-19 00:47:20,311 - pytest_runner - INFO - pytest.py starting with args: ['tests/test_widgets_media_integration.py', '-vv']
2025-11-19 00:47:20,311 - pytest_runner - INFO - pytest.py starting with args: ['tests/test_widgets_media_integration.py', '-vv']
2025-11-19 00:47:20,311 - pytest_runner - INFO - pytest.py starting with args: ['tests/test_widgets_media_integration.py', '-vv']
2025-11-19 00:47:20,311 - pytest_runner - INFO - pytest.py starting with args: ['tests/test_widgets_media_integration.py', '-vv']
2025-11-19 00:47:20,312 - pytest_runner - INFO - pytest.py starting with args: ['tests/test_widgets_media_integration.py', '-vv']
2025-11-19 00:47:20,312 - pytest_runner - INFO - pytest.py starting with args: ['tests/test_widgets_media_integration.py', '-vv']
2025-11-19 00:47:20,312 - pytest_runner - INFO - pytest.py starting with args: ['tests/test_widgets_media_integration.py', '-vv']
2025-11-19 00:47:20,314 - pytest_runner - INFO - pytest.py starting with args: ['tests/test_widgets_media_integration.py', '-vv']
2025-11-19 00:47:20,314 - pytest_runner - INFO - pytest.py starting with args: ['tests/test_widgets_media_integration.py', '-vv']
2025-11-19 00:47:20,315 - pytest_runner - INFO - pytest.py starting with args: ['tests/test_widgets_media_integration.py', '-vv']
2025-11-19 00:47:20,315 - pytest_runner - INFO - pytest.py starting with args: ['tests/test_widgets_media_integration.py', '-vv']
2025-11-19 00:47:20,315 - pytest_runner - INFO - pytest.py starting with args: ['tests/test_widgets_media_integration.py', '-vv']
2025-11-19 00:47:20,316 - pytest_runner - INFO - pytest.py starting with args: ['tests/test_widgets_media_integration.py', '-vv']
2025-11-19 00:47:20,316 - pytest_runner - INFO - pytest.py starting with args: ['tests/test_widgets_media_integration.py', '-vv']
2025-11-19 00:47:20,316 - pytest_runner - INFO - pytest.py starting with args: ['tests/test_widgets_media_integration.py', '-vv']
2025-11-19 00:47:20,317 - pytest_runner - INFO - pytest.py starting with args: ['tests/test_widgets_media_integration.py', '-vv']
2025-11-19 00:47:20,317 - pytest_runner - INFO - pytest.py starting with args: ['tests/test_widgets_media_integration.py', '-vv']
2025-11-19 00:47:20,318 - pytest_runner - INFO - pytest.py starting with args: ['tests/test_widgets_media_integration.py', '-vv']
2025-11-19 00:47:20,318 - pytest_runner - INFO - pytest.py starting with args: ['tests/test_widgets_media_integration.py', '-vv']
2025-11-19 00:47:20,318 - pytest_runner - INFO - pytest.py starting with args: ['tests/test_widgets_media_integration.py', '-vv']
2025-11-19 00:47:20,319 - pytest_runner - INFO - pytest.py starting with args: ['tests/test_widgets_media_integration.py', '-vv']
2025-11-19 00:47:20,319 - pytest_runner - INFO - pytest.py starting with args: ['tests/test_widgets_media_integration.py', '-vv']
2025-11-19 00:47:20,320 - pytest_runner - INFO - pytest.py starting with args: ['tests/test_widgets_media_integration.py', '-vv']
2025-11-19 00:47:20,321 - pytest_runner - INFO - pytest.py starting with args: ['tests/test_widgets_media_integration.py', '-vv']
2025-11-19 00:47:20,321 - pytest_runner - INFO - pytest.py starting with args: ['tests/test_widgets_media_integration.py', '-vv']
2025-11-19 00:47:20,321 - pytest_runner - INFO - pytest.py starting with args: ['tests/test_widgets_media_integration.py', '-vv']
2025-11-19 00:47:20,322 - pytest_runner - INFO - pytest.py starting with args: ['tests/test_widgets_media_integration.py', '-vv']
2025-11-19 00:47:20,322 - pytest_runner - INFO - pytest.py starting with args: ['tests/test_widgets_media_integration.py', '-vv']
2025-11-19 00:47:20,323 - pytest_runner - INFO - pytest.py starting with args: ['tests/test_widgets_media_integration.py', '-vv']
2025-11-19 00:47:20,323 - pytest_runner - INFO - pytest.py starting with args: ['tests/test_widgets_media_integration.py', '-vv']
2025-11-19 00:47:20,324 - pytest_runner - INFO - pytest.py starting with args: ['tests/test_widgets_media_integration.py', '-vv']
2025-11-19 00:47:20,324 - pytest_runner - INFO - pytest.py starting with args: ['tests/test_widgets_media_integration.py', '-vv']
2025-11-19 00:47:20,324 - pytest_runner - INFO - pytest.py starting with args: ['tests/test_widgets_media_integration.py', '-vv']
2025-11-19 00:47:20,325 - pytest_runner - INFO - pytest.py starting with args: ['tests/test_widgets_media_integration.py', '-vv']
2025-11-19 00:47:20,325 - pytest_runner - INFO - pytest.py starting with args: ['tests/test_widgets_media_integration.py', '-vv']
2025-11-19 00:47:20,325 - pytest_runner - INFO - pytest.py starting with args: ['tests/test_widgets_media_integration.py', '-vv']
2025-11-19 00:47:20,326 - pytest_runner - INFO - pytest.py starting with args: ['tests/test_widgets_media_integration.py', '-vv']
2025-11-19 00:47:20,326 - pytest_runner - INFO - pytest.py starting with args: ['tests/test_widgets_media_integration.py', '-vv']
2025-11-19 00:47:20,326 - pytest_runner - INFO - pytest.py starting with args: ['tests/test_widgets_media_integration.py', '-vv']
2025-11-19 00:47:20,327 - pytest_runner - INFO - pytest.py starting with args: ['tests/test_widgets_media_integration.py', '-vv']
2025-11-19 00:47:20,327 - pytest_runner - INFO - pytest.py starting with args: ['tests/test_widgets_media_integration.py', '-vv']
2025-11-19 00:47:20,327 - pytest_runner - INFO - pytest.py starting with args: ['tests/test_widgets_media_integration.py', '-vv']
2025-11-19 00:47:20,329 - pytest_runner - INFO - pytest.py starting with args: ['tests/test_widgets_media_integration.py', '-vv']
2025-11-19 00:47:20,329 - pytest_runner - INFO - pytest.py starting with args: ['tests/test_widgets_media_integration.py', '-vv']
2025-11-19 00:47:20,330 - pytest_runner - INFO - pytest.py starting with args: ['tests/test_widgets_media_integration.py', '-vv']
2025-11-19 00:47:20,330 - pytest_runner - INFO - pytest.py starting with args: ['tests/test_widgets_media_integration.py', '-vv']
2025-11-19 00:47:20,331 - pytest_runner - INFO - pytest.py starting with args: ['tests/test_widgets_media_integration.py', '-vv']
2025-11-19 00:47:20,331 - pytest_runner - INFO - pytest.py starting with args: ['tests/test_widgets_media_integration.py', '-vv']
2025-11-19 00:47:20,331 - pytest_runner - INFO - pytest.py starting with args: ['tests/test_widgets_media_integration.py', '-vv']
2025-11-19 00:47:20,332 - pytest_runner - INFO - pytest.py starting with args: ['tests/test_widgets_media_integration.py', '-vv']
2025-11-19 00:47:20,332 - pytest_runner - INFO - pytest.py starting with args: ['tests/test_widgets_media_integration.py', '-vv']
2025-11-19 00:47:20,332 - pytest_runner - INFO - pytest.py starting with args: ['tests/test_widgets_media_integration.py', '-vv']
2025-11-19 00:47:20,333 - pytest_runner - INFO - pytest.py starting with args: ['tests/test_widgets_media_integration.py', '-vv']
2025-11-19 00:47:20,333 - pytest_runner - INFO - pytest.py starting with args: ['tests/test_widgets_media_integration.py', '-vv']
2025-11-19 00:47:20,334 - pytest_runner - INFO - pytest.py starting with args: ['tests/test_widgets_media_integration.py', '-vv']
2025-11-19 00:47:20,334 - pytest_runner - INFO - pytest.py starting with args: ['tests/test_widgets_media_integration.py', '-vv']
2025-11-19 00:47:20,335 - pytest_runner - INFO - pytest.py starting with args: ['tests/test_widgets_media_integration.py', '-vv']
2025-11-19 00:47:20,335 - pytest_runner - INFO - pytest.py starting with args: ['tests/test_widgets_media_integration.py', '-vv']
2025-11-19 00:47:20,337 - pytest_runner - INFO - pytest.py starting with args: ['tests/test_widgets_media_integration.py', '-vv']
2025-11-19 00:47:20,337 - pytest_runner - INFO - pytest.py starting with args: ['tests/test_widgets_media_integration.py', '-vv']
2025-11-19 00:47:20,338 - pytest_runner - INFO - pytest.py starting with args: ['tests/test_widgets_media_integration.py', '-vv']
2025-11-19 00:47:20,338 - pytest_runner - INFO - pytest.py starting with args: ['tests/test_widgets_media_integration.py', '-vv']
2025-11-19 00:47:20,338 - pytest_runner - INFO - pytest.py starting with args: ['tests/test_widgets_media_integration.py', '-vv']
2025-11-19 00:47:20,338 - pytest_runner - INFO - pytest.py starting with args: ['tests/test_widgets_media_integration.py', '-vv']
2025-11-19 00:47:20,339 - pytest_runner - INFO - pytest.py starting with args: ['tests/test_widgets_media_integration.py', '-vv']
2025-11-19 00:47:20,339 - pytest_runner - INFO - pytest.py starting with args: ['tests/test_widgets_media_integration.py', '-vv']
2025-11-19 00:47:20,340 - pytest_runner - INFO - pytest.py starting with args: ['tests/test_widgets_media_integration.py', '-vv']
2025-11-19 00:47:20,340 - pytest_runner - INFO - pytest.py starting with args: ['tests/test_widgets_media_integration.py', '-vv']
2025-11-19 00:47:20,340 - pytest_runner - INFO - pytest.py starting with args: ['tests/test_widgets_media_integration.py', '-vv']
2025-11-19 00:47:20,341 - pytest_runner - INFO - pytest.py starting with args: ['tests/test_widgets_media_integration.py', '-vv']
2025-11-19 00:47:20,341 - pytest_runner - INFO - pytest.py starting with args: ['tests/test_widgets_media_integration.py', '-vv']
2025-11-19 00:47:20,341 - pytest_runner - INFO - pytest.py starting with args: ['tests/test_widgets_media_integration.py', '-vv']
2025-11-19 00:47:20,343 - pytest_runner - INFO - pytest.py starting with args: ['tests/test_widgets_media_integration.py', '-vv']
2025-11-19 00:47:20,343 - pytest_runner - INFO - pytest.py starting with args: ['tests/test_widgets_media_integration.py', '-vv']
2025-11-19 00:47:20,343 - pytest_runner - INFO - pytest.py starting with args: ['tests/test_widgets_media_integration.py', '-vv']
2025-11-19 00:47:20,343 - pytest_runner - INFO - pytest.py starting with args: ['tests/test_widgets_media_integration.py', '-vv']
2025-11-19 00:47:20,344 - pytest_runner - INFO - pytest.py starting with args: ['tests/test_widgets_media_integration.py', '-vv']
2025-11-19 00:47:20,344 - pytest_runner - INFO - pytest.py starting with args: ['tests/test_widgets_media_integration.py', '-vv']
2025-11-19 00:47:20,345 - pytest_runner - INFO - pytest.py starting with args: ['tests/test_widgets_media_integration.py', '-vv']
2025-11-19 00:47:20,345 - pytest_runner - INFO - pytest.py starting with args: ['tests/test_widgets_media_integration.py', '-vv']
2025-11-19 00:47:20,346 - pytest_runner - INFO - pytest.py starting with args: ['tests/test_widgets_media_integration.py', '-vv']
2025-11-19 00:47:20,346 - pytest_runner - INFO - pytest.py starting with args: ['tests/test_widgets_media_integration.py', '-vv']
2025-11-19 00:47:20,346 - pytest_runner - INFO - pytest.py starting with args: ['tests/test_widgets_media_integration.py', '-vv']
2025-11-19 00:47:20,346 - pytest_runner - INFO - pytest.py starting with args: ['tests/test_widgets_media_integration.py', '-vv']
2025-11-19 00:47:20,348 - pytest_runner - INFO - pytest.py starting with args: ['tests/test_widgets_media_integration.py', '-vv']
2025-11-19 00:47:20,348 - pytest_runner - INFO - pytest.py starting with args: ['tests/test_widgets_media_integration.py', '-vv']
2025-11-19 00:47:20,349 - pytest_runner - INFO - pytest.py starting with args: ['tests/test_widgets_media_integration.py', '-vv']
2025-11-19 00:47:20,349 - pytest_runner - INFO - pytest.py starting with args: ['tests/test_widgets_media_integration.py', '-vv']
2025-11-19 00:47:20,349 - pytest_runner - INFO - pytest.py starting with args: ['tests/test_widgets_media_integration.py', '-vv']
2025-11-19 00:47:20,350 - pytest_runner - INFO - pytest.py starting with args: ['tests/test_widgets_media_integration.py', '-vv']
2025-11-19 00:47:20,350 - pytest_runner - INFO - pytest.py starting with args: ['tests/test_widgets_media_integration.py', '-vv']
2025-11-19 00:47:20,350 - pytest_runner - INFO - pytest.py starting with args: ['tests/test_widgets_media_integration.py', '-vv']
2025-11-19 00:47:20,351 - pytest_runner - INFO - pytest.py starting with args: ['tests/test_widgets_media_integration.py', '-vv']
2025-11-19 00:47:20,351 - pytest_runner - INFO - pytest.py starting with args: ['tests/test_widgets_media_integration.py', '-vv']
2025-11-19 00:47:20,351 - pytest_runner - INFO - pytest.py starting with args: ['tests/test_widgets_media_integration.py', '-vv']
2025-11-19 00:47:20,353 - pytest_runner - INFO - pytest.py starting with args: ['tests/test_widgets_media_integration.py', '-vv']
2025-11-19 00:47:20,353 - pytest_runner - INFO - pytest.py starting with args: ['tests/test_widgets_media_integration.py', '-vv']
2025-11-19 00:47:20,353 - pytest_runner - INFO - pytest.py starting with args: ['tests/test_widgets_media_integration.py', '-vv']
2025-11-19 00:47:20,354 - pytest_runner - INFO - pytest.py starting with args: ['tests/test_widgets_media_integration.py', '-vv']
2025-11-19 00:47:20,354 - pytest_runner - INFO - pytest.py starting with args: ['tests/test_widgets_media_integration.py', '-vv']
2025-11-19 00:47:20,355 - pytest_runner - INFO - pytest.py starting with args: ['tests/test_widgets_media_integration.py', '-vv']
2025-11-19 00:47:20,355 - pytest_runner - INFO - pytest.py starting with args: ['tests/test_widgets_media_integration.py', '-vv']
2025-11-19 00:47:20,355 - pytest_runner - INFO - pytest.py starting with args: ['tests/test_widgets_media_integration.py', '-vv']
2025-11-19 00:47:20,356 - pytest_runner - INFO - pytest.py starting with args: ['tests/test_widgets_media_integration.py', '-vv']
2025-11-19 00:47:20,356 - pytest_runner - INFO - pytest.py starting with args: ['tests/test_widgets_media_integration.py', '-vv']
2025-11-19 00:47:20,357 - pytest_runner - INFO - pytest.py starting with args: ['tests/test_widgets_media_integration.py', '-vv']
2025-11-19 00:47:20,357 - pytest_runner - INFO - pytest.py starting with args: ['tests/test_widgets_media_integration.py', '-vv']
2025-11-19 00:47:20,357 - pytest_runner - INFO - pytest.py starting with args: ['tests/test_widgets_media_integration.py', '-vv']
2025-11-19 00:47:20,358 - pytest_runner - INFO - pytest.py starting with args: ['tests/test_widgets_media_integration.py', '-vv']
2025-11-19 00:47:20,358 - pytest_runner - INFO - pytest.py starting with args: ['tests/test_widgets_media_integration.py', '-vv']
2025-11-19 00:47:20,359 - pytest_runner - INFO - pytest.py starting with args: ['tests/test_widgets_media_integration.py', '-vv']
2025-11-19 00:47:20,359 - pytest_runner - INFO - pytest.py starting with args: ['tests/test_widgets_media_integration.py', '-vv']
2025-11-19 00:47:20,359 - pytest_runner - INFO - pytest.py starting with args: ['tests/test_widgets_media_integration.py', '-vv']
2025-11-19 00:47:20,359 - pytest_runner - INFO - pytest.py starting with args: ['tests/test_widgets_media_integration.py', '-vv']
2025-11-19 00:47:20,361 - pytest_runner - INFO - pytest.py starting with args: ['tests/test_widgets_media_integration.py', '-vv']
2025-11-19 00:47:20,361 - pytest_runner - INFO - pytest.py starting with args: ['tests/test_widgets_media_integration.py', '-vv']
2025-11-19 00:47:20,361 - pytest_runner - INFO - pytest.py starting with args: ['tests/test_widgets_media_integration.py', '-vv']
2025-11-19 00:47:20,362 - pytest_runner - INFO - pytest.py starting with args: ['tests/test_widgets_media_integration.py', '-vv']
2025-11-19 00:47:20,362 - pytest_runner - INFO - pytest.py starting with args: ['tests/test_widgets_media_integration.py', '-vv']
2025-11-19 00:47:20,363 - pytest_runner - INFO - pytest.py starting with args: ['tests/test_widgets_media_integration.py', '-vv']
2025-11-19 00:47:20,363 - pytest_runner - INFO - pytest.py starting with args: ['tests/test_widgets_media_integration.py', '-vv']
2025-11-19 00:47:20,363 - pytest_runner - INFO - pytest.py starting with args: ['tests/test_widgets_media_integration.py', '-vv']
2025-11-19 00:47:20,363 - pytest_runner - INFO - pytest.py starting with args: ['tests/test_widgets_media_integration.py', '-vv']
2025-11-19 00:47:20,364 - pytest_runner - INFO - pytest.py starting with args: ['tests/test_widgets_media_integration.py', '-vv']
2025-11-19 00:47:20,364 - pytest_runner - INFO - pytest.py starting with args: ['tests/test_widgets_media_integration.py', '-vv']
2025-11-19 00:47:20,365 - pytest_runner - INFO - pytest.py starting with args: ['tests/test_widgets_media_integration.py', '-vv']
2025-11-19 00:47:20,365 - pytest_runner - INFO - pytest.py starting with args: ['tests/test_widgets_media_integration.py', '-vv']
2025-11-19 00:47:20,367 - pytest_runner - INFO - pytest.py starting with args: ['tests/test_widgets_media_integration.py', '-vv']
2025-11-19 00:47:20,367 - pytest_runner - INFO - pytest.py starting with args: ['tests/test_widgets_media_integration.py', '-vv']
2025-11-19 00:47:20,368 - pytest_runner - INFO - pytest.py starting with args: ['tests/test_widgets_media_integration.py', '-vv']
2025-11-19 00:47:20,368 - pytest_runner - INFO - pytest.py starting with args: ['tests/test_widgets_media_integration.py', '-vv']
2025-11-19 00:47:20,369 - pytest_runner - INFO - pytest.py starting with args: ['tests/test_widgets_media_integration.py', '-vv']
2025-11-19 00:47:20,369 - pytest_runner - INFO - pytest.py starting with args: ['tests/test_widgets_media_integration.py', '-vv']
2025-11-19 00:47:20,369 - pytest_runner - INFO - pytest.py starting with args: ['tests/test_widgets_media_integration.py', '-vv']
2025-11-19 00:47:20,369 - pytest_runner - INFO - pytest.py starting with args: ['tests/test_widgets_media_integration.py', '-vv']
2025-11-19 00:47:20,370 - pytest_runner - INFO - pytest.py starting with args: ['tests/test_widgets_media_integration.py', '-vv']
2025-11-19 00:47:20,370 - pytest_runner - INFO - pytest.py starting with args: ['tests/test_widgets_media_integration.py', '-vv']
2025-11-19 00:47:20,370 - pytest_runner - INFO - pytest.py starting with args: ['tests/test_widgets_media_integration.py', '-vv']
2025-11-19 00:47:20,372 - pytest_runner - INFO - pytest.py starting with args: ['tests/test_widgets_media_integration.py', '-vv']
2025-11-19 00:47:20,372 - pytest_runner - INFO - pytest.py starting with args: ['tests/test_widgets_media_integration.py', '-vv']
2025-11-19 00:47:20,373 - pytest_runner - INFO - pytest.py starting with args: ['tests/test_widgets_media_integration.py', '-vv']
2025-11-19 00:47:20,373 - pytest_runner - INFO - pytest.py starting with args: ['tests/test_widgets_media_integration.py', '-vv']
2025-11-19 00:47:20,373 - pytest_runner - INFO - pytest.py starting with args: ['tests/test_widgets_media_integration.py', '-vv']
2025-11-19 00:47:20,374 - pytest_runner - INFO - pytest.py starting with args: ['tests/test_widgets_media_integration.py', '-vv']
2025-11-19 00:47:20,374 - pytest_runner - INFO - pytest.py starting with args: ['tests/test_widgets_media_integration.py', '-vv']
2025-11-19 00:47:20,375 - pytest_runner - INFO - pytest.py starting with args: ['tests/test_widgets_media_integration.py', '-vv']
2025-11-19 00:47:20,375 - pytest_runner - INFO - pytest.py starting with args: ['tests/test_widgets_media_integration.py', '-vv']
2025-11-19 00:47:20,375 - pytest_runner - INFO - pytest.py starting with args: ['tests/test_widgets_media_integration.py', '-vv']
2025-11-19 00:47:20,376 - pytest_runner - INFO - pytest.py starting with args: ['tests/test_widgets_media_integration.py', '-vv']
2025-11-19 00:47:20,376 - pytest_runner - INFO - pytest.py starting with args: ['tests/test_widgets_media_integration.py', '-vv']
2025-11-19 00:47:20,377 - pytest_runner - INFO - pytest.py starting with args: ['tests/test_widgets_media_integration.py', '-vv']
2025-11-19 00:47:20,377 - pytest_runner - INFO - pytest.py starting with args: ['tests/test_widgets_media_integration.py', '-vv']
2025-11-19 00:47:20,377 - pytest_runner - INFO - pytest.py starting with args: ['tests/test_widgets_media_integration.py', '-vv']
2025-11-19 00:47:20,378 - pytest_runner - INFO - pytest.py starting with args: ['tests/test_widgets_media_integration.py', '-vv']
2025-11-19 00:47:20,378 - pytest_runner - INFO - pytest.py starting with args: ['tests/test_widgets_media_integration.py', '-vv']
2025-11-19 00:47:20,379 - pytest_runner - INFO - pytest.py starting with args: ['tests/test_widgets_media_integration.py', '-vv']
2025-11-19 00:47:20,379 - pytest_runner - INFO - pytest.py starting with args: ['tests/test_widgets_media_integration.py', '-vv']
2025-11-19 00:47:20,380 - pytest_runner - INFO - pytest.py starting with args: ['tests/test_widgets_media_integration.py', '-vv']
2025-11-19 00:47:20,380 - pytest_runner - INFO - pytest.py starting with args: ['tests/test_widgets_media_integration.py', '-vv']
2025-11-19 00:47:20,381 - pytest_runner - INFO - pytest.py starting with args: ['tests/test_widgets_media_integration.py', '-vv']
2025-11-19 00:47:20,381 - pytest_runner - INFO - pytest.py starting with args: ['tests/test_widgets_media_integration.py', '-vv']
2025-11-19 00:47:20,382 - pytest_runner - INFO - pytest.py starting with args: ['tests/test_widgets_media_integration.py', '-vv']
2025-11-19 00:47:20,382 - pytest_runner - INFO - pytest.py starting with args: ['tests/test_widgets_media_integration.py', '-vv']
2025-11-19 00:47:20,383 - pytest_runner - INFO - pytest.py starting with args: ['tests/test_widgets_media_integration.py', '-vv']
2025-11-19 00:47:20,383 - pytest_runner - INFO - pytest.py starting with args: ['tests/test_widgets_media_integration.py', '-vv']
2025-11-19 00:47:20,384 - pytest_runner - INFO - pytest.py starting with args: ['tests/test_widgets_media_integration.py', '-vv']
2025-11-19 00:47:20,384 - pytest_runner - INFO - pytest.py starting with args: ['tests/test_widgets_media_integration.py', '-vv']
2025-11-19 00:47:20,384 - pytest_runner - INFO - pytest.py starting with args: ['tests/test_widgets_media_integration.py', '-vv']
2025-11-19 00:47:20,384 - pytest_runner - INFO - pytest.py starting with args: ['tests/test_widgets_media_integration.py', '-vv']
2025-11-19 00:47:20,385 - pytest_runner - INFO - pytest.py starting with args: ['tests/test_widgets_media_integration.py', '-vv']
2025-11-19 00:47:20,385 - pytest_runner - INFO - pytest.py starting with args: ['tests/test_widgets_media_integration.py', '-vv']
2025-11-19 00:47:20,385 - pytest_runner - INFO - pytest.py starting with args: ['tests/test_widgets_media_integration.py', '-vv']
2025-11-19 00:47:20,385 - pytest_runner - INFO - pytest.py starting with args: ['tests/test_widgets_media_integration.py', '-vv']
2025-11-19 00:47:20,387 - pytest_runner - INFO - pytest.py starting with args: ['tests/test_widgets_media_integration.py', '-vv']
2025-11-19 00:47:20,387 - pytest_runner - INFO - pytest.py starting with args: ['tests/test_widgets_media_integration.py', '-vv']
2025-11-19 00:47:20,387 - pytest_runner - INFO - pytest.py starting with args: ['tests/test_widgets_media_integration.py', '-vv']
2025-11-19 00:47:20,387 - pytest_runner - INFO - pytest.py starting with args: ['tests/test_widgets_media_integration.py', '-vv']
2025-11-19 00:47:20,389 - pytest_runner - INFO - pytest.py starting with args: ['tests/test_widgets_media_integration.py', '-vv']
2025-11-19 00:47:20,389 - pytest_runner - INFO - pytest.py starting with args: ['tests/test_widgets_media_integration.py', '-vv']
2025-11-19 00:47:20,389 - pytest_runner - INFO - pytest.py starting with args: ['tests/test_widgets_media_integration.py', '-vv']
2025-11-19 00:47:20,389 - pytest_runner - INFO - pytest.py starting with args: ['tests/test_widgets_media_integration.py', '-vv']
2025-11-19 00:47:20,390 - pytest_runner - INFO - pytest.py starting with args: ['tests/test_widgets_media_integration.py', '-vv']
2025-11-19 00:47:20,390 - pytest_runner - INFO - pytest.py starting with args: ['tests/test_widgets_media_integration.py', '-vv']
2025-11-19 00:47:20,391 - pytest_runner - INFO - pytest.py starting with args: ['tests/test_widgets_media_integration.py', '-vv']
2025-11-19 00:47:20,391 - pytest_runner - INFO - pytest.py starting with args: ['tests/test_widgets_media_integration.py', '-vv']
2025-11-19 00:47:20,391 - pytest_runner - INFO - pytest.py starting with args: ['tests/test_widgets_media_integration.py', '-vv']
2025-11-19 00:47:20,392 - pytest_runner - INFO - pytest.py starting with args: ['tests/test_widgets_media_integration.py', '-vv']
2025-11-19 00:47:20,392 - pytest_runner - INFO - pytest.py starting with args: ['tests/test_widgets_media_integration.py', '-vv']
2025-11-19 00:47:20,393 - pytest_runner - INFO - pytest.py starting with args: ['tests/test_widgets_media_integration.py', '-vv']
2025-11-19 00:47:20,394 - pytest_runner - INFO - pytest.py starting with args: ['tests/test_widgets_media_integration.py', '-vv']
2025-11-19 00:47:20,394 - pytest_runner - INFO - pytest.py starting with args: ['tests/test_widgets_media_integration.py', '-vv']
2025-11-19 00:47:20,395 - pytest_runner - INFO - pytest.py starting with args: ['tests/test_widgets_media_integration.py', '-vv']
2025-11-19 00:47:20,395 - pytest_runner - INFO - pytest.py starting with args: ['tests/test_widgets_media_integration.py', '-vv']
2025-11-19 00:47:20,396 - pytest_runner - INFO - pytest.py starting with args: ['tests/test_widgets_media_integration.py', '-vv']
2025-11-19 00:47:20,396 - pytest_runner - INFO - pytest.py starting with args: ['tests/test_widgets_media_integration.py', '-vv']
2025-11-19 00:47:20,397 - pytest_runner - INFO - pytest.py starting with args: ['tests/test_widgets_media_integration.py', '-vv']
2025-11-19 00:47:20,397 - pytest_runner - INFO - pytest.py starting with args: ['tests/test_widgets_media_integration.py', '-vv']
2025-11-19 00:47:20,398 - pytest_runner - INFO - pytest.py starting with args: ['tests/test_widgets_media_integration.py', '-vv']
2025-11-19 00:47:20,398 - pytest_runner - INFO - pytest.py starting with args: ['tests/test_widgets_media_integration.py', '-vv']
2025-11-19 00:47:20,398 - pytest_runner - INFO - pytest.py starting with args: ['tests/test_widgets_media_integration.py', '-vv']
2025-11-19 00:47:20,398 - pytest_runner - INFO - pytest.py starting with args: ['tests/test_widgets_media_integration.py', '-vv']
2025-11-19 00:47:20,399 - pytest_runner - INFO - pytest.py starting with args: ['tests/test_widgets_media_integration.py', '-vv']
2025-11-19 00:47:20,400 - pytest_runner - INFO - pytest.py starting with args: ['tests/test_widgets_media_integration.py', '-vv']
2025-11-19 00:47:20,400 - pytest_runner - INFO - pytest.py starting with args: ['tests/test_widgets_media_integration.py', '-vv']
2025-11-19 00:47:20,401 - pytest_runner - INFO - pytest.py starting with args: ['tests/test_widgets_media_integration.py', '-vv']
2025-11-19 00:47:20,401 - pytest_runner - INFO - pytest.py starting with args: ['tests/test_widgets_media_integration.py', '-vv']
2025-11-19 00:47:20,402 - pytest_runner - INFO - pytest.py starting with args: ['tests/test_widgets_media_integration.py', '-vv']
2025-11-19 00:47:20,402 - pytest_runner - INFO - pytest.py starting with args: ['tests/test_widgets_media_integration.py', '-vv']
2025-11-19 00:47:20,402 - pytest_runner - INFO - pytest.py starting with args: ['tests/test_widgets_media_integration.py', '-vv']
2025-11-19 00:47:20,403 - pytest_runner - INFO - pytest.py starting with args: ['tests/test_widgets_media_integration.py', '-vv']
2025-11-19 00:47:20,403 - pytest_runner - INFO - pytest.py starting with args: ['tests/test_widgets_media_integration.py', '-vv']
2025-11-19 00:47:20,404 - pytest_runner - INFO - pytest.py starting with args: ['tests/test_widgets_media_integration.py', '-vv']
2025-11-19 00:47:20,404 - pytest_runner - INFO - pytest.py starting with args: ['tests/test_widgets_media_integration.py', '-vv']
2025-11-19 00:47:20,405 - pytest_runner - INFO - pytest.py starting with args: ['tests/test_widgets_media_integration.py', '-vv']
2025-11-19 00:47:20,405 - pytest_runner - INFO - pytest.py starting with args: ['tests/test_widgets_media_integration.py', '-vv']
2025-11-19 00:47:20,405 - pytest_runner - INFO - pytest.py starting with args: ['tests/test_widgets_media_integration.py', '-vv']
2025-11-19 00:47:20,405 - pytest_runner - INFO - pytest.py starting with args: ['tests/test_widgets_media_integration.py', '-vv']
2025-11-19 00:47:20,407 - pytest_runner - INFO - pytest.py starting with args: ['tests/test_widgets_media_integration.py', '-vv']
2025-11-19 00:47:20,407 - pytest_runner - INFO - pytest.py starting with args: ['tests/test_widgets_media_integration.py', '-vv']
2025-11-19 00:47:20,408 - pytest_runner - INFO - pytest.py starting with args: ['tests/test_widgets_media_integration.py', '-vv']
2025-11-19 00:47:20,408 - pytest_runner - INFO - pytest.py starting with args: ['tests/test_widgets_media_integration.py', '-vv']
2025-11-19 00:47:20,409 - pytest_runner - INFO - pytest.py starting with args: ['tests/test_widgets_media_integration.py', '-vv']
2025-11-19 00:47:20,409 - pytest_runner - INFO - pytest.py starting with args: ['tests/test_widgets_media_integration.py', '-vv']
2025-11-19 00:47:20,410 - pytest_runner - INFO - pytest.py starting with args: ['tests/test_widgets_media_integration.py', '-vv']
2025-11-19 00:47:20,410 - pytest_runner - INFO - pytest.py starting with args: ['tests/test_widgets_media_integration.py', '-vv']
2025-11-19 00:47:20,410 - pytest_runner - INFO - pytest.py starting with args: ['tests/test_widgets_media_integration.py', '-vv']
2025-11-19 00:47:20,411 - pytest_runner - INFO - pytest.py starting with args: ['tests/test_widgets_media_integration.py', '-vv']
2025-11-19 00:47:20,411 - pytest_runner - INFO - pytest.py starting with args: ['tests/test_widgets_media_integration.py', '-vv']
2025-11-19 00:47:20,412 - pytest_runner - INFO - pytest.py starting with args: ['tests/test_widgets_media_integration.py', '-vv']
2025-11-19 00:47:20,412 - pytest_runner - INFO - pytest.py starting with args: ['tests/test_widgets_media_integration.py', '-vv']
2025-11-19 00:47:20,412 - pytest_runner - INFO - pytest.py starting with args: ['tests/test_widgets_media_integration.py', '-vv']
2025-11-19 00:47:20,412 - pytest_runner - INFO - pytest.py starting with args: ['tests/test_widgets_media_integration.py', '-vv']
2025-11-19 00:47:20,412 - pytest_runner - INFO - pytest.py starting with args: ['tests/test_widgets_media_integration.py', '-vv']
2025-11-19 00:47:20,414 - pytest_runner - INFO - pytest.py starting with args: ['tests/test_widgets_media_integration.py', '-vv']
2025-11-19 00:47:20,414 - pytest_runner - INFO - pytest.py starting with args: ['tests/test_widgets_media_integration.py', '-vv']
2025-11-19 00:47:20,414 - pytest_runner - INFO - pytest.py starting with args: ['tests/test_widgets_media_integration.py', '-vv']
2025-11-19 00:47:20,415 - pytest_runner - INFO - pytest.py starting with args: ['tests/test_widgets_media_integration.py', '-vv']
2025-11-19 00:47:20,415 - pytest_runner - INFO - pytest.py starting with args: ['tests/test_widgets_media_integration.py', '-vv']
2025-11-19 00:47:20,416 - pytest_runner - INFO - pytest.py starting with args: ['tests/test_widgets_media_integration.py', '-vv']
2025-11-19 00:47:20,416 - pytest_runner - INFO - pytest.py starting with args: ['tests/test_widgets_media_integration.py', '-vv']
2025-11-19 00:47:20,416 - pytest_runner - INFO - pytest.py starting with args: ['tests/test_widgets_media_integration.py', '-vv']
2025-11-19 00:47:20,417 - pytest_runner - INFO - pytest.py starting with args: ['tests/test_widgets_media_integration.py', '-vv']
2025-11-19 00:47:20,417 - pytest_runner - INFO - pytest.py starting with args: ['tests/test_widgets_media_integration.py', '-vv']
2025-11-19 00:47:20,418 - pytest_runner - INFO - pytest.py starting with args: ['tests/test_widgets_media_integration.py', '-vv']
2025-11-19 00:47:20,418 - pytest_runner - INFO - pytest.py starting with args: ['tests/test_widgets_media_integration.py', '-vv']
2025-11-19 00:47:20,419 - pytest_runner - INFO - pytest.py starting with args: ['tests/test_widgets_media_integration.py', '-vv']
2025-11-19 00:47:20,419 - pytest_runner - INFO - pytest.py starting with args: ['tests/test_widgets_media_integration.py', '-vv']
2025-11-19 00:47:20,420 - pytest_runner - INFO - pytest.py starting with args: ['tests/test_widgets_media_integration.py', '-vv']
2025-11-19 00:47:20,420 - pytest_runner - INFO - pytest.py starting with args: ['tests/test_widgets_media_integration.py', '-vv']
2025-11-19 00:47:20,420 - pytest_runner - INFO - pytest.py starting with args: ['tests/test_widgets_media_integration.py', '-vv']
2025-11-19 00:47:20,422 - pytest_runner - INFO - pytest.py starting with args: ['tests/test_widgets_media_integration.py', '-vv']
2025-11-19 00:47:20,422 - pytest_runner - INFO - pytest.py starting with args: ['tests/test_widgets_media_integration.py', '-vv']
2025-11-19 00:47:20,423 - pytest_runner - INFO - pytest.py starting with args: ['tests/test_widgets_media_integration.py', '-vv']
2025-11-19 00:47:20,423 - pytest_runner - INFO - pytest.py starting with args: ['tests/test_widgets_media_integration.py', '-vv']
2025-11-19 00:47:20,423 - pytest_runner - INFO - pytest.py starting with args: ['tests/test_widgets_media_integration.py', '-vv']
2025-11-19 00:47:20,423 - pytest_runner - INFO - pytest.py starting with args: ['tests/test_widgets_media_integration.py', '-vv']
2025-11-19 00:47:20,423 - pytest_runner - INFO - pytest.py starting with args: ['tests/test_widgets_media_integration.py', '-vv']
2025-11-19 00:47:20,425 - pytest_runner - INFO - pytest.py starting with args: ['tests/test_widgets_media_integration.py', '-vv']
2025-11-19 00:47:20,425 - pytest_runner - INFO - pytest.py starting with args: ['tests/test_widgets_media_integration.py', '-vv']
2025-11-19 00:47:20,425 - pytest_runner - INFO - pytest.py starting with args: ['tests/test_widgets_media_integration.py', '-vv']
2025-11-19 00:47:20,425 - pytest_runner - INFO - pytest.py starting with args: ['tests/test_widgets_media_integration.py', '-vv']
2025-11-19 00:47:20,426 - pytest_runner - INFO - pytest.py starting with args: ['tests/test_widgets_media_integration.py', '-vv']
2025-11-19 00:47:20,427 - pytest_runner - INFO - pytest.py starting with args: ['tests/test_widgets_media_integration.py', '-vv']
2025-11-19 00:47:20,427 - pytest_runner - INFO - pytest.py starting with args: ['tests/test_widgets_media_integration.py', '-vv']
2025-11-19 00:47:20,427 - pytest_runner - INFO - pytest.py starting with args: ['tests/test_widgets_media_integration.py', '-vv']
2025-11-19 00:47:20,427 - pytest_runner - INFO - pytest.py starting with args: ['tests/test_widgets_media_integration.py', '-vv']
2025-11-19 00:47:20,428 - pytest_runner - INFO - pytest.py starting with args: ['tests/test_widgets_media_integration.py', '-vv']
2025-11-19 00:47:20,428 - pytest_runner - INFO - pytest.py starting with args: ['tests/test_widgets_media_integration.py', '-vv']
2025-11-19 00:47:20,429 - pytest_runner - INFO - pytest.py starting with args: ['tests/test_widgets_media_integration.py', '-vv']
2025-11-19 00:47:20,429 - pytest_runner - INFO - pytest.py starting with args: ['tests/test_widgets_media_integration.py', '-vv']
2025-11-19 00:47:20,429 - pytest_runner - INFO - pytest.py starting with args: ['tests/test_widgets_media_integration.py', '-vv']
2025-11-19 00:47:20,430 - pytest_runner - INFO - pytest.py starting with args: ['tests/test_widgets_media_integration.py', '-vv']
2025-11-19 00:47:20,431 - pytest_runner - INFO - pytest.py starting with args: ['tests/test_widgets_media_integration.py', '-vv']
2025-11-19 00:47:20,431 - pytest_runner - INFO - pytest.py starting with args: ['tests/test_widgets_media_integration.py', '-vv']
2025-11-19 00:47:20,432 - pytest_runner - INFO - pytest.py starting with args: ['tests/test_widgets_media_integration.py', '-vv']
2025-11-19 00:47:20,432 - pytest_runner - INFO - pytest.py starting with args: ['tests/test_widgets_media_integration.py', '-vv']
2025-11-19 00:47:20,432 - pytest_runner - INFO - pytest.py starting with args: ['tests/test_widgets_media_integration.py', '-vv']
2025-11-19 00:47:20,433 - pytest_runner - INFO - pytest.py starting with args: ['tests/test_widgets_media_integration.py', '-vv']
2025-11-19 00:47:20,433 - pytest_runner - INFO - pytest.py starting with args: ['tests/test_widgets_media_integration.py', '-vv']
2025-11-19 00:47:20,434 - pytest_runner - INFO - pytest.py starting with args: ['tests/test_widgets_media_integration.py', '-vv']
2025-11-19 00:47:20,434 - pytest_runner - INFO - pytest.py starting with args: ['tests/test_widgets_media_integration.py', '-vv']
2025-11-19 00:47:20,434 - pytest_runner - INFO - pytest.py starting with args: ['tests/test_widgets_media_integration.py', '-vv']
2025-11-19 00:47:20,435 - pytest_runner - INFO - pytest.py starting with args: ['tests/test_widgets_media_integration.py', '-vv']
2025-11-19 00:47:20,435 - pytest_runner - INFO - pytest.py starting with args: ['tests/test_widgets_media_integration.py', '-vv']
2025-11-19 00:47:20,435 - pytest_runner - INFO - pytest.py starting with args: ['tests/test_widgets_media_integration.py', '-vv']
2025-11-19 00:47:20,437 - pytest_runner - INFO - pytest.py starting with args: ['tests/test_widgets_media_integration.py', '-vv']
2025-11-19 00:47:20,437 - pytest_runner - INFO - pytest.py starting with args: ['tests/test_widgets_media_integration.py', '-vv']
2025-11-19 00:47:20,437 - pytest_runner - INFO - pytest.py starting with args: ['tests/test_widgets_media_integration.py', '-vv']
2025-11-19 00:47:20,437 - pytest_runner - INFO - pytest.py starting with args: ['tests/test_widgets_media_integration.py', '-vv']
2025-11-19 00:47:20,437 - pytest_runner - INFO - pytest.py starting with args: ['tests/test_widgets_media_integration.py', '-vv']
2025-11-19 00:47:20,439 - pytest_runner - INFO - pytest.py starting with args: ['tests/test_widgets_media_integration.py', '-vv']
2025-11-19 00:47:20,439 - pytest_runner - INFO - pytest.py starting with args: ['tests/test_widgets_media_integration.py', '-vv']
2025-11-19 00:47:20,439 - pytest_runner - INFO - pytest.py starting with args: ['tests/test_widgets_media_integration.py', '-vv']
2025-11-19 00:47:20,440 - pytest_runner - INFO - pytest.py starting with args: ['tests/test_widgets_media_integration.py', '-vv']
2025-11-19 00:47:20,440 - pytest_runner - INFO - pytest.py starting with args: ['tests/test_widgets_media_integration.py', '-vv']
2025-11-19 00:47:20,441 - pytest_runner - INFO - pytest.py starting with args: ['tests/test_widgets_media_integration.py', '-vv']
2025-11-19 00:47:20,441 - pytest_runner - INFO - pytest.py starting with args: ['tests/test_widgets_media_integration.py', '-vv']
2025-11-19 00:47:20,442 - pytest_runner - INFO - pytest.py starting with args: ['tests/test_widgets_media_integration.py', '-vv']
2025-11-19 00:47:20,442 - pytest_runner - INFO - pytest.py starting with args: ['tests/test_widgets_media_integration.py', '-vv']
2025-11-19 00:47:20,442 - pytest_runner - INFO - pytest.py starting with args: ['tests/test_widgets_media_integration.py', '-vv']
2025-11-19 00:47:20,444 - pytest_runner - INFO - pytest.py starting with args: ['tests/test_widgets_media_integration.py', '-vv']
2025-11-19 00:47:20,444 - pytest_runner - INFO - pytest.py starting with args: ['tests/test_widgets_media_integration.py', '-vv']
2025-11-19 00:47:20,444 - pytest_runner - INFO - pytest.py starting with args: ['tests/test_widgets_media_integration.py', '-vv']
2025-11-19 00:47:20,444 - pytest_runner - INFO - pytest.py starting with args: ['tests/test_widgets_media_integration.py', '-vv']
2025-11-19 00:47:20,445 - pytest_runner - INFO - pytest.py starting with args: ['tests/test_widgets_media_integration.py', '-vv']
2025-11-19 00:47:20,446 - pytest_runner - INFO - pytest.py starting with args: ['tests/test_widgets_media_integration.py', '-vv']
2025-11-19 00:47:20,446 - pytest_runner - INFO - pytest.py starting with args: ['tests/test_widgets_media_integration.py', '-vv']
2025-11-19 00:47:20,446 - pytest_runner - INFO - pytest.py starting with args: ['tests/test_widgets_media_integration.py', '-vv']
2025-11-19 00:47:20,447 - pytest_runner - INFO - pytest.py starting with args: ['tests/test_widgets_media_integration.py', '-vv']
2025-11-19 00:47:20,447 - pytest_runner - INFO - pytest.py starting with args: ['tests/test_widgets_media_integration.py', '-vv']
2025-11-19 00:47:20,448 - pytest_runner - INFO - pytest.py starting with args: ['tests/test_widgets_media_integration.py', '-vv']
2025-11-19 00:47:20,448 - pytest_runner - INFO - pytest.py starting with args: ['tests/test_widgets_media_integration.py', '-vv']
2025-11-19 00:47:20,448 - pytest_runner - INFO - pytest.py starting with args: ['tests/test_widgets_media_integration.py', '-vv']
2025-11-19 00:47:20,449 - pytest_runner - INFO - pytest.py starting with args: ['tests/test_widgets_media_integration.py', '-vv']
2025-11-19 00:47:20,449 - pytest_runner - INFO - pytest.py starting with args: ['tests/test_widgets_media_integration.py', '-vv']
2025-11-19 00:47:20,449 - pytest_runner - INFO - pytest.py starting with args: ['tests/test_widgets_media_integration.py', '-vv']
2025-11-19 00:47:20,450 - pytest_runner - INFO - pytest.py starting with args: ['tests/test_widgets_media_integration.py', '-vv']
2025-11-19 00:47:20,450 - pytest_runner - INFO - pytest.py starting with args: ['tests/test_widgets_media_integration.py', '-vv']
2025-11-19 00:47:20,451 - pytest_runner - INFO - pytest.py starting with args: ['tests/test_widgets_media_integration.py', '-vv']
2025-11-19 00:47:20,451 - pytest_runner - INFO - pytest.py starting with args: ['tests/test_widgets_media_integration.py', '-vv']
2025-11-19 00:47:20,451 - pytest_runner - INFO - pytest.py starting with args: ['tests/test_widgets_media_integration.py', '-vv']
2025-11-19 00:47:20,451 - pytest_runner - INFO - pytest.py starting with args: ['tests/test_widgets_media_integration.py', '-vv']
2025-11-19 00:47:20,453 - pytest_runner - INFO - pytest.py starting with args: ['tests/test_widgets_media_integration.py', '-vv']
2025-11-19 00:47:20,453 - pytest_runner - INFO - pytest.py starting with args: ['tests/test_widgets_media_integration.py', '-vv']
2025-11-19 00:47:20,454 - pytest_runner - INFO - pytest.py starting with args: ['tests/test_widgets_media_integration.py', '-vv']
2025-11-19 00:47:20,454 - pytest_runner - INFO - pytest.py starting with args: ['tests/test_widgets_media_integration.py', '-vv']
2025-11-19 00:47:20,455 - pytest_runner - INFO - pytest.py starting with args: ['tests/test_widgets_media_integration.py', '-vv']
2025-11-19 00:47:20,455 - pytest_runner - INFO - pytest.py starting with args: ['tests/test_widgets_media_integration.py', '-vv']
2025-11-19 00:47:20,456 - pytest_runner - INFO - pytest.py starting with args: ['tests/test_widgets_media_integration.py', '-vv']
2025-11-19 00:47:20,456 - pytest_runner - INFO - pytest.py starting with args: ['tests/test_widgets_media_integration.py', '-vv']
2025-11-19 00:47:20,457 - pytest_runner - INFO - pytest.py starting with args: ['tests/test_widgets_media_integration.py', '-vv']
2025-11-19 00:47:20,457 - pytest_runner - INFO - pytest.py starting with args: ['tests/test_widgets_media_integration.py', '-vv']
2025-11-19 00:47:20,457 - pytest_runner - INFO - pytest.py starting with args: ['tests/test_widgets_media_integration.py', '-vv']
2025-11-19 00:47:20,458 - pytest_runner - INFO - pytest.py starting with args: ['tests/test_widgets_media_integration.py', '-vv']
2025-11-19 00:47:20,458 - pytest_runner - INFO - pytest.py starting with args: ['tests/test_widgets_media_integration.py', '-vv']
2025-11-19 00:47:20,459 - pytest_runner - INFO - pytest.py starting with args: ['tests/test_widgets_media_integration.py', '-vv']
2025-11-19 00:47:20,459 - pytest_runner - INFO - pytest.py starting with args: ['tests/test_widgets_media_integration.py', '-vv']
2025-11-19 00:47:20,459 - pytest_runner - INFO - pytest.py starting with args: ['tests/test_widgets_media_integration.py', '-vv']
2025-11-19 00:47:20,460 - pytest_runner - INFO - pytest.py starting with args: ['tests/test_widgets_media_integration.py', '-vv']
2025-11-19 00:47:20,460 - pytest_runner - INFO - pytest.py starting with args: ['tests/test_widgets_media_integration.py', '-vv']
2025-11-19 00:47:20,461 - pytest_runner - INFO - pytest.py starting with args: ['tests/test_widgets_media_integration.py', '-vv']
2025-11-19 00:47:20,461 - pytest_runner - INFO - pytest.py starting with args: ['tests/test_widgets_media_integration.py', '-vv']
2025-11-19 00:47:20,462 - pytest_runner - INFO - pytest.py starting with args: ['tests/test_widgets_media_integration.py', '-vv']
2025-11-19 00:47:20,462 - pytest_runner - INFO - pytest.py starting with args: ['tests/test_widgets_media_integration.py', '-vv']
2025-11-19 00:47:20,462 - pytest_runner - INFO - pytest.py starting with args: ['tests/test_widgets_media_integration.py', '-vv']
2025-11-19 00:47:20,462 - pytest_runner - INFO - pytest.py starting with args: ['tests/test_widgets_media_integration.py', '-vv']
2025-11-19 00:47:20,464 - pytest_runner - INFO - pytest.py starting with args: ['tests/test_widgets_media_integration.py', '-vv']
2025-11-19 00:47:20,464 - pytest_runner - INFO - pytest.py starting with args: ['tests/test_widgets_media_integration.py', '-vv']
2025-11-19 00:47:20,465 - pytest_runner - INFO - pytest.py starting with args: ['tests/test_widgets_media_integration.py', '-vv']
2025-11-19 00:47:20,465 - pytest_runner - INFO - pytest.py starting with args: ['tests/test_widgets_media_integration.py', '-vv']
2025-11-19 00:47:20,465 - pytest_runner - INFO - pytest.py starting with args: ['tests/test_widgets_media_integration.py', '-vv']
2025-11-19 00:47:20,465 - pytest_runner - INFO - pytest.py starting with args: ['tests/test_widgets_media_integration.py', '-vv']
2025-11-19 00:47:20,466 - pytest_runner - INFO - pytest.py starting with args: ['tests/test_widgets_media_integration.py', '-vv']
2025-11-19 00:47:20,466 - pytest_runner - INFO - pytest.py starting with args: ['tests/test_widgets_media_integration.py', '-vv']
2025-11-19 00:47:20,467 - pytest_runner - INFO - pytest.py starting with args: ['tests/test_widgets_media_integration.py', '-vv']
2025-11-19 00:47:20,467 - pytest_runner - INFO - pytest.py starting with args: ['tests/test_widgets_media_integration.py', '-vv']
2025-11-19 00:47:20,468 - pytest_runner - INFO - pytest.py starting with args: ['tests/test_widgets_media_integration.py', '-vv']
2025-11-19 00:47:20,468 - pytest_runner - INFO - pytest.py starting with args: ['tests/test_widgets_media_integration.py', '-vv']
2025-11-19 00:47:20,468 - pytest_runner - INFO - pytest.py starting with args: ['tests/test_widgets_media_integration.py', '-vv']
2025-11-19 00:47:20,469 - pytest_runner - INFO - pytest.py starting with args: ['tests/test_widgets_media_integration.py', '-vv']
2025-11-19 00:47:20,469 - pytest_runner - INFO - pytest.py starting with args: ['tests/test_widgets_media_integration.py', '-vv']
2025-11-19 00:47:20,470 - pytest_runner - INFO - pytest.py starting with args: ['tests/test_widgets_media_integration.py', '-vv']
2025-11-19 00:47:20,470 - pytest_runner - INFO - pytest.py starting with args: ['tests/test_widgets_media_integration.py', '-vv']
2025-11-19 00:47:20,470 - pytest_runner - INFO - pytest.py starting with args: ['tests/test_widgets_media_integration.py', '-vv']
2025-11-19 00:47:20,471 - pytest_runner - INFO - pytest.py starting with args: ['tests/test_widgets_media_integration.py', '-vv']
2025-11-19 00:47:20,471 - pytest_runner - INFO - pytest.py starting with args: ['tests/test_widgets_media_integration.py', '-vv']
2025-11-19 00:47:20,471 - pytest_runner - INFO - pytest.py starting with args: ['tests/test_widgets_media_integration.py', '-vv']
2025-11-19 00:47:20,473 - pytest_runner - INFO - pytest.py starting with args: ['tests/test_widgets_media_integration.py', '-vv']
2025-11-19 00:47:20,473 - pytest_runner - INFO - pytest.py starting with args: ['tests/test_widgets_media_integration.py', '-vv']
2025-11-19 00:47:20,473 - pytest_runner - INFO - pytest.py starting with args: ['tests/test_widgets_media_integration.py', '-vv']
2025-11-19 00:47:20,474 - pytest_runner - INFO - pytest.py starting with args: ['tests/test_widgets_media_integration.py', '-vv']
2025-11-19 00:47:20,474 - pytest_runner - INFO - pytest.py starting with args: ['tests/test_widgets_media_integration.py', '-vv']
2025-11-19 00:47:20,475 - pytest_runner - INFO - pytest.py starting with args: ['tests/test_widgets_media_integration.py', '-vv']
2025-11-19 00:47:20,475 - pytest_runner - INFO - pytest.py starting with args: ['tests/test_widgets_media_integration.py', '-vv']
2025-11-19 00:47:20,475 - pytest_runner - INFO - pytest.py starting with args: ['tests/test_widgets_media_integration.py', '-vv']
2025-11-19 00:47:20,476 - pytest_runner - INFO - pytest.py starting with args: ['tests/test_widgets_media_integration.py', '-vv']
2025-11-19 00:47:20,477 - pytest_runner - INFO - pytest.py starting with args: ['tests/test_widgets_media_integration.py', '-vv']
2025-11-19 00:47:20,477 - pytest_runner - INFO - pytest.py starting with args: ['tests/test_widgets_media_integration.py', '-vv']
2025-11-19 00:47:20,478 - pytest_runner - INFO - pytest.py starting with args: ['tests/test_widgets_media_integration.py', '-vv']
2025-11-19 00:47:20,478 - pytest_runner - INFO - pytest.py starting with args: ['tests/test_widgets_media_integration.py', '-vv']
2025-11-19 00:47:20,478 - pytest_runner - INFO - pytest.py starting with args: ['tests/test_widgets_media_integration.py', '-vv']
2025-11-19 00:47:20,479 - pytest_runner - INFO - pytest.py starting with args: ['tests/test_widgets_media_integration.py', '-vv']
2025-11-19 00:47:20,479 - pytest_runner - INFO - pytest.py starting with args: ['tests/test_widgets_media_integration.py', '-vv']
2025-11-19 00:47:20,480 - pytest_runner - INFO - pytest.py starting with args: ['tests/test_widgets_media_integration.py', '-vv']
2025-11-19 00:47:20,480 - pytest_runner - INFO - pytest.py starting with args: ['tests/test_widgets_media_integration.py', '-vv']
2025-11-19 00:47:20,480 - pytest_runner - INFO - pytest.py starting with args: ['tests/test_widgets_media_integration.py', '-vv']
2025-11-19 00:47:20,480 - pytest_runner - INFO - pytest.py starting with args: ['tests/test_widgets_media_integration.py', '-vv']
2025-11-19 00:47:20,482 - pytest_runner - INFO - pytest.py starting with args: ['tests/test_widgets_media_integration.py', '-vv']
2025-11-19 00:47:20,482 - pytest_runner - INFO - pytest.py starting with args: ['tests/test_widgets_media_integration.py', '-vv']
2025-11-19 00:47:20,482 - pytest_runner - INFO - pytest.py starting with args: ['tests/test_widgets_media_integration.py', '-vv']
2025-11-19 00:47:20,483 - pytest_runner - INFO - pytest.py starting with args: ['tests/test_widgets_media_integration.py', '-vv']
2025-11-19 00:47:20,483 - pytest_runner - INFO - pytest.py starting with args: ['tests/test_widgets_media_integration.py', '-vv']
2025-11-19 00:47:20,483 - pytest_runner - INFO - pytest.py starting with args: ['tests/test_widgets_media_integration.py', '-vv']
2025-11-19 00:47:20,484 - pytest_runner - INFO - pytest.py starting with args: ['tests/test_widgets_media_integration.py', '-vv']
2025-11-19 00:47:20,484 - pytest_runner - INFO - pytest.py starting with args: ['tests/test_widgets_media_integration.py', '-vv']
2025-11-19 00:47:20,485 - pytest_runner - INFO - pytest.py starting with args: ['tests/test_widgets_media_integration.py', '-vv']
2025-11-19 00:47:20,486 - pytest_runner - INFO - pytest.py starting with args: ['tests/test_widgets_media_integration.py', '-vv']
2025-11-19 00:47:20,486 - pytest_runner - INFO - pytest.py starting with args: ['tests/test_widgets_media_integration.py', '-vv']
2025-11-19 00:47:20,486 - pytest_runner - INFO - pytest.py starting with args: ['tests/test_widgets_media_integration.py', '-vv']
2025-11-19 00:47:20,487 - pytest_runner - INFO - pytest.py starting with args: ['tests/test_widgets_media_integration.py', '-vv']
2025-11-19 00:47:20,487 - pytest_runner - INFO - pytest.py starting with args: ['tests/test_widgets_media_integration.py', '-vv']
2025-11-19 00:47:20,487 - pytest_runner - INFO - pytest.py starting with args: ['tests/test_widgets_media_integration.py', '-vv']
2025-11-19 00:47:20,487 - pytest_runner - INFO - pytest.py starting with args: ['tests/test_widgets_media_integration.py', '-vv']
2025-11-19 00:47:20,487 - pytest_runner - INFO - pytest.py starting with args: ['tests/test_widgets_media_integration.py', '-vv']
2025-11-19 00:47:20,489 - pytest_runner - INFO - pytest.py starting with args: ['tests/test_widgets_media_integration.py', '-vv']
2025-11-19 00:47:20,489 - pytest_runner - INFO - pytest.py starting with args: ['tests/test_widgets_media_integration.py', '-vv']
2025-11-19 00:47:20,489 - pytest_runner - INFO - pytest.py starting with args: ['tests/test_widgets_media_integration.py', '-vv']
2025-11-19 00:47:20,490 - pytest_runner - INFO - pytest.py starting with args: ['tests/test_widgets_media_integration.py', '-vv']
2025-11-19 00:47:20,490 - pytest_runner - INFO - pytest.py starting with args: ['tests/test_widgets_media_integration.py', '-vv']
2025-11-19 00:47:20,490 - pytest_runner - INFO - pytest.py starting with args: ['tests/test_widgets_media_integration.py', '-vv']
2025-11-19 00:47:20,491 - pytest_runner - INFO - pytest.py starting with args: ['tests/test_widgets_media_integration.py', '-vv']
2025-11-19 00:47:20,492 - pytest_runner - INFO - pytest.py starting with args: ['tests/test_widgets_media_integration.py', '-vv']
2025-11-19 00:47:20,492 - pytest_runner - INFO - pytest.py starting with args: ['tests/test_widgets_media_integration.py', '-vv']
2025-11-19 00:47:20,493 - pytest_runner - INFO - pytest.py starting with args: ['tests/test_widgets_media_integration.py', '-vv']
2025-11-19 00:47:20,493 - pytest_runner - INFO - pytest.py starting with args: ['tests/test_widgets_media_integration.py', '-vv']
2025-11-19 00:47:20,493 - pytest_runner - INFO - pytest.py starting with args: ['tests/test_widgets_media_integration.py', '-vv']
2025-11-19 00:47:20,494 - pytest_runner - INFO - pytest.py starting with args: ['tests/test_widgets_media_integration.py', '-vv']
2025-11-19 00:47:20,494 - pytest_runner - INFO - pytest.py starting with args: ['tests/test_widgets_media_integration.py', '-vv']
2025-11-19 00:47:20,494 - pytest_runner - INFO - pytest.py starting with args: ['tests/test_widgets_media_integration.py', '-vv']
2025-11-19 00:47:20,496 - pytest_runner - INFO - pytest.py starting with args: ['tests/test_widgets_media_integration.py', '-vv']
2025-11-19 00:47:20,496 - pytest_runner - INFO - pytest.py starting with args: ['tests/test_widgets_media_integration.py', '-vv']
2025-11-19 00:47:20,497 - pytest_runner - INFO - pytest.py starting with args: ['tests/test_widgets_media_integration.py', '-vv']
2025-11-19 00:47:20,497 - pytest_runner - INFO - pytest.py starting with args: ['tests/test_widgets_media_integration.py', '-vv']
2025-11-19 00:47:20,497 - pytest_runner - INFO - pytest.py starting with args: ['tests/test_widgets_media_integration.py', '-vv']
2025-11-19 00:47:20,498 - pytest_runner - INFO - pytest.py starting with args: ['tests/test_widgets_media_integration.py', '-vv']
2025-11-19 00:47:20,498 - pytest_runner - INFO - pytest.py starting with args: ['tests/test_widgets_media_integration.py', '-vv']
2025-11-19 00:47:20,499 - pytest_runner - INFO - pytest.py starting with args: ['tests/test_widgets_media_integration.py', '-vv']
2025-11-19 00:47:20,499 - pytest_runner - INFO - pytest.py starting with args: ['tests/test_widgets_media_integration.py', '-vv']
2025-11-19 00:47:20,500 - pytest_runner - INFO - pytest.py starting with args: ['tests/test_widgets_media_integration.py', '-vv']
2025-11-19 00:47:20,500 - pytest_runner - INFO - pytest.py starting with args: ['tests/test_widgets_media_integration.py', '-vv']
2025-11-19 00:47:20,500 - pytest_runner - INFO - pytest.py starting with args: ['tests/test_widgets_media_integration.py', '-vv']
2025-11-19 00:47:20,501 - pytest_runner - INFO - pytest.py starting with args: ['tests/test_widgets_media_integration.py', '-vv']
2025-11-19 00:47:20,501 - pytest_runner - INFO - pytest.py starting with args: ['tests/test_widgets_media_integration.py', '-vv']
2025-11-19 00:47:20,501 - pytest_runner - INFO - pytest.py starting with args: ['tests/test_widgets_media_integration.py', '-vv']
2025-11-19 00:47:20,503 - pytest_runner - INFO - pytest.py starting with args: ['tests/test_widgets_media_integration.py', '-vv']
2025-11-19 00:47:20,503 - pytest_runner - INFO - pytest.py starting with args: ['tests/test_widgets_media_integration.py', '-vv']
2025-11-19 00:47:20,503 - pytest_runner - INFO - pytest.py starting with args: ['tests/test_widgets_media_integration.py', '-vv']
2025-11-19 00:47:20,504 - pytest_runner - INFO - pytest.py starting with args: ['tests/test_widgets_media_integration.py', '-vv']
2025-11-19 00:47:20,504 - pytest_runner - INFO - pytest.py starting with args: ['tests/test_widgets_media_integration.py', '-vv']
2025-11-19 00:47:20,505 - pytest_runner - INFO - pytest.py starting with args: ['tests/test_widgets_media_integration.py', '-vv']
2025-11-19 00:47:20,505 - pytest_runner - INFO - pytest.py starting with args: ['tests/test_widgets_media_integration.py', '-vv']
2025-11-19 00:47:20,506 - pytest_runner - INFO - pytest.py starting with args: ['tests/test_widgets_media_integration.py', '-vv']
2025-11-19 00:47:20,506 - pytest_runner - INFO - pytest.py starting with args: ['tests/test_widgets_media_integration.py', '-vv']
2025-11-19 00:47:20,507 - pytest_runner - INFO - pytest.py starting with args: ['tests/test_widgets_media_integration.py', '-vv']
2025-11-19 00:47:20,507 - pytest_runner - INFO - pytest.py starting with args: ['tests/test_widgets_media_integration.py', '-vv']
2025-11-19 00:47:20,507 - pytest_runner - INFO - pytest.py starting with args: ['tests/test_widgets_media_integration.py', '-vv']
2025-11-19 00:47:20,508 - pytest_runner - INFO - pytest.py starting with args: ['tests/test_widgets_media_integration.py', '-vv']
2025-11-19 00:47:20,508 - pytest_runner - INFO - pytest.py starting with args: ['tests/test_widgets_media_integration.py', '-vv']
2025-11-19 00:47:20,509 - pytest_runner - INFO - pytest.py starting with args: ['tests/test_widgets_media_integration.py', '-vv']
2025-11-19 00:47:20,509 - pytest_runner - INFO - pytest.py starting with args: ['tests/test_widgets_media_integration.py', '-vv']
2025-11-19 00:47:20,509 - pytest_runner - INFO - pytest.py starting with args: ['tests/test_widgets_media_integration.py', '-vv']
2025-11-19 00:47:20,511 - pytest_runner - INFO - pytest.py starting with args: ['tests/test_widgets_media_integration.py', '-vv']
2025-11-19 00:47:20,511 - pytest_runner - INFO - pytest.py starting with args: ['tests/test_widgets_media_integration.py', '-vv']
2025-11-19 00:47:20,511 - pytest_runner - INFO - pytest.py starting with args: ['tests/test_widgets_media_integration.py', '-vv']
2025-11-19 00:47:20,512 - pytest_runner - INFO - pytest.py starting with args: ['tests/test_widgets_media_integration.py', '-vv']
2025-11-19 00:47:20,512 - pytest_runner - INFO - pytest.py starting with args: ['tests/test_widgets_media_integration.py', '-vv']
2025-11-19 00:47:20,512 - pytest_runner - INFO - pytest.py starting with args: ['tests/test_widgets_media_integration.py', '-vv']
2025-11-19 00:47:20,512 - pytest_runner - INFO - pytest.py starting with args: ['tests/test_widgets_media_integration.py', '-vv']
2025-11-19 00:47:20,512 - pytest_runner - INFO - pytest.py starting with args: ['tests/test_widgets_media_integration.py', '-vv']
2025-11-19 00:47:20,514 - pytest_runner - INFO - pytest.py starting with args: ['tests/test_widgets_media_integration.py', '-vv']
2025-11-19 00:47:20,514 - pytest_runner - INFO - pytest.py starting with args: ['tests/test_widgets_media_integration.py', '-vv']
2025-11-19 00:47:20,515 - pytest_runner - INFO - pytest.py starting with args: ['tests/test_widgets_media_integration.py', '-vv']
2025-11-19 00:47:20,515 - pytest_runner - INFO - pytest.py starting with args: ['tests/test_widgets_media_integration.py', '-vv']
2025-11-19 00:47:20,516 - pytest_runner - INFO - pytest.py starting with args: ['tests/test_widgets_media_integration.py', '-vv']
2025-11-19 00:47:20,516 - pytest_runner - INFO - pytest.py starting with args: ['tests/test_widgets_media_integration.py', '-vv']
2025-11-19 00:47:20,516 - pytest_runner - INFO - pytest.py starting with args: ['tests/test_widgets_media_integration.py', '-vv']
2025-11-19 00:47:20,517 - pytest_runner - INFO - pytest.py starting with args: ['tests/test_widgets_media_integration.py', '-vv']
2025-11-19 00:47:20,517 - pytest_runner - INFO - pytest.py starting with args: ['tests/test_widgets_media_integration.py', '-vv']
2025-11-19 00:47:20,518 - pytest_runner - INFO - pytest.py starting with args: ['tests/test_widgets_media_integration.py', '-vv']
2025-11-19 00:47:20,518 - pytest_runner - INFO - pytest.py starting with args: ['tests/test_widgets_media_integration.py', '-vv']
2025-11-19 00:47:20,518 - pytest_runner - INFO - pytest.py starting with args: ['tests/test_widgets_media_integration.py', '-vv']
2025-11-19 00:47:20,519 - pytest_runner - INFO - pytest.py starting with args: ['tests/test_widgets_media_integration.py', '-vv']
2025-11-19 00:47:20,519 - pytest_runner - INFO - pytest.py starting with args: ['tests/test_widgets_media_integration.py', '-vv']
2025-11-19 00:47:20,520 - pytest_runner - INFO - pytest.py starting with args: ['tests/test_widgets_media_integration.py', '-vv']
2025-11-19 00:47:20,520 - pytest_runner - INFO - pytest.py starting with args: ['tests/test_widgets_media_integration.py', '-vv']
2025-11-19 00:47:20,520 - pytest_runner - INFO - pytest.py starting with args: ['tests/test_widgets_media_integration.py', '-vv']
2025-11-19 00:47:20,520 - pytest_runner - INFO - pytest.py starting with args: ['tests/test_widgets_media_integration.py', '-vv']
2025-11-19 00:47:20,521 - pytest_runner - INFO - pytest.py starting with args: ['tests/test_widgets_media_integration.py', '-vv']
2025-11-19 00:47:20,521 - pytest_runner - INFO - pytest.py starting with args: ['tests/test_widgets_media_integration.py', '-vv']
2025-11-19 00:47:20,522 - pytest_runner - INFO - pytest.py starting with args: ['tests/test_widgets_media_integration.py', '-vv']
2025-11-19 00:47:20,523 - pytest_runner - INFO - pytest.py starting with args: ['tests/test_widgets_media_integration.py', '-vv']
2025-11-19 00:47:20,523 - pytest_runner - INFO - pytest.py starting with args: ['tests/test_widgets_media_integration.py', '-vv']
2025-11-19 00:47:20,523 - pytest_runner - INFO - pytest.py starting with args: ['tests/test_widgets_media_integration.py', '-vv']
2025-11-19 00:47:20,523 - pytest_runner - INFO - pytest.py starting with args: ['tests/test_widgets_media_integration.py', '-vv']
2025-11-19 00:47:20,524 - pytest_runner - INFO - pytest.py starting with args: ['tests/test_widgets_media_integration.py', '-vv']
2025-11-19 00:47:20,524 - pytest_runner - INFO - pytest.py starting with args: ['tests/test_widgets_media_integration.py', '-vv']
2025-11-19 00:47:20,524 - pytest_runner - INFO - pytest.py starting with args: ['tests/test_widgets_media_integration.py', '-vv']
2025-11-19 00:47:20,524 - pytest_runner - INFO - pytest.py starting with args: ['tests/test_widgets_media_integration.py', '-vv']
2025-11-19 00:47:20,526 - pytest_runner - INFO - pytest.py starting with args: ['tests/test_widgets_media_integration.py', '-vv']
2025-11-19 00:47:20,527 - pytest_runner - INFO - pytest.py starting with args: ['tests/test_widgets_media_integration.py', '-vv']
2025-11-19 00:47:20,527 - pytest_runner - INFO - pytest.py starting with args: ['tests/test_widgets_media_integration.py', '-vv']
2025-11-19 00:47:20,527 - pytest_runner - INFO - pytest.py starting with args: ['tests/test_widgets_media_integration.py', '-vv']
2025-11-19 00:47:20,528 - pytest_runner - INFO - pytest.py starting with args: ['tests/test_widgets_media_integration.py', '-vv']
2025-11-19 00:47:20,528 - pytest_runner - INFO - pytest.py starting with args: ['tests/test_widgets_media_integration.py', '-vv']
2025-11-19 00:47:20,529 - pytest_runner - INFO - pytest.py starting with args: ['tests/test_widgets_media_integration.py', '-vv']
2025-11-19 00:47:20,529 - pytest_runner - INFO - pytest.py starting with args: ['tests/test_widgets_media_integration.py', '-vv']
2025-11-19 00:47:20,529 - pytest_runner - INFO - pytest.py starting with args: ['tests/test_widgets_media_integration.py', '-vv']
2025-11-19 00:47:20,530 - pytest_runner - INFO - pytest.py starting with args: ['tests/test_widgets_media_integration.py', '-vv']
2025-11-19 00:47:20,530 - pytest_runner - INFO - pytest.py starting with args: ['tests/test_widgets_media_integration.py', '-vv']
2025-11-19 00:47:20,531 - pytest_runner - INFO - pytest.py starting with args: ['tests/test_widgets_media_integration.py', '-vv']
2025-11-19 00:47:20,531 - pytest_runner - INFO - pytest.py starting with args: ['tests/test_widgets_media_integration.py', '-vv']
2025-11-19 00:47:20,532 - pytest_runner - INFO - pytest.py starting with args: ['tests/test_widgets_media_integration.py', '-vv']
2025-11-19 00:47:20,532 - pytest_runner - INFO - pytest.py starting with args: ['tests/test_widgets_media_integration.py', '-vv']
2025-11-19 00:47:20,532 - pytest_runner - INFO - pytest.py starting with args: ['tests/test_widgets_media_integration.py', '-vv']
2025-11-19 00:47:20,532 - pytest_runner - INFO - pytest.py starting with args: ['tests/test_widgets_media_integration.py', '-vv']
2025-11-19 00:47:20,533 - pytest_runner - INFO - pytest.py starting with args: ['tests/test_widgets_media_integration.py', '-vv']
2025-11-19 00:47:20,533 - pytest_runner - INFO - pytest.py starting with args: ['tests/test_widgets_media_integration.py', '-vv']
2025-11-19 00:47:20,534 - pytest_runner - INFO - pytest.py starting with args: ['tests/test_widgets_media_integration.py', '-vv']
2025-11-19 00:47:20,534 - pytest_runner - INFO - pytest.py starting with args: ['tests/test_widgets_media_integration.py', '-vv']
2025-11-19 00:47:20,535 - pytest_runner - INFO - pytest.py starting with args: ['tests/test_widgets_media_integration.py', '-vv']
2025-11-19 00:47:20,536 - pytest_runner - INFO - pytest.py starting with args: ['tests/test_widgets_media_integration.py', '-vv']
2025-11-19 00:47:20,536 - pytest_runner - INFO - pytest.py starting with args: ['tests/test_widgets_media_integration.py', '-vv']
2025-11-19 00:47:20,537 - pytest_runner - INFO - pytest.py starting with args: ['tests/test_widgets_media_integration.py', '-vv']
2025-11-19 00:47:20,537 - pytest_runner - INFO - pytest.py starting with args: ['tests/test_widgets_media_integration.py', '-vv']
2025-11-19 00:47:20,537 - pytest_runner - INFO - pytest.py starting with args: ['tests/test_widgets_media_integration.py', '-vv']
2025-11-19 00:47:20,538 - pytest_runner - INFO - pytest.py starting with args: ['tests/test_widgets_media_integration.py', '-vv']
2025-11-19 00:47:20,538 - pytest_runner - INFO - pytest.py starting with args: ['tests/test_widgets_media_integration.py', '-vv']
2025-11-19 00:47:20,539 - pytest_runner - INFO - pytest.py starting with args: ['tests/test_widgets_media_integration.py', '-vv']
2025-11-19 00:47:20,539 - pytest_runner - INFO - pytest.py starting with args: ['tests/test_widgets_media_integration.py', '-vv']
2025-11-19 00:47:20,539 - pytest_runner - INFO - pytest.py starting with args: ['tests/test_widgets_media_integration.py', '-vv']
2025-11-19 00:47:20,540 - pytest_runner - INFO - pytest.py starting with args: ['tests/test_widgets_media_integration.py', '-vv']
2025-11-19 00:47:20,540 - pytest_runner - INFO - pytest.py starting with args: ['tests/test_widgets_media_integration.py', '-vv']
2025-11-19 00:47:20,540 - pytest_runner - INFO - pytest.py starting with args: ['tests/test_widgets_media_integration.py', '-vv']
2025-11-19 00:47:20,541 - pytest_runner - INFO - pytest.py starting with args: ['tests/test_widgets_media_integration.py', '-vv']
2025-11-19 00:47:20,541 - pytest_runner - INFO - pytest.py starting with args: ['tests/test_widgets_media_integration.py', '-vv']
2025-11-19 00:47:20,542 - pytest_runner - INFO - pytest.py starting with args: ['tests/test_widgets_media_integration.py', '-vv']
2025-11-19 00:47:20,542 - pytest_runner - INFO - pytest.py starting with args: ['tests/test_widgets_media_integration.py', '-vv']
2025-11-19 00:47:20,542 - pytest_runner - INFO - pytest.py starting with args: ['tests/test_widgets_media_integration.py', '-vv']
2025-11-19 00:47:20,544 - pytest_runner - INFO - pytest.py starting with args: ['tests/test_widgets_media_integration.py', '-vv']
2025-11-19 00:47:20,544 - pytest_runner - INFO - pytest.py starting with args: ['tests/test_widgets_media_integration.py', '-vv']
2025-11-19 00:47:20,544 - pytest_runner - INFO - pytest.py starting with args: ['tests/test_widgets_media_integration.py', '-vv']
2025-11-19 00:47:20,545 - pytest_runner - INFO - pytest.py starting with args: ['tests/test_widgets_media_integration.py', '-vv']
2025-11-19 00:47:20,545 - pytest_runner - INFO - pytest.py starting with args: ['tests/test_widgets_media_integration.py', '-vv']
2025-11-19 00:47:20,545 - pytest_runner - INFO - pytest.py starting with args: ['tests/test_widgets_media_integration.py', '-vv']
2025-11-19 00:47:20,546 - pytest_runner - INFO - pytest.py starting with args: ['tests/test_widgets_media_integration.py', '-vv']
2025-11-19 00:47:20,546 - pytest_runner - INFO - pytest.py starting with args: ['tests/test_widgets_media_integration.py', '-vv']
2025-11-19 00:47:20,546 - pytest_runner - INFO - pytest.py starting with args: ['tests/test_widgets_media_integration.py', '-vv']
2025-11-19 00:47:20,548 - pytest_runner - INFO - pytest.py starting with args: ['tests/test_widgets_media_integration.py', '-vv']
2025-11-19 00:47:20,548 - pytest_runner - INFO - pytest.py starting with args: ['tests/test_widgets_media_integration.py', '-vv']
2025-11-19 00:47:20,548 - pytest_runner - INFO - pytest.py starting with args: ['tests/test_widgets_media_integration.py', '-vv']
2025-11-19 00:47:20,549 - pytest_runner - INFO - pytest.py starting with args: ['tests/test_widgets_media_integration.py', '-vv']
2025-11-19 00:47:20,549 - pytest_runner - INFO - pytest.py starting with args: ['tests/test_widgets_media_integration.py', '-vv']
2025-11-19 00:47:20,550 - pytest_runner - INFO - pytest.py starting with args: ['tests/test_widgets_media_integration.py', '-vv']
2025-11-19 00:47:20,550 - pytest_runner - INFO - pytest.py starting with args: ['tests/test_widgets_media_integration.py', '-vv']
2025-11-19 00:47:20,551 - pytest_runner - INFO - pytest.py starting with args: ['tests/test_widgets_media_integration.py', '-vv']
2025-11-19 00:47:20,551 - pytest_runner - INFO - pytest.py starting with args: ['tests/test_widgets_media_integration.py', '-vv']
2025-11-19 00:47:20,551 - pytest_runner - INFO - pytest.py starting with args: ['tests/test_widgets_media_integration.py', '-vv']
2025-11-19 00:47:20,553 - pytest_runner - INFO - pytest.py starting with args: ['tests/test_widgets_media_integration.py', '-vv']
2025-11-19 00:47:20,553 - pytest_runner - INFO - pytest.py starting with args: ['tests/test_widgets_media_integration.py', '-vv']
2025-11-19 00:47:20,553 - pytest_runner - INFO - pytest.py starting with args: ['tests/test_widgets_media_integration.py', '-vv']
2025-11-19 00:47:20,554 - pytest_runner - INFO - pytest.py starting with args: ['tests/test_widgets_media_integration.py', '-vv']
2025-11-19 00:47:20,554 - pytest_runner - INFO - pytest.py starting with args: ['tests/test_widgets_media_integration.py', '-vv']
2025-11-19 00:47:20,555 - pytest_runner - INFO - pytest.py starting with args: ['tests/test_widgets_media_integration.py', '-vv']
2025-11-19 00:47:20,555 - pytest_runner - INFO - pytest.py starting with args: ['tests/test_widgets_media_integration.py', '-vv']
2025-11-19 00:47:20,555 - pytest_runner - INFO - pytest.py starting with args: ['tests/test_widgets_media_integration.py', '-vv']
2025-11-19 00:47:20,556 - pytest_runner - INFO - pytest.py starting with args: ['tests/test_widgets_media_integration.py', '-vv']
2025-11-19 00:47:20,556 - pytest_runner - INFO - pytest.py starting with args: ['tests/test_widgets_media_integration.py', '-vv']
2025-11-19 00:47:20,557 - pytest_runner - INFO - pytest.py starting with args: ['tests/test_widgets_media_integration.py', '-vv']
2025-11-19 00:47:20,557 - pytest_runner - INFO - pytest.py starting with args: ['tests/test_widgets_media_integration.py', '-vv']
2025-11-19 00:47:20,558 - pytest_runner - INFO - pytest.py starting with args: ['tests/test_widgets_media_integration.py', '-vv']
2025-11-19 00:47:20,558 - pytest_runner - INFO - pytest.py starting with args: ['tests/test_widgets_media_integration.py', '-vv']
2025-11-19 00:47:20,708 - pytest_runner - INFO - pytest finished with exit code 1
2025-11-19 00:47:20,708 - pytest_runner - INFO - pytest finished with exit code 1
2025-11-19 00:47:20,708 - pytest_runner - INFO - pytest finished with exit code 1
2025-11-19 00:47:20,708 - pytest_runner - INFO - pytest finished with exit code 1
2025-11-19 00:47:20,709 - pytest_runner - INFO - pytest finished with exit code 1
2025-11-19 00:47:20,709 - pytest_runner - INFO - pytest finished with exit code 1
2025-11-19 00:47:20,709 - pytest_runner - INFO - pytest finished with exit code 1
2025-11-19 00:47:20,710 - pytest_runner - INFO - pytest finished with exit code 1
2025-11-19 00:47:20,710 - pytest_runner - INFO - pytest finished with exit code 1
2025-11-19 00:47:20,710 - pytest_runner - INFO - pytest finished with exit code 1
2025-11-19 00:47:20,710 - pytest_runner - INFO - pytest finished with exit code 1
2025-11-19 00:47:20,710 - pytest_runner - INFO - pytest finished with exit code 1
2025-11-19 00:47:20,710 - pytest_runner - INFO - pytest finished with exit code 1
2025-11-19 00:47:20,711 - pytest_runner - INFO - pytest finished with exit code 1
2025-11-19 00:47:20,711 - pytest_runner - INFO - pytest finished with exit code 1
2025-11-19 00:47:20,711 - pytest_runner - INFO - pytest finished with exit code 1
2025-11-19 00:47:20,711 - pytest_runner - INFO - pytest finished with exit code 1
2025-11-19 00:47:20,711 - pytest_runner - INFO - pytest finished with exit code 1
2025-11-19 00:47:20,711 - pytest_runner - INFO - pytest finished with exit code 1
2025-11-19 00:47:20,711 - pytest_runner - INFO - pytest finished with exit code 1
2025-11-19 00:47:20,711 - pytest_runner - INFO - pytest finished with exit code 1
2025-11-19 00:47:20,711 - pytest_runner - INFO - pytest finished with exit code 1
2025-11-19 00:47:20,711 - pytest_runner - INFO - pytest finished with exit code 1
2025-11-19 00:47:20,712 - pytest_runner - INFO - pytest finished with exit code 1
2025-11-19 00:47:20,712 - pytest_runner - INFO - pytest finished with exit code 1
2025-11-19 00:47:20,712 - pytest_runner - INFO - pytest finished with exit code 1
2025-11-19 00:47:20,712 - pytest_runner - INFO - pytest finished with exit code 1
2025-11-19 00:47:20,712 - pytest_runner - INFO - pytest finished with exit code 1
2025-11-19 00:47:20,712 - pytest_runner - INFO - pytest finished with exit code 1
2025-11-19 00:47:20,712 - pytest_runner - INFO - pytest finished with exit code 1
2025-11-19 00:47:20,712 - pytest_runner - INFO - pytest finished with exit code 1
2025-11-19 00:47:20,714 - pytest_runner - INFO - pytest finished with exit code 1
2025-11-19 00:47:20,714 - pytest_runner - INFO - pytest finished with exit code 1
2025-11-19 00:47:20,714 - pytest_runner - INFO - pytest finished with exit code 1
2025-11-19 00:47:20,714 - pytest_runner - INFO - pytest finished with exit code 1
2025-11-19 00:47:20,714 - pytest_runner - INFO - pytest finished with exit code 1
2025-11-19 00:47:20,714 - pytest_runner - INFO - pytest finished with exit code 1
2025-11-19 00:47:20,714 - pytest_runner - INFO - pytest finished with exit code 1
2025-11-19 00:47:20,715 - pytest_runner - INFO - pytest finished with exit code 1
2025-11-19 00:47:20,715 - pytest_runner - INFO - pytest finished with exit code 1
2025-11-19 00:47:20,715 - pytest_runner - INFO - pytest finished with exit code 1
2025-11-19 00:47:20,715 - pytest_runner - INFO - pytest finished with exit code 1
2025-11-19 00:47:20,715 - pytest_runner - INFO - pytest finished with exit code 1
2025-11-19 00:47:20,715 - pytest_runner - INFO - pytest finished with exit code 1
2025-11-19 00:47:20,715 - pytest_runner - INFO - pytest finished with exit code 1
2025-11-19 00:47:20,715 - pytest_runner - INFO - pytest finished with exit code 1
2025-11-19 00:47:20,715 - pytest_runner - INFO - pytest finished with exit code 1
2025-11-19 00:47:20,715 - pytest_runner - INFO - pytest finished with exit code 1
2025-11-19 00:47:20,716 - pytest_runner - INFO - pytest finished with exit code 1
2025-11-19 00:47:20,716 - pytest_runner - INFO - pytest finished with exit code 1
2025-11-19 00:47:20,716 - pytest_runner - INFO - pytest finished with exit code 1
2025-11-19 00:47:20,716 - pytest_runner - INFO - pytest finished with exit code 1
2025-11-19 00:47:20,716 - pytest_runner - INFO - pytest finished with exit code 1
2025-11-19 00:47:20,716 - pytest_runner - INFO - pytest finished with exit code 1
2025-11-19 00:47:20,716 - pytest_runner - INFO - pytest finished with exit code 1
2025-11-19 00:47:20,717 - pytest_runner - INFO - pytest finished with exit code 1
2025-11-19 00:47:20,717 - pytest_runner - INFO - pytest finished with exit code 1
2025-11-19 00:47:20,717 - pytest_runner - INFO - pytest finished with exit code 1
2025-11-19 00:47:20,717 - pytest_runner - INFO - pytest finished with exit code 1
2025-11-19 00:47:20,717 - pytest_runner - INFO - pytest finished with exit code 1
2025-11-19 00:47:20,717 - pytest_runner - INFO - pytest finished with exit code 1
2025-11-19 00:47:20,717 - pytest_runner - INFO - pytest finished with exit code 1
2025-11-19 00:47:20,719 - pytest_runner - INFO - pytest finished with exit code 1
2025-11-19 00:47:20,719 - pytest_runner - INFO - pytest finished with exit code 1
2025-11-19 00:47:20,719 - pytest_runner - INFO - pytest finished with exit code 1
2025-11-19 00:47:20,719 - pytest_runner - INFO - pytest finished with exit code 1
2025-11-19 00:47:20,719 - pytest_runner - INFO - pytest finished with exit code 1
2025-11-19 00:47:20,719 - pytest_runner - INFO - pytest finished with exit code 1
2025-11-19 00:47:20,719 - pytest_runner - INFO - pytest finished with exit code 1
2025-11-19 00:47:20,719 - pytest_runner - INFO - pytest finished with exit code 1
2025-11-19 00:47:20,720 - pytest_runner - INFO - pytest finished with exit code 1
2025-11-19 00:47:20,720 - pytest_runner - INFO - pytest finished with exit code 1
2025-11-19 00:47:20,720 - pytest_runner - INFO - pytest finished with exit code 1
2025-11-19 00:47:20,720 - pytest_runner - INFO - pytest finished with exit code 1
2025-11-19 00:47:20,720 - pytest_runner - INFO - pytest finished with exit code 1
2025-11-19 00:47:20,720 - pytest_runner - INFO - pytest finished with exit code 1
2025-11-19 00:47:20,720 - pytest_runner - INFO - pytest finished with exit code 1
2025-11-19 00:47:20,721 - pytest_runner - INFO - pytest finished with exit code 1
2025-11-19 00:47:20,721 - pytest_runner - INFO - pytest finished with exit code 1
2025-11-19 00:47:20,721 - pytest_runner - INFO - pytest finished with exit code 1
2025-11-19 00:47:20,721 - pytest_runner - INFO - pytest finished with exit code 1
2025-11-19 00:47:20,721 - pytest_runner - INFO - pytest finished with exit code 1
2025-11-19 00:47:20,721 - pytest_runner - INFO - pytest finished with exit code 1
2025-11-19 00:47:20,721 - pytest_runner - INFO - pytest finished with exit code 1
2025-11-19 00:47:20,722 - pytest_runner - INFO - pytest finished with exit code 1
2025-11-19 00:47:20,722 - pytest_runner - INFO - pytest finished with exit code 1
2025-11-19 00:47:20,722 - pytest_runner - INFO - pytest finished with exit code 1
2025-11-19 00:47:20,722 - pytest_runner - INFO - pytest finished with exit code 1
2025-11-19 00:47:20,722 - pytest_runner - INFO - pytest finished with exit code 1
2025-11-19 00:47:20,722 - pytest_runner - INFO - pytest finished with exit code 1
2025-11-19 00:47:20,722 - pytest_runner - INFO - pytest finished with exit code 1
2025-11-19 00:47:20,723 - pytest_runner - INFO - pytest finished with exit code 1
2025-11-19 00:47:20,723 - pytest_runner - INFO - pytest finished with exit code 1
2025-11-19 00:47:20,723 - pytest_runner - INFO - pytest finished with exit code 1
2025-11-19 00:47:20,723 - pytest_runner - INFO - pytest finished with exit code 1
2025-11-19 00:47:20,723 - pytest_runner - INFO - pytest finished with exit code 1
2025-11-19 00:47:20,723 - pytest_runner - INFO - pytest finished with exit code 1
2025-11-19 00:47:20,723 - pytest_runner - INFO - pytest finished with exit code 1
2025-11-19 00:47:20,723 - pytest_runner - INFO - pytest finished with exit code 1
2025-11-19 00:47:20,724 - pytest_runner - INFO - pytest finished with exit code 1
2025-11-19 00:47:20,724 - pytest_runner - INFO - pytest finished with exit code 1
2025-11-19 00:47:20,724 - pytest_runner - INFO - pytest finished with exit code 1
2025-11-19 00:47:20,724 - pytest_runner - INFO - pytest finished with exit code 1
2025-11-19 00:47:20,724 - pytest_runner - INFO - pytest finished with exit code 1
2025-11-19 00:47:20,725 - pytest_runner - INFO - pytest finished with exit code 1
2025-11-19 00:47:20,725 - pytest_runner - INFO - pytest finished with exit code 1
2025-11-19 00:47:20,725 - pytest_runner - INFO - pytest finished with exit code 1
2025-11-19 00:47:20,725 - pytest_runner - INFO - pytest finished with exit code 1
2025-11-19 00:47:20,725 - pytest_runner - INFO - pytest finished with exit code 1
2025-11-19 00:47:20,726 - pytest_runner - INFO - pytest finished with exit code 1
2025-11-19 00:47:20,726 - pytest_runner - INFO - pytest finished with exit code 1
2025-11-19 00:47:20,726 - pytest_runner - INFO - pytest finished with exit code 1
2025-11-19 00:47:20,726 - pytest_runner - INFO - pytest finished with exit code 1
2025-11-19 00:47:20,726 - pytest_runner - INFO - pytest finished with exit code 1
2025-11-19 00:47:20,726 - pytest_runner - INFO - pytest finished with exit code 1
2025-11-19 00:47:20,726 - pytest_runner - INFO - pytest finished with exit code 1
2025-11-19 00:47:20,727 - pytest_runner - INFO - pytest finished with exit code 1
2025-11-19 00:47:20,727 - pytest_runner - INFO - pytest finished with exit code 1
2025-11-19 00:47:20,727 - pytest_runner - INFO - pytest finished with exit code 1
2025-11-19 00:47:20,727 - pytest_runner - INFO - pytest finished with exit code 1
2025-11-19 00:47:20,727 - pytest_runner - INFO - pytest finished with exit code 1
2025-11-19 00:47:20,727 - pytest_runner - INFO - pytest finished with exit code 1
2025-11-19 00:47:20,727 - pytest_runner - INFO - pytest finished with exit code 1
2025-11-19 00:47:20,727 - pytest_runner - INFO - pytest finished with exit code 1
2025-11-19 00:47:20,727 - pytest_runner - INFO - pytest finished with exit code 1
2025-11-19 00:47:20,728 - pytest_runner - INFO - pytest finished with exit code 1
2025-11-19 00:47:20,728 - pytest_runner - INFO - pytest finished with exit code 1
2025-11-19 00:47:20,728 - pytest_runner - INFO - pytest finished with exit code 1
2025-11-19 00:47:20,728 - pytest_runner - INFO - pytest finished with exit code 1
2025-11-19 00:47:20,728 - pytest_runner - INFO - pytest finished with exit code 1
2025-11-19 00:47:20,728 - pytest_runner - INFO - pytest finished with exit code 1
2025-11-19 00:47:20,729 - pytest_runner - INFO - pytest finished with exit code 1
2025-11-19 00:47:20,729 - pytest_runner - INFO - pytest finished with exit code 1
2025-11-19 00:47:20,729 - pytest_runner - INFO - pytest finished with exit code 1
2025-11-19 00:47:20,729 - pytest_runner - INFO - pytest finished with exit code 1
2025-11-19 00:47:20,729 - pytest_runner - INFO - pytest finished with exit code 1
2025-11-19 00:47:20,729 - pytest_runner - INFO - pytest finished with exit code 1
2025-11-19 00:47:20,729 - pytest_runner - INFO - pytest finished with exit code 1
2025-11-19 00:47:20,729 - pytest_runner - INFO - pytest finished with exit code 1
2025-11-19 00:47:20,730 - pytest_runner - INFO - pytest finished with exit code 1
2025-11-19 00:47:20,730 - pytest_runner - INFO - pytest finished with exit code 1
2025-11-19 00:47:20,730 - pytest_runner - INFO - pytest finished with exit code 1
2025-11-19 00:47:20,730 - pytest_runner - INFO - pytest finished with exit code 1
2025-11-19 00:47:20,730 - pytest_runner - INFO - pytest finished with exit code 1
2025-11-19 00:47:20,730 - pytest_runner - INFO - pytest finished with exit code 1
2025-11-19 00:47:20,730 - pytest_runner - INFO - pytest finished with exit code 1
2025-11-19 00:47:20,730 - pytest_runner - INFO - pytest finished with exit code 1
2025-11-19 00:47:20,732 - pytest_runner - INFO - pytest finished with exit code 1
2025-11-19 00:47:20,732 - pytest_runner - INFO - pytest finished with exit code 1
2025-11-19 00:47:20,732 - pytest_runner - INFO - pytest finished with exit code 1
2025-11-19 00:47:20,732 - pytest_runner - INFO - pytest finished with exit code 1
2025-11-19 00:47:20,732 - pytest_runner - INFO - pytest finished with exit code 1
2025-11-19 00:47:20,733 - pytest_runner - INFO - pytest finished with exit code 1
2025-11-19 00:47:20,733 - pytest_runner - INFO - pytest finished with exit code 1
2025-11-19 00:47:20,733 - pytest_runner - INFO - pytest finished with exit code 1
2025-11-19 00:47:20,733 - pytest_runner - INFO - pytest finished with exit code 1
2025-11-19 00:47:20,733 - pytest_runner - INFO - pytest finished with exit code 1
2025-11-19 00:47:20,733 - pytest_runner - INFO - pytest finished with exit code 1
2025-11-19 00:47:20,733 - pytest_runner - INFO - pytest finished with exit code 1
2025-11-19 00:47:20,734 - pytest_runner - INFO - pytest finished with exit code 1
2025-11-19 00:47:20,734 - pytest_runner - INFO - pytest finished with exit code 1
2025-11-19 00:47:20,734 - pytest_runner - INFO - pytest finished with exit code 1
2025-11-19 00:47:20,734 - pytest_runner - INFO - pytest finished with exit code 1
2025-11-19 00:47:20,734 - pytest_runner - INFO - pytest finished with exit code 1
2025-11-19 00:47:20,734 - pytest_runner - INFO - pytest finished with exit code 1
2025-11-19 00:47:20,734 - pytest_runner - INFO - pytest finished with exit code 1
2025-11-19 00:47:20,734 - pytest_runner - INFO - pytest finished with exit code 1
2025-11-19 00:47:20,734 - pytest_runner - INFO - pytest finished with exit code 1
2025-11-19 00:47:20,734 - pytest_runner - INFO - pytest finished with exit code 1
2025-11-19 00:47:20,735 - pytest_runner - INFO - pytest finished with exit code 1
2025-11-19 00:47:20,735 - pytest_runner - INFO - pytest finished with exit code 1
2025-11-19 00:47:20,735 - pytest_runner - INFO - pytest finished with exit code 1
2025-11-19 00:47:20,735 - pytest_runner - INFO - pytest finished with exit code 1
2025-11-19 00:47:20,735 - pytest_runner - INFO - pytest finished with exit code 1
2025-11-19 00:47:20,735 - pytest_runner - INFO - pytest finished with exit code 1
2025-11-19 00:47:20,735 - pytest_runner - INFO - pytest finished with exit code 1
2025-11-19 00:47:20,735 - pytest_runner - INFO - pytest finished with exit code 1
2025-11-19 00:47:20,735 - pytest_runner - INFO - pytest finished with exit code 1
2025-11-19 00:47:20,737 - pytest_runner - INFO - pytest finished with exit code 1
2025-11-19 00:47:20,737 - pytest_runner - INFO - pytest finished with exit code 1
2025-11-19 00:47:20,737 - pytest_runner - INFO - pytest finished with exit code 1
2025-11-19 00:47:20,737 - pytest_runner - INFO - pytest finished with exit code 1
2025-11-19 00:47:20,737 - pytest_runner - INFO - pytest finished with exit code 1
2025-11-19 00:47:20,737 - pytest_runner - INFO - pytest finished with exit code 1
2025-11-19 00:47:20,737 - pytest_runner - INFO - pytest finished with exit code 1
2025-11-19 00:47:20,737 - pytest_runner - INFO - pytest finished with exit code 1
2025-11-19 00:47:20,737 - pytest_runner - INFO - pytest finished with exit code 1
2025-11-19 00:47:20,737 - pytest_runner - INFO - pytest finished with exit code 1
2025-11-19 00:47:20,737 - pytest_runner - INFO - pytest finished with exit code 1
2025-11-19 00:47:20,737 - pytest_runner - INFO - pytest finished with exit code 1
2025-11-19 00:47:20,737 - pytest_runner - INFO - pytest finished with exit code 1
2025-11-19 00:47:20,739 - pytest_runner - INFO - pytest finished with exit code 1
2025-11-19 00:47:20,739 - pytest_runner - INFO - pytest finished with exit code 1
2025-11-19 00:47:20,739 - pytest_runner - INFO - pytest finished with exit code 1
2025-11-19 00:47:20,739 - pytest_runner - INFO - pytest finished with exit code 1
2025-11-19 00:47:20,739 - pytest_runner - INFO - pytest finished with exit code 1
2025-11-19 00:47:20,739 - pytest_runner - INFO - pytest finished with exit code 1
2025-11-19 00:47:20,739 - pytest_runner - INFO - pytest finished with exit code 1
2025-11-19 00:47:20,739 - pytest_runner - INFO - pytest finished with exit code 1
2025-11-19 00:47:20,739 - pytest_runner - INFO - pytest finished with exit code 1
2025-11-19 00:47:20,739 - pytest_runner - INFO - pytest finished with exit code 1
2025-11-19 00:47:20,740 - pytest_runner - INFO - pytest finished with exit code 1
2025-11-19 00:47:20,740 - pytest_runner - INFO - pytest finished with exit code 1
2025-11-19 00:47:20,740 - pytest_runner - INFO - pytest finished with exit code 1
2025-11-19 00:47:20,741 - pytest_runner - INFO - pytest finished with exit code 1
2025-11-19 00:47:20,741 - pytest_runner - INFO - pytest finished with exit code 1
2025-11-19 00:47:20,741 - pytest_runner - INFO - pytest finished with exit code 1
2025-11-19 00:47:20,741 - pytest_runner - INFO - pytest finished with exit code 1
2025-11-19 00:47:20,741 - pytest_runner - INFO - pytest finished with exit code 1
2025-11-19 00:47:20,741 - pytest_runner - INFO - pytest finished with exit code 1
2025-11-19 00:47:20,741 - pytest_runner - INFO - pytest finished with exit code 1
2025-11-19 00:47:20,741 - pytest_runner - INFO - pytest finished with exit code 1
2025-11-19 00:47:20,741 - pytest_runner - INFO - pytest finished with exit code 1
2025-11-19 00:47:20,743 - pytest_runner - INFO - pytest finished with exit code 1
2025-11-19 00:47:20,743 - pytest_runner - INFO - pytest finished with exit code 1
2025-11-19 00:47:20,743 - pytest_runner - INFO - pytest finished with exit code 1
2025-11-19 00:47:20,743 - pytest_runner - INFO - pytest finished with exit code 1
2025-11-19 00:47:20,743 - pytest_runner - INFO - pytest finished with exit code 1
2025-11-19 00:47:20,743 - pytest_runner - INFO - pytest finished with exit code 1
2025-11-19 00:47:20,743 - pytest_runner - INFO - pytest finished with exit code 1
2025-11-19 00:47:20,744 - pytest_runner - INFO - pytest finished with exit code 1
2025-11-19 00:47:20,744 - pytest_runner - INFO - pytest finished with exit code 1
2025-11-19 00:47:20,744 - pytest_runner - INFO - pytest finished with exit code 1
2025-11-19 00:47:20,744 - pytest_runner - INFO - pytest finished with exit code 1
2025-11-19 00:47:20,744 - pytest_runner - INFO - pytest finished with exit code 1
2025-11-19 00:47:20,744 - pytest_runner - INFO - pytest finished with exit code 1
2025-11-19 00:47:20,744 - pytest_runner - INFO - pytest finished with exit code 1
2025-11-19 00:47:20,744 - pytest_runner - INFO - pytest finished with exit code 1
2025-11-19 00:47:20,744 - pytest_runner - INFO - pytest finished with exit code 1
2025-11-19 00:47:20,744 - pytest_runner - INFO - pytest finished with exit code 1
2025-11-19 00:47:20,745 - pytest_runner - INFO - pytest finished with exit code 1
2025-11-19 00:47:20,745 - pytest_runner - INFO - pytest finished with exit code 1
2025-11-19 00:47:20,745 - pytest_runner - INFO - pytest finished with exit code 1
2025-11-19 00:47:20,745 - pytest_runner - INFO - pytest finished with exit code 1
2025-11-19 00:47:20,745 - pytest_runner - INFO - pytest finished with exit code 1
2025-11-19 00:47:20,745 - pytest_runner - INFO - pytest finished with exit code 1
2025-11-19 00:47:20,746 - pytest_runner - INFO - pytest finished with exit code 1
2025-11-19 00:47:20,746 - pytest_runner - INFO - pytest finished with exit code 1
2025-11-19 00:47:20,746 - pytest_runner - INFO - pytest finished with exit code 1
2025-11-19 00:47:20,746 - pytest_runner - INFO - pytest finished with exit code 1
2025-11-19 00:47:20,746 - pytest_runner - INFO - pytest finished with exit code 1
2025-11-19 00:47:20,746 - pytest_runner - INFO - pytest finished with exit code 1
2025-11-19 00:47:20,746 - pytest_runner - INFO - pytest finished with exit code 1
2025-11-19 00:47:20,746 - pytest_runner - INFO - pytest finished with exit code 1
2025-11-19 00:47:20,746 - pytest_runner - INFO - pytest finished with exit code 1
2025-11-19 00:47:20,748 - pytest_runner - INFO - pytest finished with exit code 1
2025-11-19 00:47:20,748 - pytest_runner - INFO - pytest finished with exit code 1
2025-11-19 00:47:20,748 - pytest_runner - INFO - pytest finished with exit code 1
2025-11-19 00:47:20,748 - pytest_runner - INFO - pytest finished with exit code 1
2025-11-19 00:47:20,748 - pytest_runner - INFO - pytest finished with exit code 1
2025-11-19 00:47:20,748 - pytest_runner - INFO - pytest finished with exit code 1
2025-11-19 00:47:20,748 - pytest_runner - INFO - pytest finished with exit code 1
2025-11-19 00:47:20,748 - pytest_runner - INFO - pytest finished with exit code 1
2025-11-19 00:47:20,748 - pytest_runner - INFO - pytest finished with exit code 1
2025-11-19 00:47:20,748 - pytest_runner - INFO - pytest finished with exit code 1
2025-11-19 00:47:20,749 - pytest_runner - INFO - pytest finished with exit code 1
2025-11-19 00:47:20,749 - pytest_runner - INFO - pytest finished with exit code 1
2025-11-19 00:47:20,749 - pytest_runner - INFO - pytest finished with exit code 1
2025-11-19 00:47:20,749 - pytest_runner - INFO - pytest finished with exit code 1
2025-11-19 00:47:20,750 - pytest_runner - INFO - pytest finished with exit code 1
2025-11-19 00:47:20,750 - pytest_runner - INFO - pytest finished with exit code 1
2025-11-19 00:47:20,751 - pytest_runner - INFO - pytest finished with exit code 1
2025-11-19 00:47:20,751 - pytest_runner - INFO - pytest finished with exit code 1
2025-11-19 00:47:20,751 - pytest_runner - INFO - pytest finished with exit code 1
2025-11-19 00:47:20,751 - pytest_runner - INFO - pytest finished with exit code 1
2025-11-19 00:47:20,751 - pytest_runner - INFO - pytest finished with exit code 1
2025-11-19 00:47:20,751 - pytest_runner - INFO - pytest finished with exit code 1
2025-11-19 00:47:20,751 - pytest_runner - INFO - pytest finished with exit code 1
2025-11-19 00:47:20,751 - pytest_runner - INFO - pytest finished with exit code 1
2025-11-19 00:47:20,751 - pytest_runner - INFO - pytest finished with exit code 1
2025-11-19 00:47:20,751 - pytest_runner - INFO - pytest finished with exit code 1
2025-11-19 00:47:20,751 - pytest_runner - INFO - pytest finished with exit code 1
2025-11-19 00:47:20,753 - pytest_runner - INFO - pytest finished with exit code 1
2025-11-19 00:47:20,753 - pytest_runner - INFO - pytest finished with exit code 1
2025-11-19 00:47:20,753 - pytest_runner - INFO - pytest finished with exit code 1
2025-11-19 00:47:20,753 - pytest_runner - INFO - pytest finished with exit code 1
2025-11-19 00:47:20,753 - pytest_runner - INFO - pytest finished with exit code 1
2025-11-19 00:47:20,753 - pytest_runner - INFO - pytest finished with exit code 1
2025-11-19 00:47:20,754 - pytest_runner - INFO - pytest finished with exit code 1
2025-11-19 00:47:20,754 - pytest_runner - INFO - pytest finished with exit code 1
2025-11-19 00:47:20,754 - pytest_runner - INFO - pytest finished with exit code 1
2025-11-19 00:47:20,754 - pytest_runner - INFO - pytest finished with exit code 1
2025-11-19 00:47:20,754 - pytest_runner - INFO - pytest finished with exit code 1
2025-11-19 00:47:20,754 - pytest_runner - INFO - pytest finished with exit code 1
2025-11-19 00:47:20,755 - pytest_runner - INFO - pytest finished with exit code 1
2025-11-19 00:47:20,755 - pytest_runner - INFO - pytest finished with exit code 1
2025-11-19 00:47:20,755 - pytest_runner - INFO - pytest finished with exit code 1
2025-11-19 00:47:20,755 - pytest_runner - INFO - pytest finished with exit code 1
2025-11-19 00:47:20,755 - pytest_runner - INFO - pytest finished with exit code 1
2025-11-19 00:47:20,755 - pytest_runner - INFO - pytest finished with exit code 1
2025-11-19 00:47:20,755 - pytest_runner - INFO - pytest finished with exit code 1
2025-11-19 00:47:20,755 - pytest_runner - INFO - pytest finished with exit code 1
2025-11-19 00:47:20,756 - pytest_runner - INFO - pytest finished with exit code 1
2025-11-19 00:47:20,756 - pytest_runner - INFO - pytest finished with exit code 1
2025-11-19 00:47:20,756 - pytest_runner - INFO - pytest finished with exit code 1
2025-11-19 00:47:20,756 - pytest_runner - INFO - pytest finished with exit code 1
2025-11-19 00:47:20,756 - pytest_runner - INFO - pytest finished with exit code 1
2025-11-19 00:47:20,756 - pytest_runner - INFO - pytest finished with exit code 1
2025-11-19 00:47:20,756 - pytest_runner - INFO - pytest finished with exit code 1
2025-11-19 00:47:20,756 - pytest_runner - INFO - pytest finished with exit code 1
2025-11-19 00:47:20,756 - pytest_runner - INFO - pytest finished with exit code 1
2025-11-19 00:47:20,756 - pytest_runner - INFO - pytest finished with exit code 1
2025-11-19 00:47:20,757 - pytest_runner - INFO - pytest finished with exit code 1
2025-11-19 00:47:20,757 - pytest_runner - INFO - pytest finished with exit code 1
2025-11-19 00:47:20,757 - pytest_runner - INFO - pytest finished with exit code 1
2025-11-19 00:47:20,757 - pytest_runner - INFO - pytest finished with exit code 1
2025-11-19 00:47:20,757 - pytest_runner - INFO - pytest finished with exit code 1
2025-11-19 00:47:20,757 - pytest_runner - INFO - pytest finished with exit code 1
2025-11-19 00:47:20,758 - pytest_runner - INFO - pytest finished with exit code 1
2025-11-19 00:47:20,758 - pytest_runner - INFO - pytest finished with exit code 1
2025-11-19 00:47:20,758 - pytest_runner - INFO - pytest finished with exit code 1
2025-11-19 00:47:20,758 - pytest_runner - INFO - pytest finished with exit code 1
2025-11-19 00:47:20,758 - pytest_runner - INFO - pytest finished with exit code 1
2025-11-19 00:47:20,758 - pytest_runner - INFO - pytest finished with exit code 1
2025-11-19 00:47:20,759 - pytest_runner - INFO - pytest finished with exit code 1
2025-11-19 00:47:20,759 - pytest_runner - INFO - pytest finished with exit code 1
2025-11-19 00:47:20,759 - pytest_runner - INFO - pytest finished with exit code 1
2025-11-19 00:47:20,759 - pytest_runner - INFO - pytest finished with exit code 1
2025-11-19 00:47:20,759 - pytest_runner - INFO - pytest finished with exit code 1
2025-11-19 00:47:20,759 - pytest_runner - INFO - pytest finished with exit code 1
2025-11-19 00:47:20,759 - pytest_runner - INFO - pytest finished with exit code 1
2025-11-19 00:47:20,759 - pytest_runner - INFO - pytest finished with exit code 1
2025-11-19 00:47:20,759 - pytest_runner - INFO - pytest finished with exit code 1
2025-11-19 00:47:20,759 - pytest_runner - INFO - pytest finished with exit code 1
2025-11-19 00:47:20,761 - pytest_runner - INFO - pytest finished with exit code 1
2025-11-19 00:47:20,761 - pytest_runner - INFO - pytest finished with exit code 1
2025-11-19 00:47:20,761 - pytest_runner - INFO - pytest finished with exit code 1
2025-11-19 00:47:20,761 - pytest_runner - INFO - pytest finished with exit code 1
2025-11-19 00:47:20,761 - pytest_runner - INFO - pytest finished with exit code 1
2025-11-19 00:47:20,761 - pytest_runner - INFO - pytest finished with exit code 1
2025-11-19 00:47:20,762 - pytest_runner - INFO - pytest finished with exit code 1
2025-11-19 00:47:20,762 - pytest_runner - INFO - pytest finished with exit code 1
2025-11-19 00:47:20,762 - pytest_runner - INFO - pytest finished with exit code 1
2025-11-19 00:47:20,762 - pytest_runner - INFO - pytest finished with exit code 1
2025-11-19 00:47:20,762 - pytest_runner - INFO - pytest finished with exit code 1
2025-11-19 00:47:20,762 - pytest_runner - INFO - pytest finished with exit code 1
2025-11-19 00:47:20,762 - pytest_runner - INFO - pytest finished with exit code 1
2025-11-19 00:47:20,762 - pytest_runner - INFO - pytest finished with exit code 1
2025-11-19 00:47:20,762 - pytest_runner - INFO - pytest finished with exit code 1
2025-11-19 00:47:20,762 - pytest_runner - INFO - pytest finished with exit code 1
2025-11-19 00:47:20,762 - pytest_runner - INFO - pytest finished with exit code 1
2025-11-19 00:47:20,762 - pytest_runner - INFO - pytest finished with exit code 1
2025-11-19 00:47:20,762 - pytest_runner - INFO - pytest finished with exit code 1
2025-11-19 00:47:20,764 - pytest_runner - INFO - pytest finished with exit code 1
2025-11-19 00:47:20,764 - pytest_runner - INFO - pytest finished with exit code 1
2025-11-19 00:47:20,764 - pytest_runner - INFO - pytest finished with exit code 1
2025-11-19 00:47:20,764 - pytest_runner - INFO - pytest finished with exit code 1
2025-11-19 00:47:20,764 - pytest_runner - INFO - pytest finished with exit code 1
2025-11-19 00:47:20,764 - pytest_runner - INFO - pytest finished with exit code 1
2025-11-19 00:47:20,764 - pytest_runner - INFO - pytest finished with exit code 1
2025-11-19 00:47:20,764 - pytest_runner - INFO - pytest finished with exit code 1
2025-11-19 00:47:20,764 - pytest_runner - INFO - pytest finished with exit code 1
2025-11-19 00:47:20,765 - pytest_runner - INFO - pytest finished with exit code 1
2025-11-19 00:47:20,765 - pytest_runner - INFO - pytest finished with exit code 1
2025-11-19 00:47:20,765 - pytest_runner - INFO - pytest finished with exit code 1
2025-11-19 00:47:20,765 - pytest_runner - INFO - pytest finished with exit code 1
2025-11-19 00:47:20,765 - pytest_runner - INFO - pytest finished with exit code 1
2025-11-19 00:47:20,765 - pytest_runner - INFO - pytest finished with exit code 1
2025-11-19 00:47:20,765 - pytest_runner - INFO - pytest finished with exit code 1
2025-11-19 00:47:20,767 - pytest_runner - INFO - pytest finished with exit code 1
2025-11-19 00:47:20,767 - pytest_runner - INFO - pytest finished with exit code 1
2025-11-19 00:47:20,767 - pytest_runner - INFO - pytest finished with exit code 1
2025-11-19 00:47:20,767 - pytest_runner - INFO - pytest finished with exit code 1
2025-11-19 00:47:20,767 - pytest_runner - INFO - pytest finished with exit code 1
2025-11-19 00:47:20,767 - pytest_runner - INFO - pytest finished with exit code 1
2025-11-19 00:47:20,767 - pytest_runner - INFO - pytest finished with exit code 1
2025-11-19 00:47:20,768 - pytest_runner - INFO - pytest finished with exit code 1
2025-11-19 00:47:20,768 - pytest_runner - INFO - pytest finished with exit code 1
2025-11-19 00:47:20,768 - pytest_runner - INFO - pytest finished with exit code 1
2025-11-19 00:47:20,768 - pytest_runner - INFO - pytest finished with exit code 1
2025-11-19 00:47:20,768 - pytest_runner - INFO - pytest finished with exit code 1
2025-11-19 00:47:20,768 - pytest_runner - INFO - pytest finished with exit code 1
2025-11-19 00:47:20,769 - pytest_runner - INFO - pytest finished with exit code 1
2025-11-19 00:47:20,769 - pytest_runner - INFO - pytest finished with exit code 1
2025-11-19 00:47:20,769 - pytest_runner - INFO - pytest finished with exit code 1
2025-11-19 00:47:20,769 - pytest_runner - INFO - pytest finished with exit code 1
2025-11-19 00:47:20,769 - pytest_runner - INFO - pytest finished with exit code 1
2025-11-19 00:47:20,770 - pytest_runner - INFO - pytest finished with exit code 1
2025-11-19 00:47:20,770 - pytest_runner - INFO - pytest finished with exit code 1
2025-11-19 00:47:20,770 - pytest_runner - INFO - pytest finished with exit code 1
2025-11-19 00:47:20,771 - pytest_runner - INFO - pytest finished with exit code 1
2025-11-19 00:47:20,771 - pytest_runner - INFO - pytest finished with exit code 1
2025-11-19 00:47:20,771 - pytest_runner - INFO - pytest finished with exit code 1
2025-11-19 00:47:20,771 - pytest_runner - INFO - pytest finished with exit code 1
2025-11-19 00:47:20,771 - pytest_runner - INFO - pytest finished with exit code 1
2025-11-19 00:47:20,771 - pytest_runner - INFO - pytest finished with exit code 1
2025-11-19 00:47:20,771 - pytest_runner - INFO - pytest finished with exit code 1
2025-11-19 00:47:20,772 - pytest_runner - INFO - pytest finished with exit code 1
2025-11-19 00:47:20,772 - pytest_runner - INFO - pytest finished with exit code 1
2025-11-19 00:47:20,772 - pytest_runner - INFO - pytest finished with exit code 1
2025-11-19 00:47:20,772 - pytest_runner - INFO - pytest finished with exit code 1
2025-11-19 00:47:20,772 - pytest_runner - INFO - pytest finished with exit code 1
2025-11-19 00:47:20,772 - pytest_runner - INFO - pytest finished with exit code 1
2025-11-19 00:47:20,773 - pytest_runner - INFO - pytest finished with exit code 1
2025-11-19 00:47:20,773 - pytest_runner - INFO - pytest finished with exit code 1
2025-11-19 00:47:20,773 - pytest_runner - INFO - pytest finished with exit code 1
2025-11-19 00:47:20,773 - pytest_runner - INFO - pytest finished with exit code 1
2025-11-19 00:47:20,773 - pytest_runner - INFO - pytest finished with exit code 1
2025-11-19 00:47:20,774 - pytest_runner - INFO - pytest finished with exit code 1
2025-11-19 00:47:20,774 - pytest_runner - INFO - pytest finished with exit code 1
2025-11-19 00:47:20,774 - pytest_runner - INFO - pytest finished with exit code 1
2025-11-19 00:47:20,774 - pytest_runner - INFO - pytest finished with exit code 1
2025-11-19 00:47:20,774 - pytest_runner - INFO - pytest finished with exit code 1
2025-11-19 00:47:20,775 - pytest_runner - INFO - pytest finished with exit code 1
2025-11-19 00:47:20,775 - pytest_runner - INFO - pytest finished with exit code 1
2025-11-19 00:47:20,775 - pytest_runner - INFO - pytest finished with exit code 1
2025-11-19 00:47:20,775 - pytest_runner - INFO - pytest finished with exit code 1
2025-11-19 00:47:20,775 - pytest_runner - INFO - pytest finished with exit code 1
2025-11-19 00:47:20,775 - pytest_runner - INFO - pytest finished with exit code 1
2025-11-19 00:47:20,775 - pytest_runner - INFO - pytest finished with exit code 1
2025-11-19 00:47:20,776 - pytest_runner - INFO - pytest finished with exit code 1
2025-11-19 00:47:20,776 - pytest_runner - INFO - pytest finished with exit code 1
2025-11-19 00:47:20,776 - pytest_runner - INFO - pytest finished with exit code 1
2025-11-19 00:47:20,776 - pytest_runner - INFO - pytest finished with exit code 1
2025-11-19 00:47:20,776 - pytest_runner - INFO - pytest finished with exit code 1
2025-11-19 00:47:20,776 - pytest_runner - INFO - pytest finished with exit code 1
2025-11-19 00:47:20,776 - pytest_runner - INFO - pytest finished with exit code 1
2025-11-19 00:47:20,776 - pytest_runner - INFO - pytest finished with exit code 1
2025-11-19 00:47:20,777 - pytest_runner - INFO - pytest finished with exit code 1
2025-11-19 00:47:20,777 - pytest_runner - INFO - pytest finished with exit code 1
2025-11-19 00:47:20,777 - pytest_runner - INFO - pytest finished with exit code 1
2025-11-19 00:47:20,777 - pytest_runner - INFO - pytest finished with exit code 1
2025-11-19 00:47:20,777 - pytest_runner - INFO - pytest finished with exit code 1
2025-11-19 00:47:20,777 - pytest_runner - INFO - pytest finished with exit code 1
2025-11-19 00:47:20,777 - pytest_runner - INFO - pytest finished with exit code 1
2025-11-19 00:47:20,777 - pytest_runner - INFO - pytest finished with exit code 1
2025-11-19 00:47:20,777 - pytest_runner - INFO - pytest finished with exit code 1
2025-11-19 00:47:20,777 - pytest_runner - INFO - pytest finished with exit code 1
2025-11-19 00:47:20,778 - pytest_runner - INFO - pytest finished with exit code 1
2025-11-19 00:47:20,778 - pytest_runner - INFO - pytest finished with exit code 1
2025-11-19 00:47:20,778 - pytest_runner - INFO - pytest finished with exit code 1
2025-11-19 00:47:20,778 - pytest_runner - INFO - pytest finished with exit code 1
2025-11-19 00:47:20,778 - pytest_runner - INFO - pytest finished with exit code 1
2025-11-19 00:47:20,778 - pytest_runner - INFO - pytest finished with exit code 1
2025-11-19 00:47:20,778 - pytest_runner - INFO - pytest finished with exit code 1
2025-11-19 00:47:20,778 - pytest_runner - INFO - pytest finished with exit code 1
2025-11-19 00:47:20,778 - pytest_runner - INFO - pytest finished with exit code 1
2025-11-19 00:47:20,778 - pytest_runner - INFO - pytest finished with exit code 1
2025-11-19 00:47:20,780 - pytest_runner - INFO - pytest finished with exit code 1
2025-11-19 00:47:20,780 - pytest_runner - INFO - pytest finished with exit code 1
2025-11-19 00:47:20,780 - pytest_runner - INFO - pytest finished with exit code 1
2025-11-19 00:47:20,780 - pytest_runner - INFO - pytest finished with exit code 1
2025-11-19 00:47:20,780 - pytest_runner - INFO - pytest finished with exit code 1
2025-11-19 00:47:20,780 - pytest_runner - INFO - pytest finished with exit code 1
2025-11-19 00:47:20,780 - pytest_runner - INFO - pytest finished with exit code 1
2025-11-19 00:47:20,781 - pytest_runner - INFO - pytest finished with exit code 1
2025-11-19 00:47:20,781 - pytest_runner - INFO - pytest finished with exit code 1
2025-11-19 00:47:20,781 - pytest_runner - INFO - pytest finished with exit code 1
2025-11-19 00:47:20,781 - pytest_runner - INFO - pytest finished with exit code 1
2025-11-19 00:47:20,781 - pytest_runner - INFO - pytest finished with exit code 1
2025-11-19 00:47:20,782 - pytest_runner - INFO - pytest finished with exit code 1
2025-11-19 00:47:20,782 - pytest_runner - INFO - pytest finished with exit code 1
2025-11-19 00:47:20,782 - pytest_runner - INFO - pytest finished with exit code 1
2025-11-19 00:47:20,782 - pytest_runner - INFO - pytest finished with exit code 1
2025-11-19 00:47:20,782 - pytest_runner - INFO - pytest finished with exit code 1
2025-11-19 00:47:20,783 - pytest_runner - INFO - pytest finished with exit code 1
2025-11-19 00:47:20,783 - pytest_runner - INFO - pytest finished with exit code 1
2025-11-19 00:47:20,783 - pytest_runner - INFO - pytest finished with exit code 1
2025-11-19 00:47:20,783 - pytest_runner - INFO - pytest finished with exit code 1
2025-11-19 00:47:20,783 - pytest_runner - INFO - pytest finished with exit code 1
2025-11-19 00:47:20,783 - pytest_runner - INFO - pytest finished with exit code 1
2025-11-19 00:47:20,783 - pytest_runner - INFO - pytest finished with exit code 1
2025-11-19 00:47:20,784 - pytest_runner - INFO - pytest finished with exit code 1
2025-11-19 00:47:20,784 - pytest_runner - INFO - pytest finished with exit code 1
2025-11-19 00:47:20,784 - pytest_runner - INFO - pytest finished with exit code 1
2025-11-19 00:47:20,784 - pytest_runner - INFO - pytest finished with exit code 1
2025-11-19 00:47:20,784 - pytest_runner - INFO - pytest finished with exit code 1
2025-11-19 00:47:20,784 - pytest_runner - INFO - pytest finished with exit code 1
2025-11-19 00:47:20,784 - pytest_runner - INFO - pytest finished with exit code 1
2025-11-19 00:47:20,784 - pytest_runner - INFO - pytest finished with exit code 1
2025-11-19 00:47:20,784 - pytest_runner - INFO - pytest finished with exit code 1
2025-11-19 00:47:20,784 - pytest_runner - INFO - pytest finished with exit code 1
2025-11-19 00:47:20,785 - pytest_runner - INFO - pytest finished with exit code 1
2025-11-19 00:47:20,785 - pytest_runner - INFO - pytest finished with exit code 1
2025-11-19 00:47:20,785 - pytest_runner - INFO - pytest finished with exit code 1
2025-11-19 00:47:20,785 - pytest_runner - INFO - pytest finished with exit code 1
2025-11-19 00:47:20,785 - pytest_runner - INFO - pytest finished with exit code 1
2025-11-19 00:47:20,785 - pytest_runner - INFO - pytest finished with exit code 1
2025-11-19 00:47:20,785 - pytest_runner - INFO - pytest finished with exit code 1
2025-11-19 00:47:20,785 - pytest_runner - INFO - pytest finished with exit code 1
2025-11-19 00:47:20,785 - pytest_runner - INFO - pytest finished with exit code 1
2025-11-19 00:47:20,785 - pytest_runner - INFO - pytest finished with exit code 1
2025-11-19 00:47:20,785 - pytest_runner - INFO - pytest finished with exit code 1
2025-11-19 00:47:20,787 - pytest_runner - INFO - pytest finished with exit code 1
2025-11-19 00:47:20,787 - pytest_runner - INFO - pytest finished with exit code 1
2025-11-19 00:47:20,787 - pytest_runner - INFO - pytest finished with exit code 1
2025-11-19 00:47:20,788 - pytest_runner - INFO - pytest finished with exit code 1
2025-11-19 00:47:20,788 - pytest_runner - INFO - pytest finished with exit code 1
2025-11-19 00:47:20,788 - pytest_runner - INFO - pytest finished with exit code 1
2025-11-19 00:47:20,788 - pytest_runner - INFO - pytest finished with exit code 1
2025-11-19 00:47:20,788 - pytest_runner - INFO - pytest finished with exit code 1
2025-11-19 00:47:20,788 - pytest_runner - INFO - pytest finished with exit code 1
2025-11-19 00:47:20,788 - pytest_runner - INFO - pytest finished with exit code 1
2025-11-19 00:47:20,788 - pytest_runner - INFO - pytest finished with exit code 1
2025-11-19 00:47:20,788 - pytest_runner - INFO - pytest finished with exit code 1
2025-11-19 00:47:20,788 - pytest_runner - INFO - pytest finished with exit code 1
2025-11-19 00:47:20,789 - pytest_runner - INFO - pytest finished with exit code 1
2025-11-19 00:47:20,789 - pytest_runner - INFO - pytest finished with exit code 1
2025-11-19 00:47:20,789 - pytest_runner - INFO - pytest finished with exit code 1
2025-11-19 00:47:20,790 - pytest_runner - INFO - pytest finished with exit code 1
2025-11-19 00:47:20,790 - pytest_runner - INFO - pytest finished with exit code 1
2025-11-19 00:47:20,790 - pytest_runner - INFO - pytest finished with exit code 1
2025-11-19 00:47:20,790 - pytest_runner - INFO - pytest finished with exit code 1
2025-11-19 00:47:20,790 - pytest_runner - INFO - pytest finished with exit code 1
2025-11-19 00:47:20,790 - pytest_runner - INFO - pytest finished with exit code 1
2025-11-19 00:47:20,790 - pytest_runner - INFO - pytest finished with exit code 1
2025-11-19 00:47:20,791 - pytest_runner - INFO - pytest finished with exit code 1
2025-11-19 00:47:20,791 - pytest_runner - INFO - pytest finished with exit code 1
2025-11-19 00:47:20,791 - pytest_runner - INFO - pytest finished with exit code 1
2025-11-19 00:47:20,791 - pytest_runner - INFO - pytest finished with exit code 1
2025-11-19 00:47:20,791 - pytest_runner - INFO - pytest finished with exit code 1
2025-11-19 00:47:20,791 - pytest_runner - INFO - pytest finished with exit code 1
2025-11-19 00:47:20,791 - pytest_runner - INFO - pytest finished with exit code 1
2025-11-19 00:47:20,792 - pytest_runner - INFO - pytest finished with exit code 1
2025-11-19 00:47:20,792 - pytest_runner - INFO - pytest finished with exit code 1
2025-11-19 00:47:20,792 - pytest_runner - INFO - pytest finished with exit code 1
2025-11-19 00:47:20,792 - pytest_runner - INFO - pytest finished with exit code 1
2025-11-19 00:47:20,792 - pytest_runner - INFO - pytest finished with exit code 1
2025-11-19 00:47:20,792 - pytest_runner - INFO - pytest finished with exit code 1
2025-11-19 00:47:20,793 - pytest_runner - INFO - pytest finished with exit code 1
2025-11-19 00:47:20,793 - pytest_runner - INFO - pytest finished with exit code 1
2025-11-19 00:47:20,793 - pytest_runner - INFO - pytest finished with exit code 1
2025-11-19 00:47:20,793 - pytest_runner - INFO - pytest finished with exit code 1
2025-11-19 00:47:20,793 - pytest_runner - INFO - pytest finished with exit code 1
2025-11-19 00:47:20,793 - pytest_runner - INFO - pytest finished with exit code 1
2025-11-19 00:47:20,793 - pytest_runner - INFO - pytest finished with exit code 1
2025-11-19 00:47:20,794 - pytest_runner - INFO - pytest finished with exit code 1
2025-11-19 00:47:20,794 - pytest_runner - INFO - pytest finished with exit code 1
2025-11-19 00:47:20,794 - pytest_runner - INFO - pytest finished with exit code 1
2025-11-19 00:47:20,794 - pytest_runner - INFO - pytest finished with exit code 1
2025-11-19 00:47:20,794 - pytest_runner - INFO - pytest finished with exit code 1
2025-11-19 00:47:20,794 - pytest_runner - INFO - pytest finished with exit code 1
2025-11-19 00:47:20,794 - pytest_runner - INFO - pytest finished with exit code 1
2025-11-19 00:47:20,794 - pytest_runner - INFO - pytest finished with exit code 1
2025-11-19 00:47:20,794 - pytest_runner - INFO - pytest finished with exit code 1
2025-11-19 00:47:20,794 - pytest_runner - INFO - pytest finished with exit code 1
2025-11-19 00:47:20,795 - pytest_runner - INFO - pytest finished with exit code 1
2025-11-19 00:47:20,795 - pytest_runner - INFO - pytest finished with exit code 1
2025-11-19 00:47:20,795 - pytest_runner - INFO - pytest finished with exit code 1
2025-11-19 00:47:20,795 - pytest_runner - INFO - pytest finished with exit code 1
2025-11-19 00:47:20,795 - pytest_runner - INFO - pytest finished with exit code 1
2025-11-19 00:47:20,795 - pytest_runner - INFO - pytest finished with exit code 1
2025-11-19 00:47:20,796 - pytest_runner - INFO - pytest finished with exit code 1
2025-11-19 00:47:20,796 - pytest_runner - INFO - pytest finished with exit code 1
2025-11-19 00:47:20,796 - pytest_runner - INFO - pytest finished with exit code 1
2025-11-19 00:47:20,796 - pytest_runner - INFO - pytest finished with exit code 1
2025-11-19 00:47:20,796 - pytest_runner - INFO - pytest finished with exit code 1
2025-11-19 00:47:20,796 - pytest_runner - INFO - pytest finished with exit code 1
2025-11-19 00:47:20,796 - pytest_runner - INFO - pytest finished with exit code 1
2025-11-19 00:47:20,796 - pytest_runner - INFO - pytest finished with exit code 1
2025-11-19 00:47:20,796 - pytest_runner - INFO - pytest finished with exit code 1
2025-11-19 00:47:20,796 - pytest_runner - INFO - pytest finished with exit code 1
2025-11-19 00:47:20,796 - pytest_runner - INFO - pytest finished with exit code 1
2025-11-19 00:47:20,798 - pytest_runner - INFO - pytest finished with exit code 1
2025-11-19 00:47:20,798 - pytest_runner - INFO - pytest finished with exit code 1
2025-11-19 00:47:20,798 - pytest_runner - INFO - pytest finished with exit code 1
2025-11-19 00:47:20,798 - pytest_runner - INFO - pytest finished with exit code 1
2025-11-19 00:47:20,798 - pytest_runner - INFO - pytest finished with exit code 1
2025-11-19 00:47:20,798 - pytest_runner - INFO - pytest finished with exit code 1
2025-11-19 00:47:20,798 - pytest_runner - INFO - pytest finished with exit code 1
2025-11-19 00:47:20,799 - pytest_runner - INFO - pytest finished with exit code 1
2025-11-19 00:47:20,799 - pytest_runner - INFO - pytest finished with exit code 1
2025-11-19 00:47:20,799 - pytest_runner - INFO - pytest finished with exit code 1
2025-11-19 00:47:20,799 - pytest_runner - INFO - pytest finished with exit code 1
2025-11-19 00:47:20,799 - pytest_runner - INFO - pytest finished with exit code 1
2025-11-19 00:47:20,799 - pytest_runner - INFO - pytest finished with exit code 1
2025-11-19 00:47:20,799 - pytest_runner - INFO - pytest finished with exit code 1
2025-11-19 00:47:20,799 - pytest_runner - INFO - pytest finished with exit code 1
2025-11-19 00:47:20,800 - pytest_runner - INFO - pytest finished with exit code 1
2025-11-19 00:47:20,800 - pytest_runner - INFO - pytest finished with exit code 1
2025-11-19 00:47:20,800 - pytest_runner - INFO - pytest finished with exit code 1
2025-11-19 00:47:20,800 - pytest_runner - INFO - pytest finished with exit code 1
2025-11-19 00:47:20,800 - pytest_runner - INFO - pytest finished with exit code 1
2025-11-19 00:47:20,800 - pytest_runner - INFO - pytest finished with exit code 1
2025-11-19 00:47:20,800 - pytest_runner - INFO - pytest finished with exit code 1
2025-11-19 00:47:20,801 - pytest_runner - INFO - pytest finished with exit code 1
2025-11-19 00:47:20,801 - pytest_runner - INFO - pytest finished with exit code 1
2025-11-19 00:47:20,801 - pytest_runner - INFO - pytest finished with exit code 1
2025-11-19 00:47:20,801 - pytest_runner - INFO - pytest finished with exit code 1
2025-11-19 00:47:20,801 - pytest_runner - INFO - pytest finished with exit code 1
2025-11-19 00:47:20,801 - pytest_runner - INFO - pytest finished with exit code 1
2025-11-19 00:47:20,801 - pytest_runner - INFO - pytest finished with exit code 1
2025-11-19 00:47:20,801 - pytest_runner - INFO - pytest finished with exit code 1
2025-11-19 00:47:20,801 - pytest_runner - INFO - pytest finished with exit code 1
2025-11-19 00:47:20,801 - pytest_runner - INFO - pytest finished with exit code 1
2025-11-19 00:47:20,803 - pytest_runner - INFO - pytest finished with exit code 1
2025-11-19 00:47:20,803 - pytest_runner - INFO - pytest finished with exit code 1
2025-11-19 00:47:20,803 - pytest_runner - INFO - pytest finished with exit code 1
2025-11-19 00:47:20,803 - pytest_runner - INFO - pytest finished with exit code 1
2025-11-19 00:47:20,803 - pytest_runner - INFO - pytest finished with exit code 1
2025-11-19 00:47:20,803 - pytest_runner - INFO - pytest finished with exit code 1
2025-11-19 00:47:20,804 - pytest_runner - INFO - pytest finished with exit code 1
2025-11-19 00:47:20,804 - pytest_runner - INFO - pytest finished with exit code 1
2025-11-19 00:47:20,804 - pytest_runner - INFO - pytest finished with exit code 1
2025-11-19 00:47:20,804 - pytest_runner - INFO - pytest finished with exit code 1
2025-11-19 00:47:20,804 - pytest_runner - INFO - pytest finished with exit code 1
2025-11-19 00:47:20,804 - pytest_runner - INFO - pytest finished with exit code 1
2025-11-19 00:47:20,805 - pytest_runner - INFO - pytest finished with exit code 1
2025-11-19 00:47:20,805 - pytest_runner - INFO - pytest finished with exit code 1
2025-11-19 00:47:20,805 - pytest_runner - INFO - pytest finished with exit code 1
2025-11-19 00:47:20,805 - pytest_runner - INFO - pytest finished with exit code 1
2025-11-19 00:47:20,805 - pytest_runner - INFO - pytest finished with exit code 1
2025-11-19 00:47:20,805 - pytest_runner - INFO - pytest finished with exit code 1
2025-11-19 00:47:20,805 - pytest_runner - INFO - pytest finished with exit code 1
2025-11-19 00:47:20,805 - pytest_runner - INFO - pytest finished with exit code 1
2025-11-19 00:47:20,805 - pytest_runner - INFO - pytest finished with exit code 1
2025-11-19 00:47:20,805 - pytest_runner - INFO - pytest finished with exit code 1
2025-11-19 00:47:20,805 - pytest_runner - INFO - pytest finished with exit code 1
2025-11-19 00:47:20,805 - pytest_runner - INFO - pytest finished with exit code 1
2025-11-19 00:47:20,807 - pytest_runner - INFO - pytest finished with exit code 1
2025-11-19 00:47:20,807 - pytest_runner - INFO - pytest finished with exit code 1
2025-11-19 00:47:20,807 - pytest_runner - INFO - pytest finished with exit code 1
2025-11-19 00:47:20,807 - pytest_runner - INFO - pytest finished with exit code 1
2025-11-19 00:47:20,807 - pytest_runner - INFO - pytest finished with exit code 1
2025-11-19 00:47:20,807 - pytest_runner - INFO - pytest finished with exit code 1
2025-11-19 00:47:20,807 - pytest_runner - INFO - pytest finished with exit code 1
2025-11-19 00:47:20,808 - pytest_runner - INFO - pytest finished with exit code 1
2025-11-19 00:47:20,808 - pytest_runner - INFO - pytest finished with exit code 1
2025-11-19 00:47:20,808 - pytest_runner - INFO - pytest finished with exit code 1
2025-11-19 00:47:20,808 - pytest_runner - INFO - pytest finished with exit code 1
2025-11-19 00:47:20,808 - pytest_runner - INFO - pytest finished with exit code 1
2025-11-19 00:47:20,808 - pytest_runner - INFO - pytest finished with exit code 1
2025-11-19 00:47:20,809 - pytest_runner - INFO - pytest finished with exit code 1
2025-11-19 00:47:20,809 - pytest_runner - INFO - pytest finished with exit code 1
2025-11-19 00:47:20,809 - pytest_runner - INFO - pytest finished with exit code 1
2025-11-19 00:47:20,809 - pytest_runner - INFO - pytest finished with exit code 1
2025-11-19 00:47:20,809 - pytest_runner - INFO - pytest finished with exit code 1
2025-11-19 00:47:20,809 - pytest_runner - INFO - pytest finished with exit code 1
2025-11-19 00:47:20,809 - pytest_runner - INFO - pytest finished with exit code 1
2025-11-19 00:47:20,809 - pytest_runner - INFO - pytest finished with exit code 1
2025-11-19 00:47:20,810 - pytest_runner - INFO - pytest finished with exit code 1
2025-11-19 00:47:20,810 - pytest_runner - INFO - pytest finished with exit code 1
2025-11-19 00:47:20,810 - pytest_runner - INFO - pytest finished with exit code 1
2025-11-19 00:47:20,810 - pytest_runner - INFO - pytest finished with exit code 1
2025-11-19 00:47:20,810 - pytest_runner - INFO - pytest finished with exit code 1
2025-11-19 00:47:20,810 - pytest_runner - INFO - pytest finished with exit code 1
2025-11-19 00:47:20,810 - pytest_runner - INFO - pytest finished with exit code 1
2025-11-19 00:47:20,811 - pytest_runner - INFO - pytest finished with exit code 1
2025-11-19 00:47:20,811 - pytest_runner - INFO - pytest finished with exit code 1
2025-11-19 00:47:20,811 - pytest_runner - INFO - pytest finished with exit code 1
2025-11-19 00:47:20,811 - pytest_runner - INFO - pytest finished with exit code 1
2025-11-19 00:47:20,811 - pytest_runner - INFO - pytest finished with exit code 1
2025-11-19 00:47:20,811 - pytest_runner - INFO - pytest finished with exit code 1
2025-11-19 00:47:20,811 - pytest_runner - INFO - pytest finished with exit code 1
2025-11-19 00:47:20,811 - pytest_runner - INFO - pytest finished with exit code 1
2025-11-19 00:47:20,811 - pytest_runner - INFO - pytest finished with exit code 1
2025-11-19 00:47:20,811 - pytest_runner - INFO - pytest finished with exit code 1
2025-11-19 00:47:20,812 - pytest_runner - INFO - pytest finished with exit code 1
2025-11-19 00:47:20,812 - pytest_runner - INFO - pytest finished with exit code 1
2025-11-19 00:47:20,812 - pytest_runner - INFO - pytest finished with exit code 1
2025-11-19 00:47:20,812 - pytest_runner - INFO - pytest finished with exit code 1
2025-11-19 00:47:20,812 - pytest_runner - INFO - pytest finished with exit code 1
2025-11-19 00:47:20,812 - pytest_runner - INFO - pytest finished with exit code 1
2025-11-19 00:47:20,812 - pytest_runner - INFO - pytest finished with exit code 1
2025-11-19 00:47:20,812 - pytest_runner - INFO - pytest finished with exit code 1
2025-11-19 00:47:20,812 - pytest_runner - INFO - pytest finished with exit code 1
2025-11-19 00:47:20,812 - pytest_runner - INFO - pytest finished with exit code 1
2025-11-19 00:47:20,814 - pytest_runner - INFO - pytest finished with exit code 1
2025-11-19 00:47:20,814 - pytest_runner - INFO - pytest finished with exit code 1
2025-11-19 00:47:20,814 - pytest_runner - INFO - pytest finished with exit code 1
2025-11-19 00:47:20,814 - pytest_runner - INFO - pytest finished with exit code 1
2025-11-19 00:47:20,814 - pytest_runner - INFO - pytest finished with exit code 1
2025-11-19 00:47:20,814 - pytest_runner - INFO - pytest finished with exit code 1
2025-11-19 00:47:20,815 - pytest_runner - INFO - pytest finished with exit code 1
2025-11-19 00:47:20,815 - pytest_runner - INFO - pytest finished with exit code 1
2025-11-19 00:47:20,815 - pytest_runner - INFO - pytest finished with exit code 1
2025-11-19 00:47:20,815 - pytest_runner - INFO - pytest finished with exit code 1
2025-11-19 00:47:20,815 - pytest_runner - INFO - pytest finished with exit code 1
2025-11-19 00:47:20,815 - pytest_runner - INFO - pytest finished with exit code 1
2025-11-19 00:47:20,815 - pytest_runner - INFO - pytest finished with exit code 1
2025-11-19 00:47:20,815 - pytest_runner - INFO - pytest finished with exit code 1
2025-11-19 00:47:20,816 - pytest_runner - INFO - pytest finished with exit code 1
2025-11-19 00:47:20,816 - pytest_runner - INFO - pytest finished with exit code 1
2025-11-19 00:47:20,816 - pytest_runner - INFO - pytest finished with exit code 1
2025-11-19 00:47:20,816 - pytest_runner - INFO - pytest finished with exit code 1
2025-11-19 00:47:20,816 - pytest_runner - INFO - pytest finished with exit code 1
2025-11-19 00:47:20,816 - pytest_runner - INFO - pytest finished with exit code 1
2025-11-19 00:47:20,816 - pytest_runner - INFO - pytest finished with exit code 1
2025-11-19 00:47:20,816 - pytest_runner - INFO - pytest finished with exit code 1
2025-11-19 00:47:20,817 - pytest_runner - INFO - pytest finished with exit code 1
2025-11-19 00:47:20,817 - pytest_runner - INFO - pytest finished with exit code 1
2025-11-19 00:47:20,817 - pytest_runner - INFO - pytest finished with exit code 1
2025-11-19 00:47:20,817 - pytest_runner - INFO - pytest finished with exit code 1
2025-11-19 00:47:20,817 - pytest_runner - INFO - pytest finished with exit code 1
2025-11-19 00:47:20,818 - pytest_runner - INFO - pytest finished with exit code 1
2025-11-19 00:47:20,818 - pytest_runner - INFO - pytest finished with exit code 1
2025-11-19 00:47:20,818 - pytest_runner - INFO - pytest finished with exit code 1
2025-11-19 00:47:20,818 - pytest_runner - INFO - pytest finished with exit code 1
2025-11-19 00:47:20,819 - pytest_runner - INFO - pytest finished with exit code 1
2025-11-19 00:47:20,819 - pytest_runner - INFO - pytest finished with exit code 1
2025-11-19 00:47:20,819 - pytest_runner - INFO - pytest finished with exit code 1
2025-11-19 00:47:20,819 - pytest_runner - INFO - pytest finished with exit code 1
2025-11-19 00:47:20,819 - pytest_runner - INFO - pytest finished with exit code 1
2025-11-19 00:47:20,819 - pytest_runner - INFO - pytest finished with exit code 1
2025-11-19 00:47:20,820 - pytest_runner - INFO - pytest finished with exit code 1
2025-11-19 00:47:20,820 - pytest_runner - INFO - pytest finished with exit code 1
2025-11-19 00:47:20,820 - pytest_runner - INFO - pytest finished with exit code 1
2025-11-19 00:47:20,820 - pytest_runner - INFO - pytest finished with exit code 1
2025-11-19 00:47:20,820 - pytest_runner - INFO - pytest finished with exit code 1
2025-11-19 00:47:20,820 - pytest_runner - INFO - pytest finished with exit code 1
2025-11-19 00:47:20,820 - pytest_runner - INFO - pytest finished with exit code 1
2025-11-19 00:47:20,821 - pytest_runner - INFO - pytest finished with exit code 1
2025-11-19 00:47:20,821 - pytest_runner - INFO - pytest finished with exit code 1
2025-11-19 00:47:20,821 - pytest_runner - INFO - pytest finished with exit code 1
2025-11-19 00:47:20,821 - pytest_runner - INFO - pytest finished with exit code 1
2025-11-19 00:47:20,821 - pytest_runner - INFO - pytest finished with exit code 1
2025-11-19 00:47:20,821 - pytest_runner - INFO - pytest finished with exit code 1
2025-11-19 00:47:20,821 - pytest_runner - INFO - pytest finished with exit code 1
2025-11-19 00:47:20,821 - pytest_runner - INFO - pytest finished with exit code 1
2025-11-19 00:47:20,822 - pytest_runner - INFO - pytest finished with exit code 1
2025-11-19 00:47:20,822 - pytest_runner - INFO - pytest finished with exit code 1
2025-11-19 00:47:20,822 - pytest_runner - INFO - pytest finished with exit code 1
2025-11-19 00:47:20,822 - pytest_runner - INFO - pytest finished with exit code 1
2025-11-19 00:47:20,822 - pytest_runner - INFO - pytest finished with exit code 1
2025-11-19 00:47:20,822 - pytest_runner - INFO - pytest finished with exit code 1
2025-11-19 00:47:20,822 - pytest_runner - INFO - pytest finished with exit code 1
2025-11-19 00:47:20,823 - pytest_runner - INFO - pytest finished with exit code 1
2025-11-19 00:47:20,823 - pytest_runner - INFO - pytest finished with exit code 1
2025-11-19 00:47:20,823 - pytest_runner - INFO - pytest finished with exit code 1
2025-11-19 00:47:20,823 - pytest_runner - INFO - pytest finished with exit code 1
2025-11-19 00:47:20,823 - pytest_runner - INFO - pytest finished with exit code 1
2025-11-19 00:47:20,823 - pytest_runner - INFO - pytest finished with exit code 1
2025-11-19 00:47:20,823 - pytest_runner - INFO - pytest finished with exit code 1
2025-11-19 00:47:20,824 - pytest_runner - INFO - pytest finished with exit code 1
2025-11-19 00:47:20,824 - pytest_runner - INFO - pytest finished with exit code 1
2025-11-19 00:47:20,824 - pytest_runner - INFO - pytest finished with exit code 1
2025-11-19 00:47:20,824 - pytest_runner - INFO - pytest finished with exit code 1
2025-11-19 00:47:20,824 - pytest_runner - INFO - pytest finished with exit code 1
2025-11-19 00:47:20,824 - pytest_runner - INFO - pytest finished with exit code 1
2025-11-19 00:47:20,825 - pytest_runner - INFO - pytest finished with exit code 1
2025-11-19 00:47:20,825 - pytest_runner - INFO - pytest finished with exit code 1
2025-11-19 00:47:20,825 - pytest_runner - INFO - pytest finished with exit code 1
2025-11-19 00:47:20,825 - pytest_runner - INFO - pytest finished with exit code 1
2025-11-19 00:47:20,825 - pytest_runner - INFO - pytest finished with exit code 1
2025-11-19 00:47:20,825 - pytest_runner - INFO - pytest finished with exit code 1
2025-11-19 00:47:20,826 - pytest_runner - INFO - pytest finished with exit code 1
2025-11-19 00:47:20,826 - pytest_runner - INFO - pytest finished with exit code 1
2025-11-19 00:47:20,826 - pytest_runner - INFO - pytest finished with exit code 1
2025-11-19 00:47:20,826 - pytest_runner - INFO - pytest finished with exit code 1
2025-11-19 00:47:20,826 - pytest_runner - INFO - pytest finished with exit code 1
2025-11-19 00:47:20,826 - pytest_runner - INFO - pytest finished with exit code 1
2025-11-19 00:47:20,827 - pytest_runner - INFO - pytest finished with exit code 1
2025-11-19 00:47:20,827 - pytest_runner - INFO - pytest finished with exit code 1
2025-11-19 00:47:20,827 - pytest_runner - INFO - pytest finished with exit code 1
2025-11-19 00:47:20,827 - pytest_runner - INFO - pytest finished with exit code 1
2025-11-19 00:47:20,827 - pytest_runner - INFO - pytest finished with exit code 1
2025-11-19 00:47:20,827 - pytest_runner - INFO - pytest finished with exit code 1
2025-11-19 00:47:20,827 - pytest_runner - INFO - pytest finished with exit code 1
2025-11-19 00:47:20,827 - pytest_runner - INFO - pytest finished with exit code 1
2025-11-19 00:47:20,827 - pytest_runner - INFO - pytest finished with exit code 1
2025-11-19 00:47:20,827 - pytest_runner - INFO - pytest finished with exit code 1
2025-11-19 00:47:20,828 - pytest_runner - INFO - pytest finished with exit code 1
2025-11-19 00:47:20,828 - pytest_runner - INFO - pytest finished with exit code 1
2025-11-19 00:47:20,828 - pytest_runner - INFO - pytest finished with exit code 1
2025-11-19 00:47:20,828 - pytest_runner - INFO - pytest finished with exit code 1
2025-11-19 00:47:20,828 - pytest_runner - INFO - pytest finished with exit code 1
2025-11-19 00:47:20,828 - pytest_runner - INFO - pytest finished with exit code 1
2025-11-19 00:47:20,828 - pytest_runner - INFO - pytest finished with exit code 1
2025-11-19 00:47:20,830 - pytest_runner - INFO - pytest finished with exit code 1
2025-11-19 00:47:20,830 - pytest_runner - INFO - pytest finished with exit code 1
2025-11-19 00:47:20,830 - pytest_runner - INFO - pytest finished with exit code 1
2025-11-19 00:47:20,830 - pytest_runner - INFO - pytest finished with exit code 1
2025-11-19 00:47:20,830 - pytest_runner - INFO - pytest finished with exit code 1
2025-11-19 00:47:20,830 - pytest_runner - INFO - pytest finished with exit code 1
2025-11-19 00:47:20,831 - pytest_runner - INFO - pytest finished with exit code 1
2025-11-19 00:47:20,831 - pytest_runner - INFO - pytest finished with exit code 1
2025-11-19 00:47:20,831 - pytest_runner - INFO - pytest finished with exit code 1
2025-11-19 00:47:20,831 - pytest_runner - INFO - pytest finished with exit code 1
2025-11-19 00:47:20,831 - pytest_runner - INFO - pytest finished with exit code 1
2025-11-19 00:47:20,831 - pytest_runner - INFO - pytest finished with exit code 1
2025-11-19 00:47:20,831 - pytest_runner - INFO - pytest finished with exit code 1
2025-11-19 00:47:20,832 - pytest_runner - INFO - pytest finished with exit code 1
2025-11-19 00:47:20,832 - pytest_runner - INFO - pytest finished with exit code 1
2025-11-19 00:47:20,832 - pytest_runner - INFO - pytest finished with exit code 1
2025-11-19 00:47:20,832 - pytest_runner - INFO - pytest finished with exit code 1
2025-11-19 00:47:20,832 - pytest_runner - INFO - pytest finished with exit code 1
2025-11-19 00:47:20,832 - pytest_runner - INFO - pytest finished with exit code 1
2025-11-19 00:47:20,832 - pytest_runner - INFO - pytest finished with exit code 1
2025-11-19 00:47:20,833 - pytest_runner - INFO - pytest finished with exit code 1
2025-11-19 00:47:20,833 - pytest_runner - INFO - pytest finished with exit code 1
2025-11-19 00:47:20,833 - pytest_runner - INFO - pytest finished with exit code 1
2025-11-19 00:47:20,833 - pytest_runner - INFO - pytest finished with exit code 1
2025-11-19 00:47:20,833 - pytest_runner - INFO - pytest finished with exit code 1
2025-11-19 00:47:20,833 - pytest_runner - INFO - pytest finished with exit code 1
2025-11-19 00:47:20,833 - pytest_runner - INFO - pytest finished with exit code 1
2025-11-19 00:47:20,834 - pytest_runner - INFO - pytest finished with exit code 1
2025-11-19 00:47:20,834 - pytest_runner - INFO - pytest finished with exit code 1
2025-11-19 00:47:20,834 - pytest_runner - INFO - pytest finished with exit code 1
2025-11-19 00:47:20,834 - pytest_runner - INFO - pytest finished with exit code 1
2025-11-19 00:47:20,834 - pytest_runner - INFO - pytest finished with exit code 1
2025-11-19 00:47:20,834 - pytest_runner - INFO - pytest finished with exit code 1
2025-11-19 00:47:20,834 - pytest_runner - INFO - pytest finished with exit code 1
2025-11-19 00:47:20,834 - pytest_runner - INFO - pytest finished with exit code 1
2025-11-19 00:47:20,835 - pytest_runner - INFO - pytest finished with exit code 1
2025-11-19 00:47:20,835 - pytest_runner - INFO - pytest finished with exit code 1
2025-11-19 00:47:20,835 - pytest_runner - INFO - pytest finished with exit code 1
2025-11-19 00:47:20,835 - pytest_runner - INFO - pytest finished with exit code 1
2025-11-19 00:47:20,835 - pytest_runner - INFO - pytest finished with exit code 1
2025-11-19 00:47:20,835 - pytest_runner - INFO - pytest finished with exit code 1
2025-11-19 00:47:20,835 - pytest_runner - INFO - pytest finished with exit code 1
2025-11-19 00:47:20,835 - pytest_runner - INFO - pytest finished with exit code 1
2025-11-19 00:47:20,835 - pytest_runner - INFO - pytest finished with exit code 1
2025-11-19 00:47:20,835 - pytest_runner - INFO - pytest finished with exit code 1
2025-11-19 00:47:20,835 - pytest_runner - INFO - pytest finished with exit code 1
2025-11-19 00:47:20,837 - pytest_runner - INFO - pytest finished with exit code 1
2025-11-19 00:47:20,837 - pytest_runner - INFO - pytest finished with exit code 1
2025-11-19 00:47:20,837 - pytest_runner - INFO - pytest finished with exit code 1
2025-11-19 00:47:20,837 - pytest_runner - INFO - pytest finished with exit code 1
2025-11-19 00:47:20,837 - pytest_runner - INFO - pytest finished with exit code 1
2025-11-19 00:47:20,837 - pytest_runner - INFO - pytest finished with exit code 1
2025-11-19 00:47:20,837 - pytest_runner - INFO - pytest finished with exit code 1
2025-11-19 00:47:20,837 - pytest_runner - INFO - pytest finished with exit code 1
2025-11-19 00:47:20,837 - pytest_runner - INFO - pytest finished with exit code 1
2025-11-19 00:47:20,837 - pytest_runner - INFO - pytest finished with exit code 1
2025-11-19 00:47:20,837 - pytest_runner - INFO - pytest finished with exit code 1
2025-11-19 00:47:20,837 - pytest_runner - INFO - pytest finished with exit code 1
2025-11-19 00:47:20,837 - pytest_runner - INFO - pytest finished with exit code 1
2025-11-19 00:47:20,839 - pytest_runner - INFO - pytest finished with exit code 1
2025-11-19 00:47:20,839 - pytest_runner - INFO - pytest finished with exit code 1
2025-11-19 00:47:20,839 - pytest_runner - INFO - pytest finished with exit code 1
2025-11-19 00:47:20,839 - pytest_runner - INFO - pytest finished with exit code 1
2025-11-19 00:47:20,839 - pytest_runner - INFO - pytest finished with exit code 1
2025-11-19 00:47:20,839 - pytest_runner - INFO - pytest finished with exit code 1
2025-11-19 00:47:20,839 - pytest_runner - INFO - pytest finished with exit code 1
2025-11-19 00:47:20,839 - pytest_runner - INFO - pytest finished with exit code 1
2025-11-19 00:47:20,839 - pytest_runner - INFO - pytest finished with exit code 1
2025-11-19 00:47:20,839 - pytest_runner - INFO - pytest finished with exit code 1
2025-11-19 00:47:20,840 - pytest_runner - INFO - pytest finished with exit code 1
2025-11-19 00:47:20,840 - pytest_runner - INFO - pytest finished with exit code 1
2025-11-19 00:47:20,840 - pytest_runner - INFO - pytest finished with exit code 1
2025-11-19 00:47:20,840 - pytest_runner - INFO - pytest finished with exit code 1
2025-11-19 00:47:20,840 - pytest_runner - INFO - pytest finished with exit code 1
2025-11-19 00:47:20,840 - pytest_runner - INFO - pytest finished with exit code 1
2025-11-19 00:47:20,841 - pytest_runner - INFO - pytest finished with exit code 1
2025-11-19 00:47:20,841 - pytest_runner - INFO - pytest finished with exit code 1
2025-11-19 00:47:20,841 - pytest_runner - INFO - pytest finished with exit code 1
2025-11-19 00:47:20,841 - pytest_runner - INFO - pytest finished with exit code 1
2025-11-19 00:47:20,841 - pytest_runner - INFO - pytest finished with exit code 1
2025-11-19 00:47:20,842 - pytest_runner - INFO - pytest finished with exit code 1
2025-11-19 00:47:20,842 - pytest_runner - INFO - pytest finished with exit code 1
2025-11-19 00:47:20,842 - pytest_runner - INFO - pytest finished with exit code 1
2025-11-19 00:47:20,842 - pytest_runner - INFO - pytest finished with exit code 1
2025-11-19 00:47:20,842 - pytest_runner - INFO - pytest finished with exit code 1
2025-11-19 00:47:20,842 - pytest_runner - INFO - pytest finished with exit code 1
2025-11-19 00:47:20,842 - pytest_runner - INFO - pytest finished with exit code 1
2025-11-19 00:47:20,842 - pytest_runner - INFO - pytest finished with exit code 1
2025-11-19 00:47:20,842 - pytest_runner - INFO - pytest finished with exit code 1
2025-11-19 00:47:20,844 - pytest_runner - INFO - pytest finished with exit code 1
2025-11-19 00:47:20,844 - pytest_runner - INFO - pytest finished with exit code 1
2025-11-19 00:47:20,844 - pytest_runner - INFO - pytest finished with exit code 1
2025-11-19 00:47:20,844 - pytest_runner - INFO - pytest finished with exit code 1
2025-11-19 00:47:20,844 - pytest_runner - INFO - pytest finished with exit code 1
2025-11-19 00:47:20,844 - pytest_runner - INFO - pytest finished with exit code 1
2025-11-19 00:47:20,844 - pytest_runner - INFO - pytest finished with exit code 1
2025-11-19 00:47:20,844 - pytest_runner - INFO - pytest finished with exit code 1
2025-11-19 00:47:20,844 - pytest_runner - INFO - pytest finished with exit code 1
2025-11-19 00:47:20,844 - pytest_runner - INFO - pytest finished with exit code 1
2025-11-19 00:47:20,844 - pytest_runner - INFO - pytest finished with exit code 1
2025-11-19 00:47:20,845 - pytest_runner - INFO - pytest finished with exit code 1
2025-11-19 00:47:20,845 - pytest_runner - INFO - pytest finished with exit code 1
2025-11-19 00:47:20,845 - pytest_runner - INFO - pytest finished with exit code 1
2025-11-19 00:47:20,845 - pytest_runner - INFO - pytest finished with exit code 1
2025-11-19 00:47:20,845 - pytest_runner - INFO - pytest finished with exit code 1
2025-11-19 00:47:20,845 - pytest_runner - INFO - pytest finished with exit code 1
2025-11-19 00:47:20,846 - pytest_runner - INFO - pytest finished with exit code 1
2025-11-19 00:47:20,846 - pytest_runner - INFO - pytest finished with exit code 1
2025-11-19 00:47:20,846 - pytest_runner - INFO - pytest finished with exit code 1
2025-11-19 00:47:20,846 - pytest_runner - INFO - pytest finished with exit code 1
2025-11-19 00:47:20,846 - pytest_runner - INFO - pytest finished with exit code 1
2025-11-19 00:47:20,846 - pytest_runner - INFO - pytest finished with exit code 1
2025-11-19 00:47:20,846 - pytest_runner - INFO - pytest finished with exit code 1
2025-11-19 00:47:20,846 - pytest_runner - INFO - pytest finished with exit code 1
2025-11-19 00:47:20,846 - pytest_runner - INFO - pytest finished with exit code 1
2025-11-19 00:47:20,846 - pytest_runner - INFO - pytest finished with exit code 1
2025-11-19 00:47:20,846 - pytest_runner - INFO - pytest finished with exit code 1
2025-11-19 00:47:20,848 - pytest_runner - INFO - pytest finished with exit code 1
2025-11-19 00:47:20,848 - pytest_runner - INFO - pytest finished with exit code 1
2025-11-19 00:47:20,848 - pytest_runner - INFO - pytest finished with exit code 1
2025-11-19 00:47:20,848 - pytest_runner - INFO - pytest finished with exit code 1
2025-11-19 00:47:20,848 - pytest_runner - INFO - pytest finished with exit code 1
2025-11-19 00:47:20,848 - pytest_runner - INFO - pytest finished with exit code 1
2025-11-19 00:47:20,848 - pytest_runner - INFO - pytest finished with exit code 1
2025-11-19 00:47:20,849 - pytest_runner - INFO - pytest finished with exit code 1
2025-11-19 00:47:20,849 - pytest_runner - INFO - pytest finished with exit code 1
2025-11-19 00:47:20,849 - pytest_runner - INFO - pytest finished with exit code 1
2025-11-19 00:47:20,849 - pytest_runner - INFO - pytest finished with exit code 1
2025-11-19 00:47:20,849 - pytest_runner - INFO - pytest finished with exit code 1
2025-11-19 00:47:20,849 - pytest_runner - INFO - pytest finished with exit code 1
2025-11-19 00:47:20,849 - pytest_runner - INFO - pytest finished with exit code 1
2025-11-19 00:47:20,849 - pytest_runner - INFO - pytest finished with exit code 1
2025-11-19 00:47:20,849 - pytest_runner - INFO - pytest finished with exit code 1
2025-11-19 00:47:20,851 - pytest_runner - INFO - pytest finished with exit code 1
2025-11-19 00:47:20,851 - pytest_runner - INFO - pytest finished with exit code 1
2025-11-19 00:47:20,851 - pytest_runner - INFO - pytest finished with exit code 1
2025-11-19 00:47:20,851 - pytest_runner - INFO - pytest finished with exit code 1
2025-11-19 00:47:20,851 - pytest_runner - INFO - pytest finished with exit code 1
2025-11-19 00:47:20,851 - pytest_runner - INFO - pytest finished with exit code 1
2025-11-19 00:47:20,851 - pytest_runner - INFO - pytest finished with exit code 1
2025-11-19 00:47:20,852 - pytest_runner - INFO - pytest finished with exit code 1
2025-11-19 00:47:20,852 - pytest_runner - INFO - pytest finished with exit code 1
2025-11-19 00:47:20,852 - pytest_runner - INFO - pytest finished with exit code 1
2025-11-19 00:47:20,852 - pytest_runner - INFO - pytest finished with exit code 1
2025-11-19 00:47:20,852 - pytest_runner - INFO - pytest finished with exit code 1
2025-11-19 00:47:20,852 - pytest_runner - INFO - pytest finished with exit code 1
2025-11-19 00:47:20,852 - pytest_runner - INFO - pytest finished with exit code 1
2025-11-19 00:47:20,852 - pytest_runner - INFO - pytest finished with exit code 1
2025-11-19 00:47:20,853 - pytest_runner - INFO - pytest finished with exit code 1
2025-11-19 00:47:20,853 - pytest_runner - INFO - pytest finished with exit code 1
2025-11-19 00:47:20,853 - pytest_runner - INFO - pytest finished with exit code 1
2025-11-19 00:47:20,853 - pytest_runner - INFO - pytest finished with exit code 1
2025-11-19 00:47:20,853 - pytest_runner - INFO - pytest finished with exit code 1
2025-11-19 00:47:20,853 - pytest_runner - INFO - pytest finished with exit code 1
2025-11-19 00:47:20,853 - pytest_runner - INFO - pytest finished with exit code 1
2025-11-19 00:47:20,854 - pytest_runner - INFO - pytest finished with exit code 1
2025-11-19 00:47:20,854 - pytest_runner - INFO - pytest finished with exit code 1
2025-11-19 00:47:20,854 - pytest_runner - INFO - pytest finished with exit code 1
2025-11-19 00:47:20,854 - pytest_runner - INFO - pytest finished with exit code 1
2025-11-19 00:47:20,854 - pytest_runner - INFO - pytest finished with exit code 1
2025-11-19 00:47:20,854 - pytest_runner - INFO - pytest finished with exit code 1
2025-11-19 00:47:20,854 - pytest_runner - INFO - pytest finished with exit code 1
2025-11-19 00:47:20,855 - pytest_runner - INFO - pytest finished with exit code 1
2025-11-19 00:47:20,855 - pytest_runner - INFO - pytest finished with exit code 1
2025-11-19 00:47:20,855 - pytest_runner - INFO - pytest finished with exit code 1
2025-11-19 00:47:20,855 - pytest_runner - INFO - pytest finished with exit code 1
2025-11-19 00:47:20,855 - pytest_runner - INFO - pytest finished with exit code 1
2025-11-19 00:47:20,855 - pytest_runner - INFO - pytest finished with exit code 1
2025-11-19 00:47:20,855 - pytest_runner - INFO - pytest finished with exit code 1
2025-11-19 00:47:20,855 - pytest_runner - INFO - pytest finished with exit code 1
2025-11-19 00:47:20,856 - pytest_runner - INFO - pytest finished with exit code 1
2025-11-19 00:47:20,856 - pytest_runner - INFO - pytest finished with exit code 1
2025-11-19 00:47:20,856 - pytest_runner - INFO - pytest finished with exit code 1
2025-11-19 00:47:20,856 - pytest_runner - INFO - pytest finished with exit code 1
2025-11-19 00:47:20,856 - pytest_runner - INFO - pytest finished with exit code 1
2025-11-19 00:47:20,856 - pytest_runner - INFO - pytest finished with exit code 1
2025-11-19 00:47:20,856 - pytest_runner - INFO - pytest finished with exit code 1
2025-11-19 00:47:20,856 - pytest_runner - INFO - pytest finished with exit code 1
2025-11-19 00:47:20,857 - pytest_runner - INFO - pytest finished with exit code 1
2025-11-19 00:47:20,857 - pytest_runner - INFO - pytest finished with exit code 1
2025-11-19 00:47:20,857 - pytest_runner - INFO - pytest finished with exit code 1
2025-11-19 00:47:20,857 - pytest_runner - INFO - pytest finished with exit code 1
2025-11-19 00:47:20,857 - pytest_runner - INFO - pytest finished with exit code 1
2025-11-19 00:47:20,857 - pytest_runner - INFO - pytest finished with exit code 1
2025-11-19 00:47:20,857 - pytest_runner - INFO - pytest finished with exit code 1
2025-11-19 00:47:20,858 - pytest_runner - INFO - pytest finished with exit code 1
2025-11-19 00:47:20,858 - pytest_runner - INFO - pytest finished with exit code 1
2025-11-19 00:47:20,858 - pytest_runner - INFO - pytest finished with exit code 1
2025-11-19 00:47:20,858 - pytest_runner - INFO - pytest finished with exit code 1
2025-11-19 00:47:20,858 - pytest_runner - INFO - pytest finished with exit code 1
2025-11-19 00:47:20,858 - pytest_runner - INFO - pytest finished with exit code 1
2025-11-19 00:47:20,858 - pytest_runner - INFO - pytest finished with exit code 1
2025-11-19 00:47:20,858 - pytest_runner - INFO - pytest finished with exit code 1
2025-11-19 00:47:20,859 - pytest_runner - INFO - pytest finished with exit code 1
2025-11-19 00:47:20,859 - pytest_runner - INFO - pytest finished with exit code 1
2025-11-19 00:47:20,859 - pytest_runner - INFO - pytest finished with exit code 1
2025-11-19 00:47:20,859 - pytest_runner - INFO - pytest finished with exit code 1
2025-11-19 00:47:20,859 - pytest_runner - INFO - pytest finished with exit code 1
2025-11-19 00:47:20,859 - pytest_runner - INFO - pytest finished with exit code 1
2025-11-19 00:47:20,860 - pytest_runner - INFO - pytest finished with exit code 1
2025-11-19 00:47:20,860 - pytest_runner - INFO - pytest finished with exit code 1
2025-11-19 00:47:20,860 - pytest_runner - INFO - pytest finished with exit code 1
2025-11-19 00:47:20,860 - pytest_runner - INFO - pytest finished with exit code 1
2025-11-19 00:47:20,860 - pytest_runner - INFO - pytest finished with exit code 1
2025-11-19 00:47:20,860 - pytest_runner - INFO - pytest finished with exit code 1
2025-11-19 00:47:20,861 - pytest_runner - INFO - pytest finished with exit code 1
2025-11-19 00:47:20,861 - pytest_runner - INFO - pytest finished with exit code 1
2025-11-19 00:47:20,861 - pytest_runner - INFO - pytest finished with exit code 1
2025-11-19 00:47:20,861 - pytest_runner - INFO - pytest finished with exit code 1
2025-11-19 00:47:20,861 - pytest_runner - INFO - pytest finished with exit code 1
2025-11-19 00:47:20,861 - pytest_runner - INFO - pytest finished with exit code 1
2025-11-19 00:47:20,861 - pytest_runner - INFO - pytest finished with exit code 1
2025-11-19 00:47:20,861 - pytest_runner - INFO - pytest finished with exit code 1
2025-11-19 00:47:20,861 - pytest_runner - INFO - pytest finished with exit code 1
2025-11-19 00:47:20,862 - pytest_runner - INFO - pytest finished with exit code 1
2025-11-19 00:47:20,862 - pytest_runner - INFO - pytest finished with exit code 1
2025-11-19 01:00:31,955 - pytest_runner - INFO - pytest.py starting with args: ['tests/test_widgets_media_integration.py', '-vv']
2025-11-19 01:00:33,634 - pytest_runner - INFO - pytest finished with exit code 1
2025-11-19 01:00:59,294 - pytest_runner - INFO - pytest.py starting with args: ['tests/test_widgets_media_integration.py', '-vv']
2025-11-19 01:01:00,565 - pytest_runner - INFO - pytest finished with exit code 1
2025-11-19 01:06:14,283 - pytest_runner - INFO - pytest.py starting with args: ['tests/test_widgets_media_integration.py', '-vv']
2025-11-19 01:09:44,478 - pytest_runner - INFO - pytest.py starting with args: ['tests/test_widgets_media_integration.py', '-vv']
2025-11-19 01:14:02,894 - pytest_runner - INFO - pytest.py starting with args: ['tests/test_widgets_media_integration.py', '-vv']
2025-11-19 02:35:23,104 - pytest_runner - INFO - pytest.py starting with args: ['tests/test_widgets_media_integration.py', '-vv']
2025-11-19 02:35:24,139 - pytest_runner - INFO - pytest finished with exit code 0
2025-11-23 03:25:26,755 - pytest_runner - INFO - pytest.py starting with args: ['-vv', '--maxfail=5', 'tests']
2025-11-23 12:58:53,886 - pytest_runner - INFO - pytest.py starting with args: ['-vv', '--maxfail=5', 'tests']
2025-11-24 15:38:47,142 - pytest_runner - INFO - pytest.py starting with args: ['-vv', '--maxfail=5', 'tests/test_events.py', 'tests/test_resources.py', 'tests/test_settings.py', 'tests/test_threading.py']
2025-11-24 15:38:48,149 - pytest_runner - INFO - pytest finished with exit code 0
2025-11-24 15:39:43,490 - pytest_runner - INFO - pytest.py starting with args: ['-vv', '--maxfail=5', 'tests/test_transitions.py', 'tests/test_transition_integration.py', 'tests/test_gl_prewarm.py']
2025-11-24 15:40:04,532 - pytest_runner - INFO - pytest finished with exit code 1
2025-11-24 15:43:36,124 - pytest_runner - INFO - pytest.py starting with args: ['-vv', '--maxfail=5', 'tests/test_transitions.py', 'tests/test_transition_integration.py', 'tests/test_gl_prewarm.py']
2025-11-24 15:43:57,067 - pytest_runner - INFO - pytest finished with exit code 1
2025-11-24 15:46:00,300 - pytest_runner - INFO - pytest.py starting with args: ['-vv', '--maxfail=5', 'tests/test_transitions.py', 'tests/test_transition_integration.py', 'tests/test_gl_prewarm.py']
2025-11-24 15:46:21,151 - pytest_runner - INFO - pytest finished with exit code 0
2025-12-04 04:23:06,046 - pytest_runner - INFO - pytest.py starting with args: ['tests/test_settings.py', 'tests/test_settings_dialog.py', '-q']
2025-12-04 04:23:11,352 - pytest_runner - INFO - pytest finished with exit code 0
2025-12-04 04:55:34,062 - pytest_runner - INFO - pytest.py starting with args: ['-q']
2025-12-04 04:55:36,586 - pytest_runner - INFO - pytest finished with exit code 2
2025-12-04 04:58:02,098 - pytest_runner - INFO - pytest.py starting with args: ['tests/test_pan_scan_integration.py', '-q']
2025-12-04 04:58:03,318 - pytest_runner - INFO - pytest finished with exit code 0
2025-12-04 05:00:39,557 - pytest_runner - INFO - pytest.py starting with args: ['tests/test_settings.py', 'tests/test_settings_dialog.py', 'tests/test_widgets_media_integration.py', 'tests/test_media_widget.py', '-q']
2025-12-04 13:40:12,376 - pytest_runner - INFO - pytest.py starting with args: ['tests/test_threading.py', '-vv']
2025-12-04 13:40:13,253 - pytest_runner - INFO - pytest finished with exit code 0
2025-12-04 14:07:42,954 - pytest_runner - INFO - pytest.py starting with args: ['tests/test_image_processor.py', 'tests/test_lanczos_scaling.py', 'tests/test_threading.py', '-vv']
2025-12-04 14:12:59,223 - pytest_runner - INFO - pytest.py starting with args: ['tests/test_image_processor.py', 'tests/test_lanczos_scaling.py', 'tests/test_threading.py', '-vv']
2025-12-04 14:15:30,170 - pytest_runner - INFO - pytest.py starting with args: ['tests/test_image_processor.py', '-vv']
2025-12-04 14:16:29,614 - pytest_runner - INFO - pytest.py starting with args: ['tests/test_image_processor.py::test_fill_mode_wider_image', '-vv']
2025-12-04 14:23:30,549 - pytest_runner - INFO - pytest.py starting with args: ['tests/test_image_processor.py', '-vv']
2025-12-04 14:24:02,840 - pytest_runner - INFO - pytest.py starting with args: ['tests/test_image_processor.py', '-vv']
2025-12-04 14:24:03,374 - pytest_runner - INFO - pytest finished with exit code 0
2025-12-04 14:24:38,171 - pytest_runner - INFO - pytest.py starting with args: ['tests/test_image_processor.py', 'tests/test_lanczos_scaling.py', 'tests/test_threading.py', '-vv']
2025-12-04 14:24:39,754 - pytest_runner - INFO - pytest finished with exit code 0
2025-12-04 14:41:30,627 - pytest_runner - INFO - pytest.py starting with args: ['tests/test_image_processor.py', 'tests/test_lanczos_scaling.py', 'tests/test_threading.py', '-vv']
2025-12-04 14:41:32,593 - pytest_runner - INFO - pytest finished with exit code 1
2025-12-04 14:44:04,104 - pytest_runner - INFO - pytest.py starting with args: ['tests/test_image_processor.py', 'tests/test_lanczos_scaling.py', 'tests/test_threading.py', '-vv']
2025-12-04 14:44:06,255 - pytest_runner - INFO - pytest finished with exit code 0
2025-12-04 14:53:38,458 - pytest_runner - INFO - pytest.py starting with args: ['tests/test_image_processor.py', 'tests/test_lanczos_scaling.py', 'tests/test_threading.py', '-vv']
2025-12-04 14:53:40,144 - pytest_runner - INFO - pytest finished with exit code 0
2025-12-04 14:58:38,094 - pytest_runner - INFO - pytest.py starting with args: ['tests/test_image_processor.py', 'tests/test_lanczos_scaling.py', 'tests/test_threading.py', '-vv']
2025-12-04 14:58:40,490 - pytest_runner - INFO - pytest finished with exit code 0
2025-12-04 15:10:01,125 - pytest_runner - INFO - pytest.py starting with args: ['tests/test_image_processor.py', 'tests/test_lanczos_scaling.py', 'tests/test_threading.py', '-vv']
2025-12-04 15:10:02,925 - pytest_runner - INFO - pytest finished with exit code 0
2025-12-04 15:14:26,960 - pytest_runner - INFO - pytest.py starting with args: ['tests/test_image_processor.py', 'tests/test_lanczos_scaling.py', 'tests/test_threading.py', '-vv']
2025-12-04 15:14:28,631 - pytest_runner - INFO - pytest finished with exit code 0
2025-12-04 16:23:15,322 - pytest_runner - INFO - pytest.py starting with args: ['tests/test_spotify_visualizer_widget.py', '-vv']
2025-12-04 16:23:17,442 - pytest_runner - INFO - pytest finished with exit code 1
2025-12-04 16:26:59,771 - pytest_runner - INFO - pytest.py starting with args: ['tests/test_spotify_visualizer_widget.py::test_spotify_visualizer_tick_respects_fps_cap', '-vv']
2025-12-04 16:27:00,781 - pytest_runner - INFO - pytest finished with exit code 0
2025-12-04 17:02:11,396 - pytest_runner - INFO - pytest.py starting with args: ['tests/test_spotify_visualizer_widget.py', '-vv']
2025-12-04 17:02:12,286 - pytest_runner - INFO - pytest finished with exit code 0
2025-12-05 22:25:34,966 - pytest_runner - INFO - pytest.py starting with args: ['--collect-only', '-q']
2025-12-05 22:25:37,732 - pytest_runner - INFO - pytest finished with exit code 0
2025-12-05 22:25:44,674 - pytest_runner - INFO - pytest.py starting with args: ['-x', '--tb=short']
2025-12-05 22:25:52,299 - pytest_runner - INFO - pytest finished with exit code 1
2025-12-05 22:26:52,157 - pytest_runner - INFO - pytest.py starting with args: ['tests/test_block_puzzle_flip.py', '-v', '--tb=short']
2025-12-05 22:26:54,406 - pytest_runner - INFO - pytest finished with exit code 0
2025-12-05 22:27:01,011 - pytest_runner - INFO - pytest.py starting with args: ['-x', '--tb=line', '-q']
2025-12-05 22:27:07,743 - pytest_runner - INFO - pytest finished with exit code 1
2025-12-05 22:27:19,786 - pytest_runner - INFO - pytest.py starting with args: ['tests/test_clock_widget.py::test_clock_signals', '-v', '--tb=short']
2025-12-05 22:27:21,964 - pytest_runner - INFO - pytest finished with exit code 0
2025-12-05 22:27:29,169 - pytest_runner - INFO - pytest.py starting with args: ['--ignore=tests/test_clock_widget.py', '-x', '--tb=line', '-q']
2025-12-05 22:27:48,908 - pytest_runner - INFO - pytest.py starting with args: ['--ignore=tests/test_clock_widget.py', '-x', '--tb=line', '-q']
2025-12-05 22:28:09,346 - pytest_runner - INFO - pytest.py starting with args: ['tests/test_animation.py', 'tests/test_threading.py', 'tests/test_image_processor.py', 'tests/test_image_queue.py', '-v', '--tb=short']
2025-12-05 22:28:12,978 - pytest_runner - INFO - pytest finished with exit code 0
2025-12-05 22:29:06,275 - pytest_runner - INFO - pytest.py starting with args: ['tests/test_gl_compositor_slide.py', 'tests/test_gl_compositor_crossfade.py', 'tests/test_transition_integration.py', '-v', '--tb=short']
2025-12-05 22:29:29,166 - pytest_runner - INFO - pytest finished with exit code 0
2025-12-05 22:29:37,186 - pytest_runner - INFO - pytest.py starting with args: ['tests/test_spotify_visualizer_widget.py', 'tests/test_settings.py', 'tests/test_integration.py', '-v', '--tb=short']
2025-12-05 22:30:12,771 - pytest_runner - INFO - pytest finished with exit code 1
2025-12-05 22:32:17,336 - pytest_runner - INFO - pytest.py starting with args: ['tests/test_spotify_visualizer_widget.py', '-v', '--tb=short']
2025-12-05 22:32:17,963 - pytest_runner - INFO - pytest finished with exit code 0
2025-12-05 22:32:25,202 - pytest_runner - INFO - pytest.py starting with args: ['--ignore=tests/test_clock_widget.py', '-q', '--tb=line']
2025-12-05 22:32:38,477 - pytest_runner - INFO - pytest.py starting with args: ['--ignore=tests/test_clock_widget.py', '-x', '--tb=short']
2025-12-05 22:32:51,367 - pytest_runner - INFO - pytest.py starting with args: ['tests/test_animation.py', 'tests/test_threading.py', 'tests/test_image_processor.py', 'tests/test_image_queue.py', 'tests/test_integration.py', 'tests/test_settings.py', 'tests/test_transition_integration.py', '-q']
2025-12-05 22:33:41,746 - pytest_runner - INFO - pytest finished with exit code 0
2025-12-05 22:42:44,213 - pytest_runner - INFO - pytest.py starting with args: ['tests/test_gl_compositor_slide.py', 'tests/test_gl_compositor_crossfade.py', 'tests/test_transition_integration.py', '-v', '--tb=short']
2025-12-05 22:43:07,970 - pytest_runner - INFO - pytest finished with exit code 0
2025-12-05 22:46:05,546 - pytest_runner - INFO - pytest.py starting with args: ['tests/test_animation.py', 'tests/test_threading.py', 'tests/test_transition_integration.py', 'tests/test_spotify_visualizer_widget.py', '-q']
2025-12-05 22:46:26,731 - pytest_runner - INFO - pytest finished with exit code 0
2025-12-05 22:50:46,655 - pytest_runner - INFO - pytest.py starting with args: ['-q']
2025-12-05 22:51:05,562 - pytest_runner - INFO - pytest.py starting with args: ['-v', '--tb=short']
2025-12-05 22:51:22,507 - pytest_runner - INFO - pytest.py starting with args: ['tests/test_clock_widget.py::test_clock_signals', '-v', '--tb=long']
2025-12-05 22:51:24,746 - pytest_runner - INFO - pytest finished with exit code 0
2025-12-05 22:51:34,857 - pytest_runner - INFO - pytest.py starting with args: ['-q']
2025-12-05 22:51:52,240 - pytest_runner - INFO - pytest.py starting with args: ['--tb=short']
2025-12-05 22:52:09,301 - pytest_runner - INFO - pytest.py starting with args: ['--tb=line']
2025-12-05 22:52:26,217 - pytest_runner - INFO - pytest.py starting with args: ['tests/test_clock_widget.py', '-v', '--tb=short']
2025-12-05 22:52:31,086 - pytest_runner - INFO - pytest finished with exit code 0
2025-12-05 22:52:39,154 - pytest_runner - INFO - pytest.py starting with args: ['tests/test_gl_compositor_slide.py', 'tests/test_gl_compositor_crossfade.py', 'tests/test_transition_integration.py', 'tests/test_animation.py', 'tests/test_threading.py', 'tests/test_spotify_visualizer_widget.py', '-v', '--tb=short']
2025-12-05 22:53:04,401 - pytest_runner - INFO - pytest finished with exit code 0
2025-12-05 22:56:51,705 - pytest_runner - INFO - pytest.py starting with args: ['tests/test_gl_compositor_slide.py', 'tests/test_gl_compositor_crossfade.py', 'tests/test_transition_integration.py', '-v', '--tb=short']
2025-12-05 22:57:14,688 - pytest_runner - INFO - pytest finished with exit code 0
2025-12-05 23:04:27,194 - pytest_runner - INFO - pytest.py starting with args: ['tests/test_spotify_visualizer_widget.py', '-v', '--tb=short']
2025-12-05 23:04:28,016 - pytest_runner - INFO - pytest finished with exit code 0
2025-12-05 23:10:42,086 - pytest_runner - INFO - pytest.py starting with args: ['tests/test_gl_compositor_slide.py', 'tests/test_gl_compositor_crossfade.py', 'tests/test_transition_integration.py', '-v', '--tb=short']
2025-12-05 23:11:04,857 - pytest_runner - INFO - pytest finished with exit code 0
2025-12-05 23:22:17,622 - pytest_runner - INFO - pytest.py starting with args: ['tests/test_gl_compositor_slide.py', 'tests/test_gl_compositor_crossfade.py', 'tests/test_transition_integration.py', '-v', '--tb=short']
2025-12-05 23:22:42,217 - pytest_runner - INFO - pytest finished with exit code 0
2025-12-05 23:33:56,811 - pytest_runner - INFO - pytest.py starting with args: ['tests/test_gl_compositor_slide.py', '-v', '--tb=short']
2025-12-05 23:33:59,847 - pytest_runner - INFO - pytest finished with exit code 0
2025-12-05 23:42:36,415 - pytest_runner - INFO - pytest.py starting with args: ['tests/test_gl_compositor_slide.py', '-v', '--tb=short']
2025-12-05 23:42:39,192 - pytest_runner - INFO - pytest finished with exit code 0
2025-12-05 23:44:08,990 - pytest_runner - INFO - pytest.py starting with args: ['tests/test_gl_compositor_slide.py', 'tests/test_transition_integration.py', '-v', '--tb=short']
2025-12-05 23:44:30,115 - pytest_runner - INFO - pytest finished with exit code 0
2025-12-05 23:57:01,332 - pytest_runner - INFO - pytest.py starting with args: ['tests/test_gl_compositor_slide.py', 'tests/test_transition_integration.py', '-v', '--tb=short']
2025-12-05 23:57:23,072 - pytest_runner - INFO - pytest finished with exit code 0
2025-12-06 00:02:04,737 - pytest_runner - INFO - pytest.py starting with args: ['tests/test_gl_compositor_slide.py', 'tests/test_transition_integration.py', '-v', '--tb=short']
2025-12-06 00:02:26,614 - pytest_runner - INFO - pytest finished with exit code 0
2025-12-06 00:15:32,673 - pytest_runner - INFO - pytest.py starting with args: ['tests/test_gl_compositor_slide.py', 'tests/test_transition_integration.py', '-v', '--tb=short']
2025-12-06 00:15:54,218 - pytest_runner - INFO - pytest finished with exit code 0
2025-12-06 00:23:15,787 - pytest_runner - INFO - pytest.py starting with args: ['tests/test_gl_compositor_slide.py', 'tests/test_transition_integration.py', '-v', '--tb=short']
2025-12-06 00:23:37,623 - pytest_runner - INFO - pytest finished with exit code 0
2025-12-06 00:37:23,411 - pytest_runner - INFO - pytest.py starting with args: ['tests/test_gl_compositor_slide.py', 'tests/test_transition_integration.py', '-v', '--tb=short']
2025-12-06 00:37:44,655 - pytest_runner - INFO - pytest finished with exit code 0
2025-12-06 00:54:02,036 - pytest_runner - INFO - pytest.py starting with args: ['tests/test_gl_compositor_slide.py', 'tests/test_transition_integration.py', '-v', '--tb=short']
2025-12-06 00:54:23,748 - pytest_runner - INFO - pytest finished with exit code 0
2025-12-06 01:01:43,202 - pytest_runner - INFO - pytest.py starting with args: ['tests/test_transition_integration.py', '-v', '--tb=short']
2025-12-06 01:02:02,402 - pytest_runner - INFO - pytest finished with exit code 0
2025-12-06 01:05:18,927 - pytest_runner - INFO - pytest.py starting with args: ['tests/test_slide_jitter.py', '-v', '-s']
2025-12-06 01:05:19,647 - pytest_runner - INFO - pytest finished with exit code 1
2025-12-06 01:05:48,079 - pytest_runner - INFO - pytest.py starting with args: ['tests/test_slide_jitter.py', '-v', '-s']
2025-12-06 01:05:49,447 - pytest_runner - INFO - pytest finished with exit code 1
2025-12-06 01:06:49,810 - pytest_runner - INFO - pytest.py starting with args: ['tests/test_slide_jitter.py', '-v', '-s']
2025-12-06 01:06:53,077 - pytest_runner - INFO - pytest finished with exit code 0
2025-12-06 01:21:50,564 - pytest_runner - INFO - pytest.py starting with args: ['tests/test_transition_integration.py', 'tests/test_slide_jitter.py', '-v', '--tb=short']
2025-12-06 01:22:12,413 - pytest_runner - INFO - pytest finished with exit code 0
2025-12-06 01:37:52,708 - pytest_runner - INFO - pytest.py starting with args: ['tests/test_transition_integration.py', 'tests/test_slide_jitter.py', '-v', '--tb=short']
2025-12-06 01:38:14,749 - pytest_runner - INFO - pytest finished with exit code 0
2025-12-06 01:42:45,259 - pytest_runner - INFO - pytest.py starting with args: ['tests/test_frame_timing_workload.py', '-v', '--tb=short']
2025-12-06 01:42:46,031 - pytest_runner - INFO - pytest finished with exit code 1
2025-12-06 01:45:06,489 - pytest_runner - INFO - pytest.py starting with args: ['tests/test_frame_timing_workload.py', '-v', '--tb=short']
2025-12-06 01:45:06,796 - pytest_runner - INFO - pytest finished with exit code 5
2025-12-06 01:45:17,767 - pytest_runner - INFO - pytest.py starting with args: ['tests/test_frame_timing_workload.py', '-v', '--tb=short']
2025-12-06 01:45:18,078 - pytest_runner - INFO - pytest finished with exit code 5
2025-12-06 01:45:23,551 - pytest_runner - INFO - pytest.py starting with args: ['tests/test_frame_timing_workload.py::TestFrameTimingWorkload', '-v', '--collect-only']
2025-12-06 01:45:23,851 - pytest_runner - INFO - pytest finished with exit code 4
2025-12-06 01:45:46,305 - pytest_runner - INFO - pytest.py starting with args: ['tests/test_frame_timing_workload.py', '-v', '--collect-only', '--ignore-glob=**/temp/*']
2025-12-06 01:45:46,610 - pytest_runner - INFO - pytest finished with exit code 5
2025-12-06 01:46:36,965 - pytest_runner - INFO - pytest.py starting with args: ['tests/test_frame_timing_workload.py', '-v', '--tb=short']
2025-12-06 01:46:37,272 - pytest_runner - INFO - pytest finished with exit code 5
2025-12-06 01:47:47,505 - pytest_runner - INFO - pytest.py starting with args: ['tests/test_frame_timing_workload.py', '-v', '--tb=short']
2025-12-06 01:48:01,419 - pytest_runner - INFO - pytest finished with exit code 0
2025-12-06 01:51:11,864 - pytest_runner - INFO - pytest.py starting with args: ['tests/test_spotify_visualizer_widget.py', '-v', '--tb=short']
2025-12-06 01:51:12,667 - pytest_runner - INFO - pytest finished with exit code 0
2025-12-06 02:09:30,921 - pytest_runner - INFO - pytest.py starting with args: ['tests/test_spotify_visualizer_widget.py', '-v', '--tb=short']
2025-12-06 02:09:31,751 - pytest_runner - INFO - pytest finished with exit code 0
2025-12-06 02:09:38,284 - pytest_runner - INFO - pytest.py starting with args: ['tests/test_frame_timing_workload.py', '-v', '--tb=short']
2025-12-06 02:09:52,570 - pytest_runner - INFO - pytest finished with exit code 0
2025-12-06 02:12:31,290 - pytest_runner - INFO - pytest.py starting with args: ['tests/test_animation_manager.py', 'tests/test_spotify_visualizer_widget.py', '-v', '--tb=short']
2025-12-06 02:12:31,650 - pytest_runner - INFO - pytest finished with exit code 4
2025-12-06 02:12:41,873 - pytest_runner - INFO - pytest.py starting with args: ['tests/test_spotify_visualizer_widget.py', 'tests/test_frame_timing_workload.py', '-v', '--tb=short']
2025-12-06 02:12:56,291 - pytest_runner - INFO - pytest finished with exit code 0
2025-12-06 02:21:02,268 - pytest_runner - INFO - pytest.py starting with args: ['tests/test_frame_timing_workload.py', 'tests/test_transition_integration.py', '-v', '--tb=short']
2025-12-06 02:21:34,621 - pytest_runner - INFO - pytest finished with exit code 0
2025-12-06 02:24:48,069 - pytest_runner - INFO - pytest.py starting with args: ['tests/test_perf_dt_max.py', '-v', '-s']
2025-12-06 02:25:13,631 - pytest_runner - INFO - pytest finished with exit code 0
2025-12-06 02:54:05,447 - pytest_runner - INFO - pytest.py starting with args: ['tests/test_perf_dt_max.py', 'tests/test_transition_integration.py', '-v', '--tb=short']
2025-12-06 02:54:50,019 - pytest_runner - INFO - pytest finished with exit code 1
2025-12-06 02:55:24,423 - pytest_runner - INFO - pytest.py starting with args: ['tests/test_perf_dt_max.py', '-v', '-s']
2025-12-06 02:55:50,090 - pytest_runner - INFO - pytest finished with exit code 0
2025-12-06 16:52:03,482 - pytest_runner - INFO - pytest.py starting with args: ['--quick']
2025-12-06 16:52:04,104 - pytest_runner - INFO - pytest finished with exit code 4
2025-12-06 16:52:10,842 - pytest_runner - INFO - pytest.py starting with args: ['tests/test_core_managers.py', '-v', '--tb=short']
2025-12-06 16:52:11,358 - pytest_runner - INFO - pytest finished with exit code 4
2025-12-06 16:52:24,127 - pytest_runner - INFO - pytest.py starting with args: ['tests/test_resources.py', '-v', '--tb=short']
2025-12-06 16:52:24,636 - pytest_runner - INFO - pytest finished with exit code 0
2025-12-06 16:52:32,231 - pytest_runner - INFO - pytest.py starting with args: ['tests/test_animation.py', 'tests/test_gl_compositor_slide.py', 'tests/test_flicker_fix_integration.py', '-v', '--tb=short']
2025-12-06 16:52:38,272 - pytest_runner - INFO - pytest finished with exit code 0
2025-12-06 16:53:44,191 - pytest_runner - INFO - pytest.py starting with args: ['tests/test_resource_pooling.py', '-v', '--tb=short']
2025-12-06 16:53:51,801 - pytest_runner - INFO - pytest.py starting with args: ['tests/test_resource_pooling.py', '-v', '--tb=short']
2025-12-06 16:53:59,568 - pytest_runner - INFO - pytest.py starting with args: ['tests/test_resource_pooling.py', '--tb=short']
2025-12-06 16:54:13,417 - pytest_runner - INFO - pytest.py starting with args: ['tests/test_resource_pooling.py', '-x']
2025-12-06 16:56:07,560 - pytest_runner - INFO - pytest.py starting with args: ['tests/test_resource_pooling.py::TestPixmapPooling::test_acquire_returns_none_when_empty', '-v', '--timeout=10']
2025-12-06 16:56:07,913 - pytest_runner - INFO - pytest finished with exit code 4
2025-12-06 16:56:14,127 - pytest_runner - INFO - pytest.py starting with args: ['tests/test_resource_pooling.py::TestPixmapPooling::test_acquire_returns_none_when_empty', '-v']
2025-12-06 16:56:14,543 - pytest_runner - INFO - pytest finished with exit code 0
2025-12-06 16:56:21,000 - pytest_runner - INFO - pytest.py starting with args: ['tests/test_resource_pooling.py::TestPixmapPooling', '-v']
2025-12-06 16:57:29,310 - pytest_runner - INFO - pytest.py starting with args: ['tests/test_resource_pooling.py', '-v']
2025-12-06 16:57:29,838 - pytest_runner - INFO - pytest finished with exit code 0
2025-12-06 16:57:36,454 - pytest_runner - INFO - pytest.py starting with args: ['tests/test_resources.py', 'tests/test_resource_pooling.py', 'tests/test_animation.py', 'tests/test_settings.py', '-v']
2025-12-06 16:57:38,913 - pytest_runner - INFO - pytest finished with exit code 0
2025-12-06 17:19:23,695 - pytest_runner - INFO - pytest.py starting with args: ['tests/test_gl_compositor_slide.py', 'tests/test_resource_pooling.py', '-v', '--tb=short']
2025-12-06 17:19:27,473 - pytest_runner - INFO - pytest finished with exit code 0
2025-12-06 17:20:34,929 - pytest_runner - INFO - pytest.py starting with args: ['tests/test_settings.py', 'tests/test_animation.py', 'tests/test_resources.py', '-v', '--tb=short']
2025-12-06 17:20:37,259 - pytest_runner - INFO - pytest finished with exit code 0
2025-12-11 03:00:10,965 - pytest_runner - INFO - pytest.py starting with args: ['tests/test_dimming_and_interaction_fixes.py', '-v', '--tb=short']
2025-12-11 03:00:12,930 - pytest_runner - INFO - pytest finished with exit code 1
2025-12-11 03:00:52,301 - pytest_runner - INFO - pytest.py starting with args: ['tests/test_dimming_and_interaction_fixes.py', '-v', '--tb=short']
2025-12-11 03:00:53,911 - pytest_runner - INFO - pytest finished with exit code 1
2025-12-11 03:01:20,318 - pytest_runner - INFO - pytest.py starting with args: ['tests/test_dimming_and_interaction_fixes.py', '-v', '--tb=short']
2025-12-11 03:01:21,930 - pytest_runner - INFO - pytest finished with exit code 0
2025-12-11 03:18:53,371 - pytest_runner - INFO - pytest.py starting with args: ['tests/test_dimming_and_interaction_fixes.py', '-v', '--tb=short']
2025-12-11 03:18:54,826 - pytest_runner - INFO - pytest finished with exit code 0
2025-12-11 03:19:31,630 - pytest_runner - INFO - pytest.py starting with args: ['tests/test_dimming_and_interaction_fixes.py', '-v', '--tb=short']
2025-12-11 03:19:32,754 - pytest_runner - INFO - pytest finished with exit code 0
2025-12-11 03:20:50,641 - pytest_runner - INFO - pytest.py starting with args: ['tests/test_dimming_and_interaction_fixes.py', '-v', '--tb=short']
2025-12-11 03:20:51,869 - pytest_runner - INFO - pytest finished with exit code 0
2025-12-11 04:12:35,080 - pytest_runner - INFO - pytest.py starting with args: ['tests/test_dimming_and_interaction_fixes.py', '-v', '--tb=short']
2025-12-11 04:12:36,950 - pytest_runner - INFO - pytest finished with exit code 1
2025-12-11 04:13:09,732 - pytest_runner - INFO - pytest.py starting with args: ['tests/test_dimming_and_interaction_fixes.py', '-v', '--tb=short']
2025-12-11 04:13:11,596 - pytest_runner - INFO - pytest finished with exit code 0
2025-12-11 11:55:32,718 - pytest_runner - INFO - pytest.py starting with args: ['tests/test_dimming_and_interaction_fixes.py', 'tests/test_threading.py', '-v', '--tb=short']
2025-12-11 11:55:34,007 - pytest_runner - INFO - pytest finished with exit code 0
2025-12-11 11:57:37,085 - pytest_runner - INFO - pytest.py starting with args: ['tests/test_threading.py', 'tests/test_event_system.py', '-v', '--tb=short']
2025-12-11 11:57:37,355 - pytest_runner - INFO - pytest finished with exit code 4
2025-12-11 11:57:43,552 - pytest_runner - INFO - pytest.py starting with args: ['tests/test_threading.py', '-v', '--tb=short']
2025-12-11 11:57:44,125 - pytest_runner - INFO - pytest finished with exit code 0
2025-12-11 11:58:19,339 - pytest_runner - INFO - pytest.py starting with args: ['tests/', '-v', '--tb=short', '-x', '-q']
2025-12-11 11:58:26,385 - pytest_runner - INFO - pytest finished with exit code 1
2025-12-11 11:58:36,054 - pytest_runner - INFO - pytest.py starting with args: ['tests/', '-v', '--tb=short', '--ignore=tests/test_clock_widget.py', '-q']
2025-12-11 11:58:47,857 - pytest_runner - INFO - pytest.py starting with args: ['tests/test_dimming_and_interaction_fixes.py', 'tests/test_threading.py', 'tests/test_animation.py', '-v', '--tb=short']
2025-12-11 11:58:50,772 - pytest_runner - INFO - pytest finished with exit code 0
2025-12-11 12:02:07,001 - pytest_runner - INFO - pytest.py starting with args: ['tests/test_clock_widget.py', '-v', '--tb=short']
2025-12-11 12:02:11,611 - pytest_runner - INFO - pytest finished with exit code 0
2025-12-11 12:03:38,747 - pytest_runner - INFO - pytest.py starting with args: ['tests/', '-v', '--tb=short', '-q']
2025-12-11 12:03:53,707 - pytest_runner - INFO - pytest.py starting with args: ['tests/', '--tb=short', '-q', '--timeout=120']
2025-12-11 12:03:53,941 - pytest_runner - INFO - pytest finished with exit code 4
2025-12-11 12:03:59,392 - pytest_runner - INFO - pytest.py starting with args: ['tests/', '--tb=short', '-q']
2025-12-11 12:04:17,882 - pytest_runner - INFO - pytest.py starting with args: ['--run-all']
2025-12-11 12:04:18,108 - pytest_runner - INFO - pytest finished with exit code 4
2025-12-11 12:04:37,737 - pytest_runner - INFO - pytest.py starting with args: ['tests/', '-q']
2025-12-11 12:05:04,624 - pytest_runner - INFO - pytest.py starting with args: ['tests/test_perf_dt_max.py', '-v', '--tb=short']
2025-12-11 12:05:30,066 - pytest_runner - INFO - pytest finished with exit code 0
2025-12-11 12:05:36,489 - pytest_runner - INFO - pytest.py starting with args: ['tests/test_perf_integration.py', '-v', '--tb=short']
2025-12-11 12:05:36,827 - pytest_runner - INFO - pytest finished with exit code 5
2025-12-11 12:05:42,857 - pytest_runner - INFO - pytest.py starting with args: ['tests/test_frame_timing_workload.py', '-v', '--tb=short']
2025-12-11 12:05:56,582 - pytest_runner - INFO - pytest finished with exit code 0
2025-12-11 12:06:02,562 - pytest_runner - INFO - pytest.py starting with args: ['tests/test_slide_jitter.py', '-v', '--tb=short']
2025-12-11 12:06:05,694 - pytest_runner - INFO - pytest finished with exit code 0
2025-12-11 12:06:14,432 - pytest_runner - INFO - pytest.py starting with args: ['tests/', '-q', '--tb=line']
2025-12-11 12:07:23,583 - pytest_runner - INFO - pytest.py starting with args: ['tests/test_perf_dt_max.py', 'tests/test_frame_timing_workload.py', 'tests/test_slide_jitter.py', 'tests/test_clock_widget.py', 'tests/test_dimming_and_interaction_fixes.py', 'tests/test_threading.py', '-v', '--tb=short']
2025-12-11 12:08:12,752 - pytest_runner - INFO - pytest.py starting with args: ['tests/test_perf_dt_max.py', 'tests/test_frame_timing_workload.py', 'tests/test_slide_jitter.py', 'tests/test_dimming_and_interaction_fixes.py', 'tests/test_threading.py', '-v', '--tb=short']
2025-12-11 12:08:59,763 - pytest_runner - INFO - pytest.py starting with args: ['tests/test_perf_dt_max.py', 'tests/test_frame_timing_workload.py', 'tests/test_slide_jitter.py', '-v', '--tb=short']
2025-12-11 12:09:40,340 - pytest_runner - INFO - pytest finished with exit code 0
2025-12-11 12:09:46,160 - pytest_runner - INFO - pytest.py starting with args: ['tests/test_dimming_and_interaction_fixes.py', '-v', '--tb=short']
2025-12-11 12:09:47,107 - pytest_runner - INFO - pytest finished with exit code 0
2025-12-11 12:09:54,364 - pytest_runner - INFO - pytest.py starting with args: ['tests/test_clock_widget.py', 'tests/test_threading.py', '-v', '--tb=short']
2025-12-11 12:09:59,252 - pytest_runner - INFO - pytest finished with exit code 0
2025-12-11 12:10:27,142 - pytest_runner - INFO - pytest.py starting with args: ['tests/test_animation.py', 'tests/test_settings.py', 'tests/test_resources.py', '-v', '--tb=short']
2025-12-11 12:10:29,403 - pytest_runner - INFO - pytest finished with exit code 1
2025-12-11 12:15:25,142 - pytest_runner - INFO - pytest.py starting with args: ['tests/test_settings.py', '-v', '--tb=short']
2025-12-11 12:15:25,639 - pytest_runner - INFO - pytest finished with exit code 1
2025-12-11 12:16:17,966 - pytest_runner - INFO - pytest.py starting with args: ['tests/test_settings.py', '-v', '--tb=short']
2025-12-11 12:16:18,389 - pytest_runner - INFO - pytest finished with exit code 0
2025-12-11 12:16:44,198 - pytest_runner - INFO - pytest.py starting with args: ['tests/test_perf_dt_max.py', 'tests/test_frame_timing_workload.py', 'tests/test_slide_jitter.py', '-v', '--tb=short']
2025-12-11 12:17:24,811 - pytest_runner - INFO - pytest finished with exit code 1
2025-12-11 12:17:32,769 - pytest_runner - INFO - pytest.py starting with args: ['tests/test_perf_dt_max.py::TestPerfDtMax::test_sustained_visualizer_load', '-v', '--tb=short']
2025-12-11 12:17:49,801 - pytest_runner - INFO - pytest finished with exit code 1
2025-12-11 12:18:29,434 - pytest_runner - INFO - pytest.py starting with args: ['tests/test_perf_dt_max.py', '-v', '--tb=short']
2025-12-11 12:18:54,856 - pytest_runner - INFO - pytest finished with exit code 0
2025-12-11 12:20:02,437 - pytest_runner - INFO - pytest.py starting with args: ['tests/test_perf_dt_max.py', 'tests/test_frame_timing_workload.py', 'tests/test_slide_jitter.py', 'tests/test_settings.py', 'tests/test_threading.py', 'tests/test_animation.py', 'tests/test_resources.py', '-v', '--tb=short']
2025-12-11 12:20:45,261 - pytest_runner - INFO - pytest finished with exit code 0
2025-12-11 12:21:04,226 - pytest_runner - INFO - pytest.py starting with args: ['tests/test_clock_widget.py', 'tests/test_dimming_and_interaction_fixes.py', '-v', '--tb=short']
2025-12-11 12:21:09,506 - pytest_runner - INFO - pytest finished with exit code 0
2025-12-11 12:24:41,460 - pytest_runner - INFO - pytest.py starting with args: ['tests/test_perf_dt_max.py', 'tests/test_frame_timing_workload.py', 'tests/test_slide_jitter.py', '-v', '--tb=short']
2025-12-11 12:25:21,931 - pytest_runner - INFO - pytest finished with exit code 0
2025-12-11 12:33:23,097 - pytest_runner - INFO - pytest.py starting with args: ['tests/test_perf_integration.py', '-v', '--tb=short']
2025-12-11 12:33:23,442 - pytest_runner - INFO - pytest finished with exit code 5
2025-12-11 12:37:03,304 - pytest_runner - INFO - pytest.py starting with args: ['tests/test_dimming_and_interaction_fixes.py', '-v', '--tb=short']
2025-12-11 12:37:04,491 - pytest_runner - INFO - pytest finished with exit code 0
2025-12-11 12:43:07,754 - pytest_runner - INFO - pytest.py starting with args: ['tests/test_clock_widget.py', 'tests/test_settings.py', 'tests/test_threading.py', 'tests/test_animation.py', '-v', '--tb=short']
2025-12-11 12:43:14,675 - pytest_runner - INFO - pytest finished with exit code 0
2025-12-11 13:12:32,213 - pytest_runner - INFO - pytest.py starting with args: ['tests/test_dimming_and_interaction_fixes.py', '-v', '--tb=short']
2025-12-11 13:12:34,288 - pytest_runner - INFO - pytest finished with exit code 0
2025-12-11 13:33:39,475 - pytest_runner - INFO - pytest.py starting with args: ['tests/test_dimming_and_interaction_fixes.py', '-v', '--tb=short']
2025-12-11 13:33:41,300 - pytest_runner - INFO - pytest finished with exit code 0
2025-12-11 13:43:03,930 - pytest_runner - INFO - pytest.py starting with args: ['tests/test_dimming_and_interaction_fixes.py', '-v', '--tb=short']
2025-12-11 13:43:05,689 - pytest_runner - INFO - pytest finished with exit code 0
2025-12-11 13:46:53,033 - pytest_runner - INFO - pytest.py starting with args: ['tests/test_dimming_and_interaction_fixes.py', '-v', '--tb=short']
2025-12-11 13:46:54,614 - pytest_runner - INFO - pytest finished with exit code 1
2025-12-11 13:47:24,226 - pytest_runner - INFO - pytest.py starting with args: ['tests/test_dimming_and_interaction_fixes.py', '-v', '--tb=short']
2025-12-11 13:47:25,696 - pytest_runner - INFO - pytest finished with exit code 0
2025-12-11 13:53:30,512 - pytest_runner - INFO - pytest.py starting with args: ['tests/test_dimming_and_interaction_fixes.py', '-v', '--tb=short']
2025-12-11 13:53:32,212 - pytest_runner - INFO - pytest finished with exit code 0
2025-12-11 14:00:13,277 - pytest_runner - INFO - pytest.py starting with args: ['tests/test_dimming_and_interaction_fixes.py', 'tests/test_animation.py', '-v', '--tb=short']
2025-12-11 14:00:17,101 - pytest_runner - INFO - pytest finished with exit code 0
2025-12-11 14:02:20,758 - pytest_runner - INFO - pytest.py starting with args: ['tests/test_threading.py', 'tests/test_resources.py', '-v', '--tb=short']
2025-12-11 14:02:21,624 - pytest_runner - INFO - pytest finished with exit code 0
2025-12-11 14:04:58,835 - pytest_runner - INFO - pytest.py starting with args: ['tests/test_settings.py', 'tests/test_perf_dt_max.py', '-v', '--tb=short']
2025-12-11 14:05:24,588 - pytest_runner - INFO - pytest finished with exit code 0
2025-12-11 14:08:14,470 - pytest_runner - INFO - pytest.py starting with args: ['tests/test_dimming_and_interaction_fixes.py', '-v', '--tb=short']
2025-12-11 14:08:16,021 - pytest_runner - INFO - pytest finished with exit code 1
2025-12-11 14:08:41,992 - pytest_runner - INFO - pytest.py starting with args: ['tests/test_dimming_and_interaction_fixes.py', '-v', '--tb=short']
2025-12-11 14:08:43,287 - pytest_runner - INFO - pytest finished with exit code 0
2025-12-11 14:11:04,366 - pytest_runner - INFO - pytest.py starting with args: ['tests/test_dimming_and_interaction_fixes.py', 'tests/test_animation.py', '-v', '--tb=short']
2025-12-11 14:11:07,210 - pytest_runner - INFO - pytest finished with exit code 0
2025-12-11 14:12:17,244 - pytest_runner - INFO - pytest.py starting with args: ['tests/test_threading.py', 'tests/test_resources.py', 'tests/test_settings.py', '-v', '--tb=short']
2025-12-11 14:12:17,979 - pytest_runner - INFO - pytest finished with exit code 0
2025-12-11 14:15:52,996 - pytest_runner - INFO - pytest.py starting with args: ['tests/test_animation.py', 'tests/test_threading.py', '-v', '--tb=short']
2025-12-11 14:15:55,507 - pytest_runner - INFO - pytest finished with exit code 0
2025-12-11 14:17:25,338 - pytest_runner - INFO - pytest.py starting with args: ['tests/test_dimming_and_interaction_fixes.py', 'tests/test_settings.py', 'tests/test_resources.py', '-v', '--tb=short']
2025-12-11 14:17:26,846 - pytest_runner - INFO - pytest finished with exit code 0
2025-12-11 14:18:04,957 - pytest_runner - INFO - pytest.py starting with args: ['tests/', '-v', '--tb=short', '--ignore=tests/test_perf_integration.py', '--ignore=tests/test_transition_integration.py']
2025-12-11 14:18:22,808 - pytest_runner - INFO - pytest.py starting with args: ['tests/', '--tb=short', '--ignore=tests/test_perf_integration.py', '--ignore=tests/test_transition_integration.py', '-q']
2025-12-11 14:52:33,898 - pytest_runner - INFO - pytest.py starting with args: ['tests/', '--ignore=tests/test_perf_integration.py', '--ignore=tests/test_transition_integration.py', '-x', '--tb=line']
2025-12-11 14:52:51,260 - pytest_runner - INFO - pytest.py starting with args: ['tests/', '--ignore=tests/test_perf_integration.py', '--ignore=tests/test_transition_integration.py', '--tb=no', '-q']
2025-12-11 15:07:45,333 - pytest_runner - INFO - pytest.py starting with args: ['tests/test_animation.py', 'tests/test_settings.py', '-v', '--tb=short']
2025-12-11 15:07:47,584 - pytest_runner - INFO - pytest finished with exit code 0
2025-12-11 15:10:28,506 - pytest_runner - INFO - pytest.py starting with args: ['tests/test_dimming_and_interaction_fixes.py', '-v', '--tb=short']
2025-12-11 15:10:29,789 - pytest_runner - INFO - pytest finished with exit code 0
2025-12-11 15:10:46,093 - pytest_runner - INFO - pytest.py starting with args: ['tests/test_animation.py', 'tests/test_threading.py', 'tests/test_resources.py', 'tests/test_settings.py', '-v', '--tb=short']
2025-12-11 15:10:48,641 - pytest_runner - INFO - pytest finished with exit code 0
2025-12-11 15:12:33,847 - pytest_runner - INFO - pytest.py starting with args: ['tests/test_dimming_and_interaction_fixes.py', '-v', '--tb=short']
2025-12-11 15:12:35,071 - pytest_runner - INFO - pytest finished with exit code 0
2025-12-11 15:12:52,179 - pytest_runner - INFO - pytest.py starting with args: ['tests/test_animation.py', 'tests/test_threading.py', 'tests/test_resources.py', 'tests/test_settings.py', 'tests/test_dimming_and_interaction_fixes.py', '--tb=short', '-q']
2025-12-11 15:12:55,556 - pytest_runner - INFO - pytest finished with exit code 0
2025-12-11 15:16:37,752 - pytest_runner - INFO - pytest.py starting with args: ['tests/test_dimming_and_interaction_fixes.py::TestCtrlHaloAttributes', '-v', '--tb=short']
2025-12-11 15:16:38,567 - pytest_runner - INFO - pytest finished with exit code 0
2025-12-11 15:17:11,399 - pytest_runner - INFO - pytest.py starting with args: ['tests/test_animation.py', 'tests/test_dimming_and_interaction_fixes.py', '-v', '--tb=short']
2025-12-11 15:17:14,755 - pytest_runner - INFO - pytest finished with exit code 0
2025-12-11 15:18:43,110 - pytest_runner - INFO - pytest.py starting with args: ['tests/test_animation.py', 'tests/test_threading.py', 'tests/test_resources.py', 'tests/test_settings.py', 'tests/test_dimming_and_interaction_fixes.py', '--tb=short', '-q']
2025-12-11 15:18:46,621 - pytest_runner - INFO - pytest finished with exit code 0
2025-12-11 15:29:39,517 - pytest_runner - INFO - pytest.py starting with args: ['tests/test_animation.py', 'tests/test_dimming_and_interaction_fixes.py', '--tb=short', '-q']
2025-12-11 15:29:43,497 - pytest_runner - INFO - pytest finished with exit code 1
2025-12-11 15:30:13,456 - pytest_runner - INFO - pytest.py starting with args: ['tests/test_dimming_and_interaction_fixes.py::TestCrumbleShaderPerformance', '-v', '--tb=short']
2025-12-11 15:30:14,300 - pytest_runner - INFO - pytest finished with exit code 0
2025-12-11 15:30:20,131 - pytest_runner - INFO - pytest.py starting with args: ['tests/test_animation.py', 'tests/test_threading.py', 'tests/test_resources.py', 'tests/test_settings.py', 'tests/test_dimming_and_interaction_fixes.py', '--tb=short', '-q']
2025-12-11 15:30:23,884 - pytest_runner - INFO - pytest finished with exit code 0
2025-12-11 15:54:48,127 - pytest_runner - INFO - pytest.py starting with args: ['tests/test_dimming_and_interaction_fixes.py::TestCrumbleShaderPerformance', '-v', '--tb=short']
2025-12-11 15:54:48,868 - pytest_runner - INFO - pytest finished with exit code 0
2025-12-11 15:54:54,928 - pytest_runner - INFO - pytest.py starting with args: ['tests/test_animation.py', 'tests/test_threading.py', 'tests/test_resources.py', 'tests/test_settings.py', 'tests/test_dimming_and_interaction_fixes.py', '--tb=short', '-q']
2025-12-11 15:54:58,832 - pytest_runner - INFO - pytest finished with exit code 0
2025-12-11 16:30:28,835 - pytest_runner - INFO - pytest.py starting with args: ['tests/test_animation.py', 'tests/test_threading.py', 'tests/test_resources.py', 'tests/test_settings.py', '--tb=short', '-q']
2025-12-11 16:30:31,704 - pytest_runner - INFO - pytest finished with exit code 0
2025-12-11 16:52:17,143 - pytest_runner - INFO - pytest.py starting with args: ['tests/test_dimming_and_interaction_fixes.py', '-v', '--tb=short']
2025-12-11 16:52:19,082 - pytest_runner - INFO - pytest finished with exit code 1
2025-12-11 16:52:48,886 - pytest_runner - INFO - pytest.py starting with args: ['tests/test_dimming_and_interaction_fixes.py::TestCrumbleShaderPerformance', '-v', '--tb=short']
2025-12-11 16:52:49,598 - pytest_runner - INFO - pytest finished with exit code 0
2025-12-11 16:59:22,689 - pytest_runner - INFO - pytest.py starting with args: ['tests/test_dimming_and_interaction_fixes.py::TestCrumbleShaderPerformance', '-v', '--tb=short']
2025-12-11 16:59:23,382 - pytest_runner - INFO - pytest finished with exit code 0
2025-12-11 17:14:17,999 - pytest_runner - INFO - pytest.py starting with args: ['tests/test_dimming_and_interaction_fixes.py', '-v', '--tb=short']
2025-12-11 17:14:19,271 - pytest_runner - INFO - pytest finished with exit code 0
2025-12-11 17:39:18,160 - pytest_runner - INFO - pytest.py starting with args: ['tests/', '-v', '--tb=short', '-x']
2025-12-11 17:39:28,727 - pytest_runner - INFO - pytest finished with exit code 1
2025-12-11 17:39:37,072 - pytest_runner - INFO - pytest.py starting with args: ['tests/test_transition*.py', '-v', '--tb=short']
2025-12-11 17:39:37,424 - pytest_runner - INFO - pytest finished with exit code 4
2025-12-11 17:39:44,325 - pytest_runner - INFO - pytest.py starting with args: ['tests/test_dimming*.py', 'tests/test_display*.py', '-v', '--tb=short']
2025-12-11 17:39:44,657 - pytest_runner - INFO - pytest finished with exit code 4
2025-12-11 17:39:52,374 - pytest_runner - INFO - pytest.py starting with args: ['tests/test_dimming_and_interaction_fixes.py', 'tests/test_display_widget.py', '-v', '--tb=short']
2025-12-11 17:39:52,717 - pytest_runner - INFO - pytest finished with exit code 4
2025-12-11 17:39:59,619 - pytest_runner - INFO - pytest.py starting with args: ['tests/test_dimming_and_interaction_fixes.py', '-v', '--tb=short']
2025-12-11 17:40:01,024 - pytest_runner - INFO - pytest finished with exit code 0
2025-12-11 18:21:41,968 - pytest_runner - INFO - pytest.py starting with args: ['tests/test_ctrl_interaction_mode.py::test_ctrl_held_suppresses_mouse_exit_single_widget', '-v', '--timeout=30']
2025-12-11 18:21:42,407 - pytest_runner - INFO - pytest finished with exit code 4
2025-12-11 18:21:47,998 - pytest_runner - INFO - pytest.py starting with args: ['tests/test_ctrl_interaction_mode.py::test_ctrl_held_suppresses_mouse_exit_single_widget', '-v', '--timeout=30']
2025-12-11 18:21:48,309 - pytest_runner - INFO - pytest finished with exit code 4
2025-12-11 18:21:53,733 - pytest_runner - INFO - pytest.py starting with args: ['tests/test_ctrl_interaction_mode.py::test_ctrl_held_suppresses_mouse_exit_single_widget', '-v']
2025-12-11 18:21:55,038 - pytest_runner - INFO - pytest finished with exit code 0
2025-12-11 18:22:01,144 - pytest_runner - INFO - pytest.py starting with args: ['tests/test_ctrl_interaction_mode.py::test_ctrl_held_global_across_multiple_widgets', '-v']
2025-12-11 18:22:02,512 - pytest_runner - INFO - pytest finished with exit code 0
2025-12-11 18:22:07,961 - pytest_runner - INFO - pytest.py starting with args: ['tests/test_ctrl_interaction_mode.py', '-v']
2025-12-11 21:32:05,370 - pytest_runner - INFO - pytest.py starting with args: ['tests/test_ctrl_interaction_mode.py', '-v', '--tb=short']
2025-12-11 21:32:13,890 - pytest_runner - INFO - pytest.py starting with args: ['tests/test_ctrl_interaction_mode.py', '-v', '--tb=short']
2025-12-13 22:58:02,913 - pytest_runner - INFO - pytest.py starting with args: ['tests/test_rss_behavior.py', '-v', '-s']
2025-12-13 22:58:05,171 - pytest_runner - INFO - pytest finished with exit code 1
2025-12-13 22:59:18,102 - pytest_runner - INFO - pytest.py starting with args: ['tests/test_rss_behavior.py', '-v', '-s']
2025-12-13 22:59:19,456 - pytest_runner - INFO - pytest finished with exit code 1
2025-12-13 23:00:08,803 - pytest_runner - INFO - pytest.py starting with args: ['tests/test_rss_behavior.py', '-v', '-s']
2025-12-13 23:00:09,824 - pytest_runner - INFO - pytest finished with exit code 0
2025-12-13 23:02:53,743 - pytest_runner - INFO - pytest.py starting with args: ['tests/test_rss_behavior.py', '-v', '-s']
2025-12-13 23:02:54,782 - pytest_runner - INFO - pytest finished with exit code 0
2025-12-13 23:14:06,958 - pytest_runner - INFO - pytest.py starting with args: ['tests/test_rss_behavior.py', '-v', '-s', '--timeout=30']
2025-12-13 23:14:07,289 - pytest_runner - INFO - pytest finished with exit code 4
2025-12-13 23:14:13,063 - pytest_runner - INFO - pytest.py starting with args: ['tests/test_rss_behavior.py', '-v', '-s']
2025-12-13 23:18:22,278 - pytest_runner - INFO - pytest finished with exit code 0
2025-12-14 00:14:48,190 - pytest_runner - INFO - pytest.py starting with args: ['tests/test_rss_behavior.py', '-v', '-x']
2025-12-14 00:19:13,281 - pytest_runner - INFO - pytest finished with exit code 0
2025-12-14 12:55:54,126 - pytest_runner - INFO - pytest.py starting with args: ['tests/test_reddit_click_regression.py', '-v']
2025-12-14 12:55:55,811 - pytest_runner - INFO - pytest finished with exit code 1
2025-12-14 12:56:12,594 - pytest_runner - INFO - pytest.py starting with args: ['tests/test_reddit_click_regression.py', '-v']
2025-12-14 12:56:13,809 - pytest_runner - INFO - pytest finished with exit code 1
2025-12-14 12:56:25,252 - pytest_runner - INFO - pytest.py starting with args: ['tests/test_reddit_click_regression.py', '-v']
2025-12-14 12:56:26,204 - pytest_runner - INFO - pytest finished with exit code 0
2025-12-14 13:00:10,258 - pytest_runner - INFO - pytest.py starting with args: ['tests/', '-k', 'reddit', '-v']
2025-12-14 13:00:12,538 - pytest_runner - INFO - pytest finished with exit code 1
2025-12-14 13:00:34,200 - pytest_runner - INFO - pytest.py starting with args: ['tests/test_reddit_widget.py', '-v', '--tb=short']
2025-12-14 13:00:34,971 - pytest_runner - INFO - pytest finished with exit code 1
2025-12-14 13:08:35,994 - pytest_runner - INFO - pytest.py starting with args: ['tests/test_reddit_click_regression.py', '-v']
2025-12-14 13:08:37,121 - pytest_runner - INFO - pytest finished with exit code 0
2025-12-15 12:47:36,909 - pytest_runner - INFO - pytest.py starting with args: ['tests/test_reddit_click_regression.py', '-v']
2025-12-15 12:47:38,529 - pytest_runner - INFO - pytest finished with exit code 1
2025-12-15 12:48:08,043 - pytest_runner - INFO - pytest.py starting with args: ['tests/test_reddit_click_regression.py', '-v']
2025-12-15 12:48:09,119 - pytest_runner - INFO - pytest finished with exit code 1
2025-12-15 12:48:35,430 - pytest_runner - INFO - pytest.py starting with args: ['tests/test_reddit_click_regression.py', '-v']
2025-12-15 12:48:36,514 - pytest_runner - INFO - pytest finished with exit code 1
2025-12-15 17:16:39,186 - pytest_runner - INFO - pytest.py starting with args: ['-vv', '--maxfail=5', 'tests/test_activation_transparency_regression.py']
2025-12-15 17:16:41,035 - pytest_runner - INFO - pytest finished with exit code 0
2025-12-15 19:49:53,033 - pytest_runner - INFO - pytest.py starting with args: ['-vv', '--maxfail=5', 'tests/test_activation_transparency_regression.py']
2025-12-15 19:49:54,838 - pytest_runner - INFO - pytest finished with exit code 0
2025-12-15 19:50:37,958 - pytest_runner - INFO - pytest.py starting with args: ['-vv', '--maxfail=5', 'tests/test_activation_transparency_regression.py']
2025-12-15 19:50:39,715 - pytest_runner - INFO - pytest finished with exit code 0
2025-12-15 20:13:02,878 - pytest_runner - INFO - pytest.py starting with args: ['-vv', '--maxfail=5', 'tests/test_activation_transparency_regression.py']
2025-12-15 20:13:05,021 - pytest_runner - INFO - pytest finished with exit code 0
2025-12-15 20:27:18,244 - pytest_runner - INFO - pytest.py starting with args: ['-vv', '--maxfail=5', 'tests/test_activation_transparency_regression.py']
2025-12-15 20:27:20,150 - pytest_runner - INFO - pytest finished with exit code 1
2025-12-15 20:28:27,142 - pytest_runner - INFO - pytest.py starting with args: ['-vv', '--maxfail=5', 'tests/test_activation_transparency_regression.py']
2025-12-15 20:28:28,921 - pytest_runner - INFO - pytest finished with exit code 0
2025-12-15 20:40:37,767 - pytest_runner - INFO - pytest.py starting with args: ['-vv', '--maxfail=5', 'tests/test_activation_transparency_regression.py']
2025-12-15 20:40:39,874 - pytest_runner - INFO - pytest finished with exit code 0
2025-12-15 20:51:37,993 - pytest_runner - INFO - pytest.py starting with args: ['-vv', '--maxfail=5', 'tests/test_activation_transparency_regression.py']
2025-12-15 20:51:39,643 - pytest_runner - INFO - pytest finished with exit code 0
2025-12-15 21:04:36,486 - pytest_runner - INFO - pytest.py starting with args: ['-vv', '--maxfail=5', 'tests/test_activation_transparency_regression.py']
2025-12-15 21:04:38,201 - pytest_runner - INFO - pytest finished with exit code 0
2025-12-15 21:18:22,973 - pytest_runner - INFO - pytest.py starting with args: ['-vv', '--maxfail=5', 'tests/test_activation_transparency_regression.py']
2025-12-15 21:18:24,789 - pytest_runner - INFO - pytest finished with exit code 0
2025-12-16 04:17:33,715 - pytest_runner - INFO - pytest.py starting with args: ['tests/test_spotify_visualizer_widget.py', 'tests/test_context_menu_effect_invalidation.py', '-vv']
2025-12-16 04:17:35,755 - pytest_runner - INFO - pytest finished with exit code 1
2025-12-16 04:20:35,863 - pytest_runner - INFO - pytest.py starting with args: ['tests/test_spotify_visualizer_widget.py', 'tests/test_context_menu_effect_invalidation.py', '-vv']
2025-12-16 04:20:36,925 - pytest_runner - INFO - pytest finished with exit code 0
2025-12-16 14:30:57,651 - pytest_runner - INFO - pytest.py starting with args: ['-vv', '--maxfail=5', 'tests/test_context_menu_effect_invalidation.py']
2025-12-16 14:30:59,015 - pytest_runner - INFO - pytest finished with exit code 0
2025-12-16 14:30:59,464 - pytest_runner - INFO - pytest.py starting with args: ['-vv', '--maxfail=5', 'tests/test_spotify_visualizer_widget.py']
2025-12-16 14:31:00,349 - pytest_runner - INFO - pytest finished with exit code 0
2025-12-16 16:02:05,584 - pytest_runner - INFO - pytest.py starting with args: []
2025-12-16 16:02:08,497 - pytest_runner - INFO - pytest finished with exit code 2
2025-12-16 16:02:41,953 - pytest_runner - INFO - pytest.py starting with args: []
2025-12-16 16:04:01,027 - pytest_runner - INFO - pytest.py starting with args: ['tests/test_context_menu_effect_invalidation.py', '-vv', '--tb=long']
2025-12-16 16:04:02,101 - pytest_runner - INFO - pytest finished with exit code 1
2025-12-16 16:14:29,122 - pytest_runner - INFO - pytest.py starting with args: ['tests/test_spotify_visualizer_widget.py', '-vv', '--tb=long']
2025-12-16 16:14:29,965 - pytest_runner - INFO - pytest finished with exit code 0
2025-12-16 16:40:41,522 - pytest_runner - INFO - pytest.py starting with args: ['tests/test_spotify_visualizer_widget.py', '-vv', '--tb=long']
2025-12-16 16:40:42,489 - pytest_runner - INFO - pytest finished with exit code 1
2025-12-16 16:40:43,444 - pytest_runner - INFO - pytest.py starting with args: ['tests/test_context_menu_effect_invalidation.py', '-vv', '--tb=long']
2025-12-16 16:40:44,670 - pytest_runner - INFO - pytest finished with exit code 1
2025-12-16 16:44:27,042 - pytest_runner - INFO - pytest.py starting with args: ['tests/test_spotify_visualizer_widget.py', '-vv', '--tb=long']
2025-12-16 16:44:27,643 - pytest_runner - INFO - pytest finished with exit code 0
2025-12-16 16:44:29,037 - pytest_runner - INFO - pytest.py starting with args: ['tests/test_context_menu_effect_invalidation.py', '-vv', '--tb=long']
2025-12-16 16:44:29,984 - pytest_runner - INFO - pytest finished with exit code 1
2025-12-16 16:46:33,286 - pytest_runner - INFO - pytest.py starting with args: ['tests/test_context_menu_effect_invalidation.py', '-vv', '--tb=long']
2025-12-16 16:46:34,371 - pytest_runner - INFO - pytest finished with exit code 1
2025-12-16 16:47:32,520 - pytest_runner - INFO - pytest.py starting with args: ['tests/test_context_menu_effect_invalidation.py', '-vv', '--tb=long']
2025-12-16 16:47:33,374 - pytest_runner - INFO - pytest finished with exit code 0
2025-12-16 16:54:47,504 - pytest_runner - INFO - pytest.py starting with args: ['tests/test_spotify_visualizer_widget.py', '-vv', '--tb=long']
2025-12-16 16:54:48,419 - pytest_runner - INFO - pytest finished with exit code 0
2025-12-16 16:54:49,617 - pytest_runner - INFO - pytest.py starting with args: ['tests/test_context_menu_effect_invalidation.py', '-vv', '--tb=long']
2025-12-16 16:54:50,812 - pytest_runner - INFO - pytest finished with exit code 0
2025-12-16 17:36:04,148 - pytest_runner - INFO - pytest.py starting with args: ['tests/test_spotify_visualizer_widget.py', '-vv', '--tb=long']
2025-12-16 17:36:04,933 - pytest_runner - INFO - pytest finished with exit code 0
2025-12-16 17:46:13,099 - pytest_runner - INFO - pytest.py starting with args: []
2025-12-16 17:50:39,353 - pytest_runner - INFO - pytest.py starting with args: ['tests/test_clock_widget.py', '-vv', '--tb=long']
2025-12-16 17:50:44,084 - pytest_runner - INFO - pytest finished with exit code 1
2025-12-16 17:57:17,092 - pytest_runner - INFO - pytest.py starting with args: ['tests/test_clock_widget.py', '-vv', '--tb=long']
2025-12-16 17:57:21,869 - pytest_runner - INFO - pytest finished with exit code 0
2025-12-16 17:57:30,800 - pytest_runner - INFO - pytest.py starting with args: []
2025-12-16 18:01:40,571 - pytest_runner - INFO - pytest.py starting with args: ['-x', '-vv', '--tb=long']
2025-12-16 18:04:25,520 - pytest_runner - INFO - pytest.py starting with args: ['-x', '--tb=long']
2025-12-16 18:08:14,552 - pytest_runner - INFO - pytest.py starting with args: ['tests/test_ctrl_interaction_mode.py::test_media_keys_do_not_exit_screensaver[16777349]', '-vv', '--tb=long']
2025-12-16 18:11:41,012 - pytest_runner - INFO - pytest.py starting with args: ['tests/test_ctrl_interaction_mode.py::test_media_keys_do_not_exit_screensaver[16777349]', '-vv', '--tb=long']
2025-12-16 18:11:42,201 - pytest_runner - INFO - pytest finished with exit code 0
2025-12-16 18:12:20,530 - pytest_runner - INFO - pytest.py starting with args: []
2025-12-16 22:53:56,135 - pytest_runner - INFO - pytest.py starting with args: []
2025-12-17 10:31:48,970 - pytest_runner - INFO - pytest.py starting with args: ['tests/test_gmail_widget.py', '-v', '--timeout=30']
2025-12-17 10:31:49,388 - pytest_runner - INFO - pytest finished with exit code 4
2025-12-17 10:33:18,774 - pytest_runner - INFO - pytest.py starting with args: ['tests/test_gmail_widget.py', '-v', '--timeout=30']
2025-12-17 10:33:19,043 - pytest_runner - INFO - pytest finished with exit code 4
2025-12-17 10:33:28,028 - pytest_runner - INFO - pytest.py starting with args: ['F:\\Programming\\Apps\\ShittyRandomPhotoScreenSaver\\tests\\test_gmail_widget.py', '-v']
2025-12-17 10:33:28,031 - pytest_runner - INFO - pytest.py starting with args: ['F:\\Programming\\Apps\\ShittyRandomPhotoScreenSaver\\tests\\test_gmail_widget.py', '-v']
2025-12-17 10:33:28,034 - pytest_runner - INFO - pytest.py starting with args: ['F:\\Programming\\Apps\\ShittyRandomPhotoScreenSaver\\tests\\test_gmail_widget.py', '-v']
2025-12-17 10:33:28,037 - pytest_runner - INFO - pytest.py starting with args: ['F:\\Programming\\Apps\\ShittyRandomPhotoScreenSaver\\tests\\test_gmail_widget.py', '-v']
2025-12-17 10:33:28,040 - pytest_runner - INFO - pytest.py starting with args: ['F:\\Programming\\Apps\\ShittyRandomPhotoScreenSaver\\tests\\test_gmail_widget.py', '-v']
2025-12-17 10:33:28,042 - pytest_runner - INFO - pytest.py starting with args: ['F:\\Programming\\Apps\\ShittyRandomPhotoScreenSaver\\tests\\test_gmail_widget.py', '-v']
2025-12-17 10:33:28,046 - pytest_runner - INFO - pytest.py starting with args: ['F:\\Programming\\Apps\\ShittyRandomPhotoScreenSaver\\tests\\test_gmail_widget.py', '-v']
2025-12-17 10:33:28,050 - pytest_runner - INFO - pytest.py starting with args: ['F:\\Programming\\Apps\\ShittyRandomPhotoScreenSaver\\tests\\test_gmail_widget.py', '-v']
2025-12-17 10:33:28,053 - pytest_runner - INFO - pytest.py starting with args: ['F:\\Programming\\Apps\\ShittyRandomPhotoScreenSaver\\tests\\test_gmail_widget.py', '-v']
2025-12-17 10:33:28,056 - pytest_runner - INFO - pytest.py starting with args: ['F:\\Programming\\Apps\\ShittyRandomPhotoScreenSaver\\tests\\test_gmail_widget.py', '-v']
2025-12-17 10:33:28,059 - pytest_runner - INFO - pytest.py starting with args: ['F:\\Programming\\Apps\\ShittyRandomPhotoScreenSaver\\tests\\test_gmail_widget.py', '-v']
2025-12-17 10:33:28,061 - pytest_runner - INFO - pytest.py starting with args: ['F:\\Programming\\Apps\\ShittyRandomPhotoScreenSaver\\tests\\test_gmail_widget.py', '-v']
2025-12-17 10:33:28,064 - pytest_runner - INFO - pytest.py starting with args: ['F:\\Programming\\Apps\\ShittyRandomPhotoScreenSaver\\tests\\test_gmail_widget.py', '-v']
2025-12-17 10:33:28,068 - pytest_runner - INFO - pytest.py starting with args: ['F:\\Programming\\Apps\\ShittyRandomPhotoScreenSaver\\tests\\test_gmail_widget.py', '-v']
2025-12-17 10:33:28,071 - pytest_runner - INFO - pytest.py starting with args: ['F:\\Programming\\Apps\\ShittyRandomPhotoScreenSaver\\tests\\test_gmail_widget.py', '-v']
2025-12-17 10:33:28,075 - pytest_runner - INFO - pytest.py starting with args: ['F:\\Programming\\Apps\\ShittyRandomPhotoScreenSaver\\tests\\test_gmail_widget.py', '-v']
2025-12-17 10:33:28,078 - pytest_runner - INFO - pytest.py starting with args: ['F:\\Programming\\Apps\\ShittyRandomPhotoScreenSaver\\tests\\test_gmail_widget.py', '-v']
2025-12-17 10:33:28,081 - pytest_runner - INFO - pytest.py starting with args: ['F:\\Programming\\Apps\\ShittyRandomPhotoScreenSaver\\tests\\test_gmail_widget.py', '-v']
2025-12-17 10:33:28,084 - pytest_runner - INFO - pytest.py starting with args: ['F:\\Programming\\Apps\\ShittyRandomPhotoScreenSaver\\tests\\test_gmail_widget.py', '-v']
2025-12-17 10:33:28,088 - pytest_runner - INFO - pytest.py starting with args: ['F:\\Programming\\Apps\\ShittyRandomPhotoScreenSaver\\tests\\test_gmail_widget.py', '-v']
2025-12-17 10:33:28,092 - pytest_runner - INFO - pytest.py starting with args: ['F:\\Programming\\Apps\\ShittyRandomPhotoScreenSaver\\tests\\test_gmail_widget.py', '-v']
2025-12-17 10:33:28,095 - pytest_runner - INFO - pytest.py starting with args: ['F:\\Programming\\Apps\\ShittyRandomPhotoScreenSaver\\tests\\test_gmail_widget.py', '-v']
2025-12-17 10:33:28,098 - pytest_runner - INFO - pytest.py starting with args: ['F:\\Programming\\Apps\\ShittyRandomPhotoScreenSaver\\tests\\test_gmail_widget.py', '-v']
2025-12-17 10:33:28,102 - pytest_runner - INFO - pytest.py starting with args: ['F:\\Programming\\Apps\\ShittyRandomPhotoScreenSaver\\tests\\test_gmail_widget.py', '-v']
2025-12-17 10:33:28,105 - pytest_runner - INFO - pytest.py starting with args: ['F:\\Programming\\Apps\\ShittyRandomPhotoScreenSaver\\tests\\test_gmail_widget.py', '-v']
2025-12-17 10:33:28,109 - pytest_runner - INFO - pytest.py starting with args: ['F:\\Programming\\Apps\\ShittyRandomPhotoScreenSaver\\tests\\test_gmail_widget.py', '-v']
2025-12-17 10:33:28,112 - pytest_runner - INFO - pytest.py starting with args: ['F:\\Programming\\Apps\\ShittyRandomPhotoScreenSaver\\tests\\test_gmail_widget.py', '-v']
2025-12-17 10:33:28,114 - pytest_runner - INFO - pytest.py starting with args: ['F:\\Programming\\Apps\\ShittyRandomPhotoScreenSaver\\tests\\test_gmail_widget.py', '-v']
2025-12-17 10:33:28,118 - pytest_runner - INFO - pytest.py starting with args: ['F:\\Programming\\Apps\\ShittyRandomPhotoScreenSaver\\tests\\test_gmail_widget.py', '-v']
2025-12-17 10:33:28,121 - pytest_runner - INFO - pytest.py starting with args: ['F:\\Programming\\Apps\\ShittyRandomPhotoScreenSaver\\tests\\test_gmail_widget.py', '-v']
2025-12-17 10:33:28,124 - pytest_runner - INFO - pytest.py starting with args: ['F:\\Programming\\Apps\\ShittyRandomPhotoScreenSaver\\tests\\test_gmail_widget.py', '-v']
2025-12-17 10:33:28,127 - pytest_runner - INFO - pytest.py starting with args: ['F:\\Programming\\Apps\\ShittyRandomPhotoScreenSaver\\tests\\test_gmail_widget.py', '-v']
2025-12-17 10:33:28,130 - pytest_runner - INFO - pytest.py starting with args: ['F:\\Programming\\Apps\\ShittyRandomPhotoScreenSaver\\tests\\test_gmail_widget.py', '-v']
2025-12-17 10:33:28,134 - pytest_runner - INFO - pytest.py starting with args: ['F:\\Programming\\Apps\\ShittyRandomPhotoScreenSaver\\tests\\test_gmail_widget.py', '-v']
2025-12-17 10:33:28,137 - pytest_runner - INFO - pytest.py starting with args: ['F:\\Programming\\Apps\\ShittyRandomPhotoScreenSaver\\tests\\test_gmail_widget.py', '-v']
2025-12-17 10:33:28,140 - pytest_runner - INFO - pytest.py starting with args: ['F:\\Programming\\Apps\\ShittyRandomPhotoScreenSaver\\tests\\test_gmail_widget.py', '-v']
2025-12-17 10:33:28,143 - pytest_runner - INFO - pytest.py starting with args: ['F:\\Programming\\Apps\\ShittyRandomPhotoScreenSaver\\tests\\test_gmail_widget.py', '-v']
2025-12-17 10:33:28,146 - pytest_runner - INFO - pytest.py starting with args: ['F:\\Programming\\Apps\\ShittyRandomPhotoScreenSaver\\tests\\test_gmail_widget.py', '-v']
2025-12-17 10:33:28,149 - pytest_runner - INFO - pytest.py starting with args: ['F:\\Programming\\Apps\\ShittyRandomPhotoScreenSaver\\tests\\test_gmail_widget.py', '-v']
2025-12-17 10:33:28,153 - pytest_runner - INFO - pytest.py starting with args: ['F:\\Programming\\Apps\\ShittyRandomPhotoScreenSaver\\tests\\test_gmail_widget.py', '-v']
2025-12-17 10:33:28,155 - pytest_runner - INFO - pytest.py starting with args: ['F:\\Programming\\Apps\\ShittyRandomPhotoScreenSaver\\tests\\test_gmail_widget.py', '-v']
2025-12-17 10:33:28,159 - pytest_runner - INFO - pytest.py starting with args: ['F:\\Programming\\Apps\\ShittyRandomPhotoScreenSaver\\tests\\test_gmail_widget.py', '-v']
2025-12-17 10:33:28,161 - pytest_runner - INFO - pytest.py starting with args: ['F:\\Programming\\Apps\\ShittyRandomPhotoScreenSaver\\tests\\test_gmail_widget.py', '-v']
2025-12-17 10:33:28,165 - pytest_runner - INFO - pytest.py starting with args: ['F:\\Programming\\Apps\\ShittyRandomPhotoScreenSaver\\tests\\test_gmail_widget.py', '-v']
2025-12-17 10:33:28,168 - pytest_runner - INFO - pytest.py starting with args: ['F:\\Programming\\Apps\\ShittyRandomPhotoScreenSaver\\tests\\test_gmail_widget.py', '-v']
2025-12-17 10:33:28,171 - pytest_runner - INFO - pytest.py starting with args: ['F:\\Programming\\Apps\\ShittyRandomPhotoScreenSaver\\tests\\test_gmail_widget.py', '-v']
2025-12-17 10:33:28,174 - pytest_runner - INFO - pytest.py starting with args: ['F:\\Programming\\Apps\\ShittyRandomPhotoScreenSaver\\tests\\test_gmail_widget.py', '-v']
2025-12-17 10:33:28,177 - pytest_runner - INFO - pytest.py starting with args: ['F:\\Programming\\Apps\\ShittyRandomPhotoScreenSaver\\tests\\test_gmail_widget.py', '-v']
2025-12-17 10:33:28,179 - pytest_runner - INFO - pytest.py starting with args: ['F:\\Programming\\Apps\\ShittyRandomPhotoScreenSaver\\tests\\test_gmail_widget.py', '-v']
2025-12-17 10:33:28,183 - pytest_runner - INFO - pytest.py starting with args: ['F:\\Programming\\Apps\\ShittyRandomPhotoScreenSaver\\tests\\test_gmail_widget.py', '-v']
2025-12-17 10:33:28,188 - pytest_runner - INFO - pytest.py starting with args: ['F:\\Programming\\Apps\\ShittyRandomPhotoScreenSaver\\tests\\test_gmail_widget.py', '-v']
2025-12-17 10:33:28,192 - pytest_runner - INFO - pytest.py starting with args: ['F:\\Programming\\Apps\\ShittyRandomPhotoScreenSaver\\tests\\test_gmail_widget.py', '-v']
2025-12-17 10:33:28,194 - pytest_runner - INFO - pytest.py starting with args: ['F:\\Programming\\Apps\\ShittyRandomPhotoScreenSaver\\tests\\test_gmail_widget.py', '-v']
2025-12-17 10:33:28,198 - pytest_runner - INFO - pytest.py starting with args: ['F:\\Programming\\Apps\\ShittyRandomPhotoScreenSaver\\tests\\test_gmail_widget.py', '-v']
2025-12-17 10:33:28,201 - pytest_runner - INFO - pytest.py starting with args: ['F:\\Programming\\Apps\\ShittyRandomPhotoScreenSaver\\tests\\test_gmail_widget.py', '-v']
2025-12-17 10:33:28,206 - pytest_runner - INFO - pytest.py starting with args: ['F:\\Programming\\Apps\\ShittyRandomPhotoScreenSaver\\tests\\test_gmail_widget.py', '-v']
2025-12-17 10:33:28,210 - pytest_runner - INFO - pytest.py starting with args: ['F:\\Programming\\Apps\\ShittyRandomPhotoScreenSaver\\tests\\test_gmail_widget.py', '-v']
2025-12-17 10:33:28,213 - pytest_runner - INFO - pytest.py starting with args: ['F:\\Programming\\Apps\\ShittyRandomPhotoScreenSaver\\tests\\test_gmail_widget.py', '-v']
2025-12-17 10:33:28,217 - pytest_runner - INFO - pytest.py starting with args: ['F:\\Programming\\Apps\\ShittyRandomPhotoScreenSaver\\tests\\test_gmail_widget.py', '-v']
2025-12-17 10:33:28,222 - pytest_runner - INFO - pytest.py starting with args: ['F:\\Programming\\Apps\\ShittyRandomPhotoScreenSaver\\tests\\test_gmail_widget.py', '-v']
2025-12-17 10:33:28,224 - pytest_runner - INFO - pytest.py starting with args: ['F:\\Programming\\Apps\\ShittyRandomPhotoScreenSaver\\tests\\test_gmail_widget.py', '-v']
2025-12-17 10:33:28,229 - pytest_runner - INFO - pytest.py starting with args: ['F:\\Programming\\Apps\\ShittyRandomPhotoScreenSaver\\tests\\test_gmail_widget.py', '-v']
2025-12-17 10:33:28,233 - pytest_runner - INFO - pytest.py starting with args: ['F:\\Programming\\Apps\\ShittyRandomPhotoScreenSaver\\tests\\test_gmail_widget.py', '-v']
2025-12-17 10:33:28,237 - pytest_runner - INFO - pytest.py starting with args: ['F:\\Programming\\Apps\\ShittyRandomPhotoScreenSaver\\tests\\test_gmail_widget.py', '-v']
2025-12-17 10:33:28,240 - pytest_runner - INFO - pytest.py starting with args: ['F:\\Programming\\Apps\\ShittyRandomPhotoScreenSaver\\tests\\test_gmail_widget.py', '-v']
2025-12-17 10:33:28,243 - pytest_runner - INFO - pytest.py starting with args: ['F:\\Programming\\Apps\\ShittyRandomPhotoScreenSaver\\tests\\test_gmail_widget.py', '-v']
2025-12-17 10:33:28,246 - pytest_runner - INFO - pytest.py starting with args: ['F:\\Programming\\Apps\\ShittyRandomPhotoScreenSaver\\tests\\test_gmail_widget.py', '-v']
2025-12-17 10:33:28,249 - pytest_runner - INFO - pytest.py starting with args: ['F:\\Programming\\Apps\\ShittyRandomPhotoScreenSaver\\tests\\test_gmail_widget.py', '-v']
2025-12-17 10:33:28,253 - pytest_runner - INFO - pytest.py starting with args: ['F:\\Programming\\Apps\\ShittyRandomPhotoScreenSaver\\tests\\test_gmail_widget.py', '-v']
2025-12-17 10:33:28,256 - pytest_runner - INFO - pytest.py starting with args: ['F:\\Programming\\Apps\\ShittyRandomPhotoScreenSaver\\tests\\test_gmail_widget.py', '-v']
2025-12-17 10:33:28,260 - pytest_runner - INFO - pytest.py starting with args: ['F:\\Programming\\Apps\\ShittyRandomPhotoScreenSaver\\tests\\test_gmail_widget.py', '-v']
2025-12-17 10:33:28,263 - pytest_runner - INFO - pytest.py starting with args: ['F:\\Programming\\Apps\\ShittyRandomPhotoScreenSaver\\tests\\test_gmail_widget.py', '-v']
2025-12-17 10:33:28,267 - pytest_runner - INFO - pytest.py starting with args: ['F:\\Programming\\Apps\\ShittyRandomPhotoScreenSaver\\tests\\test_gmail_widget.py', '-v']
2025-12-17 10:33:28,271 - pytest_runner - INFO - pytest.py starting with args: ['F:\\Programming\\Apps\\ShittyRandomPhotoScreenSaver\\tests\\test_gmail_widget.py', '-v']
2025-12-17 10:33:28,274 - pytest_runner - INFO - pytest.py starting with args: ['F:\\Programming\\Apps\\ShittyRandomPhotoScreenSaver\\tests\\test_gmail_widget.py', '-v']
2025-12-17 10:33:28,277 - pytest_runner - INFO - pytest.py starting with args: ['F:\\Programming\\Apps\\ShittyRandomPhotoScreenSaver\\tests\\test_gmail_widget.py', '-v']
2025-12-17 10:33:28,281 - pytest_runner - INFO - pytest.py starting with args: ['F:\\Programming\\Apps\\ShittyRandomPhotoScreenSaver\\tests\\test_gmail_widget.py', '-v']
2025-12-17 10:33:28,286 - pytest_runner - INFO - pytest.py starting with args: ['F:\\Programming\\Apps\\ShittyRandomPhotoScreenSaver\\tests\\test_gmail_widget.py', '-v']
2025-12-17 10:33:28,288 - pytest_runner - INFO - pytest.py starting with args: ['F:\\Programming\\Apps\\ShittyRandomPhotoScreenSaver\\tests\\test_gmail_widget.py', '-v']
2025-12-17 10:33:28,293 - pytest_runner - INFO - pytest.py starting with args: ['F:\\Programming\\Apps\\ShittyRandomPhotoScreenSaver\\tests\\test_gmail_widget.py', '-v']
2025-12-17 10:33:28,296 - pytest_runner - INFO - pytest.py starting with args: ['F:\\Programming\\Apps\\ShittyRandomPhotoScreenSaver\\tests\\test_gmail_widget.py', '-v']
2025-12-17 10:33:28,299 - pytest_runner - INFO - pytest.py starting with args: ['F:\\Programming\\Apps\\ShittyRandomPhotoScreenSaver\\tests\\test_gmail_widget.py', '-v']
2025-12-17 10:33:28,302 - pytest_runner - INFO - pytest.py starting with args: ['F:\\Programming\\Apps\\ShittyRandomPhotoScreenSaver\\tests\\test_gmail_widget.py', '-v']
2025-12-17 10:33:28,305 - pytest_runner - INFO - pytest.py starting with args: ['F:\\Programming\\Apps\\ShittyRandomPhotoScreenSaver\\tests\\test_gmail_widget.py', '-v']
2025-12-17 10:33:28,309 - pytest_runner - INFO - pytest.py starting with args: ['F:\\Programming\\Apps\\ShittyRandomPhotoScreenSaver\\tests\\test_gmail_widget.py', '-v']
2025-12-17 10:33:28,311 - pytest_runner - INFO - pytest.py starting with args: ['F:\\Programming\\Apps\\ShittyRandomPhotoScreenSaver\\tests\\test_gmail_widget.py', '-v']
2025-12-17 10:33:28,314 - pytest_runner - INFO - pytest.py starting with args: ['F:\\Programming\\Apps\\ShittyRandomPhotoScreenSaver\\tests\\test_gmail_widget.py', '-v']
2025-12-17 10:33:28,317 - pytest_runner - INFO - pytest.py starting with args: ['F:\\Programming\\Apps\\ShittyRandomPhotoScreenSaver\\tests\\test_gmail_widget.py', '-v']
2025-12-17 10:33:28,320 - pytest_runner - INFO - pytest.py starting with args: ['F:\\Programming\\Apps\\ShittyRandomPhotoScreenSaver\\tests\\test_gmail_widget.py', '-v']
2025-12-17 10:33:28,323 - pytest_runner - INFO - pytest.py starting with args: ['F:\\Programming\\Apps\\ShittyRandomPhotoScreenSaver\\tests\\test_gmail_widget.py', '-v']
2025-12-17 10:33:28,326 - pytest_runner - INFO - pytest.py starting with args: ['F:\\Programming\\Apps\\ShittyRandomPhotoScreenSaver\\tests\\test_gmail_widget.py', '-v']
2025-12-17 10:33:28,330 - pytest_runner - INFO - pytest.py starting with args: ['F:\\Programming\\Apps\\ShittyRandomPhotoScreenSaver\\tests\\test_gmail_widget.py', '-v']
2025-12-17 10:33:28,333 - pytest_runner - INFO - pytest.py starting with args: ['F:\\Programming\\Apps\\ShittyRandomPhotoScreenSaver\\tests\\test_gmail_widget.py', '-v']
2025-12-17 10:33:28,336 - pytest_runner - INFO - pytest.py starting with args: ['F:\\Programming\\Apps\\ShittyRandomPhotoScreenSaver\\tests\\test_gmail_widget.py', '-v']
2025-12-17 10:33:28,338 - pytest_runner - INFO - pytest.py starting with args: ['F:\\Programming\\Apps\\ShittyRandomPhotoScreenSaver\\tests\\test_gmail_widget.py', '-v']
2025-12-17 10:33:28,341 - pytest_runner - INFO - pytest.py starting with args: ['F:\\Programming\\Apps\\ShittyRandomPhotoScreenSaver\\tests\\test_gmail_widget.py', '-v']
2025-12-17 10:33:28,344 - pytest_runner - INFO - pytest.py starting with args: ['F:\\Programming\\Apps\\ShittyRandomPhotoScreenSaver\\tests\\test_gmail_widget.py', '-v']
2025-12-17 10:33:28,347 - pytest_runner - INFO - pytest.py starting with args: ['F:\\Programming\\Apps\\ShittyRandomPhotoScreenSaver\\tests\\test_gmail_widget.py', '-v']
2025-12-17 10:33:28,351 - pytest_runner - INFO - pytest.py starting with args: ['F:\\Programming\\Apps\\ShittyRandomPhotoScreenSaver\\tests\\test_gmail_widget.py', '-v']
2025-12-17 10:33:28,354 - pytest_runner - INFO - pytest.py starting with args: ['F:\\Programming\\Apps\\ShittyRandomPhotoScreenSaver\\tests\\test_gmail_widget.py', '-v']
2025-12-17 10:33:28,357 - pytest_runner - INFO - pytest.py starting with args: ['F:\\Programming\\Apps\\ShittyRandomPhotoScreenSaver\\tests\\test_gmail_widget.py', '-v']
2025-12-17 10:33:28,360 - pytest_runner - INFO - pytest.py starting with args: ['F:\\Programming\\Apps\\ShittyRandomPhotoScreenSaver\\tests\\test_gmail_widget.py', '-v']
2025-12-17 10:33:28,363 - pytest_runner - INFO - pytest.py starting with args: ['F:\\Programming\\Apps\\ShittyRandomPhotoScreenSaver\\tests\\test_gmail_widget.py', '-v']
2025-12-17 10:33:28,366 - pytest_runner - INFO - pytest.py starting with args: ['F:\\Programming\\Apps\\ShittyRandomPhotoScreenSaver\\tests\\test_gmail_widget.py', '-v']
2025-12-17 10:33:28,370 - pytest_runner - INFO - pytest.py starting with args: ['F:\\Programming\\Apps\\ShittyRandomPhotoScreenSaver\\tests\\test_gmail_widget.py', '-v']
2025-12-17 10:33:28,373 - pytest_runner - INFO - pytest.py starting with args: ['F:\\Programming\\Apps\\ShittyRandomPhotoScreenSaver\\tests\\test_gmail_widget.py', '-v']
2025-12-17 10:33:28,375 - pytest_runner - INFO - pytest.py starting with args: ['F:\\Programming\\Apps\\ShittyRandomPhotoScreenSaver\\tests\\test_gmail_widget.py', '-v']
2025-12-17 10:33:28,379 - pytest_runner - INFO - pytest.py starting with args: ['F:\\Programming\\Apps\\ShittyRandomPhotoScreenSaver\\tests\\test_gmail_widget.py', '-v']
2025-12-17 10:33:28,381 - pytest_runner - INFO - pytest.py starting with args: ['F:\\Programming\\Apps\\ShittyRandomPhotoScreenSaver\\tests\\test_gmail_widget.py', '-v']
2025-12-17 10:33:28,384 - pytest_runner - INFO - pytest.py starting with args: ['F:\\Programming\\Apps\\ShittyRandomPhotoScreenSaver\\tests\\test_gmail_widget.py', '-v']
2025-12-17 10:33:28,388 - pytest_runner - INFO - pytest.py starting with args: ['F:\\Programming\\Apps\\ShittyRandomPhotoScreenSaver\\tests\\test_gmail_widget.py', '-v']
2025-12-17 10:33:28,391 - pytest_runner - INFO - pytest.py starting with args: ['F:\\Programming\\Apps\\ShittyRandomPhotoScreenSaver\\tests\\test_gmail_widget.py', '-v']
2025-12-17 10:33:28,394 - pytest_runner - INFO - pytest.py starting with args: ['F:\\Programming\\Apps\\ShittyRandomPhotoScreenSaver\\tests\\test_gmail_widget.py', '-v']
2025-12-17 10:33:28,397 - pytest_runner - INFO - pytest.py starting with args: ['F:\\Programming\\Apps\\ShittyRandomPhotoScreenSaver\\tests\\test_gmail_widget.py', '-v']
2025-12-17 10:33:28,400 - pytest_runner - INFO - pytest.py starting with args: ['F:\\Programming\\Apps\\ShittyRandomPhotoScreenSaver\\tests\\test_gmail_widget.py', '-v']
2025-12-17 10:33:28,402 - pytest_runner - INFO - pytest.py starting with args: ['F:\\Programming\\Apps\\ShittyRandomPhotoScreenSaver\\tests\\test_gmail_widget.py', '-v']
2025-12-17 10:33:28,406 - pytest_runner - INFO - pytest.py starting with args: ['F:\\Programming\\Apps\\ShittyRandomPhotoScreenSaver\\tests\\test_gmail_widget.py', '-v']
2025-12-17 10:33:28,409 - pytest_runner - INFO - pytest.py starting with args: ['F:\\Programming\\Apps\\ShittyRandomPhotoScreenSaver\\tests\\test_gmail_widget.py', '-v']
2025-12-17 10:33:28,412 - pytest_runner - INFO - pytest.py starting with args: ['F:\\Programming\\Apps\\ShittyRandomPhotoScreenSaver\\tests\\test_gmail_widget.py', '-v']
2025-12-17 10:33:28,415 - pytest_runner - INFO - pytest.py starting with args: ['F:\\Programming\\Apps\\ShittyRandomPhotoScreenSaver\\tests\\test_gmail_widget.py', '-v']
2025-12-17 10:33:28,418 - pytest_runner - INFO - pytest.py starting with args: ['F:\\Programming\\Apps\\ShittyRandomPhotoScreenSaver\\tests\\test_gmail_widget.py', '-v']
2025-12-17 10:33:28,421 - pytest_runner - INFO - pytest.py starting with args: ['F:\\Programming\\Apps\\ShittyRandomPhotoScreenSaver\\tests\\test_gmail_widget.py', '-v']
2025-12-17 10:33:28,424 - pytest_runner - INFO - pytest.py starting with args: ['F:\\Programming\\Apps\\ShittyRandomPhotoScreenSaver\\tests\\test_gmail_widget.py', '-v']
2025-12-17 10:33:28,427 - pytest_runner - INFO - pytest.py starting with args: ['F:\\Programming\\Apps\\ShittyRandomPhotoScreenSaver\\tests\\test_gmail_widget.py', '-v']
2025-12-17 10:33:28,430 - pytest_runner - INFO - pytest.py starting with args: ['F:\\Programming\\Apps\\ShittyRandomPhotoScreenSaver\\tests\\test_gmail_widget.py', '-v']
2025-12-17 10:33:28,433 - pytest_runner - INFO - pytest.py starting with args: ['F:\\Programming\\Apps\\ShittyRandomPhotoScreenSaver\\tests\\test_gmail_widget.py', '-v']
2025-12-17 10:33:28,437 - pytest_runner - INFO - pytest.py starting with args: ['F:\\Programming\\Apps\\ShittyRandomPhotoScreenSaver\\tests\\test_gmail_widget.py', '-v']
2025-12-17 10:33:28,440 - pytest_runner - INFO - pytest.py starting with args: ['F:\\Programming\\Apps\\ShittyRandomPhotoScreenSaver\\tests\\test_gmail_widget.py', '-v']
2025-12-17 10:33:28,443 - pytest_runner - INFO - pytest.py starting with args: ['F:\\Programming\\Apps\\ShittyRandomPhotoScreenSaver\\tests\\test_gmail_widget.py', '-v']
2025-12-17 10:33:28,446 - pytest_runner - INFO - pytest.py starting with args: ['F:\\Programming\\Apps\\ShittyRandomPhotoScreenSaver\\tests\\test_gmail_widget.py', '-v']
2025-12-17 10:33:28,449 - pytest_runner - INFO - pytest.py starting with args: ['F:\\Programming\\Apps\\ShittyRandomPhotoScreenSaver\\tests\\test_gmail_widget.py', '-v']
2025-12-17 10:33:28,452 - pytest_runner - INFO - pytest.py starting with args: ['F:\\Programming\\Apps\\ShittyRandomPhotoScreenSaver\\tests\\test_gmail_widget.py', '-v']
2025-12-17 10:33:28,455 - pytest_runner - INFO - pytest.py starting with args: ['F:\\Programming\\Apps\\ShittyRandomPhotoScreenSaver\\tests\\test_gmail_widget.py', '-v']
2025-12-17 10:33:28,459 - pytest_runner - INFO - pytest.py starting with args: ['F:\\Programming\\Apps\\ShittyRandomPhotoScreenSaver\\tests\\test_gmail_widget.py', '-v']
2025-12-17 10:33:28,461 - pytest_runner - INFO - pytest.py starting with args: ['F:\\Programming\\Apps\\ShittyRandomPhotoScreenSaver\\tests\\test_gmail_widget.py', '-v']
2025-12-17 10:33:28,464 - pytest_runner - INFO - pytest.py starting with args: ['F:\\Programming\\Apps\\ShittyRandomPhotoScreenSaver\\tests\\test_gmail_widget.py', '-v']
2025-12-17 10:33:28,467 - pytest_runner - INFO - pytest.py starting with args: ['F:\\Programming\\Apps\\ShittyRandomPhotoScreenSaver\\tests\\test_gmail_widget.py', '-v']
2025-12-17 10:33:28,471 - pytest_runner - INFO - pytest.py starting with args: ['F:\\Programming\\Apps\\ShittyRandomPhotoScreenSaver\\tests\\test_gmail_widget.py', '-v']
2025-12-17 10:33:28,473 - pytest_runner - INFO - pytest.py starting with args: ['F:\\Programming\\Apps\\ShittyRandomPhotoScreenSaver\\tests\\test_gmail_widget.py', '-v']
2025-12-17 10:33:28,476 - pytest_runner - INFO - pytest.py starting with args: ['F:\\Programming\\Apps\\ShittyRandomPhotoScreenSaver\\tests\\test_gmail_widget.py', '-v']
2025-12-17 10:33:28,480 - pytest_runner - INFO - pytest.py starting with args: ['F:\\Programming\\Apps\\ShittyRandomPhotoScreenSaver\\tests\\test_gmail_widget.py', '-v']
2025-12-17 10:33:28,483 - pytest_runner - INFO - pytest.py starting with args: ['F:\\Programming\\Apps\\ShittyRandomPhotoScreenSaver\\tests\\test_gmail_widget.py', '-v']
2025-12-17 10:33:28,486 - pytest_runner - INFO - pytest.py starting with args: ['F:\\Programming\\Apps\\ShittyRandomPhotoScreenSaver\\tests\\test_gmail_widget.py', '-v']
2025-12-17 10:33:28,489 - pytest_runner - INFO - pytest.py starting with args: ['F:\\Programming\\Apps\\ShittyRandomPhotoScreenSaver\\tests\\test_gmail_widget.py', '-v']
2025-12-17 10:33:28,493 - pytest_runner - INFO - pytest.py starting with args: ['F:\\Programming\\Apps\\ShittyRandomPhotoScreenSaver\\tests\\test_gmail_widget.py', '-v']
2025-12-17 10:33:28,495 - pytest_runner - INFO - pytest.py starting with args: ['F:\\Programming\\Apps\\ShittyRandomPhotoScreenSaver\\tests\\test_gmail_widget.py', '-v']
2025-12-17 10:33:28,498 - pytest_runner - INFO - pytest.py starting with args: ['F:\\Programming\\Apps\\ShittyRandomPhotoScreenSaver\\tests\\test_gmail_widget.py', '-v']
2025-12-17 10:33:28,501 - pytest_runner - INFO - pytest.py starting with args: ['F:\\Programming\\Apps\\ShittyRandomPhotoScreenSaver\\tests\\test_gmail_widget.py', '-v']
2025-12-17 10:33:28,505 - pytest_runner - INFO - pytest.py starting with args: ['F:\\Programming\\Apps\\ShittyRandomPhotoScreenSaver\\tests\\test_gmail_widget.py', '-v']
2025-12-17 10:33:28,507 - pytest_runner - INFO - pytest.py starting with args: ['F:\\Programming\\Apps\\ShittyRandomPhotoScreenSaver\\tests\\test_gmail_widget.py', '-v']
2025-12-17 10:33:28,510 - pytest_runner - INFO - pytest.py starting with args: ['F:\\Programming\\Apps\\ShittyRandomPhotoScreenSaver\\tests\\test_gmail_widget.py', '-v']
2025-12-17 10:33:28,514 - pytest_runner - INFO - pytest.py starting with args: ['F:\\Programming\\Apps\\ShittyRandomPhotoScreenSaver\\tests\\test_gmail_widget.py', '-v']
2025-12-17 10:33:28,517 - pytest_runner - INFO - pytest.py starting with args: ['F:\\Programming\\Apps\\ShittyRandomPhotoScreenSaver\\tests\\test_gmail_widget.py', '-v']
2025-12-17 10:33:28,520 - pytest_runner - INFO - pytest.py starting with args: ['F:\\Programming\\Apps\\ShittyRandomPhotoScreenSaver\\tests\\test_gmail_widget.py', '-v']
2025-12-17 10:33:28,523 - pytest_runner - INFO - pytest.py starting with args: ['F:\\Programming\\Apps\\ShittyRandomPhotoScreenSaver\\tests\\test_gmail_widget.py', '-v']
2025-12-17 10:33:28,526 - pytest_runner - INFO - pytest.py starting with args: ['F:\\Programming\\Apps\\ShittyRandomPhotoScreenSaver\\tests\\test_gmail_widget.py', '-v']
2025-12-17 10:33:28,530 - pytest_runner - INFO - pytest.py starting with args: ['F:\\Programming\\Apps\\ShittyRandomPhotoScreenSaver\\tests\\test_gmail_widget.py', '-v']
2025-12-17 10:33:28,533 - pytest_runner - INFO - pytest.py starting with args: ['F:\\Programming\\Apps\\ShittyRandomPhotoScreenSaver\\tests\\test_gmail_widget.py', '-v']
2025-12-17 10:33:28,537 - pytest_runner - INFO - pytest.py starting with args: ['F:\\Programming\\Apps\\ShittyRandomPhotoScreenSaver\\tests\\test_gmail_widget.py', '-v']
2025-12-17 10:33:28,542 - pytest_runner - INFO - pytest.py starting with args: ['F:\\Programming\\Apps\\ShittyRandomPhotoScreenSaver\\tests\\test_gmail_widget.py', '-v']
2025-12-17 10:33:28,545 - pytest_runner - INFO - pytest.py starting with args: ['F:\\Programming\\Apps\\ShittyRandomPhotoScreenSaver\\tests\\test_gmail_widget.py', '-v']
2025-12-17 10:33:28,549 - pytest_runner - INFO - pytest.py starting with args: ['F:\\Programming\\Apps\\ShittyRandomPhotoScreenSaver\\tests\\test_gmail_widget.py', '-v']
2025-12-17 10:33:28,553 - pytest_runner - INFO - pytest.py starting with args: ['F:\\Programming\\Apps\\ShittyRandomPhotoScreenSaver\\tests\\test_gmail_widget.py', '-v']
2025-12-17 10:33:28,555 - pytest_runner - INFO - pytest.py starting with args: ['F:\\Programming\\Apps\\ShittyRandomPhotoScreenSaver\\tests\\test_gmail_widget.py', '-v']
2025-12-17 10:33:28,559 - pytest_runner - INFO - pytest.py starting with args: ['F:\\Programming\\Apps\\ShittyRandomPhotoScreenSaver\\tests\\test_gmail_widget.py', '-v']
2025-12-17 10:33:28,562 - pytest_runner - INFO - pytest.py starting with args: ['F:\\Programming\\Apps\\ShittyRandomPhotoScreenSaver\\tests\\test_gmail_widget.py', '-v']
2025-12-17 10:33:28,564 - pytest_runner - INFO - pytest.py starting with args: ['F:\\Programming\\Apps\\ShittyRandomPhotoScreenSaver\\tests\\test_gmail_widget.py', '-v']
2025-12-17 10:33:28,568 - pytest_runner - INFO - pytest.py starting with args: ['F:\\Programming\\Apps\\ShittyRandomPhotoScreenSaver\\tests\\test_gmail_widget.py', '-v']
2025-12-17 10:33:28,570 - pytest_runner - INFO - pytest.py starting with args: ['F:\\Programming\\Apps\\ShittyRandomPhotoScreenSaver\\tests\\test_gmail_widget.py', '-v']
2025-12-17 10:33:28,573 - pytest_runner - INFO - pytest.py starting with args: ['F:\\Programming\\Apps\\ShittyRandomPhotoScreenSaver\\tests\\test_gmail_widget.py', '-v']
2025-12-17 10:33:28,577 - pytest_runner - INFO - pytest.py starting with args: ['F:\\Programming\\Apps\\ShittyRandomPhotoScreenSaver\\tests\\test_gmail_widget.py', '-v']
2025-12-17 10:33:28,579 - pytest_runner - INFO - pytest.py starting with args: ['F:\\Programming\\Apps\\ShittyRandomPhotoScreenSaver\\tests\\test_gmail_widget.py', '-v']
2025-12-17 10:33:28,583 - pytest_runner - INFO - pytest.py starting with args: ['F:\\Programming\\Apps\\ShittyRandomPhotoScreenSaver\\tests\\test_gmail_widget.py', '-v']
2025-12-17 10:33:28,585 - pytest_runner - INFO - pytest.py starting with args: ['F:\\Programming\\Apps\\ShittyRandomPhotoScreenSaver\\tests\\test_gmail_widget.py', '-v']
2025-12-17 10:33:28,589 - pytest_runner - INFO - pytest.py starting with args: ['F:\\Programming\\Apps\\ShittyRandomPhotoScreenSaver\\tests\\test_gmail_widget.py', '-v']
2025-12-17 10:33:28,590 - pytest_runner - INFO - pytest.py starting with args: ['F:\\Programming\\Apps\\ShittyRandomPhotoScreenSaver\\tests\\test_gmail_widget.py', '-v']
2025-12-17 10:33:28,594 - pytest_runner - INFO - pytest.py starting with args: ['F:\\Programming\\Apps\\ShittyRandomPhotoScreenSaver\\tests\\test_gmail_widget.py', '-v']
2025-12-17 10:33:28,597 - pytest_runner - INFO - pytest.py starting with args: ['F:\\Programming\\Apps\\ShittyRandomPhotoScreenSaver\\tests\\test_gmail_widget.py', '-v']
2025-12-17 10:33:28,600 - pytest_runner - INFO - pytest.py starting with args: ['F:\\Programming\\Apps\\ShittyRandomPhotoScreenSaver\\tests\\test_gmail_widget.py', '-v']
2025-12-17 10:33:28,603 - pytest_runner - INFO - pytest.py starting with args: ['F:\\Programming\\Apps\\ShittyRandomPhotoScreenSaver\\tests\\test_gmail_widget.py', '-v']
2025-12-17 10:33:28,607 - pytest_runner - INFO - pytest.py starting with args: ['F:\\Programming\\Apps\\ShittyRandomPhotoScreenSaver\\tests\\test_gmail_widget.py', '-v']
2025-12-17 10:33:28,609 - pytest_runner - INFO - pytest.py starting with args: ['F:\\Programming\\Apps\\ShittyRandomPhotoScreenSaver\\tests\\test_gmail_widget.py', '-v']
2025-12-17 10:33:28,613 - pytest_runner - INFO - pytest.py starting with args: ['F:\\Programming\\Apps\\ShittyRandomPhotoScreenSaver\\tests\\test_gmail_widget.py', '-v']
2025-12-17 10:33:28,616 - pytest_runner - INFO - pytest.py starting with args: ['F:\\Programming\\Apps\\ShittyRandomPhotoScreenSaver\\tests\\test_gmail_widget.py', '-v']
2025-12-17 10:33:28,619 - pytest_runner - INFO - pytest.py starting with args: ['F:\\Programming\\Apps\\ShittyRandomPhotoScreenSaver\\tests\\test_gmail_widget.py', '-v']
2025-12-17 10:33:28,623 - pytest_runner - INFO - pytest.py starting with args: ['F:\\Programming\\Apps\\ShittyRandomPhotoScreenSaver\\tests\\test_gmail_widget.py', '-v']
2025-12-17 10:33:28,627 - pytest_runner - INFO - pytest.py starting with args: ['F:\\Programming\\Apps\\ShittyRandomPhotoScreenSaver\\tests\\test_gmail_widget.py', '-v']
2025-12-17 10:33:28,630 - pytest_runner - INFO - pytest.py starting with args: ['F:\\Programming\\Apps\\ShittyRandomPhotoScreenSaver\\tests\\test_gmail_widget.py', '-v']
2025-12-17 10:33:28,632 - pytest_runner - INFO - pytest.py starting with args: ['F:\\Programming\\Apps\\ShittyRandomPhotoScreenSaver\\tests\\test_gmail_widget.py', '-v']
2025-12-17 10:33:28,636 - pytest_runner - INFO - pytest.py starting with args: ['F:\\Programming\\Apps\\ShittyRandomPhotoScreenSaver\\tests\\test_gmail_widget.py', '-v']
2025-12-17 10:33:28,639 - pytest_runner - INFO - pytest.py starting with args: ['F:\\Programming\\Apps\\ShittyRandomPhotoScreenSaver\\tests\\test_gmail_widget.py', '-v']
2025-12-17 10:33:28,642 - pytest_runner - INFO - pytest.py starting with args: ['F:\\Programming\\Apps\\ShittyRandomPhotoScreenSaver\\tests\\test_gmail_widget.py', '-v']
2025-12-17 10:33:28,644 - pytest_runner - INFO - pytest.py starting with args: ['F:\\Programming\\Apps\\ShittyRandomPhotoScreenSaver\\tests\\test_gmail_widget.py', '-v']
2025-12-17 10:33:28,648 - pytest_runner - INFO - pytest.py starting with args: ['F:\\Programming\\Apps\\ShittyRandomPhotoScreenSaver\\tests\\test_gmail_widget.py', '-v']
2025-12-17 10:33:28,651 - pytest_runner - INFO - pytest.py starting with args: ['F:\\Programming\\Apps\\ShittyRandomPhotoScreenSaver\\tests\\test_gmail_widget.py', '-v']
2025-12-17 10:33:28,655 - pytest_runner - INFO - pytest.py starting with args: ['F:\\Programming\\Apps\\ShittyRandomPhotoScreenSaver\\tests\\test_gmail_widget.py', '-v']
2025-12-17 10:33:28,658 - pytest_runner - INFO - pytest.py starting with args: ['F:\\Programming\\Apps\\ShittyRandomPhotoScreenSaver\\tests\\test_gmail_widget.py', '-v']
2025-12-17 10:33:28,660 - pytest_runner - INFO - pytest.py starting with args: ['F:\\Programming\\Apps\\ShittyRandomPhotoScreenSaver\\tests\\test_gmail_widget.py', '-v']
2025-12-17 10:33:28,664 - pytest_runner - INFO - pytest.py starting with args: ['F:\\Programming\\Apps\\ShittyRandomPhotoScreenSaver\\tests\\test_gmail_widget.py', '-v']
2025-12-17 10:33:28,667 - pytest_runner - INFO - pytest.py starting with args: ['F:\\Programming\\Apps\\ShittyRandomPhotoScreenSaver\\tests\\test_gmail_widget.py', '-v']
2025-12-17 10:33:28,670 - pytest_runner - INFO - pytest.py starting with args: ['F:\\Programming\\Apps\\ShittyRandomPhotoScreenSaver\\tests\\test_gmail_widget.py', '-v']
2025-12-17 10:33:28,673 - pytest_runner - INFO - pytest.py starting with args: ['F:\\Programming\\Apps\\ShittyRandomPhotoScreenSaver\\tests\\test_gmail_widget.py', '-v']
2025-12-17 10:33:28,676 - pytest_runner - INFO - pytest.py starting with args: ['F:\\Programming\\Apps\\ShittyRandomPhotoScreenSaver\\tests\\test_gmail_widget.py', '-v']
2025-12-17 10:33:28,679 - pytest_runner - INFO - pytest.py starting with args: ['F:\\Programming\\Apps\\ShittyRandomPhotoScreenSaver\\tests\\test_gmail_widget.py', '-v']
2025-12-17 10:33:28,682 - pytest_runner - INFO - pytest.py starting with args: ['F:\\Programming\\Apps\\ShittyRandomPhotoScreenSaver\\tests\\test_gmail_widget.py', '-v']
2025-12-17 10:33:28,684 - pytest_runner - INFO - pytest.py starting with args: ['F:\\Programming\\Apps\\ShittyRandomPhotoScreenSaver\\tests\\test_gmail_widget.py', '-v']
2025-12-17 10:33:28,689 - pytest_runner - INFO - pytest.py starting with args: ['F:\\Programming\\Apps\\ShittyRandomPhotoScreenSaver\\tests\\test_gmail_widget.py', '-v']
2025-12-17 10:33:28,691 - pytest_runner - INFO - pytest.py starting with args: ['F:\\Programming\\Apps\\ShittyRandomPhotoScreenSaver\\tests\\test_gmail_widget.py', '-v']
2025-12-17 10:33:28,695 - pytest_runner - INFO - pytest.py starting with args: ['F:\\Programming\\Apps\\ShittyRandomPhotoScreenSaver\\tests\\test_gmail_widget.py', '-v']
2025-12-17 10:33:28,697 - pytest_runner - INFO - pytest.py starting with args: ['F:\\Programming\\Apps\\ShittyRandomPhotoScreenSaver\\tests\\test_gmail_widget.py', '-v']
2025-12-17 10:33:28,701 - pytest_runner - INFO - pytest.py starting with args: ['F:\\Programming\\Apps\\ShittyRandomPhotoScreenSaver\\tests\\test_gmail_widget.py', '-v']
2025-12-17 10:33:28,704 - pytest_runner - INFO - pytest.py starting with args: ['F:\\Programming\\Apps\\ShittyRandomPhotoScreenSaver\\tests\\test_gmail_widget.py', '-v']
2025-12-17 10:33:28,707 - pytest_runner - INFO - pytest.py starting with args: ['F:\\Programming\\Apps\\ShittyRandomPhotoScreenSaver\\tests\\test_gmail_widget.py', '-v']
2025-12-17 10:33:28,710 - pytest_runner - INFO - pytest.py starting with args: ['F:\\Programming\\Apps\\ShittyRandomPhotoScreenSaver\\tests\\test_gmail_widget.py', '-v']
2025-12-17 10:33:28,713 - pytest_runner - INFO - pytest.py starting with args: ['F:\\Programming\\Apps\\ShittyRandomPhotoScreenSaver\\tests\\test_gmail_widget.py', '-v']
2025-12-17 10:33:28,716 - pytest_runner - INFO - pytest.py starting with args: ['F:\\Programming\\Apps\\ShittyRandomPhotoScreenSaver\\tests\\test_gmail_widget.py', '-v']
2025-12-17 10:33:28,720 - pytest_runner - INFO - pytest.py starting with args: ['F:\\Programming\\Apps\\ShittyRandomPhotoScreenSaver\\tests\\test_gmail_widget.py', '-v']
2025-12-17 10:33:28,723 - pytest_runner - INFO - pytest.py starting with args: ['F:\\Programming\\Apps\\ShittyRandomPhotoScreenSaver\\tests\\test_gmail_widget.py', '-v']
2025-12-17 10:33:28,726 - pytest_runner - INFO - pytest.py starting with args: ['F:\\Programming\\Apps\\ShittyRandomPhotoScreenSaver\\tests\\test_gmail_widget.py', '-v']
2025-12-17 10:33:28,729 - pytest_runner - INFO - pytest.py starting with args: ['F:\\Programming\\Apps\\ShittyRandomPhotoScreenSaver\\tests\\test_gmail_widget.py', '-v']
2025-12-17 10:33:28,732 - pytest_runner - INFO - pytest.py starting with args: ['F:\\Programming\\Apps\\ShittyRandomPhotoScreenSaver\\tests\\test_gmail_widget.py', '-v']
2025-12-17 10:33:28,736 - pytest_runner - INFO - pytest.py starting with args: ['F:\\Programming\\Apps\\ShittyRandomPhotoScreenSaver\\tests\\test_gmail_widget.py', '-v']
2025-12-17 10:33:28,739 - pytest_runner - INFO - pytest.py starting with args: ['F:\\Programming\\Apps\\ShittyRandomPhotoScreenSaver\\tests\\test_gmail_widget.py', '-v']
2025-12-17 10:33:28,742 - pytest_runner - INFO - pytest.py starting with args: ['F:\\Programming\\Apps\\ShittyRandomPhotoScreenSaver\\tests\\test_gmail_widget.py', '-v']
2025-12-17 10:33:28,744 - pytest_runner - INFO - pytest.py starting with args: ['F:\\Programming\\Apps\\ShittyRandomPhotoScreenSaver\\tests\\test_gmail_widget.py', '-v']
2025-12-17 10:33:28,749 - pytest_runner - INFO - pytest.py starting with args: ['F:\\Programming\\Apps\\ShittyRandomPhotoScreenSaver\\tests\\test_gmail_widget.py', '-v']
2025-12-17 10:33:28,752 - pytest_runner - INFO - pytest.py starting with args: ['F:\\Programming\\Apps\\ShittyRandomPhotoScreenSaver\\tests\\test_gmail_widget.py', '-v']
2025-12-17 10:33:28,755 - pytest_runner - INFO - pytest.py starting with args: ['F:\\Programming\\Apps\\ShittyRandomPhotoScreenSaver\\tests\\test_gmail_widget.py', '-v']
2025-12-17 10:33:28,759 - pytest_runner - INFO - pytest.py starting with args: ['F:\\Programming\\Apps\\ShittyRandomPhotoScreenSaver\\tests\\test_gmail_widget.py', '-v']
2025-12-17 10:33:28,761 - pytest_runner - INFO - pytest.py starting with args: ['F:\\Programming\\Apps\\ShittyRandomPhotoScreenSaver\\tests\\test_gmail_widget.py', '-v']
2025-12-17 10:33:28,765 - pytest_runner - INFO - pytest.py starting with args: ['F:\\Programming\\Apps\\ShittyRandomPhotoScreenSaver\\tests\\test_gmail_widget.py', '-v']
2025-12-17 10:33:28,768 - pytest_runner - INFO - pytest.py starting with args: ['F:\\Programming\\Apps\\ShittyRandomPhotoScreenSaver\\tests\\test_gmail_widget.py', '-v']
2025-12-17 10:33:28,772 - pytest_runner - INFO - pytest.py starting with args: ['F:\\Programming\\Apps\\ShittyRandomPhotoScreenSaver\\tests\\test_gmail_widget.py', '-v']
2025-12-17 10:33:28,774 - pytest_runner - INFO - pytest.py starting with args: ['F:\\Programming\\Apps\\ShittyRandomPhotoScreenSaver\\tests\\test_gmail_widget.py', '-v']
2025-12-17 10:33:28,778 - pytest_runner - INFO - pytest.py starting with args: ['F:\\Programming\\Apps\\ShittyRandomPhotoScreenSaver\\tests\\test_gmail_widget.py', '-v']
2025-12-17 10:33:28,781 - pytest_runner - INFO - pytest.py starting with args: ['F:\\Programming\\Apps\\ShittyRandomPhotoScreenSaver\\tests\\test_gmail_widget.py', '-v']
2025-12-17 10:33:28,784 - pytest_runner - INFO - pytest.py starting with args: ['F:\\Programming\\Apps\\ShittyRandomPhotoScreenSaver\\tests\\test_gmail_widget.py', '-v']
2025-12-17 10:33:28,790 - pytest_runner - INFO - pytest.py starting with args: ['F:\\Programming\\Apps\\ShittyRandomPhotoScreenSaver\\tests\\test_gmail_widget.py', '-v']
2025-12-17 10:33:28,794 - pytest_runner - INFO - pytest.py starting with args: ['F:\\Programming\\Apps\\ShittyRandomPhotoScreenSaver\\tests\\test_gmail_widget.py', '-v']
2025-12-17 10:33:28,798 - pytest_runner - INFO - pytest.py starting with args: ['F:\\Programming\\Apps\\ShittyRandomPhotoScreenSaver\\tests\\test_gmail_widget.py', '-v']
2025-12-17 10:33:28,803 - pytest_runner - INFO - pytest.py starting with args: ['F:\\Programming\\Apps\\ShittyRandomPhotoScreenSaver\\tests\\test_gmail_widget.py', '-v']
2025-12-17 10:33:28,807 - pytest_runner - INFO - pytest.py starting with args: ['F:\\Programming\\Apps\\ShittyRandomPhotoScreenSaver\\tests\\test_gmail_widget.py', '-v']
2025-12-17 10:33:28,811 - pytest_runner - INFO - pytest.py starting with args: ['F:\\Programming\\Apps\\ShittyRandomPhotoScreenSaver\\tests\\test_gmail_widget.py', '-v']
2025-12-17 10:33:28,814 - pytest_runner - INFO - pytest.py starting with args: ['F:\\Programming\\Apps\\ShittyRandomPhotoScreenSaver\\tests\\test_gmail_widget.py', '-v']
2025-12-17 10:33:28,818 - pytest_runner - INFO - pytest.py starting with args: ['F:\\Programming\\Apps\\ShittyRandomPhotoScreenSaver\\tests\\test_gmail_widget.py', '-v']
2025-12-17 10:33:28,821 - pytest_runner - INFO - pytest.py starting with args: ['F:\\Programming\\Apps\\ShittyRandomPhotoScreenSaver\\tests\\test_gmail_widget.py', '-v']
2025-12-17 10:33:28,824 - pytest_runner - INFO - pytest.py starting with args: ['F:\\Programming\\Apps\\ShittyRandomPhotoScreenSaver\\tests\\test_gmail_widget.py', '-v']
2025-12-17 10:33:28,828 - pytest_runner - INFO - pytest.py starting with args: ['F:\\Programming\\Apps\\ShittyRandomPhotoScreenSaver\\tests\\test_gmail_widget.py', '-v']
2025-12-17 10:33:28,830 - pytest_runner - INFO - pytest.py starting with args: ['F:\\Programming\\Apps\\ShittyRandomPhotoScreenSaver\\tests\\test_gmail_widget.py', '-v']
2025-12-17 10:33:28,834 - pytest_runner - INFO - pytest.py starting with args: ['F:\\Programming\\Apps\\ShittyRandomPhotoScreenSaver\\tests\\test_gmail_widget.py', '-v']
2025-12-17 10:33:28,838 - pytest_runner - INFO - pytest.py starting with args: ['F:\\Programming\\Apps\\ShittyRandomPhotoScreenSaver\\tests\\test_gmail_widget.py', '-v']
2025-12-17 10:33:28,843 - pytest_runner - INFO - pytest.py starting with args: ['F:\\Programming\\Apps\\ShittyRandomPhotoScreenSaver\\tests\\test_gmail_widget.py', '-v']
2025-12-17 10:33:28,847 - pytest_runner - INFO - pytest.py starting with args: ['F:\\Programming\\Apps\\ShittyRandomPhotoScreenSaver\\tests\\test_gmail_widget.py', '-v']
2025-12-17 10:33:28,850 - pytest_runner - INFO - pytest.py starting with args: ['F:\\Programming\\Apps\\ShittyRandomPhotoScreenSaver\\tests\\test_gmail_widget.py', '-v']
2025-12-17 10:33:28,854 - pytest_runner - INFO - pytest.py starting with args: ['F:\\Programming\\Apps\\ShittyRandomPhotoScreenSaver\\tests\\test_gmail_widget.py', '-v']
2025-12-17 10:33:28,857 - pytest_runner - INFO - pytest.py starting with args: ['F:\\Programming\\Apps\\ShittyRandomPhotoScreenSaver\\tests\\test_gmail_widget.py', '-v']
2025-12-17 10:33:28,859 - pytest_runner - INFO - pytest.py starting with args: ['F:\\Programming\\Apps\\ShittyRandomPhotoScreenSaver\\tests\\test_gmail_widget.py', '-v']
2025-12-17 10:33:28,863 - pytest_runner - INFO - pytest.py starting with args: ['F:\\Programming\\Apps\\ShittyRandomPhotoScreenSaver\\tests\\test_gmail_widget.py', '-v']
2025-12-17 10:33:28,867 - pytest_runner - INFO - pytest.py starting with args: ['F:\\Programming\\Apps\\ShittyRandomPhotoScreenSaver\\tests\\test_gmail_widget.py', '-v']
2025-12-17 10:33:28,871 - pytest_runner - INFO - pytest.py starting with args: ['F:\\Programming\\Apps\\ShittyRandomPhotoScreenSaver\\tests\\test_gmail_widget.py', '-v']
2025-12-17 10:33:28,874 - pytest_runner - INFO - pytest.py starting with args: ['F:\\Programming\\Apps\\ShittyRandomPhotoScreenSaver\\tests\\test_gmail_widget.py', '-v']
2025-12-17 10:33:28,877 - pytest_runner - INFO - pytest.py starting with args: ['F:\\Programming\\Apps\\ShittyRandomPhotoScreenSaver\\tests\\test_gmail_widget.py', '-v']
2025-12-17 10:33:28,881 - pytest_runner - INFO - pytest.py starting with args: ['F:\\Programming\\Apps\\ShittyRandomPhotoScreenSaver\\tests\\test_gmail_widget.py', '-v']
2025-12-17 10:33:28,884 - pytest_runner - INFO - pytest.py starting with args: ['F:\\Programming\\Apps\\ShittyRandomPhotoScreenSaver\\tests\\test_gmail_widget.py', '-v']
2025-12-17 10:33:28,888 - pytest_runner - INFO - pytest.py starting with args: ['F:\\Programming\\Apps\\ShittyRandomPhotoScreenSaver\\tests\\test_gmail_widget.py', '-v']
2025-12-17 10:33:28,892 - pytest_runner - INFO - pytest.py starting with args: ['F:\\Programming\\Apps\\ShittyRandomPhotoScreenSaver\\tests\\test_gmail_widget.py', '-v']
2025-12-17 10:33:28,895 - pytest_runner - INFO - pytest.py starting with args: ['F:\\Programming\\Apps\\ShittyRandomPhotoScreenSaver\\tests\\test_gmail_widget.py', '-v']
2025-12-17 10:33:28,899 - pytest_runner - INFO - pytest.py starting with args: ['F:\\Programming\\Apps\\ShittyRandomPhotoScreenSaver\\tests\\test_gmail_widget.py', '-v']
2025-12-17 10:33:28,904 - pytest_runner - INFO - pytest.py starting with args: ['F:\\Programming\\Apps\\ShittyRandomPhotoScreenSaver\\tests\\test_gmail_widget.py', '-v']
2025-12-17 10:33:28,907 - pytest_runner - INFO - pytest.py starting with args: ['F:\\Programming\\Apps\\ShittyRandomPhotoScreenSaver\\tests\\test_gmail_widget.py', '-v']
2025-12-17 10:33:28,910 - pytest_runner - INFO - pytest.py starting with args: ['F:\\Programming\\Apps\\ShittyRandomPhotoScreenSaver\\tests\\test_gmail_widget.py', '-v']
2025-12-17 10:33:28,913 - pytest_runner - INFO - pytest.py starting with args: ['F:\\Programming\\Apps\\ShittyRandomPhotoScreenSaver\\tests\\test_gmail_widget.py', '-v']
2025-12-17 10:33:28,917 - pytest_runner - INFO - pytest.py starting with args: ['F:\\Programming\\Apps\\ShittyRandomPhotoScreenSaver\\tests\\test_gmail_widget.py', '-v']
2025-12-17 10:33:28,921 - pytest_runner - INFO - pytest.py starting with args: ['F:\\Programming\\Apps\\ShittyRandomPhotoScreenSaver\\tests\\test_gmail_widget.py', '-v']
2025-12-17 10:33:28,924 - pytest_runner - INFO - pytest.py starting with args: ['F:\\Programming\\Apps\\ShittyRandomPhotoScreenSaver\\tests\\test_gmail_widget.py', '-v']
2025-12-17 10:33:28,927 - pytest_runner - INFO - pytest.py starting with args: ['F:\\Programming\\Apps\\ShittyRandomPhotoScreenSaver\\tests\\test_gmail_widget.py', '-v']
2025-12-17 10:33:28,931 - pytest_runner - INFO - pytest.py starting with args: ['F:\\Programming\\Apps\\ShittyRandomPhotoScreenSaver\\tests\\test_gmail_widget.py', '-v']
2025-12-17 10:33:28,935 - pytest_runner - INFO - pytest.py starting with args: ['F:\\Programming\\Apps\\ShittyRandomPhotoScreenSaver\\tests\\test_gmail_widget.py', '-v']
2025-12-17 10:33:28,938 - pytest_runner - INFO - pytest.py starting with args: ['F:\\Programming\\Apps\\ShittyRandomPhotoScreenSaver\\tests\\test_gmail_widget.py', '-v']
2025-12-17 10:33:28,942 - pytest_runner - INFO - pytest.py starting with args: ['F:\\Programming\\Apps\\ShittyRandomPhotoScreenSaver\\tests\\test_gmail_widget.py', '-v']
2025-12-17 10:33:28,944 - pytest_runner - INFO - pytest.py starting with args: ['F:\\Programming\\Apps\\ShittyRandomPhotoScreenSaver\\tests\\test_gmail_widget.py', '-v']
2025-12-17 10:33:28,948 - pytest_runner - INFO - pytest.py starting with args: ['F:\\Programming\\Apps\\ShittyRandomPhotoScreenSaver\\tests\\test_gmail_widget.py', '-v']
2025-12-17 10:33:28,951 - pytest_runner - INFO - pytest.py starting with args: ['F:\\Programming\\Apps\\ShittyRandomPhotoScreenSaver\\tests\\test_gmail_widget.py', '-v']
2025-12-17 10:33:28,955 - pytest_runner - INFO - pytest.py starting with args: ['F:\\Programming\\Apps\\ShittyRandomPhotoScreenSaver\\tests\\test_gmail_widget.py', '-v']
2025-12-17 10:33:28,959 - pytest_runner - INFO - pytest.py starting with args: ['F:\\Programming\\Apps\\ShittyRandomPhotoScreenSaver\\tests\\test_gmail_widget.py', '-v']
2025-12-17 10:33:28,962 - pytest_runner - INFO - pytest.py starting with args: ['F:\\Programming\\Apps\\ShittyRandomPhotoScreenSaver\\tests\\test_gmail_widget.py', '-v']
2025-12-17 10:33:28,966 - pytest_runner - INFO - pytest.py starting with args: ['F:\\Programming\\Apps\\ShittyRandomPhotoScreenSaver\\tests\\test_gmail_widget.py', '-v']
2025-12-17 10:33:28,969 - pytest_runner - INFO - pytest.py starting with args: ['F:\\Programming\\Apps\\ShittyRandomPhotoScreenSaver\\tests\\test_gmail_widget.py', '-v']
2025-12-17 10:33:28,973 - pytest_runner - INFO - pytest.py starting with args: ['F:\\Programming\\Apps\\ShittyRandomPhotoScreenSaver\\tests\\test_gmail_widget.py', '-v']
2025-12-17 10:33:28,976 - pytest_runner - INFO - pytest.py starting with args: ['F:\\Programming\\Apps\\ShittyRandomPhotoScreenSaver\\tests\\test_gmail_widget.py', '-v']
2025-12-17 10:33:28,980 - pytest_runner - INFO - pytest.py starting with args: ['F:\\Programming\\Apps\\ShittyRandomPhotoScreenSaver\\tests\\test_gmail_widget.py', '-v']
2025-12-17 10:33:28,983 - pytest_runner - INFO - pytest.py starting with args: ['F:\\Programming\\Apps\\ShittyRandomPhotoScreenSaver\\tests\\test_gmail_widget.py', '-v']
2025-12-17 10:33:28,987 - pytest_runner - INFO - pytest.py starting with args: ['F:\\Programming\\Apps\\ShittyRandomPhotoScreenSaver\\tests\\test_gmail_widget.py', '-v']
2025-12-17 10:33:28,990 - pytest_runner - INFO - pytest.py starting with args: ['F:\\Programming\\Apps\\ShittyRandomPhotoScreenSaver\\tests\\test_gmail_widget.py', '-v']
2025-12-17 10:33:28,993 - pytest_runner - INFO - pytest.py starting with args: ['F:\\Programming\\Apps\\ShittyRandomPhotoScreenSaver\\tests\\test_gmail_widget.py', '-v']
2025-12-17 10:33:28,996 - pytest_runner - INFO - pytest.py starting with args: ['F:\\Programming\\Apps\\ShittyRandomPhotoScreenSaver\\tests\\test_gmail_widget.py', '-v']
2025-12-17 10:33:29,001 - pytest_runner - INFO - pytest.py starting with args: ['F:\\Programming\\Apps\\ShittyRandomPhotoScreenSaver\\tests\\test_gmail_widget.py', '-v']
2025-12-17 10:33:29,005 - pytest_runner - INFO - pytest.py starting with args: ['F:\\Programming\\Apps\\ShittyRandomPhotoScreenSaver\\tests\\test_gmail_widget.py', '-v']
2025-12-17 10:33:29,008 - pytest_runner - INFO - pytest.py starting with args: ['F:\\Programming\\Apps\\ShittyRandomPhotoScreenSaver\\tests\\test_gmail_widget.py', '-v']
2025-12-17 10:33:29,011 - pytest_runner - INFO - pytest.py starting with args: ['F:\\Programming\\Apps\\ShittyRandomPhotoScreenSaver\\tests\\test_gmail_widget.py', '-v']
2025-12-17 10:33:29,015 - pytest_runner - INFO - pytest.py starting with args: ['F:\\Programming\\Apps\\ShittyRandomPhotoScreenSaver\\tests\\test_gmail_widget.py', '-v']
2025-12-17 10:33:29,019 - pytest_runner - INFO - pytest.py starting with args: ['F:\\Programming\\Apps\\ShittyRandomPhotoScreenSaver\\tests\\test_gmail_widget.py', '-v']
2025-12-17 10:33:29,022 - pytest_runner - INFO - pytest.py starting with args: ['F:\\Programming\\Apps\\ShittyRandomPhotoScreenSaver\\tests\\test_gmail_widget.py', '-v']
2025-12-17 10:33:29,024 - pytest_runner - INFO - pytest.py starting with args: ['F:\\Programming\\Apps\\ShittyRandomPhotoScreenSaver\\tests\\test_gmail_widget.py', '-v']
2025-12-17 10:33:29,029 - pytest_runner - INFO - pytest.py starting with args: ['F:\\Programming\\Apps\\ShittyRandomPhotoScreenSaver\\tests\\test_gmail_widget.py', '-v']
2025-12-17 10:33:29,031 - pytest_runner - INFO - pytest.py starting with args: ['F:\\Programming\\Apps\\ShittyRandomPhotoScreenSaver\\tests\\test_gmail_widget.py', '-v']
2025-12-17 10:33:29,036 - pytest_runner - INFO - pytest.py starting with args: ['F:\\Programming\\Apps\\ShittyRandomPhotoScreenSaver\\tests\\test_gmail_widget.py', '-v']
2025-12-17 10:33:29,038 - pytest_runner - INFO - pytest.py starting with args: ['F:\\Programming\\Apps\\ShittyRandomPhotoScreenSaver\\tests\\test_gmail_widget.py', '-v']
2025-12-17 10:33:29,042 - pytest_runner - INFO - pytest.py starting with args: ['F:\\Programming\\Apps\\ShittyRandomPhotoScreenSaver\\tests\\test_gmail_widget.py', '-v']
2025-12-17 10:33:29,044 - pytest_runner - INFO - pytest.py starting with args: ['F:\\Programming\\Apps\\ShittyRandomPhotoScreenSaver\\tests\\test_gmail_widget.py', '-v']
2025-12-17 10:33:29,048 - pytest_runner - INFO - pytest.py starting with args: ['F:\\Programming\\Apps\\ShittyRandomPhotoScreenSaver\\tests\\test_gmail_widget.py', '-v']
2025-12-17 10:33:29,051 - pytest_runner - INFO - pytest.py starting with args: ['F:\\Programming\\Apps\\ShittyRandomPhotoScreenSaver\\tests\\test_gmail_widget.py', '-v']
2025-12-17 10:33:29,054 - pytest_runner - INFO - pytest.py starting with args: ['F:\\Programming\\Apps\\ShittyRandomPhotoScreenSaver\\tests\\test_gmail_widget.py', '-v']
2025-12-17 10:33:29,058 - pytest_runner - INFO - pytest.py starting with args: ['F:\\Programming\\Apps\\ShittyRandomPhotoScreenSaver\\tests\\test_gmail_widget.py', '-v']
2025-12-17 10:33:29,061 - pytest_runner - INFO - pytest.py starting with args: ['F:\\Programming\\Apps\\ShittyRandomPhotoScreenSaver\\tests\\test_gmail_widget.py', '-v']
2025-12-17 10:33:29,065 - pytest_runner - INFO - pytest.py starting with args: ['F:\\Programming\\Apps\\ShittyRandomPhotoScreenSaver\\tests\\test_gmail_widget.py', '-v']
2025-12-17 10:33:29,067 - pytest_runner - INFO - pytest.py starting with args: ['F:\\Programming\\Apps\\ShittyRandomPhotoScreenSaver\\tests\\test_gmail_widget.py', '-v']
2025-12-17 10:33:29,072 - pytest_runner - INFO - pytest.py starting with args: ['F:\\Programming\\Apps\\ShittyRandomPhotoScreenSaver\\tests\\test_gmail_widget.py', '-v']
2025-12-17 10:33:29,075 - pytest_runner - INFO - pytest.py starting with args: ['F:\\Programming\\Apps\\ShittyRandomPhotoScreenSaver\\tests\\test_gmail_widget.py', '-v']
2025-12-17 10:33:29,079 - pytest_runner - INFO - pytest.py starting with args: ['F:\\Programming\\Apps\\ShittyRandomPhotoScreenSaver\\tests\\test_gmail_widget.py', '-v']
2025-12-17 10:33:29,083 - pytest_runner - INFO - pytest.py starting with args: ['F:\\Programming\\Apps\\ShittyRandomPhotoScreenSaver\\tests\\test_gmail_widget.py', '-v']
2025-12-17 10:33:29,087 - pytest_runner - INFO - pytest.py starting with args: ['F:\\Programming\\Apps\\ShittyRandomPhotoScreenSaver\\tests\\test_gmail_widget.py', '-v']
2025-12-17 10:33:29,091 - pytest_runner - INFO - pytest.py starting with args: ['F:\\Programming\\Apps\\ShittyRandomPhotoScreenSaver\\tests\\test_gmail_widget.py', '-v']
2025-12-17 10:33:29,094 - pytest_runner - INFO - pytest.py starting with args: ['F:\\Programming\\Apps\\ShittyRandomPhotoScreenSaver\\tests\\test_gmail_widget.py', '-v']
2025-12-17 10:33:29,097 - pytest_runner - INFO - pytest.py starting with args: ['F:\\Programming\\Apps\\ShittyRandomPhotoScreenSaver\\tests\\test_gmail_widget.py', '-v']
2025-12-17 10:33:29,100 - pytest_runner - INFO - pytest.py starting with args: ['F:\\Programming\\Apps\\ShittyRandomPhotoScreenSaver\\tests\\test_gmail_widget.py', '-v']
2025-12-17 10:33:29,103 - pytest_runner - INFO - pytest.py starting with args: ['F:\\Programming\\Apps\\ShittyRandomPhotoScreenSaver\\tests\\test_gmail_widget.py', '-v']
2025-12-17 10:33:29,107 - pytest_runner - INFO - pytest.py starting with args: ['F:\\Programming\\Apps\\ShittyRandomPhotoScreenSaver\\tests\\test_gmail_widget.py', '-v']
2025-12-17 10:33:29,109 - pytest_runner - INFO - pytest.py starting with args: ['F:\\Programming\\Apps\\ShittyRandomPhotoScreenSaver\\tests\\test_gmail_widget.py', '-v']
2025-12-17 10:33:29,113 - pytest_runner - INFO - pytest.py starting with args: ['F:\\Programming\\Apps\\ShittyRandomPhotoScreenSaver\\tests\\test_gmail_widget.py', '-v']
2025-12-17 10:33:29,116 - pytest_runner - INFO - pytest.py starting with args: ['F:\\Programming\\Apps\\ShittyRandomPhotoScreenSaver\\tests\\test_gmail_widget.py', '-v']
2025-12-17 10:33:29,119 - pytest_runner - INFO - pytest.py starting with args: ['F:\\Programming\\Apps\\ShittyRandomPhotoScreenSaver\\tests\\test_gmail_widget.py', '-v']
2025-12-17 10:33:29,123 - pytest_runner - INFO - pytest.py starting with args: ['F:\\Programming\\Apps\\ShittyRandomPhotoScreenSaver\\tests\\test_gmail_widget.py', '-v']
2025-12-17 10:33:29,124 - pytest_runner - INFO - pytest.py starting with args: ['F:\\Programming\\Apps\\ShittyRandomPhotoScreenSaver\\tests\\test_gmail_widget.py', '-v']
2025-12-17 10:33:29,128 - pytest_runner - INFO - pytest.py starting with args: ['F:\\Programming\\Apps\\ShittyRandomPhotoScreenSaver\\tests\\test_gmail_widget.py', '-v']
2025-12-17 10:33:29,132 - pytest_runner - INFO - pytest.py starting with args: ['F:\\Programming\\Apps\\ShittyRandomPhotoScreenSaver\\tests\\test_gmail_widget.py', '-v']
2025-12-17 10:33:29,136 - pytest_runner - INFO - pytest.py starting with args: ['F:\\Programming\\Apps\\ShittyRandomPhotoScreenSaver\\tests\\test_gmail_widget.py', '-v']
2025-12-17 10:33:29,138 - pytest_runner - INFO - pytest.py starting with args: ['F:\\Programming\\Apps\\ShittyRandomPhotoScreenSaver\\tests\\test_gmail_widget.py', '-v']
2025-12-17 10:33:29,142 - pytest_runner - INFO - pytest.py starting with args: ['F:\\Programming\\Apps\\ShittyRandomPhotoScreenSaver\\tests\\test_gmail_widget.py', '-v']
2025-12-17 10:33:29,144 - pytest_runner - INFO - pytest.py starting with args: ['F:\\Programming\\Apps\\ShittyRandomPhotoScreenSaver\\tests\\test_gmail_widget.py', '-v']
2025-12-17 10:33:29,147 - pytest_runner - INFO - pytest.py starting with args: ['F:\\Programming\\Apps\\ShittyRandomPhotoScreenSaver\\tests\\test_gmail_widget.py', '-v']
2025-12-17 10:33:29,150 - pytest_runner - INFO - pytest.py starting with args: ['F:\\Programming\\Apps\\ShittyRandomPhotoScreenSaver\\tests\\test_gmail_widget.py', '-v']
2025-12-17 10:33:29,154 - pytest_runner - INFO - pytest.py starting with args: ['F:\\Programming\\Apps\\ShittyRandomPhotoScreenSaver\\tests\\test_gmail_widget.py', '-v']
2025-12-17 10:33:29,158 - pytest_runner - INFO - pytest.py starting with args: ['F:\\Programming\\Apps\\ShittyRandomPhotoScreenSaver\\tests\\test_gmail_widget.py', '-v']
2025-12-17 10:33:29,161 - pytest_runner - INFO - pytest.py starting with args: ['F:\\Programming\\Apps\\ShittyRandomPhotoScreenSaver\\tests\\test_gmail_widget.py', '-v']
2025-12-17 10:33:29,165 - pytest_runner - INFO - pytest.py starting with args: ['F:\\Programming\\Apps\\ShittyRandomPhotoScreenSaver\\tests\\test_gmail_widget.py', '-v']
2025-12-17 10:33:29,168 - pytest_runner - INFO - pytest.py starting with args: ['F:\\Programming\\Apps\\ShittyRandomPhotoScreenSaver\\tests\\test_gmail_widget.py', '-v']
2025-12-17 10:33:29,172 - pytest_runner - INFO - pytest.py starting with args: ['F:\\Programming\\Apps\\ShittyRandomPhotoScreenSaver\\tests\\test_gmail_widget.py', '-v']
2025-12-17 10:33:29,174 - pytest_runner - INFO - pytest.py starting with args: ['F:\\Programming\\Apps\\ShittyRandomPhotoScreenSaver\\tests\\test_gmail_widget.py', '-v']
2025-12-17 10:33:29,178 - pytest_runner - INFO - pytest.py starting with args: ['F:\\Programming\\Apps\\ShittyRandomPhotoScreenSaver\\tests\\test_gmail_widget.py', '-v']
2025-12-17 10:33:29,182 - pytest_runner - INFO - pytest.py starting with args: ['F:\\Programming\\Apps\\ShittyRandomPhotoScreenSaver\\tests\\test_gmail_widget.py', '-v']
2025-12-17 10:33:29,186 - pytest_runner - INFO - pytest.py starting with args: ['F:\\Programming\\Apps\\ShittyRandomPhotoScreenSaver\\tests\\test_gmail_widget.py', '-v']
2025-12-17 10:33:29,189 - pytest_runner - INFO - pytest.py starting with args: ['F:\\Programming\\Apps\\ShittyRandomPhotoScreenSaver\\tests\\test_gmail_widget.py', '-v']
2025-12-17 10:33:29,192 - pytest_runner - INFO - pytest.py starting with args: ['F:\\Programming\\Apps\\ShittyRandomPhotoScreenSaver\\tests\\test_gmail_widget.py', '-v']
2025-12-17 10:33:29,195 - pytest_runner - INFO - pytest.py starting with args: ['F:\\Programming\\Apps\\ShittyRandomPhotoScreenSaver\\tests\\test_gmail_widget.py', '-v']
2025-12-17 10:33:29,199 - pytest_runner - INFO - pytest.py starting with args: ['F:\\Programming\\Apps\\ShittyRandomPhotoScreenSaver\\tests\\test_gmail_widget.py', '-v']
2025-12-17 10:33:29,203 - pytest_runner - INFO - pytest.py starting with args: ['F:\\Programming\\Apps\\ShittyRandomPhotoScreenSaver\\tests\\test_gmail_widget.py', '-v']
2025-12-17 10:33:29,205 - pytest_runner - INFO - pytest.py starting with args: ['F:\\Programming\\Apps\\ShittyRandomPhotoScreenSaver\\tests\\test_gmail_widget.py', '-v']
2025-12-17 10:33:29,207 - pytest_runner - INFO - pytest.py starting with args: ['F:\\Programming\\Apps\\ShittyRandomPhotoScreenSaver\\tests\\test_gmail_widget.py', '-v']
2025-12-17 10:33:29,212 - pytest_runner - INFO - pytest.py starting with args: ['F:\\Programming\\Apps\\ShittyRandomPhotoScreenSaver\\tests\\test_gmail_widget.py', '-v']
2025-12-17 10:33:29,214 - pytest_runner - INFO - pytest.py starting with args: ['F:\\Programming\\Apps\\ShittyRandomPhotoScreenSaver\\tests\\test_gmail_widget.py', '-v']
2025-12-17 10:33:29,218 - pytest_runner - INFO - pytest.py starting with args: ['F:\\Programming\\Apps\\ShittyRandomPhotoScreenSaver\\tests\\test_gmail_widget.py', '-v']
2025-12-17 10:33:29,221 - pytest_runner - INFO - pytest.py starting with args: ['F:\\Programming\\Apps\\ShittyRandomPhotoScreenSaver\\tests\\test_gmail_widget.py', '-v']
2025-12-17 10:33:29,224 - pytest_runner - INFO - pytest.py starting with args: ['F:\\Programming\\Apps\\ShittyRandomPhotoScreenSaver\\tests\\test_gmail_widget.py', '-v']
2025-12-17 10:33:29,228 - pytest_runner - INFO - pytest.py starting with args: ['F:\\Programming\\Apps\\ShittyRandomPhotoScreenSaver\\tests\\test_gmail_widget.py', '-v']
2025-12-17 10:33:29,230 - pytest_runner - INFO - pytest.py starting with args: ['F:\\Programming\\Apps\\ShittyRandomPhotoScreenSaver\\tests\\test_gmail_widget.py', '-v']
2025-12-17 10:33:29,235 - pytest_runner - INFO - pytest.py starting with args: ['F:\\Programming\\Apps\\ShittyRandomPhotoScreenSaver\\tests\\test_gmail_widget.py', '-v']
2025-12-17 10:33:29,237 - pytest_runner - INFO - pytest.py starting with args: ['F:\\Programming\\Apps\\ShittyRandomPhotoScreenSaver\\tests\\test_gmail_widget.py', '-v']
2025-12-17 10:33:29,241 - pytest_runner - INFO - pytest.py starting with args: ['F:\\Programming\\Apps\\ShittyRandomPhotoScreenSaver\\tests\\test_gmail_widget.py', '-v']
2025-12-17 10:33:29,244 - pytest_runner - INFO - pytest.py starting with args: ['F:\\Programming\\Apps\\ShittyRandomPhotoScreenSaver\\tests\\test_gmail_widget.py', '-v']
2025-12-17 10:33:29,247 - pytest_runner - INFO - pytest.py starting with args: ['F:\\Programming\\Apps\\ShittyRandomPhotoScreenSaver\\tests\\test_gmail_widget.py', '-v']
2025-12-17 10:33:29,250 - pytest_runner - INFO - pytest.py starting with args: ['F:\\Programming\\Apps\\ShittyRandomPhotoScreenSaver\\tests\\test_gmail_widget.py', '-v']
2025-12-17 10:33:29,253 - pytest_runner - INFO - pytest.py starting with args: ['F:\\Programming\\Apps\\ShittyRandomPhotoScreenSaver\\tests\\test_gmail_widget.py', '-v']
2025-12-17 10:33:29,257 - pytest_runner - INFO - pytest.py starting with args: ['F:\\Programming\\Apps\\ShittyRandomPhotoScreenSaver\\tests\\test_gmail_widget.py', '-v']
2025-12-17 10:33:29,260 - pytest_runner - INFO - pytest.py starting with args: ['F:\\Programming\\Apps\\ShittyRandomPhotoScreenSaver\\tests\\test_gmail_widget.py', '-v']
2025-12-17 10:33:29,263 - pytest_runner - INFO - pytest.py starting with args: ['F:\\Programming\\Apps\\ShittyRandomPhotoScreenSaver\\tests\\test_gmail_widget.py', '-v']
2025-12-17 10:33:29,265 - pytest_runner - INFO - pytest.py starting with args: ['F:\\Programming\\Apps\\ShittyRandomPhotoScreenSaver\\tests\\test_gmail_widget.py', '-v']
2025-12-17 10:33:29,268 - pytest_runner - INFO - pytest.py starting with args: ['F:\\Programming\\Apps\\ShittyRandomPhotoScreenSaver\\tests\\test_gmail_widget.py', '-v']
2025-12-17 10:33:29,272 - pytest_runner - INFO - pytest.py starting with args: ['F:\\Programming\\Apps\\ShittyRandomPhotoScreenSaver\\tests\\test_gmail_widget.py', '-v']
2025-12-17 10:33:29,275 - pytest_runner - INFO - pytest.py starting with args: ['F:\\Programming\\Apps\\ShittyRandomPhotoScreenSaver\\tests\\test_gmail_widget.py', '-v']
2025-12-17 10:33:29,278 - pytest_runner - INFO - pytest.py starting with args: ['F:\\Programming\\Apps\\ShittyRandomPhotoScreenSaver\\tests\\test_gmail_widget.py', '-v']
2025-12-17 10:33:29,281 - pytest_runner - INFO - pytest.py starting with args: ['F:\\Programming\\Apps\\ShittyRandomPhotoScreenSaver\\tests\\test_gmail_widget.py', '-v']
2025-12-17 10:33:29,284 - pytest_runner - INFO - pytest.py starting with args: ['F:\\Programming\\Apps\\ShittyRandomPhotoScreenSaver\\tests\\test_gmail_widget.py', '-v']
2025-12-17 10:33:29,288 - pytest_runner - INFO - pytest.py starting with args: ['F:\\Programming\\Apps\\ShittyRandomPhotoScreenSaver\\tests\\test_gmail_widget.py', '-v']
2025-12-17 10:33:29,290 - pytest_runner - INFO - pytest.py starting with args: ['F:\\Programming\\Apps\\ShittyRandomPhotoScreenSaver\\tests\\test_gmail_widget.py', '-v']
2025-12-17 10:33:29,295 - pytest_runner - INFO - pytest.py starting with args: ['F:\\Programming\\Apps\\ShittyRandomPhotoScreenSaver\\tests\\test_gmail_widget.py', '-v']
2025-12-17 10:33:29,297 - pytest_runner - INFO - pytest.py starting with args: ['F:\\Programming\\Apps\\ShittyRandomPhotoScreenSaver\\tests\\test_gmail_widget.py', '-v']
2025-12-17 10:33:29,300 - pytest_runner - INFO - pytest.py starting with args: ['F:\\Programming\\Apps\\ShittyRandomPhotoScreenSaver\\tests\\test_gmail_widget.py', '-v']
2025-12-17 10:33:29,304 - pytest_runner - INFO - pytest.py starting with args: ['F:\\Programming\\Apps\\ShittyRandomPhotoScreenSaver\\tests\\test_gmail_widget.py', '-v']
2025-12-17 10:33:29,307 - pytest_runner - INFO - pytest.py starting with args: ['F:\\Programming\\Apps\\ShittyRandomPhotoScreenSaver\\tests\\test_gmail_widget.py', '-v']
2025-12-17 10:33:29,310 - pytest_runner - INFO - pytest.py starting with args: ['F:\\Programming\\Apps\\ShittyRandomPhotoScreenSaver\\tests\\test_gmail_widget.py', '-v']
2025-12-17 10:33:29,313 - pytest_runner - INFO - pytest.py starting with args: ['F:\\Programming\\Apps\\ShittyRandomPhotoScreenSaver\\tests\\test_gmail_widget.py', '-v']
2025-12-17 10:33:29,317 - pytest_runner - INFO - pytest.py starting with args: ['F:\\Programming\\Apps\\ShittyRandomPhotoScreenSaver\\tests\\test_gmail_widget.py', '-v']
2025-12-17 10:33:29,321 - pytest_runner - INFO - pytest.py starting with args: ['F:\\Programming\\Apps\\ShittyRandomPhotoScreenSaver\\tests\\test_gmail_widget.py', '-v']
2025-12-17 10:33:29,324 - pytest_runner - INFO - pytest.py starting with args: ['F:\\Programming\\Apps\\ShittyRandomPhotoScreenSaver\\tests\\test_gmail_widget.py', '-v']
2025-12-17 10:33:29,327 - pytest_runner - INFO - pytest.py starting with args: ['F:\\Programming\\Apps\\ShittyRandomPhotoScreenSaver\\tests\\test_gmail_widget.py', '-v']
2025-12-17 10:33:29,330 - pytest_runner - INFO - pytest.py starting with args: ['F:\\Programming\\Apps\\ShittyRandomPhotoScreenSaver\\tests\\test_gmail_widget.py', '-v']
2025-12-17 10:33:29,333 - pytest_runner - INFO - pytest.py starting with args: ['F:\\Programming\\Apps\\ShittyRandomPhotoScreenSaver\\tests\\test_gmail_widget.py', '-v']
2025-12-17 10:33:29,337 - pytest_runner - INFO - pytest.py starting with args: ['F:\\Programming\\Apps\\ShittyRandomPhotoScreenSaver\\tests\\test_gmail_widget.py', '-v']
2025-12-17 10:33:29,340 - pytest_runner - INFO - pytest.py starting with args: ['F:\\Programming\\Apps\\ShittyRandomPhotoScreenSaver\\tests\\test_gmail_widget.py', '-v']
2025-12-17 10:33:29,344 - pytest_runner - INFO - pytest.py starting with args: ['F:\\Programming\\Apps\\ShittyRandomPhotoScreenSaver\\tests\\test_gmail_widget.py', '-v']
2025-12-17 10:33:29,347 - pytest_runner - INFO - pytest.py starting with args: ['F:\\Programming\\Apps\\ShittyRandomPhotoScreenSaver\\tests\\test_gmail_widget.py', '-v']
2025-12-17 10:33:29,352 - pytest_runner - INFO - pytest.py starting with args: ['F:\\Programming\\Apps\\ShittyRandomPhotoScreenSaver\\tests\\test_gmail_widget.py', '-v']
2025-12-17 10:33:29,355 - pytest_runner - INFO - pytest.py starting with args: ['F:\\Programming\\Apps\\ShittyRandomPhotoScreenSaver\\tests\\test_gmail_widget.py', '-v']
2025-12-17 10:33:29,359 - pytest_runner - INFO - pytest.py starting with args: ['F:\\Programming\\Apps\\ShittyRandomPhotoScreenSaver\\tests\\test_gmail_widget.py', '-v']
2025-12-17 10:33:29,361 - pytest_runner - INFO - pytest.py starting with args: ['F:\\Programming\\Apps\\ShittyRandomPhotoScreenSaver\\tests\\test_gmail_widget.py', '-v']
2025-12-17 10:33:29,365 - pytest_runner - INFO - pytest.py starting with args: ['F:\\Programming\\Apps\\ShittyRandomPhotoScreenSaver\\tests\\test_gmail_widget.py', '-v']
2025-12-17 10:33:29,368 - pytest_runner - INFO - pytest.py starting with args: ['F:\\Programming\\Apps\\ShittyRandomPhotoScreenSaver\\tests\\test_gmail_widget.py', '-v']
2025-12-17 10:33:29,372 - pytest_runner - INFO - pytest.py starting with args: ['F:\\Programming\\Apps\\ShittyRandomPhotoScreenSaver\\tests\\test_gmail_widget.py', '-v']
2025-12-17 10:33:29,374 - pytest_runner - INFO - pytest.py starting with args: ['F:\\Programming\\Apps\\ShittyRandomPhotoScreenSaver\\tests\\test_gmail_widget.py', '-v']
2025-12-17 10:33:29,378 - pytest_runner - INFO - pytest.py starting with args: ['F:\\Programming\\Apps\\ShittyRandomPhotoScreenSaver\\tests\\test_gmail_widget.py', '-v']
2025-12-17 10:33:29,381 - pytest_runner - INFO - pytest.py starting with args: ['F:\\Programming\\Apps\\ShittyRandomPhotoScreenSaver\\tests\\test_gmail_widget.py', '-v']
2025-12-17 10:33:29,385 - pytest_runner - INFO - pytest.py starting with args: ['F:\\Programming\\Apps\\ShittyRandomPhotoScreenSaver\\tests\\test_gmail_widget.py', '-v']
2025-12-17 10:33:29,388 - pytest_runner - INFO - pytest.py starting with args: ['F:\\Programming\\Apps\\ShittyRandomPhotoScreenSaver\\tests\\test_gmail_widget.py', '-v']
2025-12-17 10:33:29,391 - pytest_runner - INFO - pytest.py starting with args: ['F:\\Programming\\Apps\\ShittyRandomPhotoScreenSaver\\tests\\test_gmail_widget.py', '-v']
2025-12-17 10:33:29,394 - pytest_runner - INFO - pytest.py starting with args: ['F:\\Programming\\Apps\\ShittyRandomPhotoScreenSaver\\tests\\test_gmail_widget.py', '-v']
2025-12-17 10:33:29,397 - pytest_runner - INFO - pytest.py starting with args: ['F:\\Programming\\Apps\\ShittyRandomPhotoScreenSaver\\tests\\test_gmail_widget.py', '-v']
2025-12-17 10:33:29,400 - pytest_runner - INFO - pytest.py starting with args: ['F:\\Programming\\Apps\\ShittyRandomPhotoScreenSaver\\tests\\test_gmail_widget.py', '-v']
2025-12-17 10:33:29,404 - pytest_runner - INFO - pytest.py starting with args: ['F:\\Programming\\Apps\\ShittyRandomPhotoScreenSaver\\tests\\test_gmail_widget.py', '-v']
2025-12-17 10:33:29,407 - pytest_runner - INFO - pytest.py starting with args: ['F:\\Programming\\Apps\\ShittyRandomPhotoScreenSaver\\tests\\test_gmail_widget.py', '-v']
2025-12-17 10:33:29,411 - pytest_runner - INFO - pytest.py starting with args: ['F:\\Programming\\Apps\\ShittyRandomPhotoScreenSaver\\tests\\test_gmail_widget.py', '-v']
2025-12-17 10:33:29,413 - pytest_runner - INFO - pytest.py starting with args: ['F:\\Programming\\Apps\\ShittyRandomPhotoScreenSaver\\tests\\test_gmail_widget.py', '-v']
2025-12-17 10:33:29,416 - pytest_runner - INFO - pytest.py starting with args: ['F:\\Programming\\Apps\\ShittyRandomPhotoScreenSaver\\tests\\test_gmail_widget.py', '-v']
2025-12-17 10:33:29,420 - pytest_runner - INFO - pytest.py starting with args: ['F:\\Programming\\Apps\\ShittyRandomPhotoScreenSaver\\tests\\test_gmail_widget.py', '-v']
2025-12-17 10:33:29,423 - pytest_runner - INFO - pytest.py starting with args: ['F:\\Programming\\Apps\\ShittyRandomPhotoScreenSaver\\tests\\test_gmail_widget.py', '-v']
2025-12-17 10:33:29,426 - pytest_runner - INFO - pytest.py starting with args: ['F:\\Programming\\Apps\\ShittyRandomPhotoScreenSaver\\tests\\test_gmail_widget.py', '-v']
2025-12-17 10:33:29,429 - pytest_runner - INFO - pytest.py starting with args: ['F:\\Programming\\Apps\\ShittyRandomPhotoScreenSaver\\tests\\test_gmail_widget.py', '-v']
2025-12-17 10:33:29,433 - pytest_runner - INFO - pytest.py starting with args: ['F:\\Programming\\Apps\\ShittyRandomPhotoScreenSaver\\tests\\test_gmail_widget.py', '-v']
2025-12-17 10:33:29,436 - pytest_runner - INFO - pytest.py starting with args: ['F:\\Programming\\Apps\\ShittyRandomPhotoScreenSaver\\tests\\test_gmail_widget.py', '-v']
2025-12-17 10:33:29,439 - pytest_runner - INFO - pytest.py starting with args: ['F:\\Programming\\Apps\\ShittyRandomPhotoScreenSaver\\tests\\test_gmail_widget.py', '-v']
2025-12-17 10:33:29,443 - pytest_runner - INFO - pytest.py starting with args: ['F:\\Programming\\Apps\\ShittyRandomPhotoScreenSaver\\tests\\test_gmail_widget.py', '-v']
2025-12-17 10:33:29,445 - pytest_runner - INFO - pytest.py starting with args: ['F:\\Programming\\Apps\\ShittyRandomPhotoScreenSaver\\tests\\test_gmail_widget.py', '-v']
2025-12-17 10:33:29,449 - pytest_runner - INFO - pytest.py starting with args: ['F:\\Programming\\Apps\\ShittyRandomPhotoScreenSaver\\tests\\test_gmail_widget.py', '-v']
2025-12-17 10:33:29,452 - pytest_runner - INFO - pytest.py starting with args: ['F:\\Programming\\Apps\\ShittyRandomPhotoScreenSaver\\tests\\test_gmail_widget.py', '-v']
2025-12-17 10:33:29,455 - pytest_runner - INFO - pytest.py starting with args: ['F:\\Programming\\Apps\\ShittyRandomPhotoScreenSaver\\tests\\test_gmail_widget.py', '-v']
2025-12-17 10:33:29,459 - pytest_runner - INFO - pytest.py starting with args: ['F:\\Programming\\Apps\\ShittyRandomPhotoScreenSaver\\tests\\test_gmail_widget.py', '-v']
2025-12-17 10:33:29,462 - pytest_runner - INFO - pytest.py starting with args: ['F:\\Programming\\Apps\\ShittyRandomPhotoScreenSaver\\tests\\test_gmail_widget.py', '-v']
2025-12-17 10:33:29,464 - pytest_runner - INFO - pytest.py starting with args: ['F:\\Programming\\Apps\\ShittyRandomPhotoScreenSaver\\tests\\test_gmail_widget.py', '-v']
2025-12-17 10:33:29,468 - pytest_runner - INFO - pytest.py starting with args: ['F:\\Programming\\Apps\\ShittyRandomPhotoScreenSaver\\tests\\test_gmail_widget.py', '-v']
2025-12-17 10:33:29,471 - pytest_runner - INFO - pytest.py starting with args: ['F:\\Programming\\Apps\\ShittyRandomPhotoScreenSaver\\tests\\test_gmail_widget.py', '-v']
2025-12-17 10:33:29,475 - pytest_runner - INFO - pytest.py starting with args: ['F:\\Programming\\Apps\\ShittyRandomPhotoScreenSaver\\tests\\test_gmail_widget.py', '-v']
2025-12-17 10:33:29,478 - pytest_runner - INFO - pytest.py starting with args: ['F:\\Programming\\Apps\\ShittyRandomPhotoScreenSaver\\tests\\test_gmail_widget.py', '-v']
2025-12-17 10:33:29,481 - pytest_runner - INFO - pytest.py starting with args: ['F:\\Programming\\Apps\\ShittyRandomPhotoScreenSaver\\tests\\test_gmail_widget.py', '-v']
2025-12-17 10:33:29,486 - pytest_runner - INFO - pytest.py starting with args: ['F:\\Programming\\Apps\\ShittyRandomPhotoScreenSaver\\tests\\test_gmail_widget.py', '-v']
2025-12-17 10:33:29,489 - pytest_runner - INFO - pytest.py starting with args: ['F:\\Programming\\Apps\\ShittyRandomPhotoScreenSaver\\tests\\test_gmail_widget.py', '-v']
2025-12-17 10:33:29,493 - pytest_runner - INFO - pytest.py starting with args: ['F:\\Programming\\Apps\\ShittyRandomPhotoScreenSaver\\tests\\test_gmail_widget.py', '-v']
2025-12-17 10:33:29,496 - pytest_runner - INFO - pytest.py starting with args: ['F:\\Programming\\Apps\\ShittyRandomPhotoScreenSaver\\tests\\test_gmail_widget.py', '-v']
2025-12-17 10:33:29,499 - pytest_runner - INFO - pytest.py starting with args: ['F:\\Programming\\Apps\\ShittyRandomPhotoScreenSaver\\tests\\test_gmail_widget.py', '-v']
2025-12-17 10:33:29,502 - pytest_runner - INFO - pytest.py starting with args: ['F:\\Programming\\Apps\\ShittyRandomPhotoScreenSaver\\tests\\test_gmail_widget.py', '-v']
2025-12-17 10:33:29,506 - pytest_runner - INFO - pytest.py starting with args: ['F:\\Programming\\Apps\\ShittyRandomPhotoScreenSaver\\tests\\test_gmail_widget.py', '-v']
2025-12-17 10:33:29,509 - pytest_runner - INFO - pytest.py starting with args: ['F:\\Programming\\Apps\\ShittyRandomPhotoScreenSaver\\tests\\test_gmail_widget.py', '-v']
2025-12-17 10:33:29,513 - pytest_runner - INFO - pytest.py starting with args: ['F:\\Programming\\Apps\\ShittyRandomPhotoScreenSaver\\tests\\test_gmail_widget.py', '-v']
2025-12-17 10:33:29,515 - pytest_runner - INFO - pytest.py starting with args: ['F:\\Programming\\Apps\\ShittyRandomPhotoScreenSaver\\tests\\test_gmail_widget.py', '-v']
2025-12-17 10:33:29,520 - pytest_runner - INFO - pytest.py starting with args: ['F:\\Programming\\Apps\\ShittyRandomPhotoScreenSaver\\tests\\test_gmail_widget.py', '-v']
2025-12-17 10:33:29,523 - pytest_runner - INFO - pytest.py starting with args: ['F:\\Programming\\Apps\\ShittyRandomPhotoScreenSaver\\tests\\test_gmail_widget.py', '-v']
2025-12-17 10:33:29,527 - pytest_runner - INFO - pytest.py starting with args: ['F:\\Programming\\Apps\\ShittyRandomPhotoScreenSaver\\tests\\test_gmail_widget.py', '-v']
2025-12-17 10:33:29,530 - pytest_runner - INFO - pytest.py starting with args: ['F:\\Programming\\Apps\\ShittyRandomPhotoScreenSaver\\tests\\test_gmail_widget.py', '-v']
2025-12-17 10:33:29,533 - pytest_runner - INFO - pytest.py starting with args: ['F:\\Programming\\Apps\\ShittyRandomPhotoScreenSaver\\tests\\test_gmail_widget.py', '-v']
2025-12-17 10:33:29,536 - pytest_runner - INFO - pytest.py starting with args: ['F:\\Programming\\Apps\\ShittyRandomPhotoScreenSaver\\tests\\test_gmail_widget.py', '-v']
2025-12-17 10:33:29,539 - pytest_runner - INFO - pytest.py starting with args: ['F:\\Programming\\Apps\\ShittyRandomPhotoScreenSaver\\tests\\test_gmail_widget.py', '-v']
2025-12-17 10:33:29,542 - pytest_runner - INFO - pytest.py starting with args: ['F:\\Programming\\Apps\\ShittyRandomPhotoScreenSaver\\tests\\test_gmail_widget.py', '-v']
2025-12-17 10:33:29,544 - pytest_runner - INFO - pytest.py starting with args: ['F:\\Programming\\Apps\\ShittyRandomPhotoScreenSaver\\tests\\test_gmail_widget.py', '-v']
2025-12-17 10:33:29,548 - pytest_runner - INFO - pytest.py starting with args: ['F:\\Programming\\Apps\\ShittyRandomPhotoScreenSaver\\tests\\test_gmail_widget.py', '-v']
2025-12-17 10:33:29,552 - pytest_runner - INFO - pytest.py starting with args: ['F:\\Programming\\Apps\\ShittyRandomPhotoScreenSaver\\tests\\test_gmail_widget.py', '-v']
2025-12-17 10:33:29,555 - pytest_runner - INFO - pytest.py starting with args: ['F:\\Programming\\Apps\\ShittyRandomPhotoScreenSaver\\tests\\test_gmail_widget.py', '-v']
2025-12-17 10:33:29,557 - pytest_runner - INFO - pytest.py starting with args: ['F:\\Programming\\Apps\\ShittyRandomPhotoScreenSaver\\tests\\test_gmail_widget.py', '-v']
2025-12-17 10:33:29,562 - pytest_runner - INFO - pytest.py starting with args: ['F:\\Programming\\Apps\\ShittyRandomPhotoScreenSaver\\tests\\test_gmail_widget.py', '-v']
2025-12-17 10:33:29,565 - pytest_runner - INFO - pytest.py starting with args: ['F:\\Programming\\Apps\\ShittyRandomPhotoScreenSaver\\tests\\test_gmail_widget.py', '-v']
2025-12-17 10:33:29,568 - pytest_runner - INFO - pytest.py starting with args: ['F:\\Programming\\Apps\\ShittyRandomPhotoScreenSaver\\tests\\test_gmail_widget.py', '-v']
2025-12-17 10:33:29,571 - pytest_runner - INFO - pytest.py starting with args: ['F:\\Programming\\Apps\\ShittyRandomPhotoScreenSaver\\tests\\test_gmail_widget.py', '-v']
2025-12-17 10:33:29,575 - pytest_runner - INFO - pytest.py starting with args: ['F:\\Programming\\Apps\\ShittyRandomPhotoScreenSaver\\tests\\test_gmail_widget.py', '-v']
2025-12-17 10:33:29,578 - pytest_runner - INFO - pytest.py starting with args: ['F:\\Programming\\Apps\\ShittyRandomPhotoScreenSaver\\tests\\test_gmail_widget.py', '-v']
2025-12-17 10:33:29,582 - pytest_runner - INFO - pytest.py starting with args: ['F:\\Programming\\Apps\\ShittyRandomPhotoScreenSaver\\tests\\test_gmail_widget.py', '-v']
2025-12-17 10:33:29,584 - pytest_runner - INFO - pytest.py starting with args: ['F:\\Programming\\Apps\\ShittyRandomPhotoScreenSaver\\tests\\test_gmail_widget.py', '-v']
2025-12-17 10:33:29,588 - pytest_runner - INFO - pytest.py starting with args: ['F:\\Programming\\Apps\\ShittyRandomPhotoScreenSaver\\tests\\test_gmail_widget.py', '-v']
2025-12-17 10:33:29,591 - pytest_runner - INFO - pytest.py starting with args: ['F:\\Programming\\Apps\\ShittyRandomPhotoScreenSaver\\tests\\test_gmail_widget.py', '-v']
2025-12-17 10:33:29,594 - pytest_runner - INFO - pytest.py starting with args: ['F:\\Programming\\Apps\\ShittyRandomPhotoScreenSaver\\tests\\test_gmail_widget.py', '-v']
2025-12-17 10:33:29,597 - pytest_runner - INFO - pytest.py starting with args: ['F:\\Programming\\Apps\\ShittyRandomPhotoScreenSaver\\tests\\test_gmail_widget.py', '-v']
2025-12-17 10:33:29,601 - pytest_runner - INFO - pytest.py starting with args: ['F:\\Programming\\Apps\\ShittyRandomPhotoScreenSaver\\tests\\test_gmail_widget.py', '-v']
2025-12-17 10:33:29,604 - pytest_runner - INFO - pytest.py starting with args: ['F:\\Programming\\Apps\\ShittyRandomPhotoScreenSaver\\tests\\test_gmail_widget.py', '-v']
2025-12-17 10:33:29,607 - pytest_runner - INFO - pytest.py starting with args: ['F:\\Programming\\Apps\\ShittyRandomPhotoScreenSaver\\tests\\test_gmail_widget.py', '-v']
2025-12-17 10:33:29,610 - pytest_runner - INFO - pytest.py starting with args: ['F:\\Programming\\Apps\\ShittyRandomPhotoScreenSaver\\tests\\test_gmail_widget.py', '-v']
2025-12-17 10:33:29,614 - pytest_runner - INFO - pytest.py starting with args: ['F:\\Programming\\Apps\\ShittyRandomPhotoScreenSaver\\tests\\test_gmail_widget.py', '-v']
2025-12-17 10:33:29,618 - pytest_runner - INFO - pytest.py starting with args: ['F:\\Programming\\Apps\\ShittyRandomPhotoScreenSaver\\tests\\test_gmail_widget.py', '-v']
2025-12-17 10:33:29,622 - pytest_runner - INFO - pytest.py starting with args: ['F:\\Programming\\Apps\\ShittyRandomPhotoScreenSaver\\tests\\test_gmail_widget.py', '-v']
2025-12-17 10:33:29,624 - pytest_runner - INFO - pytest.py starting with args: ['F:\\Programming\\Apps\\ShittyRandomPhotoScreenSaver\\tests\\test_gmail_widget.py', '-v']
2025-12-17 10:33:29,629 - pytest_runner - INFO - pytest.py starting with args: ['F:\\Programming\\Apps\\ShittyRandomPhotoScreenSaver\\tests\\test_gmail_widget.py', '-v']
2025-12-17 10:33:29,631 - pytest_runner - INFO - pytest.py starting with args: ['F:\\Programming\\Apps\\ShittyRandomPhotoScreenSaver\\tests\\test_gmail_widget.py', '-v']
2025-12-17 10:33:29,635 - pytest_runner - INFO - pytest.py starting with args: ['F:\\Programming\\Apps\\ShittyRandomPhotoScreenSaver\\tests\\test_gmail_widget.py', '-v']
2025-12-17 10:33:29,638 - pytest_runner - INFO - pytest.py starting with args: ['F:\\Programming\\Apps\\ShittyRandomPhotoScreenSaver\\tests\\test_gmail_widget.py', '-v']
2025-12-17 10:33:29,641 - pytest_runner - INFO - pytest.py starting with args: ['F:\\Programming\\Apps\\ShittyRandomPhotoScreenSaver\\tests\\test_gmail_widget.py', '-v']
2025-12-17 10:33:29,643 - pytest_runner - INFO - pytest.py starting with args: ['F:\\Programming\\Apps\\ShittyRandomPhotoScreenSaver\\tests\\test_gmail_widget.py', '-v']
2025-12-17 10:33:29,646 - pytest_runner - INFO - pytest.py starting with args: ['F:\\Programming\\Apps\\ShittyRandomPhotoScreenSaver\\tests\\test_gmail_widget.py', '-v']
2025-12-17 10:33:29,649 - pytest_runner - INFO - pytest.py starting with args: ['F:\\Programming\\Apps\\ShittyRandomPhotoScreenSaver\\tests\\test_gmail_widget.py', '-v']
2025-12-17 10:33:29,652 - pytest_runner - INFO - pytest.py starting with args: ['F:\\Programming\\Apps\\ShittyRandomPhotoScreenSaver\\tests\\test_gmail_widget.py', '-v']
2025-12-17 10:33:29,654 - pytest_runner - INFO - pytest.py starting with args: ['F:\\Programming\\Apps\\ShittyRandomPhotoScreenSaver\\tests\\test_gmail_widget.py', '-v']
2025-12-17 10:33:29,657 - pytest_runner - INFO - pytest.py starting with args: ['F:\\Programming\\Apps\\ShittyRandomPhotoScreenSaver\\tests\\test_gmail_widget.py', '-v']
2025-12-17 10:33:29,661 - pytest_runner - INFO - pytest.py starting with args: ['F:\\Programming\\Apps\\ShittyRandomPhotoScreenSaver\\tests\\test_gmail_widget.py', '-v']
2025-12-17 10:33:29,664 - pytest_runner - INFO - pytest.py starting with args: ['F:\\Programming\\Apps\\ShittyRandomPhotoScreenSaver\\tests\\test_gmail_widget.py', '-v']
2025-12-17 10:33:29,666 - pytest_runner - INFO - pytest.py starting with args: ['F:\\Programming\\Apps\\ShittyRandomPhotoScreenSaver\\tests\\test_gmail_widget.py', '-v']
2025-12-17 10:33:29,669 - pytest_runner - INFO - pytest.py starting with args: ['F:\\Programming\\Apps\\ShittyRandomPhotoScreenSaver\\tests\\test_gmail_widget.py', '-v']
2025-12-17 10:33:29,672 - pytest_runner - INFO - pytest.py starting with args: ['F:\\Programming\\Apps\\ShittyRandomPhotoScreenSaver\\tests\\test_gmail_widget.py', '-v']
2025-12-17 10:33:29,676 - pytest_runner - INFO - pytest.py starting with args: ['F:\\Programming\\Apps\\ShittyRandomPhotoScreenSaver\\tests\\test_gmail_widget.py', '-v']
2025-12-17 10:33:29,679 - pytest_runner - INFO - pytest.py starting with args: ['F:\\Programming\\Apps\\ShittyRandomPhotoScreenSaver\\tests\\test_gmail_widget.py', '-v']
2025-12-17 10:33:29,683 - pytest_runner - INFO - pytest.py starting with args: ['F:\\Programming\\Apps\\ShittyRandomPhotoScreenSaver\\tests\\test_gmail_widget.py', '-v']
2025-12-17 10:33:29,684 - pytest_runner - INFO - pytest.py starting with args: ['F:\\Programming\\Apps\\ShittyRandomPhotoScreenSaver\\tests\\test_gmail_widget.py', '-v']
2025-12-17 10:33:29,688 - pytest_runner - INFO - pytest.py starting with args: ['F:\\Programming\\Apps\\ShittyRandomPhotoScreenSaver\\tests\\test_gmail_widget.py', '-v']
2025-12-17 10:33:29,691 - pytest_runner - INFO - pytest.py starting with args: ['F:\\Programming\\Apps\\ShittyRandomPhotoScreenSaver\\tests\\test_gmail_widget.py', '-v']
2025-12-17 10:33:29,693 - pytest_runner - INFO - pytest.py starting with args: ['F:\\Programming\\Apps\\ShittyRandomPhotoScreenSaver\\tests\\test_gmail_widget.py', '-v']
2025-12-17 10:33:29,697 - pytest_runner - INFO - pytest.py starting with args: ['F:\\Programming\\Apps\\ShittyRandomPhotoScreenSaver\\tests\\test_gmail_widget.py', '-v']
2025-12-17 10:33:29,699 - pytest_runner - INFO - pytest.py starting with args: ['F:\\Programming\\Apps\\ShittyRandomPhotoScreenSaver\\tests\\test_gmail_widget.py', '-v']
2025-12-17 10:33:29,702 - pytest_runner - INFO - pytest.py starting with args: ['F:\\Programming\\Apps\\ShittyRandomPhotoScreenSaver\\tests\\test_gmail_widget.py', '-v']
2025-12-17 10:33:29,705 - pytest_runner - INFO - pytest.py starting with args: ['F:\\Programming\\Apps\\ShittyRandomPhotoScreenSaver\\tests\\test_gmail_widget.py', '-v']
2025-12-17 10:33:29,708 - pytest_runner - INFO - pytest.py starting with args: ['F:\\Programming\\Apps\\ShittyRandomPhotoScreenSaver\\tests\\test_gmail_widget.py', '-v']
2025-12-17 10:33:29,710 - pytest_runner - INFO - pytest.py starting with args: ['F:\\Programming\\Apps\\ShittyRandomPhotoScreenSaver\\tests\\test_gmail_widget.py', '-v']
2025-12-17 10:33:29,714 - pytest_runner - INFO - pytest.py starting with args: ['F:\\Programming\\Apps\\ShittyRandomPhotoScreenSaver\\tests\\test_gmail_widget.py', '-v']
2025-12-17 10:33:29,717 - pytest_runner - INFO - pytest.py starting with args: ['F:\\Programming\\Apps\\ShittyRandomPhotoScreenSaver\\tests\\test_gmail_widget.py', '-v']
2025-12-17 10:33:29,720 - pytest_runner - INFO - pytest.py starting with args: ['F:\\Programming\\Apps\\ShittyRandomPhotoScreenSaver\\tests\\test_gmail_widget.py', '-v']
2025-12-17 10:33:29,723 - pytest_runner - INFO - pytest.py starting with args: ['F:\\Programming\\Apps\\ShittyRandomPhotoScreenSaver\\tests\\test_gmail_widget.py', '-v']
2025-12-17 10:33:29,726 - pytest_runner - INFO - pytest.py starting with args: ['F:\\Programming\\Apps\\ShittyRandomPhotoScreenSaver\\tests\\test_gmail_widget.py', '-v']
2025-12-17 10:33:29,729 - pytest_runner - INFO - pytest.py starting with args: ['F:\\Programming\\Apps\\ShittyRandomPhotoScreenSaver\\tests\\test_gmail_widget.py', '-v']
2025-12-17 10:33:29,732 - pytest_runner - INFO - pytest.py starting with args: ['F:\\Programming\\Apps\\ShittyRandomPhotoScreenSaver\\tests\\test_gmail_widget.py', '-v']
2025-12-17 10:33:29,734 - pytest_runner - INFO - pytest.py starting with args: ['F:\\Programming\\Apps\\ShittyRandomPhotoScreenSaver\\tests\\test_gmail_widget.py', '-v']
2025-12-17 10:33:29,738 - pytest_runner - INFO - pytest.py starting with args: ['F:\\Programming\\Apps\\ShittyRandomPhotoScreenSaver\\tests\\test_gmail_widget.py', '-v']
2025-12-17 10:33:29,741 - pytest_runner - INFO - pytest.py starting with args: ['F:\\Programming\\Apps\\ShittyRandomPhotoScreenSaver\\tests\\test_gmail_widget.py', '-v']
2025-12-17 10:33:29,744 - pytest_runner - INFO - pytest.py starting with args: ['F:\\Programming\\Apps\\ShittyRandomPhotoScreenSaver\\tests\\test_gmail_widget.py', '-v']
2025-12-17 10:33:29,747 - pytest_runner - INFO - pytest.py starting with args: ['F:\\Programming\\Apps\\ShittyRandomPhotoScreenSaver\\tests\\test_gmail_widget.py', '-v']
2025-12-17 10:33:29,750 - pytest_runner - INFO - pytest.py starting with args: ['F:\\Programming\\Apps\\ShittyRandomPhotoScreenSaver\\tests\\test_gmail_widget.py', '-v']
2025-12-17 10:33:29,753 - pytest_runner - INFO - pytest.py starting with args: ['F:\\Programming\\Apps\\ShittyRandomPhotoScreenSaver\\tests\\test_gmail_widget.py', '-v']
2025-12-17 10:33:29,756 - pytest_runner - INFO - pytest.py starting with args: ['F:\\Programming\\Apps\\ShittyRandomPhotoScreenSaver\\tests\\test_gmail_widget.py', '-v']
2025-12-17 10:33:29,759 - pytest_runner - INFO - pytest.py starting with args: ['F:\\Programming\\Apps\\ShittyRandomPhotoScreenSaver\\tests\\test_gmail_widget.py', '-v']
2025-12-17 10:33:29,762 - pytest_runner - INFO - pytest.py starting with args: ['F:\\Programming\\Apps\\ShittyRandomPhotoScreenSaver\\tests\\test_gmail_widget.py', '-v']
2025-12-17 10:33:29,766 - pytest_runner - INFO - pytest.py starting with args: ['F:\\Programming\\Apps\\ShittyRandomPhotoScreenSaver\\tests\\test_gmail_widget.py', '-v']
2025-12-17 10:33:29,769 - pytest_runner - INFO - pytest.py starting with args: ['F:\\Programming\\Apps\\ShittyRandomPhotoScreenSaver\\tests\\test_gmail_widget.py', '-v']
2025-12-17 10:33:29,771 - pytest_runner - INFO - pytest.py starting with args: ['F:\\Programming\\Apps\\ShittyRandomPhotoScreenSaver\\tests\\test_gmail_widget.py', '-v']
2025-12-17 10:33:29,774 - pytest_runner - INFO - pytest.py starting with args: ['F:\\Programming\\Apps\\ShittyRandomPhotoScreenSaver\\tests\\test_gmail_widget.py', '-v']
2025-12-17 10:33:29,778 - pytest_runner - INFO - pytest.py starting with args: ['F:\\Programming\\Apps\\ShittyRandomPhotoScreenSaver\\tests\\test_gmail_widget.py', '-v']
2025-12-17 10:33:29,780 - pytest_runner - INFO - pytest.py starting with args: ['F:\\Programming\\Apps\\ShittyRandomPhotoScreenSaver\\tests\\test_gmail_widget.py', '-v']
2025-12-17 10:33:29,784 - pytest_runner - INFO - pytest.py starting with args: ['F:\\Programming\\Apps\\ShittyRandomPhotoScreenSaver\\tests\\test_gmail_widget.py', '-v']
2025-12-17 10:33:29,786 - pytest_runner - INFO - pytest.py starting with args: ['F:\\Programming\\Apps\\ShittyRandomPhotoScreenSaver\\tests\\test_gmail_widget.py', '-v']
2025-12-17 10:33:29,790 - pytest_runner - INFO - pytest.py starting with args: ['F:\\Programming\\Apps\\ShittyRandomPhotoScreenSaver\\tests\\test_gmail_widget.py', '-v']
2025-12-17 10:33:29,793 - pytest_runner - INFO - pytest.py starting with args: ['F:\\Programming\\Apps\\ShittyRandomPhotoScreenSaver\\tests\\test_gmail_widget.py', '-v']
2025-12-17 10:33:29,796 - pytest_runner - INFO - pytest.py starting with args: ['F:\\Programming\\Apps\\ShittyRandomPhotoScreenSaver\\tests\\test_gmail_widget.py', '-v']
2025-12-17 10:33:29,799 - pytest_runner - INFO - pytest.py starting with args: ['F:\\Programming\\Apps\\ShittyRandomPhotoScreenSaver\\tests\\test_gmail_widget.py', '-v']
2025-12-17 10:33:29,803 - pytest_runner - INFO - pytest.py starting with args: ['F:\\Programming\\Apps\\ShittyRandomPhotoScreenSaver\\tests\\test_gmail_widget.py', '-v']
2025-12-17 10:33:29,806 - pytest_runner - INFO - pytest.py starting with args: ['F:\\Programming\\Apps\\ShittyRandomPhotoScreenSaver\\tests\\test_gmail_widget.py', '-v']
2025-12-17 10:33:29,809 - pytest_runner - INFO - pytest.py starting with args: ['F:\\Programming\\Apps\\ShittyRandomPhotoScreenSaver\\tests\\test_gmail_widget.py', '-v']
2025-12-17 10:33:29,812 - pytest_runner - INFO - pytest.py starting with args: ['F:\\Programming\\Apps\\ShittyRandomPhotoScreenSaver\\tests\\test_gmail_widget.py', '-v']
2025-12-17 10:33:29,815 - pytest_runner - INFO - pytest.py starting with args: ['F:\\Programming\\Apps\\ShittyRandomPhotoScreenSaver\\tests\\test_gmail_widget.py', '-v']
2025-12-17 10:33:29,818 - pytest_runner - INFO - pytest.py starting with args: ['F:\\Programming\\Apps\\ShittyRandomPhotoScreenSaver\\tests\\test_gmail_widget.py', '-v']
2025-12-17 10:33:29,822 - pytest_runner - INFO - pytest.py starting with args: ['F:\\Programming\\Apps\\ShittyRandomPhotoScreenSaver\\tests\\test_gmail_widget.py', '-v']
2025-12-17 10:33:29,824 - pytest_runner - INFO - pytest.py starting with args: ['F:\\Programming\\Apps\\ShittyRandomPhotoScreenSaver\\tests\\test_gmail_widget.py', '-v']
2025-12-17 10:33:29,828 - pytest_runner - INFO - pytest.py starting with args: ['F:\\Programming\\Apps\\ShittyRandomPhotoScreenSaver\\tests\\test_gmail_widget.py', '-v']
2025-12-17 10:33:29,831 - pytest_runner - INFO - pytest.py starting with args: ['F:\\Programming\\Apps\\ShittyRandomPhotoScreenSaver\\tests\\test_gmail_widget.py', '-v']
2025-12-17 10:33:29,834 - pytest_runner - INFO - pytest.py starting with args: ['F:\\Programming\\Apps\\ShittyRandomPhotoScreenSaver\\tests\\test_gmail_widget.py', '-v']
2025-12-17 10:33:29,837 - pytest_runner - INFO - pytest.py starting with args: ['F:\\Programming\\Apps\\ShittyRandomPhotoScreenSaver\\tests\\test_gmail_widget.py', '-v']
2025-12-17 10:33:29,840 - pytest_runner - INFO - pytest.py starting with args: ['F:\\Programming\\Apps\\ShittyRandomPhotoScreenSaver\\tests\\test_gmail_widget.py', '-v']
2025-12-17 10:33:29,843 - pytest_runner - INFO - pytest.py starting with args: ['F:\\Programming\\Apps\\ShittyRandomPhotoScreenSaver\\tests\\test_gmail_widget.py', '-v']
2025-12-17 10:33:29,846 - pytest_runner - INFO - pytest.py starting with args: ['F:\\Programming\\Apps\\ShittyRandomPhotoScreenSaver\\tests\\test_gmail_widget.py', '-v']
2025-12-17 10:33:29,849 - pytest_runner - INFO - pytest.py starting with args: ['F:\\Programming\\Apps\\ShittyRandomPhotoScreenSaver\\tests\\test_gmail_widget.py', '-v']
2025-12-17 10:33:29,851 - pytest_runner - INFO - pytest.py starting with args: ['F:\\Programming\\Apps\\ShittyRandomPhotoScreenSaver\\tests\\test_gmail_widget.py', '-v']
2025-12-17 10:33:29,855 - pytest_runner - INFO - pytest.py starting with args: ['F:\\Programming\\Apps\\ShittyRandomPhotoScreenSaver\\tests\\test_gmail_widget.py', '-v']
2025-12-17 10:33:29,859 - pytest_runner - INFO - pytest.py starting with args: ['F:\\Programming\\Apps\\ShittyRandomPhotoScreenSaver\\tests\\test_gmail_widget.py', '-v']
2025-12-17 10:33:29,862 - pytest_runner - INFO - pytest.py starting with args: ['F:\\Programming\\Apps\\ShittyRandomPhotoScreenSaver\\tests\\test_gmail_widget.py', '-v']
2025-12-17 10:33:29,866 - pytest_runner - INFO - pytest.py starting with args: ['F:\\Programming\\Apps\\ShittyRandomPhotoScreenSaver\\tests\\test_gmail_widget.py', '-v']
2025-12-17 10:33:29,870 - pytest_runner - INFO - pytest.py starting with args: ['F:\\Programming\\Apps\\ShittyRandomPhotoScreenSaver\\tests\\test_gmail_widget.py', '-v']
2025-12-17 10:33:29,873 - pytest_runner - INFO - pytest.py starting with args: ['F:\\Programming\\Apps\\ShittyRandomPhotoScreenSaver\\tests\\test_gmail_widget.py', '-v']
2025-12-17 10:33:29,877 - pytest_runner - INFO - pytest.py starting with args: ['F:\\Programming\\Apps\\ShittyRandomPhotoScreenSaver\\tests\\test_gmail_widget.py', '-v']
2025-12-17 10:33:29,879 - pytest_runner - INFO - pytest.py starting with args: ['F:\\Programming\\Apps\\ShittyRandomPhotoScreenSaver\\tests\\test_gmail_widget.py', '-v']
2025-12-17 10:33:29,883 - pytest_runner - INFO - pytest.py starting with args: ['F:\\Programming\\Apps\\ShittyRandomPhotoScreenSaver\\tests\\test_gmail_widget.py', '-v']
2025-12-17 10:33:29,886 - pytest_runner - INFO - pytest.py starting with args: ['F:\\Programming\\Apps\\ShittyRandomPhotoScreenSaver\\tests\\test_gmail_widget.py', '-v']
2025-12-17 10:33:29,888 - pytest_runner - INFO - pytest.py starting with args: ['F:\\Programming\\Apps\\ShittyRandomPhotoScreenSaver\\tests\\test_gmail_widget.py', '-v']
2025-12-17 10:33:29,891 - pytest_runner - INFO - pytest.py starting with args: ['F:\\Programming\\Apps\\ShittyRandomPhotoScreenSaver\\tests\\test_gmail_widget.py', '-v']
2025-12-17 10:33:29,893 - pytest_runner - INFO - pytest.py starting with args: ['F:\\Programming\\Apps\\ShittyRandomPhotoScreenSaver\\tests\\test_gmail_widget.py', '-v']
2025-12-17 10:33:29,896 - pytest_runner - INFO - pytest.py starting with args: ['F:\\Programming\\Apps\\ShittyRandomPhotoScreenSaver\\tests\\test_gmail_widget.py', '-v']
2025-12-17 10:33:29,899 - pytest_runner - INFO - pytest.py starting with args: ['F:\\Programming\\Apps\\ShittyRandomPhotoScreenSaver\\tests\\test_gmail_widget.py', '-v']
2025-12-17 10:33:29,903 - pytest_runner - INFO - pytest.py starting with args: ['F:\\Programming\\Apps\\ShittyRandomPhotoScreenSaver\\tests\\test_gmail_widget.py', '-v']
2025-12-17 10:33:29,906 - pytest_runner - INFO - pytest.py starting with args: ['F:\\Programming\\Apps\\ShittyRandomPhotoScreenSaver\\tests\\test_gmail_widget.py', '-v']
2025-12-17 10:33:29,909 - pytest_runner - INFO - pytest.py starting with args: ['F:\\Programming\\Apps\\ShittyRandomPhotoScreenSaver\\tests\\test_gmail_widget.py', '-v']
2025-12-17 10:33:29,913 - pytest_runner - INFO - pytest.py starting with args: ['F:\\Programming\\Apps\\ShittyRandomPhotoScreenSaver\\tests\\test_gmail_widget.py', '-v']
2025-12-17 10:33:29,916 - pytest_runner - INFO - pytest.py starting with args: ['F:\\Programming\\Apps\\ShittyRandomPhotoScreenSaver\\tests\\test_gmail_widget.py', '-v']
2025-12-17 10:33:29,918 - pytest_runner - INFO - pytest.py starting with args: ['F:\\Programming\\Apps\\ShittyRandomPhotoScreenSaver\\tests\\test_gmail_widget.py', '-v']
2025-12-17 10:33:29,923 - pytest_runner - INFO - pytest.py starting with args: ['F:\\Programming\\Apps\\ShittyRandomPhotoScreenSaver\\tests\\test_gmail_widget.py', '-v']
2025-12-17 10:33:29,926 - pytest_runner - INFO - pytest.py starting with args: ['F:\\Programming\\Apps\\ShittyRandomPhotoScreenSaver\\tests\\test_gmail_widget.py', '-v']
2025-12-17 10:33:29,929 - pytest_runner - INFO - pytest.py starting with args: ['F:\\Programming\\Apps\\ShittyRandomPhotoScreenSaver\\tests\\test_gmail_widget.py', '-v']
2025-12-17 10:33:29,931 - pytest_runner - INFO - pytest.py starting with args: ['F:\\Programming\\Apps\\ShittyRandomPhotoScreenSaver\\tests\\test_gmail_widget.py', '-v']
2025-12-17 10:33:29,934 - pytest_runner - INFO - pytest.py starting with args: ['F:\\Programming\\Apps\\ShittyRandomPhotoScreenSaver\\tests\\test_gmail_widget.py', '-v']
2025-12-17 10:33:29,937 - pytest_runner - INFO - pytest.py starting with args: ['F:\\Programming\\Apps\\ShittyRandomPhotoScreenSaver\\tests\\test_gmail_widget.py', '-v']
2025-12-17 10:33:29,940 - pytest_runner - INFO - pytest.py starting with args: ['F:\\Programming\\Apps\\ShittyRandomPhotoScreenSaver\\tests\\test_gmail_widget.py', '-v']
2025-12-17 10:33:29,943 - pytest_runner - INFO - pytest.py starting with args: ['F:\\Programming\\Apps\\ShittyRandomPhotoScreenSaver\\tests\\test_gmail_widget.py', '-v']
2025-12-17 10:33:29,946 - pytest_runner - INFO - pytest.py starting with args: ['F:\\Programming\\Apps\\ShittyRandomPhotoScreenSaver\\tests\\test_gmail_widget.py', '-v']
2025-12-17 10:33:29,949 - pytest_runner - INFO - pytest.py starting with args: ['F:\\Programming\\Apps\\ShittyRandomPhotoScreenSaver\\tests\\test_gmail_widget.py', '-v']
2025-12-17 10:33:29,951 - pytest_runner - INFO - pytest.py starting with args: ['F:\\Programming\\Apps\\ShittyRandomPhotoScreenSaver\\tests\\test_gmail_widget.py', '-v']
2025-12-17 10:33:29,956 - pytest_runner - INFO - pytest.py starting with args: ['F:\\Programming\\Apps\\ShittyRandomPhotoScreenSaver\\tests\\test_gmail_widget.py', '-v']
2025-12-17 10:33:29,959 - pytest_runner - INFO - pytest.py starting with args: ['F:\\Programming\\Apps\\ShittyRandomPhotoScreenSaver\\tests\\test_gmail_widget.py', '-v']
2025-12-17 10:33:29,961 - pytest_runner - INFO - pytest.py starting with args: ['F:\\Programming\\Apps\\ShittyRandomPhotoScreenSaver\\tests\\test_gmail_widget.py', '-v']
2025-12-17 10:33:29,964 - pytest_runner - INFO - pytest.py starting with args: ['F:\\Programming\\Apps\\ShittyRandomPhotoScreenSaver\\tests\\test_gmail_widget.py', '-v']
2025-12-17 10:33:29,967 - pytest_runner - INFO - pytest.py starting with args: ['F:\\Programming\\Apps\\ShittyRandomPhotoScreenSaver\\tests\\test_gmail_widget.py', '-v']
2025-12-17 10:33:29,971 - pytest_runner - INFO - pytest.py starting with args: ['F:\\Programming\\Apps\\ShittyRandomPhotoScreenSaver\\tests\\test_gmail_widget.py', '-v']
2025-12-17 10:33:29,974 - pytest_runner - INFO - pytest.py starting with args: ['F:\\Programming\\Apps\\ShittyRandomPhotoScreenSaver\\tests\\test_gmail_widget.py', '-v']
2025-12-17 10:33:29,977 - pytest_runner - INFO - pytest.py starting with args: ['F:\\Programming\\Apps\\ShittyRandomPhotoScreenSaver\\tests\\test_gmail_widget.py', '-v']
2025-12-17 10:33:29,980 - pytest_runner - INFO - pytest.py starting with args: ['F:\\Programming\\Apps\\ShittyRandomPhotoScreenSaver\\tests\\test_gmail_widget.py', '-v']
2025-12-17 10:33:29,983 - pytest_runner - INFO - pytest.py starting with args: ['F:\\Programming\\Apps\\ShittyRandomPhotoScreenSaver\\tests\\test_gmail_widget.py', '-v']
2025-12-17 10:33:29,987 - pytest_runner - INFO - pytest.py starting with args: ['F:\\Programming\\Apps\\ShittyRandomPhotoScreenSaver\\tests\\test_gmail_widget.py', '-v']
2025-12-17 10:33:29,989 - pytest_runner - INFO - pytest.py starting with args: ['F:\\Programming\\Apps\\ShittyRandomPhotoScreenSaver\\tests\\test_gmail_widget.py', '-v']
2025-12-17 10:33:29,992 - pytest_runner - INFO - pytest.py starting with args: ['F:\\Programming\\Apps\\ShittyRandomPhotoScreenSaver\\tests\\test_gmail_widget.py', '-v']
2025-12-17 10:33:29,995 - pytest_runner - INFO - pytest.py starting with args: ['F:\\Programming\\Apps\\ShittyRandomPhotoScreenSaver\\tests\\test_gmail_widget.py', '-v']
2025-12-17 10:33:29,997 - pytest_runner - INFO - pytest.py starting with args: ['F:\\Programming\\Apps\\ShittyRandomPhotoScreenSaver\\tests\\test_gmail_widget.py', '-v']
2025-12-17 10:33:30,001 - pytest_runner - INFO - pytest.py starting with args: ['F:\\Programming\\Apps\\ShittyRandomPhotoScreenSaver\\tests\\test_gmail_widget.py', '-v']
2025-12-17 10:33:30,003 - pytest_runner - INFO - pytest.py starting with args: ['F:\\Programming\\Apps\\ShittyRandomPhotoScreenSaver\\tests\\test_gmail_widget.py', '-v']
2025-12-17 10:33:30,006 - pytest_runner - INFO - pytest.py starting with args: ['F:\\Programming\\Apps\\ShittyRandomPhotoScreenSaver\\tests\\test_gmail_widget.py', '-v']
2025-12-17 10:33:30,010 - pytest_runner - INFO - pytest.py starting with args: ['F:\\Programming\\Apps\\ShittyRandomPhotoScreenSaver\\tests\\test_gmail_widget.py', '-v']
2025-12-17 10:33:30,012 - pytest_runner - INFO - pytest.py starting with args: ['F:\\Programming\\Apps\\ShittyRandomPhotoScreenSaver\\tests\\test_gmail_widget.py', '-v']
2025-12-17 10:33:30,015 - pytest_runner - INFO - pytest.py starting with args: ['F:\\Programming\\Apps\\ShittyRandomPhotoScreenSaver\\tests\\test_gmail_widget.py', '-v']
2025-12-17 10:33:30,018 - pytest_runner - INFO - pytest.py starting with args: ['F:\\Programming\\Apps\\ShittyRandomPhotoScreenSaver\\tests\\test_gmail_widget.py', '-v']
2025-12-17 10:33:30,021 - pytest_runner - INFO - pytest.py starting with args: ['F:\\Programming\\Apps\\ShittyRandomPhotoScreenSaver\\tests\\test_gmail_widget.py', '-v']
2025-12-17 10:33:30,024 - pytest_runner - INFO - pytest.py starting with args: ['F:\\Programming\\Apps\\ShittyRandomPhotoScreenSaver\\tests\\test_gmail_widget.py', '-v']
2025-12-17 10:33:30,028 - pytest_runner - INFO - pytest.py starting with args: ['F:\\Programming\\Apps\\ShittyRandomPhotoScreenSaver\\tests\\test_gmail_widget.py', '-v']
2025-12-17 10:33:30,031 - pytest_runner - INFO - pytest.py starting with args: ['F:\\Programming\\Apps\\ShittyRandomPhotoScreenSaver\\tests\\test_gmail_widget.py', '-v']
2025-12-17 10:33:30,034 - pytest_runner - INFO - pytest.py starting with args: ['F:\\Programming\\Apps\\ShittyRandomPhotoScreenSaver\\tests\\test_gmail_widget.py', '-v']
2025-12-17 10:33:30,038 - pytest_runner - INFO - pytest.py starting with args: ['F:\\Programming\\Apps\\ShittyRandomPhotoScreenSaver\\tests\\test_gmail_widget.py', '-v']
2025-12-17 10:33:30,042 - pytest_runner - INFO - pytest.py starting with args: ['F:\\Programming\\Apps\\ShittyRandomPhotoScreenSaver\\tests\\test_gmail_widget.py', '-v']
2025-12-17 10:33:30,045 - pytest_runner - INFO - pytest.py starting with args: ['F:\\Programming\\Apps\\ShittyRandomPhotoScreenSaver\\tests\\test_gmail_widget.py', '-v']
2025-12-17 10:33:30,047 - pytest_runner - INFO - pytest.py starting with args: ['F:\\Programming\\Apps\\ShittyRandomPhotoScreenSaver\\tests\\test_gmail_widget.py', '-v']
2025-12-17 10:33:30,050 - pytest_runner - INFO - pytest.py starting with args: ['F:\\Programming\\Apps\\ShittyRandomPhotoScreenSaver\\tests\\test_gmail_widget.py', '-v']
2025-12-17 10:33:30,054 - pytest_runner - INFO - pytest.py starting with args: ['F:\\Programming\\Apps\\ShittyRandomPhotoScreenSaver\\tests\\test_gmail_widget.py', '-v']
2025-12-17 10:33:30,056 - pytest_runner - INFO - pytest.py starting with args: ['F:\\Programming\\Apps\\ShittyRandomPhotoScreenSaver\\tests\\test_gmail_widget.py', '-v']
2025-12-17 10:33:30,059 - pytest_runner - INFO - pytest.py starting with args: ['F:\\Programming\\Apps\\ShittyRandomPhotoScreenSaver\\tests\\test_gmail_widget.py', '-v']
2025-12-17 10:33:30,062 - pytest_runner - INFO - pytest.py starting with args: ['F:\\Programming\\Apps\\ShittyRandomPhotoScreenSaver\\tests\\test_gmail_widget.py', '-v']
2025-12-17 10:33:30,065 - pytest_runner - INFO - pytest.py starting with args: ['F:\\Programming\\Apps\\ShittyRandomPhotoScreenSaver\\tests\\test_gmail_widget.py', '-v']
2025-12-17 10:33:30,068 - pytest_runner - INFO - pytest.py starting with args: ['F:\\Programming\\Apps\\ShittyRandomPhotoScreenSaver\\tests\\test_gmail_widget.py', '-v']
2025-12-17 10:33:30,070 - pytest_runner - INFO - pytest.py starting with args: ['F:\\Programming\\Apps\\ShittyRandomPhotoScreenSaver\\tests\\test_gmail_widget.py', '-v']
2025-12-17 10:33:30,073 - pytest_runner - INFO - pytest.py starting with args: ['F:\\Programming\\Apps\\ShittyRandomPhotoScreenSaver\\tests\\test_gmail_widget.py', '-v']
2025-12-17 10:33:30,077 - pytest_runner - INFO - pytest.py starting with args: ['F:\\Programming\\Apps\\ShittyRandomPhotoScreenSaver\\tests\\test_gmail_widget.py', '-v']
2025-12-17 10:33:30,079 - pytest_runner - INFO - pytest.py starting with args: ['F:\\Programming\\Apps\\ShittyRandomPhotoScreenSaver\\tests\\test_gmail_widget.py', '-v']
2025-12-17 10:33:30,082 - pytest_runner - INFO - pytest.py starting with args: ['F:\\Programming\\Apps\\ShittyRandomPhotoScreenSaver\\tests\\test_gmail_widget.py', '-v']
2025-12-17 10:33:30,085 - pytest_runner - INFO - pytest.py starting with args: ['F:\\Programming\\Apps\\ShittyRandomPhotoScreenSaver\\tests\\test_gmail_widget.py', '-v']
2025-12-17 10:33:30,087 - pytest_runner - INFO - pytest.py starting with args: ['F:\\Programming\\Apps\\ShittyRandomPhotoScreenSaver\\tests\\test_gmail_widget.py', '-v']
2025-12-17 10:33:30,091 - pytest_runner - INFO - pytest.py starting with args: ['F:\\Programming\\Apps\\ShittyRandomPhotoScreenSaver\\tests\\test_gmail_widget.py', '-v']
2025-12-17 10:33:30,093 - pytest_runner - INFO - pytest.py starting with args: ['F:\\Programming\\Apps\\ShittyRandomPhotoScreenSaver\\tests\\test_gmail_widget.py', '-v']
2025-12-17 10:33:30,096 - pytest_runner - INFO - pytest.py starting with args: ['F:\\Programming\\Apps\\ShittyRandomPhotoScreenSaver\\tests\\test_gmail_widget.py', '-v']
2025-12-17 10:33:30,099 - pytest_runner - INFO - pytest.py starting with args: ['F:\\Programming\\Apps\\ShittyRandomPhotoScreenSaver\\tests\\test_gmail_widget.py', '-v']
2025-12-17 10:33:30,103 - pytest_runner - INFO - pytest.py starting with args: ['F:\\Programming\\Apps\\ShittyRandomPhotoScreenSaver\\tests\\test_gmail_widget.py', '-v']
2025-12-17 10:33:30,107 - pytest_runner - INFO - pytest.py starting with args: ['F:\\Programming\\Apps\\ShittyRandomPhotoScreenSaver\\tests\\test_gmail_widget.py', '-v']
2025-12-17 10:33:30,110 - pytest_runner - INFO - pytest.py starting with args: ['F:\\Programming\\Apps\\ShittyRandomPhotoScreenSaver\\tests\\test_gmail_widget.py', '-v']
2025-12-17 10:33:30,113 - pytest_runner - INFO - pytest.py starting with args: ['F:\\Programming\\Apps\\ShittyRandomPhotoScreenSaver\\tests\\test_gmail_widget.py', '-v']
2025-12-17 10:33:30,117 - pytest_runner - INFO - pytest.py starting with args: ['F:\\Programming\\Apps\\ShittyRandomPhotoScreenSaver\\tests\\test_gmail_widget.py', '-v']
2025-12-17 10:33:30,121 - pytest_runner - INFO - pytest.py starting with args: ['F:\\Programming\\Apps\\ShittyRandomPhotoScreenSaver\\tests\\test_gmail_widget.py', '-v']
2025-12-17 10:33:30,123 - pytest_runner - INFO - pytest.py starting with args: ['F:\\Programming\\Apps\\ShittyRandomPhotoScreenSaver\\tests\\test_gmail_widget.py', '-v']
2025-12-17 10:33:30,127 - pytest_runner - INFO - pytest.py starting with args: ['F:\\Programming\\Apps\\ShittyRandomPhotoScreenSaver\\tests\\test_gmail_widget.py', '-v']
2025-12-17 10:33:30,129 - pytest_runner - INFO - pytest.py starting with args: ['F:\\Programming\\Apps\\ShittyRandomPhotoScreenSaver\\tests\\test_gmail_widget.py', '-v']
2025-12-17 10:33:30,132 - pytest_runner - INFO - pytest.py starting with args: ['F:\\Programming\\Apps\\ShittyRandomPhotoScreenSaver\\tests\\test_gmail_widget.py', '-v']
2025-12-17 10:33:30,135 - pytest_runner - INFO - pytest.py starting with args: ['F:\\Programming\\Apps\\ShittyRandomPhotoScreenSaver\\tests\\test_gmail_widget.py', '-v']
2025-12-17 10:33:30,138 - pytest_runner - INFO - pytest.py starting with args: ['F:\\Programming\\Apps\\ShittyRandomPhotoScreenSaver\\tests\\test_gmail_widget.py', '-v']
2025-12-17 10:33:30,141 - pytest_runner - INFO - pytest.py starting with args: ['F:\\Programming\\Apps\\ShittyRandomPhotoScreenSaver\\tests\\test_gmail_widget.py', '-v']
2025-12-17 10:33:30,144 - pytest_runner - INFO - pytest.py starting with args: ['F:\\Programming\\Apps\\ShittyRandomPhotoScreenSaver\\tests\\test_gmail_widget.py', '-v']
2025-12-17 10:33:30,147 - pytest_runner - INFO - pytest.py starting with args: ['F:\\Programming\\Apps\\ShittyRandomPhotoScreenSaver\\tests\\test_gmail_widget.py', '-v']
2025-12-17 10:33:30,150 - pytest_runner - INFO - pytest.py starting with args: ['F:\\Programming\\Apps\\ShittyRandomPhotoScreenSaver\\tests\\test_gmail_widget.py', '-v']
2025-12-17 10:33:30,153 - pytest_runner - INFO - pytest.py starting with args: ['F:\\Programming\\Apps\\ShittyRandomPhotoScreenSaver\\tests\\test_gmail_widget.py', '-v']
2025-12-17 10:33:30,156 - pytest_runner - INFO - pytest.py starting with args: ['F:\\Programming\\Apps\\ShittyRandomPhotoScreenSaver\\tests\\test_gmail_widget.py', '-v']
2025-12-17 10:33:30,159 - pytest_runner - INFO - pytest.py starting with args: ['F:\\Programming\\Apps\\ShittyRandomPhotoScreenSaver\\tests\\test_gmail_widget.py', '-v']
2025-12-17 10:33:30,161 - pytest_runner - INFO - pytest.py starting with args: ['F:\\Programming\\Apps\\ShittyRandomPhotoScreenSaver\\tests\\test_gmail_widget.py', '-v']
2025-12-17 10:33:30,165 - pytest_runner - INFO - pytest.py starting with args: ['F:\\Programming\\Apps\\ShittyRandomPhotoScreenSaver\\tests\\test_gmail_widget.py', '-v']
2025-12-17 10:33:30,168 - pytest_runner - INFO - pytest.py starting with args: ['F:\\Programming\\Apps\\ShittyRandomPhotoScreenSaver\\tests\\test_gmail_widget.py', '-v']
2025-12-17 10:33:30,170 - pytest_runner - INFO - pytest.py starting with args: ['F:\\Programming\\Apps\\ShittyRandomPhotoScreenSaver\\tests\\test_gmail_widget.py', '-v']
2025-12-17 10:33:30,173 - pytest_runner - INFO - pytest.py starting with args: ['F:\\Programming\\Apps\\ShittyRandomPhotoScreenSaver\\tests\\test_gmail_widget.py', '-v']
2025-12-17 10:33:30,176 - pytest_runner - INFO - pytest.py starting with args: ['F:\\Programming\\Apps\\ShittyRandomPhotoScreenSaver\\tests\\test_gmail_widget.py', '-v']
2025-12-17 10:33:30,179 - pytest_runner - INFO - pytest.py starting with args: ['F:\\Programming\\Apps\\ShittyRandomPhotoScreenSaver\\tests\\test_gmail_widget.py', '-v']
2025-12-17 10:33:30,181 - pytest_runner - INFO - pytest.py starting with args: ['F:\\Programming\\Apps\\ShittyRandomPhotoScreenSaver\\tests\\test_gmail_widget.py', '-v']
2025-12-17 10:33:30,185 - pytest_runner - INFO - pytest.py starting with args: ['F:\\Programming\\Apps\\ShittyRandomPhotoScreenSaver\\tests\\test_gmail_widget.py', '-v']
2025-12-17 10:33:30,188 - pytest_runner - INFO - pytest.py starting with args: ['F:\\Programming\\Apps\\ShittyRandomPhotoScreenSaver\\tests\\test_gmail_widget.py', '-v']
2025-12-17 10:33:30,190 - pytest_runner - INFO - pytest.py starting with args: ['F:\\Programming\\Apps\\ShittyRandomPhotoScreenSaver\\tests\\test_gmail_widget.py', '-v']
2025-12-17 10:33:30,193 - pytest_runner - INFO - pytest.py starting with args: ['F:\\Programming\\Apps\\ShittyRandomPhotoScreenSaver\\tests\\test_gmail_widget.py', '-v']
2025-12-17 10:33:30,196 - pytest_runner - INFO - pytest.py starting with args: ['F:\\Programming\\Apps\\ShittyRandomPhotoScreenSaver\\tests\\test_gmail_widget.py', '-v']
2025-12-17 10:33:30,199 - pytest_runner - INFO - pytest.py starting with args: ['F:\\Programming\\Apps\\ShittyRandomPhotoScreenSaver\\tests\\test_gmail_widget.py', '-v']
2025-12-17 10:33:30,203 - pytest_runner - INFO - pytest.py starting with args: ['F:\\Programming\\Apps\\ShittyRandomPhotoScreenSaver\\tests\\test_gmail_widget.py', '-v']
2025-12-17 10:33:30,207 - pytest_runner - INFO - pytest.py starting with args: ['F:\\Programming\\Apps\\ShittyRandomPhotoScreenSaver\\tests\\test_gmail_widget.py', '-v']
2025-12-17 10:33:30,209 - pytest_runner - INFO - pytest.py starting with args: ['F:\\Programming\\Apps\\ShittyRandomPhotoScreenSaver\\tests\\test_gmail_widget.py', '-v']
2025-12-17 10:33:30,211 - pytest_runner - INFO - pytest.py starting with args: ['F:\\Programming\\Apps\\ShittyRandomPhotoScreenSaver\\tests\\test_gmail_widget.py', '-v']
2025-12-17 10:33:30,215 - pytest_runner - INFO - pytest.py starting with args: ['F:\\Programming\\Apps\\ShittyRandomPhotoScreenSaver\\tests\\test_gmail_widget.py', '-v']
2025-12-17 10:33:30,218 - pytest_runner - INFO - pytest.py starting with args: ['F:\\Programming\\Apps\\ShittyRandomPhotoScreenSaver\\tests\\test_gmail_widget.py', '-v']
2025-12-17 10:33:30,222 - pytest_runner - INFO - pytest.py starting with args: ['F:\\Programming\\Apps\\ShittyRandomPhotoScreenSaver\\tests\\test_gmail_widget.py', '-v']
2025-12-17 10:33:30,224 - pytest_runner - INFO - pytest.py starting with args: ['F:\\Programming\\Apps\\ShittyRandomPhotoScreenSaver\\tests\\test_gmail_widget.py', '-v']
2025-12-17 10:33:30,227 - pytest_runner - INFO - pytest.py starting with args: ['F:\\Programming\\Apps\\ShittyRandomPhotoScreenSaver\\tests\\test_gmail_widget.py', '-v']
2025-12-17 10:33:30,230 - pytest_runner - INFO - pytest.py starting with args: ['F:\\Programming\\Apps\\ShittyRandomPhotoScreenSaver\\tests\\test_gmail_widget.py', '-v']
2025-12-17 10:33:30,233 - pytest_runner - INFO - pytest.py starting with args: ['F:\\Programming\\Apps\\ShittyRandomPhotoScreenSaver\\tests\\test_gmail_widget.py', '-v']
2025-12-17 10:33:30,236 - pytest_runner - INFO - pytest.py starting with args: ['F:\\Programming\\Apps\\ShittyRandomPhotoScreenSaver\\tests\\test_gmail_widget.py', '-v']
2025-12-17 10:33:30,239 - pytest_runner - INFO - pytest.py starting with args: ['F:\\Programming\\Apps\\ShittyRandomPhotoScreenSaver\\tests\\test_gmail_widget.py', '-v']
2025-12-17 10:33:30,242 - pytest_runner - INFO - pytest.py starting with args: ['F:\\Programming\\Apps\\ShittyRandomPhotoScreenSaver\\tests\\test_gmail_widget.py', '-v']
2025-12-17 10:33:30,244 - pytest_runner - INFO - pytest.py starting with args: ['F:\\Programming\\Apps\\ShittyRandomPhotoScreenSaver\\tests\\test_gmail_widget.py', '-v']
2025-12-17 10:33:30,247 - pytest_runner - INFO - pytest.py starting with args: ['F:\\Programming\\Apps\\ShittyRandomPhotoScreenSaver\\tests\\test_gmail_widget.py', '-v']
2025-12-17 10:33:30,250 - pytest_runner - INFO - pytest.py starting with args: ['F:\\Programming\\Apps\\ShittyRandomPhotoScreenSaver\\tests\\test_gmail_widget.py', '-v']
2025-12-17 10:33:30,253 - pytest_runner - INFO - pytest.py starting with args: ['F:\\Programming\\Apps\\ShittyRandomPhotoScreenSaver\\tests\\test_gmail_widget.py', '-v']
2025-12-17 10:33:30,255 - pytest_runner - INFO - pytest.py starting with args: ['F:\\Programming\\Apps\\ShittyRandomPhotoScreenSaver\\tests\\test_gmail_widget.py', '-v']
2025-12-17 10:33:30,259 - pytest_runner - INFO - pytest.py starting with args: ['F:\\Programming\\Apps\\ShittyRandomPhotoScreenSaver\\tests\\test_gmail_widget.py', '-v']
2025-12-17 10:33:30,261 - pytest_runner - INFO - pytest.py starting with args: ['F:\\Programming\\Apps\\ShittyRandomPhotoScreenSaver\\tests\\test_gmail_widget.py', '-v']
2025-12-17 10:33:30,265 - pytest_runner - INFO - pytest.py starting with args: ['F:\\Programming\\Apps\\ShittyRandomPhotoScreenSaver\\tests\\test_gmail_widget.py', '-v']
2025-12-17 10:33:30,267 - pytest_runner - INFO - pytest.py starting with args: ['F:\\Programming\\Apps\\ShittyRandomPhotoScreenSaver\\tests\\test_gmail_widget.py', '-v']
2025-12-17 10:33:30,271 - pytest_runner - INFO - pytest.py starting with args: ['F:\\Programming\\Apps\\ShittyRandomPhotoScreenSaver\\tests\\test_gmail_widget.py', '-v']
2025-12-17 10:33:30,274 - pytest_runner - INFO - pytest.py starting with args: ['F:\\Programming\\Apps\\ShittyRandomPhotoScreenSaver\\tests\\test_gmail_widget.py', '-v']
2025-12-17 10:33:30,277 - pytest_runner - INFO - pytest.py starting with args: ['F:\\Programming\\Apps\\ShittyRandomPhotoScreenSaver\\tests\\test_gmail_widget.py', '-v']
2025-12-17 10:33:30,280 - pytest_runner - INFO - pytest.py starting with args: ['F:\\Programming\\Apps\\ShittyRandomPhotoScreenSaver\\tests\\test_gmail_widget.py', '-v']
2025-12-17 10:33:30,283 - pytest_runner - INFO - pytest.py starting with args: ['F:\\Programming\\Apps\\ShittyRandomPhotoScreenSaver\\tests\\test_gmail_widget.py', '-v']
2025-12-17 10:33:30,286 - pytest_runner - INFO - pytest.py starting with args: ['F:\\Programming\\Apps\\ShittyRandomPhotoScreenSaver\\tests\\test_gmail_widget.py', '-v']
2025-12-17 10:33:30,289 - pytest_runner - INFO - pytest.py starting with args: ['F:\\Programming\\Apps\\ShittyRandomPhotoScreenSaver\\tests\\test_gmail_widget.py', '-v']
2025-12-17 10:33:30,293 - pytest_runner - INFO - pytest.py starting with args: ['F:\\Programming\\Apps\\ShittyRandomPhotoScreenSaver\\tests\\test_gmail_widget.py', '-v']
2025-12-17 10:33:30,295 - pytest_runner - INFO - pytest.py starting with args: ['F:\\Programming\\Apps\\ShittyRandomPhotoScreenSaver\\tests\\test_gmail_widget.py', '-v']
2025-12-17 10:33:30,299 - pytest_runner - INFO - pytest.py starting with args: ['F:\\Programming\\Apps\\ShittyRandomPhotoScreenSaver\\tests\\test_gmail_widget.py', '-v']
2025-12-17 10:33:30,302 - pytest_runner - INFO - pytest.py starting with args: ['F:\\Programming\\Apps\\ShittyRandomPhotoScreenSaver\\tests\\test_gmail_widget.py', '-v']
2025-12-17 10:33:30,305 - pytest_runner - INFO - pytest.py starting with args: ['F:\\Programming\\Apps\\ShittyRandomPhotoScreenSaver\\tests\\test_gmail_widget.py', '-v']
2025-12-17 10:33:30,307 - pytest_runner - INFO - pytest.py starting with args: ['F:\\Programming\\Apps\\ShittyRandomPhotoScreenSaver\\tests\\test_gmail_widget.py', '-v']
2025-12-17 10:33:30,310 - pytest_runner - INFO - pytest.py starting with args: ['F:\\Programming\\Apps\\ShittyRandomPhotoScreenSaver\\tests\\test_gmail_widget.py', '-v']
2025-12-17 10:33:30,313 - pytest_runner - INFO - pytest.py starting with args: ['F:\\Programming\\Apps\\ShittyRandomPhotoScreenSaver\\tests\\test_gmail_widget.py', '-v']
2025-12-17 10:33:30,316 - pytest_runner - INFO - pytest.py starting with args: ['F:\\Programming\\Apps\\ShittyRandomPhotoScreenSaver\\tests\\test_gmail_widget.py', '-v']
2025-12-17 10:33:30,319 - pytest_runner - INFO - pytest.py starting with args: ['F:\\Programming\\Apps\\ShittyRandomPhotoScreenSaver\\tests\\test_gmail_widget.py', '-v']
2025-12-17 10:33:30,321 - pytest_runner - INFO - pytest.py starting with args: ['F:\\Programming\\Apps\\ShittyRandomPhotoScreenSaver\\tests\\test_gmail_widget.py', '-v']
2025-12-17 10:33:30,324 - pytest_runner - INFO - pytest.py starting with args: ['F:\\Programming\\Apps\\ShittyRandomPhotoScreenSaver\\tests\\test_gmail_widget.py', '-v']
2025-12-17 10:33:30,327 - pytest_runner - INFO - pytest.py starting with args: ['F:\\Programming\\Apps\\ShittyRandomPhotoScreenSaver\\tests\\test_gmail_widget.py', '-v']
2025-12-17 10:33:30,330 - pytest_runner - INFO - pytest.py starting with args: ['F:\\Programming\\Apps\\ShittyRandomPhotoScreenSaver\\tests\\test_gmail_widget.py', '-v']
2025-12-17 10:33:30,333 - pytest_runner - INFO - pytest.py starting with args: ['F:\\Programming\\Apps\\ShittyRandomPhotoScreenSaver\\tests\\test_gmail_widget.py', '-v']
2025-12-17 10:33:30,335 - pytest_runner - INFO - pytest.py starting with args: ['F:\\Programming\\Apps\\ShittyRandomPhotoScreenSaver\\tests\\test_gmail_widget.py', '-v']
2025-12-17 10:33:30,338 - pytest_runner - INFO - pytest.py starting with args: ['F:\\Programming\\Apps\\ShittyRandomPhotoScreenSaver\\tests\\test_gmail_widget.py', '-v']
2025-12-17 10:33:30,341 - pytest_runner - INFO - pytest.py starting with args: ['F:\\Programming\\Apps\\ShittyRandomPhotoScreenSaver\\tests\\test_gmail_widget.py', '-v']
2025-12-17 10:33:30,345 - pytest_runner - INFO - pytest.py starting with args: ['F:\\Programming\\Apps\\ShittyRandomPhotoScreenSaver\\tests\\test_gmail_widget.py', '-v']
2025-12-17 10:33:30,347 - pytest_runner - INFO - pytest.py starting with args: ['F:\\Programming\\Apps\\ShittyRandomPhotoScreenSaver\\tests\\test_gmail_widget.py', '-v']
2025-12-17 10:33:30,352 - pytest_runner - INFO - pytest.py starting with args: ['F:\\Programming\\Apps\\ShittyRandomPhotoScreenSaver\\tests\\test_gmail_widget.py', '-v']
2025-12-17 10:33:30,355 - pytest_runner - INFO - pytest.py starting with args: ['F:\\Programming\\Apps\\ShittyRandomPhotoScreenSaver\\tests\\test_gmail_widget.py', '-v']
2025-12-17 10:33:30,359 - pytest_runner - INFO - pytest.py starting with args: ['F:\\Programming\\Apps\\ShittyRandomPhotoScreenSaver\\tests\\test_gmail_widget.py', '-v']
2025-12-17 10:33:30,363 - pytest_runner - INFO - pytest.py starting with args: ['F:\\Programming\\Apps\\ShittyRandomPhotoScreenSaver\\tests\\test_gmail_widget.py', '-v']
2025-12-17 10:33:30,366 - pytest_runner - INFO - pytest.py starting with args: ['F:\\Programming\\Apps\\ShittyRandomPhotoScreenSaver\\tests\\test_gmail_widget.py', '-v']
2025-12-17 10:33:30,368 - pytest_runner - INFO - pytest.py starting with args: ['F:\\Programming\\Apps\\ShittyRandomPhotoScreenSaver\\tests\\test_gmail_widget.py', '-v']
2025-12-17 10:33:30,372 - pytest_runner - INFO - pytest.py starting with args: ['F:\\Programming\\Apps\\ShittyRandomPhotoScreenSaver\\tests\\test_gmail_widget.py', '-v']
2025-12-17 10:33:30,374 - pytest_runner - INFO - pytest.py starting with args: ['F:\\Programming\\Apps\\ShittyRandomPhotoScreenSaver\\tests\\test_gmail_widget.py', '-v']
2025-12-17 10:33:30,378 - pytest_runner - INFO - pytest.py starting with args: ['F:\\Programming\\Apps\\ShittyRandomPhotoScreenSaver\\tests\\test_gmail_widget.py', '-v']
2025-12-17 10:33:30,381 - pytest_runner - INFO - pytest.py starting with args: ['F:\\Programming\\Apps\\ShittyRandomPhotoScreenSaver\\tests\\test_gmail_widget.py', '-v']
2025-12-17 10:33:30,383 - pytest_runner - INFO - pytest.py starting with args: ['F:\\Programming\\Apps\\ShittyRandomPhotoScreenSaver\\tests\\test_gmail_widget.py', '-v']
2025-12-17 10:33:30,386 - pytest_runner - INFO - pytest.py starting with args: ['F:\\Programming\\Apps\\ShittyRandomPhotoScreenSaver\\tests\\test_gmail_widget.py', '-v']
2025-12-17 10:33:30,389 - pytest_runner - INFO - pytest.py starting with args: ['F:\\Programming\\Apps\\ShittyRandomPhotoScreenSaver\\tests\\test_gmail_widget.py', '-v']
2025-12-17 10:33:30,393 - pytest_runner - INFO - pytest.py starting with args: ['F:\\Programming\\Apps\\ShittyRandomPhotoScreenSaver\\tests\\test_gmail_widget.py', '-v']
2025-12-17 10:33:30,395 - pytest_runner - INFO - pytest.py starting with args: ['F:\\Programming\\Apps\\ShittyRandomPhotoScreenSaver\\tests\\test_gmail_widget.py', '-v']
2025-12-17 10:33:30,398 - pytest_runner - INFO - pytest.py starting with args: ['F:\\Programming\\Apps\\ShittyRandomPhotoScreenSaver\\tests\\test_gmail_widget.py', '-v']
2025-12-17 10:33:30,400 - pytest_runner - INFO - pytest.py starting with args: ['F:\\Programming\\Apps\\ShittyRandomPhotoScreenSaver\\tests\\test_gmail_widget.py', '-v']
2025-12-17 10:33:30,403 - pytest_runner - INFO - pytest.py starting with args: ['F:\\Programming\\Apps\\ShittyRandomPhotoScreenSaver\\tests\\test_gmail_widget.py', '-v']
2025-12-17 10:33:30,407 - pytest_runner - INFO - pytest.py starting with args: ['F:\\Programming\\Apps\\ShittyRandomPhotoScreenSaver\\tests\\test_gmail_widget.py', '-v']
2025-12-17 10:33:30,409 - pytest_runner - INFO - pytest.py starting with args: ['F:\\Programming\\Apps\\ShittyRandomPhotoScreenSaver\\tests\\test_gmail_widget.py', '-v']
2025-12-17 10:33:30,412 - pytest_runner - INFO - pytest.py starting with args: ['F:\\Programming\\Apps\\ShittyRandomPhotoScreenSaver\\tests\\test_gmail_widget.py', '-v']
2025-12-17 10:33:30,416 - pytest_runner - INFO - pytest.py starting with args: ['F:\\Programming\\Apps\\ShittyRandomPhotoScreenSaver\\tests\\test_gmail_widget.py', '-v']
2025-12-17 10:33:30,418 - pytest_runner - INFO - pytest.py starting with args: ['F:\\Programming\\Apps\\ShittyRandomPhotoScreenSaver\\tests\\test_gmail_widget.py', '-v']
2025-12-17 10:33:30,422 - pytest_runner - INFO - pytest.py starting with args: ['F:\\Programming\\Apps\\ShittyRandomPhotoScreenSaver\\tests\\test_gmail_widget.py', '-v']
2025-12-17 10:33:30,424 - pytest_runner - INFO - pytest.py starting with args: ['F:\\Programming\\Apps\\ShittyRandomPhotoScreenSaver\\tests\\test_gmail_widget.py', '-v']
2025-12-17 10:33:30,428 - pytest_runner - INFO - pytest.py starting with args: ['F:\\Programming\\Apps\\ShittyRandomPhotoScreenSaver\\tests\\test_gmail_widget.py', '-v']
2025-12-17 10:33:30,431 - pytest_runner - INFO - pytest.py starting with args: ['F:\\Programming\\Apps\\ShittyRandomPhotoScreenSaver\\tests\\test_gmail_widget.py', '-v']
2025-12-17 10:33:30,434 - pytest_runner - INFO - pytest.py starting with args: ['F:\\Programming\\Apps\\ShittyRandomPhotoScreenSaver\\tests\\test_gmail_widget.py', '-v']
2025-12-17 10:33:30,437 - pytest_runner - INFO - pytest.py starting with args: ['F:\\Programming\\Apps\\ShittyRandomPhotoScreenSaver\\tests\\test_gmail_widget.py', '-v']
2025-12-17 10:33:30,440 - pytest_runner - INFO - pytest.py starting with args: ['F:\\Programming\\Apps\\ShittyRandomPhotoScreenSaver\\tests\\test_gmail_widget.py', '-v']
2025-12-17 10:33:30,443 - pytest_runner - INFO - pytest.py starting with args: ['F:\\Programming\\Apps\\ShittyRandomPhotoScreenSaver\\tests\\test_gmail_widget.py', '-v']
2025-12-17 10:33:30,445 - pytest_runner - INFO - pytest.py starting with args: ['F:\\Programming\\Apps\\ShittyRandomPhotoScreenSaver\\tests\\test_gmail_widget.py', '-v']
2025-12-17 10:33:30,448 - pytest_runner - INFO - pytest.py starting with args: ['F:\\Programming\\Apps\\ShittyRandomPhotoScreenSaver\\tests\\test_gmail_widget.py', '-v']
2025-12-17 10:33:30,451 - pytest_runner - INFO - pytest.py starting with args: ['F:\\Programming\\Apps\\ShittyRandomPhotoScreenSaver\\tests\\test_gmail_widget.py', '-v']
2025-12-17 10:33:30,454 - pytest_runner - INFO - pytest.py starting with args: ['F:\\Programming\\Apps\\ShittyRandomPhotoScreenSaver\\tests\\test_gmail_widget.py', '-v']
2025-12-17 10:33:30,457 - pytest_runner - INFO - pytest.py starting with args: ['F:\\Programming\\Apps\\ShittyRandomPhotoScreenSaver\\tests\\test_gmail_widget.py', '-v']
2025-12-17 10:33:30,461 - pytest_runner - INFO - pytest.py starting with args: ['F:\\Programming\\Apps\\ShittyRandomPhotoScreenSaver\\tests\\test_gmail_widget.py', '-v']
2025-12-17 10:33:30,464 - pytest_runner - INFO - pytest.py starting with args: ['F:\\Programming\\Apps\\ShittyRandomPhotoScreenSaver\\tests\\test_gmail_widget.py', '-v']
2025-12-17 10:33:30,466 - pytest_runner - INFO - pytest.py starting with args: ['F:\\Programming\\Apps\\ShittyRandomPhotoScreenSaver\\tests\\test_gmail_widget.py', '-v']
2025-12-17 10:33:30,470 - pytest_runner - INFO - pytest.py starting with args: ['F:\\Programming\\Apps\\ShittyRandomPhotoScreenSaver\\tests\\test_gmail_widget.py', '-v']
2025-12-17 10:33:30,472 - pytest_runner - INFO - pytest.py starting with args: ['F:\\Programming\\Apps\\ShittyRandomPhotoScreenSaver\\tests\\test_gmail_widget.py', '-v']
2025-12-17 10:33:30,476 - pytest_runner - INFO - pytest.py starting with args: ['F:\\Programming\\Apps\\ShittyRandomPhotoScreenSaver\\tests\\test_gmail_widget.py', '-v']
2025-12-17 10:33:30,479 - pytest_runner - INFO - pytest.py starting with args: ['F:\\Programming\\Apps\\ShittyRandomPhotoScreenSaver\\tests\\test_gmail_widget.py', '-v']
2025-12-17 10:33:30,481 - pytest_runner - INFO - pytest.py starting with args: ['F:\\Programming\\Apps\\ShittyRandomPhotoScreenSaver\\tests\\test_gmail_widget.py', '-v']
2025-12-17 10:33:30,484 - pytest_runner - INFO - pytest.py starting with args: ['F:\\Programming\\Apps\\ShittyRandomPhotoScreenSaver\\tests\\test_gmail_widget.py', '-v']
2025-12-17 10:33:30,488 - pytest_runner - INFO - pytest.py starting with args: ['F:\\Programming\\Apps\\ShittyRandomPhotoScreenSaver\\tests\\test_gmail_widget.py', '-v']
2025-12-17 10:33:30,491 - pytest_runner - INFO - pytest.py starting with args: ['F:\\Programming\\Apps\\ShittyRandomPhotoScreenSaver\\tests\\test_gmail_widget.py', '-v']
2025-12-17 10:33:30,493 - pytest_runner - INFO - pytest.py starting with args: ['F:\\Programming\\Apps\\ShittyRandomPhotoScreenSaver\\tests\\test_gmail_widget.py', '-v']
2025-12-17 10:33:30,496 - pytest_runner - INFO - pytest.py starting with args: ['F:\\Programming\\Apps\\ShittyRandomPhotoScreenSaver\\tests\\test_gmail_widget.py', '-v']
2025-12-17 10:33:30,499 - pytest_runner - INFO - pytest.py starting with args: ['F:\\Programming\\Apps\\ShittyRandomPhotoScreenSaver\\tests\\test_gmail_widget.py', '-v']
2025-12-17 10:33:30,502 - pytest_runner - INFO - pytest.py starting with args: ['F:\\Programming\\Apps\\ShittyRandomPhotoScreenSaver\\tests\\test_gmail_widget.py', '-v']
2025-12-17 10:33:30,505 - pytest_runner - INFO - pytest.py starting with args: ['F:\\Programming\\Apps\\ShittyRandomPhotoScreenSaver\\tests\\test_gmail_widget.py', '-v']
2025-12-17 10:33:30,507 - pytest_runner - INFO - pytest.py starting with args: ['F:\\Programming\\Apps\\ShittyRandomPhotoScreenSaver\\tests\\test_gmail_widget.py', '-v']
2025-12-17 10:33:30,510 - pytest_runner - INFO - pytest.py starting with args: ['F:\\Programming\\Apps\\ShittyRandomPhotoScreenSaver\\tests\\test_gmail_widget.py', '-v']
2025-12-17 10:33:30,513 - pytest_runner - INFO - pytest.py starting with args: ['F:\\Programming\\Apps\\ShittyRandomPhotoScreenSaver\\tests\\test_gmail_widget.py', '-v']
2025-12-17 10:33:30,516 - pytest_runner - INFO - pytest.py starting with args: ['F:\\Programming\\Apps\\ShittyRandomPhotoScreenSaver\\tests\\test_gmail_widget.py', '-v']
2025-12-17 10:33:30,519 - pytest_runner - INFO - pytest.py starting with args: ['F:\\Programming\\Apps\\ShittyRandomPhotoScreenSaver\\tests\\test_gmail_widget.py', '-v']
2025-12-17 10:33:30,523 - pytest_runner - INFO - pytest.py starting with args: ['F:\\Programming\\Apps\\ShittyRandomPhotoScreenSaver\\tests\\test_gmail_widget.py', '-v']
2025-12-17 10:33:30,524 - pytest_runner - INFO - pytest.py starting with args: ['F:\\Programming\\Apps\\ShittyRandomPhotoScreenSaver\\tests\\test_gmail_widget.py', '-v']
2025-12-17 10:33:30,529 - pytest_runner - INFO - pytest.py starting with args: ['F:\\Programming\\Apps\\ShittyRandomPhotoScreenSaver\\tests\\test_gmail_widget.py', '-v']
2025-12-17 10:33:30,532 - pytest_runner - INFO - pytest.py starting with args: ['F:\\Programming\\Apps\\ShittyRandomPhotoScreenSaver\\tests\\test_gmail_widget.py', '-v']
2025-12-17 10:33:30,534 - pytest_runner - INFO - pytest.py starting with args: ['F:\\Programming\\Apps\\ShittyRandomPhotoScreenSaver\\tests\\test_gmail_widget.py', '-v']
2025-12-17 10:33:30,537 - pytest_runner - INFO - pytest.py starting with args: ['F:\\Programming\\Apps\\ShittyRandomPhotoScreenSaver\\tests\\test_gmail_widget.py', '-v']
2025-12-17 10:33:30,540 - pytest_runner - INFO - pytest.py starting with args: ['F:\\Programming\\Apps\\ShittyRandomPhotoScreenSaver\\tests\\test_gmail_widget.py', '-v']
2025-12-17 10:33:30,543 - pytest_runner - INFO - pytest.py starting with args: ['F:\\Programming\\Apps\\ShittyRandomPhotoScreenSaver\\tests\\test_gmail_widget.py', '-v']
2025-12-17 10:33:30,546 - pytest_runner - INFO - pytest.py starting with args: ['F:\\Programming\\Apps\\ShittyRandomPhotoScreenSaver\\tests\\test_gmail_widget.py', '-v']
2025-12-17 10:33:30,548 - pytest_runner - INFO - pytest.py starting with args: ['F:\\Programming\\Apps\\ShittyRandomPhotoScreenSaver\\tests\\test_gmail_widget.py', '-v']
2025-12-17 10:33:30,551 - pytest_runner - INFO - pytest.py starting with args: ['F:\\Programming\\Apps\\ShittyRandomPhotoScreenSaver\\tests\\test_gmail_widget.py', '-v']
2025-12-17 10:33:30,554 - pytest_runner - INFO - pytest.py starting with args: ['F:\\Programming\\Apps\\ShittyRandomPhotoScreenSaver\\tests\\test_gmail_widget.py', '-v']
2025-12-17 10:33:30,556 - pytest_runner - INFO - pytest.py starting with args: ['F:\\Programming\\Apps\\ShittyRandomPhotoScreenSaver\\tests\\test_gmail_widget.py', '-v']
2025-12-17 10:33:30,560 - pytest_runner - INFO - pytest.py starting with args: ['F:\\Programming\\Apps\\ShittyRandomPhotoScreenSaver\\tests\\test_gmail_widget.py', '-v']
2025-12-17 10:33:30,563 - pytest_runner - INFO - pytest.py starting with args: ['F:\\Programming\\Apps\\ShittyRandomPhotoScreenSaver\\tests\\test_gmail_widget.py', '-v']
2025-12-17 10:33:30,566 - pytest_runner - INFO - pytest.py starting with args: ['F:\\Programming\\Apps\\ShittyRandomPhotoScreenSaver\\tests\\test_gmail_widget.py', '-v']
2025-12-17 10:33:30,568 - pytest_runner - INFO - pytest.py starting with args: ['F:\\Programming\\Apps\\ShittyRandomPhotoScreenSaver\\tests\\test_gmail_widget.py', '-v']
2025-12-17 10:33:30,572 - pytest_runner - INFO - pytest.py starting with args: ['F:\\Programming\\Apps\\ShittyRandomPhotoScreenSaver\\tests\\test_gmail_widget.py', '-v']
2025-12-17 10:33:30,575 - pytest_runner - INFO - pytest.py starting with args: ['F:\\Programming\\Apps\\ShittyRandomPhotoScreenSaver\\tests\\test_gmail_widget.py', '-v']
2025-12-17 10:33:30,578 - pytest_runner - INFO - pytest.py starting with args: ['F:\\Programming\\Apps\\ShittyRandomPhotoScreenSaver\\tests\\test_gmail_widget.py', '-v']
2025-12-17 10:33:30,580 - pytest_runner - INFO - pytest.py starting with args: ['F:\\Programming\\Apps\\ShittyRandomPhotoScreenSaver\\tests\\test_gmail_widget.py', '-v']
2025-12-17 10:33:30,583 - pytest_runner - INFO - pytest.py starting with args: ['F:\\Programming\\Apps\\ShittyRandomPhotoScreenSaver\\tests\\test_gmail_widget.py', '-v']
2025-12-17 10:33:30,586 - pytest_runner - INFO - pytest.py starting with args: ['F:\\Programming\\Apps\\ShittyRandomPhotoScreenSaver\\tests\\test_gmail_widget.py', '-v']
2025-12-17 10:33:30,588 - pytest_runner - INFO - pytest.py starting with args: ['F:\\Programming\\Apps\\ShittyRandomPhotoScreenSaver\\tests\\test_gmail_widget.py', '-v']
2025-12-17 10:33:30,593 - pytest_runner - INFO - pytest.py starting with args: ['F:\\Programming\\Apps\\ShittyRandomPhotoScreenSaver\\tests\\test_gmail_widget.py', '-v']
2025-12-17 10:33:30,597 - pytest_runner - INFO - pytest.py starting with args: ['F:\\Programming\\Apps\\ShittyRandomPhotoScreenSaver\\tests\\test_gmail_widget.py', '-v']
2025-12-17 10:33:30,601 - pytest_runner - INFO - pytest.py starting with args: ['F:\\Programming\\Apps\\ShittyRandomPhotoScreenSaver\\tests\\test_gmail_widget.py', '-v']
2025-12-17 10:33:30,604 - pytest_runner - INFO - pytest.py starting with args: ['F:\\Programming\\Apps\\ShittyRandomPhotoScreenSaver\\tests\\test_gmail_widget.py', '-v']
2025-12-17 10:33:30,607 - pytest_runner - INFO - pytest.py starting with args: ['F:\\Programming\\Apps\\ShittyRandomPhotoScreenSaver\\tests\\test_gmail_widget.py', '-v']
2025-12-17 10:33:30,610 - pytest_runner - INFO - pytest.py starting with args: ['F:\\Programming\\Apps\\ShittyRandomPhotoScreenSaver\\tests\\test_gmail_widget.py', '-v']
2025-12-17 10:33:30,615 - pytest_runner - INFO - pytest.py starting with args: ['F:\\Programming\\Apps\\ShittyRandomPhotoScreenSaver\\tests\\test_gmail_widget.py', '-v']
2025-12-17 10:33:30,619 - pytest_runner - INFO - pytest.py starting with args: ['F:\\Programming\\Apps\\ShittyRandomPhotoScreenSaver\\tests\\test_gmail_widget.py', '-v']
2025-12-17 10:33:30,623 - pytest_runner - INFO - pytest.py starting with args: ['F:\\Programming\\Apps\\ShittyRandomPhotoScreenSaver\\tests\\test_gmail_widget.py', '-v']
2025-12-17 10:33:30,626 - pytest_runner - INFO - pytest.py starting with args: ['F:\\Programming\\Apps\\ShittyRandomPhotoScreenSaver\\tests\\test_gmail_widget.py', '-v']
2025-12-17 10:33:30,631 - pytest_runner - INFO - pytest.py starting with args: ['F:\\Programming\\Apps\\ShittyRandomPhotoScreenSaver\\tests\\test_gmail_widget.py', '-v']
2025-12-17 10:33:30,634 - pytest_runner - INFO - pytest.py starting with args: ['F:\\Programming\\Apps\\ShittyRandomPhotoScreenSaver\\tests\\test_gmail_widget.py', '-v']
2025-12-17 10:33:30,638 - pytest_runner - INFO - pytest.py starting with args: ['F:\\Programming\\Apps\\ShittyRandomPhotoScreenSaver\\tests\\test_gmail_widget.py', '-v']
2025-12-17 10:33:30,640 - pytest_runner - INFO - pytest.py starting with args: ['F:\\Programming\\Apps\\ShittyRandomPhotoScreenSaver\\tests\\test_gmail_widget.py', '-v']
2025-12-17 10:33:30,644 - pytest_runner - INFO - pytest.py starting with args: ['F:\\Programming\\Apps\\ShittyRandomPhotoScreenSaver\\tests\\test_gmail_widget.py', '-v']
2025-12-17 10:33:30,647 - pytest_runner - INFO - pytest.py starting with args: ['F:\\Programming\\Apps\\ShittyRandomPhotoScreenSaver\\tests\\test_gmail_widget.py', '-v']
2025-12-17 10:33:30,650 - pytest_runner - INFO - pytest.py starting with args: ['F:\\Programming\\Apps\\ShittyRandomPhotoScreenSaver\\tests\\test_gmail_widget.py', '-v']
2025-12-17 10:33:30,654 - pytest_runner - INFO - pytest.py starting with args: ['F:\\Programming\\Apps\\ShittyRandomPhotoScreenSaver\\tests\\test_gmail_widget.py', '-v']
2025-12-17 10:33:30,657 - pytest_runner - INFO - pytest.py starting with args: ['F:\\Programming\\Apps\\ShittyRandomPhotoScreenSaver\\tests\\test_gmail_widget.py', '-v']
2025-12-17 10:33:30,659 - pytest_runner - INFO - pytest.py starting with args: ['F:\\Programming\\Apps\\ShittyRandomPhotoScreenSaver\\tests\\test_gmail_widget.py', '-v']
2025-12-17 10:33:30,663 - pytest_runner - INFO - pytest.py starting with args: ['F:\\Programming\\Apps\\ShittyRandomPhotoScreenSaver\\tests\\test_gmail_widget.py', '-v']
2025-12-17 10:33:30,667 - pytest_runner - INFO - pytest.py starting with args: ['F:\\Programming\\Apps\\ShittyRandomPhotoScreenSaver\\tests\\test_gmail_widget.py', '-v']
2025-12-17 10:33:30,670 - pytest_runner - INFO - pytest.py starting with args: ['F:\\Programming\\Apps\\ShittyRandomPhotoScreenSaver\\tests\\test_gmail_widget.py', '-v']
2025-12-17 10:33:30,673 - pytest_runner - INFO - pytest.py starting with args: ['F:\\Programming\\Apps\\ShittyRandomPhotoScreenSaver\\tests\\test_gmail_widget.py', '-v']
2025-12-17 10:33:30,676 - pytest_runner - INFO - pytest.py starting with args: ['F:\\Programming\\Apps\\ShittyRandomPhotoScreenSaver\\tests\\test_gmail_widget.py', '-v']
2025-12-17 10:33:30,679 - pytest_runner - INFO - pytest.py starting with args: ['F:\\Programming\\Apps\\ShittyRandomPhotoScreenSaver\\tests\\test_gmail_widget.py', '-v']
2025-12-17 10:33:30,682 - pytest_runner - INFO - pytest.py starting with args: ['F:\\Programming\\Apps\\ShittyRandomPhotoScreenSaver\\tests\\test_gmail_widget.py', '-v']
2025-12-17 10:33:30,686 - pytest_runner - INFO - pytest.py starting with args: ['F:\\Programming\\Apps\\ShittyRandomPhotoScreenSaver\\tests\\test_gmail_widget.py', '-v']
2025-12-17 10:33:30,688 - pytest_runner - INFO - pytest.py starting with args: ['F:\\Programming\\Apps\\ShittyRandomPhotoScreenSaver\\tests\\test_gmail_widget.py', '-v']
2025-12-17 10:33:30,691 - pytest_runner - INFO - pytest.py starting with args: ['F:\\Programming\\Apps\\ShittyRandomPhotoScreenSaver\\tests\\test_gmail_widget.py', '-v']
2025-12-17 10:33:30,693 - pytest_runner - INFO - pytest.py starting with args: ['F:\\Programming\\Apps\\ShittyRandomPhotoScreenSaver\\tests\\test_gmail_widget.py', '-v']
2025-12-17 10:33:30,697 - pytest_runner - INFO - pytest.py starting with args: ['F:\\Programming\\Apps\\ShittyRandomPhotoScreenSaver\\tests\\test_gmail_widget.py', '-v']
2025-12-17 10:33:30,699 - pytest_runner - INFO - pytest.py starting with args: ['F:\\Programming\\Apps\\ShittyRandomPhotoScreenSaver\\tests\\test_gmail_widget.py', '-v']
2025-12-17 10:33:30,703 - pytest_runner - INFO - pytest.py starting with args: ['F:\\Programming\\Apps\\ShittyRandomPhotoScreenSaver\\tests\\test_gmail_widget.py', '-v']
2025-12-17 10:33:30,705 - pytest_runner - INFO - pytest.py starting with args: ['F:\\Programming\\Apps\\ShittyRandomPhotoScreenSaver\\tests\\test_gmail_widget.py', '-v']
2025-12-17 10:33:30,709 - pytest_runner - INFO - pytest.py starting with args: ['F:\\Programming\\Apps\\ShittyRandomPhotoScreenSaver\\tests\\test_gmail_widget.py', '-v']
2025-12-17 10:33:30,711 - pytest_runner - INFO - pytest.py starting with args: ['F:\\Programming\\Apps\\ShittyRandomPhotoScreenSaver\\tests\\test_gmail_widget.py', '-v']
2025-12-17 10:33:30,714 - pytest_runner - INFO - pytest.py starting with args: ['F:\\Programming\\Apps\\ShittyRandomPhotoScreenSaver\\tests\\test_gmail_widget.py', '-v']
2025-12-17 10:33:30,718 - pytest_runner - INFO - pytest.py starting with args: ['F:\\Programming\\Apps\\ShittyRandomPhotoScreenSaver\\tests\\test_gmail_widget.py', '-v']
2025-12-17 10:33:30,720 - pytest_runner - INFO - pytest.py starting with args: ['F:\\Programming\\Apps\\ShittyRandomPhotoScreenSaver\\tests\\test_gmail_widget.py', '-v']
2025-12-17 10:33:30,723 - pytest_runner - INFO - pytest.py starting with args: ['F:\\Programming\\Apps\\ShittyRandomPhotoScreenSaver\\tests\\test_gmail_widget.py', '-v']
2025-12-17 10:33:30,727 - pytest_runner - INFO - pytest.py starting with args: ['F:\\Programming\\Apps\\ShittyRandomPhotoScreenSaver\\tests\\test_gmail_widget.py', '-v']
2025-12-17 10:33:30,729 - pytest_runner - INFO - pytest.py starting with args: ['F:\\Programming\\Apps\\ShittyRandomPhotoScreenSaver\\tests\\test_gmail_widget.py', '-v']
2025-12-17 10:33:30,731 - pytest_runner - INFO - pytest.py starting with args: ['F:\\Programming\\Apps\\ShittyRandomPhotoScreenSaver\\tests\\test_gmail_widget.py', '-v']
2025-12-17 10:33:30,734 - pytest_runner - INFO - pytest.py starting with args: ['F:\\Programming\\Apps\\ShittyRandomPhotoScreenSaver\\tests\\test_gmail_widget.py', '-v']
2025-12-17 10:33:30,738 - pytest_runner - INFO - pytest.py starting with args: ['F:\\Programming\\Apps\\ShittyRandomPhotoScreenSaver\\tests\\test_gmail_widget.py', '-v']
2025-12-17 10:33:30,741 - pytest_runner - INFO - pytest.py starting with args: ['F:\\Programming\\Apps\\ShittyRandomPhotoScreenSaver\\tests\\test_gmail_widget.py', '-v']
2025-12-17 10:33:30,744 - pytest_runner - INFO - pytest.py starting with args: ['F:\\Programming\\Apps\\ShittyRandomPhotoScreenSaver\\tests\\test_gmail_widget.py', '-v']
2025-12-17 10:33:30,747 - pytest_runner - INFO - pytest.py starting with args: ['F:\\Programming\\Apps\\ShittyRandomPhotoScreenSaver\\tests\\test_gmail_widget.py', '-v']
2025-12-17 10:33:30,750 - pytest_runner - INFO - pytest.py starting with args: ['F:\\Programming\\Apps\\ShittyRandomPhotoScreenSaver\\tests\\test_gmail_widget.py', '-v']
2025-12-17 10:33:30,752 - pytest_runner - INFO - pytest.py starting with args: ['F:\\Programming\\Apps\\ShittyRandomPhotoScreenSaver\\tests\\test_gmail_widget.py', '-v']
2025-12-17 10:33:30,755 - pytest_runner - INFO - pytest.py starting with args: ['F:\\Programming\\Apps\\ShittyRandomPhotoScreenSaver\\tests\\test_gmail_widget.py', '-v']
2025-12-17 10:33:30,758 - pytest_runner - INFO - pytest.py starting with args: ['F:\\Programming\\Apps\\ShittyRandomPhotoScreenSaver\\tests\\test_gmail_widget.py', '-v']
2025-12-17 10:33:30,760 - pytest_runner - INFO - pytest.py starting with args: ['F:\\Programming\\Apps\\ShittyRandomPhotoScreenSaver\\tests\\test_gmail_widget.py', '-v']
2025-12-17 10:33:30,763 - pytest_runner - INFO - pytest.py starting with args: ['F:\\Programming\\Apps\\ShittyRandomPhotoScreenSaver\\tests\\test_gmail_widget.py', '-v']
2025-12-17 10:33:30,766 - pytest_runner - INFO - pytest.py starting with args: ['F:\\Programming\\Apps\\ShittyRandomPhotoScreenSaver\\tests\\test_gmail_widget.py', '-v']
2025-12-17 10:33:30,769 - pytest_runner - INFO - pytest.py starting with args: ['F:\\Programming\\Apps\\ShittyRandomPhotoScreenSaver\\tests\\test_gmail_widget.py', '-v']
2025-12-17 10:33:30,771 - pytest_runner - INFO - pytest.py starting with args: ['F:\\Programming\\Apps\\ShittyRandomPhotoScreenSaver\\tests\\test_gmail_widget.py', '-v']
2025-12-17 10:33:30,774 - pytest_runner - INFO - pytest.py starting with args: ['F:\\Programming\\Apps\\ShittyRandomPhotoScreenSaver\\tests\\test_gmail_widget.py', '-v']
2025-12-17 10:33:30,778 - pytest_runner - INFO - pytest.py starting with args: ['F:\\Programming\\Apps\\ShittyRandomPhotoScreenSaver\\tests\\test_gmail_widget.py', '-v']
2025-12-17 10:33:30,780 - pytest_runner - INFO - pytest.py starting with args: ['F:\\Programming\\Apps\\ShittyRandomPhotoScreenSaver\\tests\\test_gmail_widget.py', '-v']
2025-12-17 10:33:30,783 - pytest_runner - INFO - pytest.py starting with args: ['F:\\Programming\\Apps\\ShittyRandomPhotoScreenSaver\\tests\\test_gmail_widget.py', '-v']
2025-12-17 10:33:30,786 - pytest_runner - INFO - pytest.py starting with args: ['F:\\Programming\\Apps\\ShittyRandomPhotoScreenSaver\\tests\\test_gmail_widget.py', '-v']
2025-12-17 10:33:30,788 - pytest_runner - INFO - pytest.py starting with args: ['F:\\Programming\\Apps\\ShittyRandomPhotoScreenSaver\\tests\\test_gmail_widget.py', '-v']
2025-12-17 10:33:30,792 - pytest_runner - INFO - pytest.py starting with args: ['F:\\Programming\\Apps\\ShittyRandomPhotoScreenSaver\\tests\\test_gmail_widget.py', '-v']
2025-12-17 10:33:30,794 - pytest_runner - INFO - pytest.py starting with args: ['F:\\Programming\\Apps\\ShittyRandomPhotoScreenSaver\\tests\\test_gmail_widget.py', '-v']
2025-12-17 10:33:30,798 - pytest_runner - INFO - pytest.py starting with args: ['F:\\Programming\\Apps\\ShittyRandomPhotoScreenSaver\\tests\\test_gmail_widget.py', '-v']
2025-12-17 10:33:30,801 - pytest_runner - INFO - pytest.py starting with args: ['F:\\Programming\\Apps\\ShittyRandomPhotoScreenSaver\\tests\\test_gmail_widget.py', '-v']
2025-12-17 10:33:30,804 - pytest_runner - INFO - pytest.py starting with args: ['F:\\Programming\\Apps\\ShittyRandomPhotoScreenSaver\\tests\\test_gmail_widget.py', '-v']
2025-12-17 10:33:30,807 - pytest_runner - INFO - pytest.py starting with args: ['F:\\Programming\\Apps\\ShittyRandomPhotoScreenSaver\\tests\\test_gmail_widget.py', '-v']
2025-12-17 10:33:30,809 - pytest_runner - INFO - pytest.py starting with args: ['F:\\Programming\\Apps\\ShittyRandomPhotoScreenSaver\\tests\\test_gmail_widget.py', '-v']
2025-12-17 10:33:30,813 - pytest_runner - INFO - pytest.py starting with args: ['F:\\Programming\\Apps\\ShittyRandomPhotoScreenSaver\\tests\\test_gmail_widget.py', '-v']
2025-12-17 10:33:30,815 - pytest_runner - INFO - pytest.py starting with args: ['F:\\Programming\\Apps\\ShittyRandomPhotoScreenSaver\\tests\\test_gmail_widget.py', '-v']
2025-12-17 10:33:30,818 - pytest_runner - INFO - pytest.py starting with args: ['F:\\Programming\\Apps\\ShittyRandomPhotoScreenSaver\\tests\\test_gmail_widget.py', '-v']
2025-12-17 10:33:30,822 - pytest_runner - INFO - pytest.py starting with args: ['F:\\Programming\\Apps\\ShittyRandomPhotoScreenSaver\\tests\\test_gmail_widget.py', '-v']
2025-12-17 10:33:30,824 - pytest_runner - INFO - pytest.py starting with args: ['F:\\Programming\\Apps\\ShittyRandomPhotoScreenSaver\\tests\\test_gmail_widget.py', '-v']
2025-12-17 10:33:30,828 - pytest_runner - INFO - pytest.py starting with args: ['F:\\Programming\\Apps\\ShittyRandomPhotoScreenSaver\\tests\\test_gmail_widget.py', '-v']
2025-12-17 10:33:30,831 - pytest_runner - INFO - pytest.py starting with args: ['F:\\Programming\\Apps\\ShittyRandomPhotoScreenSaver\\tests\\test_gmail_widget.py', '-v']
2025-12-17 10:33:30,834 - pytest_runner - INFO - pytest.py starting with args: ['F:\\Programming\\Apps\\ShittyRandomPhotoScreenSaver\\tests\\test_gmail_widget.py', '-v']
2025-12-17 10:33:30,837 - pytest_runner - INFO - pytest.py starting with args: ['F:\\Programming\\Apps\\ShittyRandomPhotoScreenSaver\\tests\\test_gmail_widget.py', '-v']
2025-12-17 10:33:30,841 - pytest_runner - INFO - pytest.py starting with args: ['F:\\Programming\\Apps\\ShittyRandomPhotoScreenSaver\\tests\\test_gmail_widget.py', '-v']
2025-12-17 10:33:30,844 - pytest_runner - INFO - pytest.py starting with args: ['F:\\Programming\\Apps\\ShittyRandomPhotoScreenSaver\\tests\\test_gmail_widget.py', '-v']
2025-12-17 10:33:30,849 - pytest_runner - INFO - pytest.py starting with args: ['F:\\Programming\\Apps\\ShittyRandomPhotoScreenSaver\\tests\\test_gmail_widget.py', '-v']
2025-12-17 10:33:30,853 - pytest_runner - INFO - pytest.py starting with args: ['F:\\Programming\\Apps\\ShittyRandomPhotoScreenSaver\\tests\\test_gmail_widget.py', '-v']
2025-12-17 10:33:30,857 - pytest_runner - INFO - pytest.py starting with args: ['F:\\Programming\\Apps\\ShittyRandomPhotoScreenSaver\\tests\\test_gmail_widget.py', '-v']
2025-12-17 10:33:30,860 - pytest_runner - INFO - pytest.py starting with args: ['F:\\Programming\\Apps\\ShittyRandomPhotoScreenSaver\\tests\\test_gmail_widget.py', '-v']
2025-12-17 10:33:30,863 - pytest_runner - INFO - pytest.py starting with args: ['F:\\Programming\\Apps\\ShittyRandomPhotoScreenSaver\\tests\\test_gmail_widget.py', '-v']
2025-12-17 10:33:30,866 - pytest_runner - INFO - pytest.py starting with args: ['F:\\Programming\\Apps\\ShittyRandomPhotoScreenSaver\\tests\\test_gmail_widget.py', '-v']
2025-12-17 10:33:30,868 - pytest_runner - INFO - pytest.py starting with args: ['F:\\Programming\\Apps\\ShittyRandomPhotoScreenSaver\\tests\\test_gmail_widget.py', '-v']
2025-12-17 10:33:30,871 - pytest_runner - INFO - pytest.py starting with args: ['F:\\Programming\\Apps\\ShittyRandomPhotoScreenSaver\\tests\\test_gmail_widget.py', '-v']
2025-12-17 10:33:30,875 - pytest_runner - INFO - pytest.py starting with args: ['F:\\Programming\\Apps\\ShittyRandomPhotoScreenSaver\\tests\\test_gmail_widget.py', '-v']
2025-12-17 10:33:30,878 - pytest_runner - INFO - pytest.py starting with args: ['F:\\Programming\\Apps\\ShittyRandomPhotoScreenSaver\\tests\\test_gmail_widget.py', '-v']
2025-12-17 10:33:30,880 - pytest_runner - INFO - pytest.py starting with args: ['F:\\Programming\\Apps\\ShittyRandomPhotoScreenSaver\\tests\\test_gmail_widget.py', '-v']
2025-12-17 10:33:30,884 - pytest_runner - INFO - pytest.py starting with args: ['F:\\Programming\\Apps\\ShittyRandomPhotoScreenSaver\\tests\\test_gmail_widget.py', '-v']
2025-12-17 10:33:30,887 - pytest_runner - INFO - pytest.py starting with args: ['F:\\Programming\\Apps\\ShittyRandomPhotoScreenSaver\\tests\\test_gmail_widget.py', '-v']
2025-12-17 10:33:30,890 - pytest_runner - INFO - pytest.py starting with args: ['F:\\Programming\\Apps\\ShittyRandomPhotoScreenSaver\\tests\\test_gmail_widget.py', '-v']
2025-12-17 10:33:30,893 - pytest_runner - INFO - pytest.py starting with args: ['F:\\Programming\\Apps\\ShittyRandomPhotoScreenSaver\\tests\\test_gmail_widget.py', '-v']
2025-12-17 10:33:30,896 - pytest_runner - INFO - pytest.py starting with args: ['F:\\Programming\\Apps\\ShittyRandomPhotoScreenSaver\\tests\\test_gmail_widget.py', '-v']
2025-12-17 10:33:30,899 - pytest_runner - INFO - pytest.py starting with args: ['F:\\Programming\\Apps\\ShittyRandomPhotoScreenSaver\\tests\\test_gmail_widget.py', '-v']
2025-12-17 10:33:30,902 - pytest_runner - INFO - pytest.py starting with args: ['F:\\Programming\\Apps\\ShittyRandomPhotoScreenSaver\\tests\\test_gmail_widget.py', '-v']
2025-12-17 10:33:30,904 - pytest_runner - INFO - pytest.py starting with args: ['F:\\Programming\\Apps\\ShittyRandomPhotoScreenSaver\\tests\\test_gmail_widget.py', '-v']
2025-12-17 10:33:30,907 - pytest_runner - INFO - pytest.py starting with args: ['F:\\Programming\\Apps\\ShittyRandomPhotoScreenSaver\\tests\\test_gmail_widget.py', '-v']
2025-12-17 10:33:30,910 - pytest_runner - INFO - pytest.py starting with args: ['F:\\Programming\\Apps\\ShittyRandomPhotoScreenSaver\\tests\\test_gmail_widget.py', '-v']
2025-12-17 10:33:30,913 - pytest_runner - INFO - pytest.py starting with args: ['F:\\Programming\\Apps\\ShittyRandomPhotoScreenSaver\\tests\\test_gmail_widget.py', '-v']
2025-12-17 10:33:30,915 - pytest_runner - INFO - pytest.py starting with args: ['F:\\Programming\\Apps\\ShittyRandomPhotoScreenSaver\\tests\\test_gmail_widget.py', '-v']
2025-12-17 10:33:30,918 - pytest_runner - INFO - pytest.py starting with args: ['F:\\Programming\\Apps\\ShittyRandomPhotoScreenSaver\\tests\\test_gmail_widget.py', '-v']
2025-12-17 10:33:30,921 - pytest_runner - INFO - pytest.py starting with args: ['F:\\Programming\\Apps\\ShittyRandomPhotoScreenSaver\\tests\\test_gmail_widget.py', '-v']
2025-12-17 10:33:30,924 - pytest_runner - INFO - pytest.py starting with args: ['F:\\Programming\\Apps\\ShittyRandomPhotoScreenSaver\\tests\\test_gmail_widget.py', '-v']
2025-12-17 10:33:30,927 - pytest_runner - INFO - pytest.py starting with args: ['F:\\Programming\\Apps\\ShittyRandomPhotoScreenSaver\\tests\\test_gmail_widget.py', '-v']
2025-12-17 10:33:30,930 - pytest_runner - INFO - pytest.py starting with args: ['F:\\Programming\\Apps\\ShittyRandomPhotoScreenSaver\\tests\\test_gmail_widget.py', '-v']
2025-12-17 10:33:30,933 - pytest_runner - INFO - pytest.py starting with args: ['F:\\Programming\\Apps\\ShittyRandomPhotoScreenSaver\\tests\\test_gmail_widget.py', '-v']
2025-12-17 10:33:30,936 - pytest_runner - INFO - pytest.py starting with args: ['F:\\Programming\\Apps\\ShittyRandomPhotoScreenSaver\\tests\\test_gmail_widget.py', '-v']
2025-12-17 10:33:30,938 - pytest_runner - INFO - pytest.py starting with args: ['F:\\Programming\\Apps\\ShittyRandomPhotoScreenSaver\\tests\\test_gmail_widget.py', '-v']
2025-12-17 10:33:30,942 - pytest_runner - INFO - pytest.py starting with args: ['F:\\Programming\\Apps\\ShittyRandomPhotoScreenSaver\\tests\\test_gmail_widget.py', '-v']
2025-12-17 10:33:30,944 - pytest_runner - INFO - pytest.py starting with args: ['F:\\Programming\\Apps\\ShittyRandomPhotoScreenSaver\\tests\\test_gmail_widget.py', '-v']
2025-12-17 10:33:30,947 - pytest_runner - INFO - pytest.py starting with args: ['F:\\Programming\\Apps\\ShittyRandomPhotoScreenSaver\\tests\\test_gmail_widget.py', '-v']
2025-12-17 10:33:30,950 - pytest_runner - INFO - pytest.py starting with args: ['F:\\Programming\\Apps\\ShittyRandomPhotoScreenSaver\\tests\\test_gmail_widget.py', '-v']
2025-12-17 10:33:30,953 - pytest_runner - INFO - pytest.py starting with args: ['F:\\Programming\\Apps\\ShittyRandomPhotoScreenSaver\\tests\\test_gmail_widget.py', '-v']
2025-12-17 10:33:30,956 - pytest_runner - INFO - pytest.py starting with args: ['F:\\Programming\\Apps\\ShittyRandomPhotoScreenSaver\\tests\\test_gmail_widget.py', '-v']
2025-12-17 10:33:30,959 - pytest_runner - INFO - pytest.py starting with args: ['F:\\Programming\\Apps\\ShittyRandomPhotoScreenSaver\\tests\\test_gmail_widget.py', '-v']
2025-12-17 10:33:30,961 - pytest_runner - INFO - pytest.py starting with args: ['F:\\Programming\\Apps\\ShittyRandomPhotoScreenSaver\\tests\\test_gmail_widget.py', '-v']
2025-12-17 10:33:30,964 - pytest_runner - INFO - pytest.py starting with args: ['F:\\Programming\\Apps\\ShittyRandomPhotoScreenSaver\\tests\\test_gmail_widget.py', '-v']
2025-12-17 10:33:30,968 - pytest_runner - INFO - pytest.py starting with args: ['F:\\Programming\\Apps\\ShittyRandomPhotoScreenSaver\\tests\\test_gmail_widget.py', '-v']
2025-12-17 10:33:30,972 - pytest_runner - INFO - pytest.py starting with args: ['F:\\Programming\\Apps\\ShittyRandomPhotoScreenSaver\\tests\\test_gmail_widget.py', '-v']
2025-12-17 10:33:30,973 - pytest_runner - INFO - pytest.py starting with args: ['F:\\Programming\\Apps\\ShittyRandomPhotoScreenSaver\\tests\\test_gmail_widget.py', '-v']
2025-12-17 10:33:30,977 - pytest_runner - INFO - pytest.py starting with args: ['F:\\Programming\\Apps\\ShittyRandomPhotoScreenSaver\\tests\\test_gmail_widget.py', '-v']
2025-12-17 10:33:30,979 - pytest_runner - INFO - pytest.py starting with args: ['F:\\Programming\\Apps\\ShittyRandomPhotoScreenSaver\\tests\\test_gmail_widget.py', '-v']
2025-12-17 10:33:30,983 - pytest_runner - INFO - pytest.py starting with args: ['F:\\Programming\\Apps\\ShittyRandomPhotoScreenSaver\\tests\\test_gmail_widget.py', '-v']
2025-12-17 10:33:30,986 - pytest_runner - INFO - pytest.py starting with args: ['F:\\Programming\\Apps\\ShittyRandomPhotoScreenSaver\\tests\\test_gmail_widget.py', '-v']
2025-12-17 10:33:30,988 - pytest_runner - INFO - pytest.py starting with args: ['F:\\Programming\\Apps\\ShittyRandomPhotoScreenSaver\\tests\\test_gmail_widget.py', '-v']
2025-12-17 10:33:30,992 - pytest_runner - INFO - pytest.py starting with args: ['F:\\Programming\\Apps\\ShittyRandomPhotoScreenSaver\\tests\\test_gmail_widget.py', '-v']
2025-12-17 10:33:30,994 - pytest_runner - INFO - pytest.py starting with args: ['F:\\Programming\\Apps\\ShittyRandomPhotoScreenSaver\\tests\\test_gmail_widget.py', '-v']
2025-12-17 10:33:30,998 - pytest_runner - INFO - pytest.py starting with args: ['F:\\Programming\\Apps\\ShittyRandomPhotoScreenSaver\\tests\\test_gmail_widget.py', '-v']
2025-12-17 10:33:31,000 - pytest_runner - INFO - pytest.py starting with args: ['F:\\Programming\\Apps\\ShittyRandomPhotoScreenSaver\\tests\\test_gmail_widget.py', '-v']
2025-12-17 10:33:31,003 - pytest_runner - INFO - pytest.py starting with args: ['F:\\Programming\\Apps\\ShittyRandomPhotoScreenSaver\\tests\\test_gmail_widget.py', '-v']
2025-12-17 10:33:31,006 - pytest_runner - INFO - pytest.py starting with args: ['F:\\Programming\\Apps\\ShittyRandomPhotoScreenSaver\\tests\\test_gmail_widget.py', '-v']
2025-12-17 10:33:31,009 - pytest_runner - INFO - pytest.py starting with args: ['F:\\Programming\\Apps\\ShittyRandomPhotoScreenSaver\\tests\\test_gmail_widget.py', '-v']
2025-12-17 10:33:31,013 - pytest_runner - INFO - pytest.py starting with args: ['F:\\Programming\\Apps\\ShittyRandomPhotoScreenSaver\\tests\\test_gmail_widget.py', '-v']
2025-12-17 10:33:31,016 - pytest_runner - INFO - pytest.py starting with args: ['F:\\Programming\\Apps\\ShittyRandomPhotoScreenSaver\\tests\\test_gmail_widget.py', '-v']
2025-12-17 10:33:31,018 - pytest_runner - INFO - pytest.py starting with args: ['F:\\Programming\\Apps\\ShittyRandomPhotoScreenSaver\\tests\\test_gmail_widget.py', '-v']
2025-12-17 10:33:31,020 - pytest_runner - INFO - pytest.py starting with args: ['F:\\Programming\\Apps\\ShittyRandomPhotoScreenSaver\\tests\\test_gmail_widget.py', '-v']
2025-12-17 10:33:31,024 - pytest_runner - INFO - pytest.py starting with args: ['F:\\Programming\\Apps\\ShittyRandomPhotoScreenSaver\\tests\\test_gmail_widget.py', '-v']
2025-12-17 10:33:31,028 - pytest_runner - INFO - pytest.py starting with args: ['F:\\Programming\\Apps\\ShittyRandomPhotoScreenSaver\\tests\\test_gmail_widget.py', '-v']
2025-12-17 10:33:31,031 - pytest_runner - INFO - pytest.py starting with args: ['F:\\Programming\\Apps\\ShittyRandomPhotoScreenSaver\\tests\\test_gmail_widget.py', '-v']
2025-12-17 10:33:31,034 - pytest_runner - INFO - pytest.py starting with args: ['F:\\Programming\\Apps\\ShittyRandomPhotoScreenSaver\\tests\\test_gmail_widget.py', '-v']
2025-12-17 10:33:31,037 - pytest_runner - INFO - pytest.py starting with args: ['F:\\Programming\\Apps\\ShittyRandomPhotoScreenSaver\\tests\\test_gmail_widget.py', '-v']
2025-12-17 10:33:31,040 - pytest_runner - INFO - pytest.py starting with args: ['F:\\Programming\\Apps\\ShittyRandomPhotoScreenSaver\\tests\\test_gmail_widget.py', '-v']
2025-12-17 10:33:31,042 - pytest_runner - INFO - pytest.py starting with args: ['F:\\Programming\\Apps\\ShittyRandomPhotoScreenSaver\\tests\\test_gmail_widget.py', '-v']
2025-12-17 10:33:31,044 - pytest_runner - INFO - pytest.py starting with args: ['F:\\Programming\\Apps\\ShittyRandomPhotoScreenSaver\\tests\\test_gmail_widget.py', '-v']
2025-12-17 10:33:31,048 - pytest_runner - INFO - pytest.py starting with args: ['F:\\Programming\\Apps\\ShittyRandomPhotoScreenSaver\\tests\\test_gmail_widget.py', '-v']
2025-12-17 10:33:31,052 - pytest_runner - INFO - pytest.py starting with args: ['F:\\Programming\\Apps\\ShittyRandomPhotoScreenSaver\\tests\\test_gmail_widget.py', '-v']
2025-12-17 10:33:31,054 - pytest_runner - INFO - pytest.py starting with args: ['F:\\Programming\\Apps\\ShittyRandomPhotoScreenSaver\\tests\\test_gmail_widget.py', '-v']
2025-12-17 10:33:31,057 - pytest_runner - INFO - pytest.py starting with args: ['F:\\Programming\\Apps\\ShittyRandomPhotoScreenSaver\\tests\\test_gmail_widget.py', '-v']
2025-12-17 10:33:31,060 - pytest_runner - INFO - pytest.py starting with args: ['F:\\Programming\\Apps\\ShittyRandomPhotoScreenSaver\\tests\\test_gmail_widget.py', '-v']
2025-12-17 10:33:31,064 - pytest_runner - INFO - pytest.py starting with args: ['F:\\Programming\\Apps\\ShittyRandomPhotoScreenSaver\\tests\\test_gmail_widget.py', '-v']
2025-12-17 10:33:31,067 - pytest_runner - INFO - pytest.py starting with args: ['F:\\Programming\\Apps\\ShittyRandomPhotoScreenSaver\\tests\\test_gmail_widget.py', '-v']
2025-12-17 10:33:31,070 - pytest_runner - INFO - pytest.py starting with args: ['F:\\Programming\\Apps\\ShittyRandomPhotoScreenSaver\\tests\\test_gmail_widget.py', '-v']
2025-12-17 10:33:31,072 - pytest_runner - INFO - pytest.py starting with args: ['F:\\Programming\\Apps\\ShittyRandomPhotoScreenSaver\\tests\\test_gmail_widget.py', '-v']
2025-12-17 10:33:31,076 - pytest_runner - INFO - pytest.py starting with args: ['F:\\Programming\\Apps\\ShittyRandomPhotoScreenSaver\\tests\\test_gmail_widget.py', '-v']
2025-12-17 10:33:31,080 - pytest_runner - INFO - pytest.py starting with args: ['F:\\Programming\\Apps\\ShittyRandomPhotoScreenSaver\\tests\\test_gmail_widget.py', '-v']
2025-12-17 10:33:31,083 - pytest_runner - INFO - pytest.py starting with args: ['F:\\Programming\\Apps\\ShittyRandomPhotoScreenSaver\\tests\\test_gmail_widget.py', '-v']
2025-12-17 10:33:31,086 - pytest_runner - INFO - pytest.py starting with args: ['F:\\Programming\\Apps\\ShittyRandomPhotoScreenSaver\\tests\\test_gmail_widget.py', '-v']
2025-12-17 10:33:31,090 - pytest_runner - INFO - pytest.py starting with args: ['F:\\Programming\\Apps\\ShittyRandomPhotoScreenSaver\\tests\\test_gmail_widget.py', '-v']
2025-12-17 10:33:31,093 - pytest_runner - INFO - pytest.py starting with args: ['F:\\Programming\\Apps\\ShittyRandomPhotoScreenSaver\\tests\\test_gmail_widget.py', '-v']
2025-12-17 10:33:31,097 - pytest_runner - INFO - pytest.py starting with args: ['F:\\Programming\\Apps\\ShittyRandomPhotoScreenSaver\\tests\\test_gmail_widget.py', '-v']
2025-12-17 10:33:31,100 - pytest_runner - INFO - pytest.py starting with args: ['F:\\Programming\\Apps\\ShittyRandomPhotoScreenSaver\\tests\\test_gmail_widget.py', '-v']
2025-12-17 10:33:31,103 - pytest_runner - INFO - pytest.py starting with args: ['F:\\Programming\\Apps\\ShittyRandomPhotoScreenSaver\\tests\\test_gmail_widget.py', '-v']
2025-12-17 10:33:31,106 - pytest_runner - INFO - pytest.py starting with args: ['F:\\Programming\\Apps\\ShittyRandomPhotoScreenSaver\\tests\\test_gmail_widget.py', '-v']
2025-12-17 10:33:31,109 - pytest_runner - INFO - pytest.py starting with args: ['F:\\Programming\\Apps\\ShittyRandomPhotoScreenSaver\\tests\\test_gmail_widget.py', '-v']
2025-12-17 10:33:31,111 - pytest_runner - INFO - pytest.py starting with args: ['F:\\Programming\\Apps\\ShittyRandomPhotoScreenSaver\\tests\\test_gmail_widget.py', '-v']
2025-12-17 10:33:31,115 - pytest_runner - INFO - pytest.py starting with args: ['F:\\Programming\\Apps\\ShittyRandomPhotoScreenSaver\\tests\\test_gmail_widget.py', '-v']
2025-12-17 10:33:31,118 - pytest_runner - INFO - pytest.py starting with args: ['F:\\Programming\\Apps\\ShittyRandomPhotoScreenSaver\\tests\\test_gmail_widget.py', '-v']
2025-12-17 10:33:31,120 - pytest_runner - INFO - pytest.py starting with args: ['F:\\Programming\\Apps\\ShittyRandomPhotoScreenSaver\\tests\\test_gmail_widget.py', '-v']
2025-12-17 10:33:31,123 - pytest_runner - INFO - pytest.py starting with args: ['F:\\Programming\\Apps\\ShittyRandomPhotoScreenSaver\\tests\\test_gmail_widget.py', '-v']
2025-12-17 10:33:31,126 - pytest_runner - INFO - pytest.py starting with args: ['F:\\Programming\\Apps\\ShittyRandomPhotoScreenSaver\\tests\\test_gmail_widget.py', '-v']
2025-12-17 10:33:31,130 - pytest_runner - INFO - pytest.py starting with args: ['F:\\Programming\\Apps\\ShittyRandomPhotoScreenSaver\\tests\\test_gmail_widget.py', '-v']
2025-12-17 10:33:31,131 - pytest_runner - INFO - pytest.py starting with args: ['F:\\Programming\\Apps\\ShittyRandomPhotoScreenSaver\\tests\\test_gmail_widget.py', '-v']
2025-12-17 10:33:31,134 - pytest_runner - INFO - pytest.py starting with args: ['F:\\Programming\\Apps\\ShittyRandomPhotoScreenSaver\\tests\\test_gmail_widget.py', '-v']
2025-12-17 10:33:31,137 - pytest_runner - INFO - pytest.py starting with args: ['F:\\Programming\\Apps\\ShittyRandomPhotoScreenSaver\\tests\\test_gmail_widget.py', '-v']
2025-12-17 10:33:31,140 - pytest_runner - INFO - pytest.py starting with args: ['F:\\Programming\\Apps\\ShittyRandomPhotoScreenSaver\\tests\\test_gmail_widget.py', '-v']
2025-12-17 10:33:31,331 - pytest_runner - INFO - pytest finished with exit code 1
2025-12-17 10:33:31,331 - pytest_runner - INFO - pytest finished with exit code 1
2025-12-17 10:33:31,331 - pytest_runner - INFO - pytest finished with exit code 1
2025-12-17 10:33:31,332 - pytest_runner - INFO - pytest finished with exit code 1
2025-12-17 10:33:31,332 - pytest_runner - INFO - pytest finished with exit code 1
2025-12-17 10:33:31,332 - pytest_runner - INFO - pytest finished with exit code 1
2025-12-17 10:33:31,332 - pytest_runner - INFO - pytest finished with exit code 1
2025-12-17 10:33:31,333 - pytest_runner - INFO - pytest finished with exit code 1
2025-12-17 10:33:31,333 - pytest_runner - INFO - pytest finished with exit code 1
2025-12-17 10:33:31,333 - pytest_runner - INFO - pytest finished with exit code 1
2025-12-17 10:33:31,333 - pytest_runner - INFO - pytest finished with exit code 1
2025-12-17 10:33:31,333 - pytest_runner - INFO - pytest finished with exit code 1
2025-12-17 10:33:31,334 - pytest_runner - INFO - pytest finished with exit code 1
2025-12-17 10:33:31,334 - pytest_runner - INFO - pytest finished with exit code 1
2025-12-17 10:33:31,334 - pytest_runner - INFO - pytest finished with exit code 1
2025-12-17 10:33:31,334 - pytest_runner - INFO - pytest finished with exit code 1
2025-12-17 10:33:31,334 - pytest_runner - INFO - pytest finished with exit code 1
2025-12-17 10:33:31,334 - pytest_runner - INFO - pytest finished with exit code 1
2025-12-17 10:33:31,334 - pytest_runner - INFO - pytest finished with exit code 1
2025-12-17 10:33:31,334 - pytest_runner - INFO - pytest finished with exit code 1
2025-12-17 10:33:31,334 - pytest_runner - INFO - pytest finished with exit code 1
2025-12-17 10:33:31,334 - pytest_runner - INFO - pytest finished with exit code 1
2025-12-17 10:33:31,336 - pytest_runner - INFO - pytest finished with exit code 1
2025-12-17 10:33:31,336 - pytest_runner - INFO - pytest finished with exit code 1
2025-12-17 10:33:31,336 - pytest_runner - INFO - pytest finished with exit code 1
2025-12-17 10:33:31,336 - pytest_runner - INFO - pytest finished with exit code 1
2025-12-17 10:33:31,336 - pytest_runner - INFO - pytest finished with exit code 1
2025-12-17 10:33:31,336 - pytest_runner - INFO - pytest finished with exit code 1
2025-12-17 10:33:31,336 - pytest_runner - INFO - pytest finished with exit code 1
2025-12-17 10:33:31,336 - pytest_runner - INFO - pytest finished with exit code 1
2025-12-17 10:33:31,336 - pytest_runner - INFO - pytest finished with exit code 1
2025-12-17 10:33:31,336 - pytest_runner - INFO - pytest finished with exit code 1
2025-12-17 10:33:31,336 - pytest_runner - INFO - pytest finished with exit code 1
2025-12-17 10:33:31,337 - pytest_runner - INFO - pytest finished with exit code 1
2025-12-17 10:33:31,337 - pytest_runner - INFO - pytest finished with exit code 1
2025-12-17 10:33:31,337 - pytest_runner - INFO - pytest finished with exit code 1
2025-12-17 10:33:31,337 - pytest_runner - INFO - pytest finished with exit code 1
2025-12-17 10:33:31,337 - pytest_runner - INFO - pytest finished with exit code 1
2025-12-17 10:33:31,337 - pytest_runner - INFO - pytest finished with exit code 1
2025-12-17 10:33:31,337 - pytest_runner - INFO - pytest finished with exit code 1
2025-12-17 10:33:31,339 - pytest_runner - INFO - pytest finished with exit code 1
2025-12-17 10:33:31,339 - pytest_runner - INFO - pytest finished with exit code 1
2025-12-17 10:33:31,339 - pytest_runner - INFO - pytest finished with exit code 1
2025-12-17 10:33:31,339 - pytest_runner - INFO - pytest finished with exit code 1
2025-12-17 10:33:31,339 - pytest_runner - INFO - pytest finished with exit code 1
2025-12-17 10:33:31,340 - pytest_runner - INFO - pytest finished with exit code 1
2025-12-17 10:33:31,340 - pytest_runner - INFO - pytest finished with exit code 1
2025-12-17 10:33:31,340 - pytest_runner - INFO - pytest finished with exit code 1
2025-12-17 10:33:31,340 - pytest_runner - INFO - pytest finished with exit code 1
2025-12-17 10:33:31,340 - pytest_runner - INFO - pytest finished with exit code 1
2025-12-17 10:33:31,340 - pytest_runner - INFO - pytest finished with exit code 1
2025-12-17 10:33:31,340 - pytest_runner - INFO - pytest finished with exit code 1
2025-12-17 10:33:31,340 - pytest_runner - INFO - pytest finished with exit code 1
2025-12-17 10:33:31,340 - pytest_runner - INFO - pytest finished with exit code 1
2025-12-17 10:33:31,340 - pytest_runner - INFO - pytest finished with exit code 1
2025-12-17 10:33:31,340 - pytest_runner - INFO - pytest finished with exit code 1
2025-12-17 10:33:31,341 - pytest_runner - INFO - pytest finished with exit code 1
2025-12-17 10:33:31,341 - pytest_runner - INFO - pytest finished with exit code 1
2025-12-17 10:33:31,341 - pytest_runner - INFO - pytest finished with exit code 1
2025-12-17 10:33:31,342 - pytest_runner - INFO - pytest finished with exit code 1
2025-12-17 10:33:31,342 - pytest_runner - INFO - pytest finished with exit code 1
2025-12-17 10:33:31,342 - pytest_runner - INFO - pytest finished with exit code 1
2025-12-17 10:33:31,342 - pytest_runner - INFO - pytest finished with exit code 1
2025-12-17 10:33:31,342 - pytest_runner - INFO - pytest finished with exit code 1
2025-12-17 10:33:31,342 - pytest_runner - INFO - pytest finished with exit code 1
2025-12-17 10:33:31,343 - pytest_runner - INFO - pytest finished with exit code 1
2025-12-17 10:33:31,343 - pytest_runner - INFO - pytest finished with exit code 1
2025-12-17 10:33:31,343 - pytest_runner - INFO - pytest finished with exit code 1
2025-12-17 10:33:31,343 - pytest_runner - INFO - pytest finished with exit code 1
2025-12-17 10:33:31,343 - pytest_runner - INFO - pytest finished with exit code 1
2025-12-17 10:33:31,343 - pytest_runner - INFO - pytest finished with exit code 1
2025-12-17 10:33:31,344 - pytest_runner - INFO - pytest finished with exit code 1
2025-12-17 10:33:31,344 - pytest_runner - INFO - pytest finished with exit code 1
2025-12-17 10:33:31,344 - pytest_runner - INFO - pytest finished with exit code 1
2025-12-17 10:33:31,344 - pytest_runner - INFO - pytest finished with exit code 1
2025-12-17 10:33:31,344 - pytest_runner - INFO - pytest finished with exit code 1
2025-12-17 10:33:31,344 - pytest_runner - INFO - pytest finished with exit code 1
2025-12-17 10:33:31,344 - pytest_runner - INFO - pytest finished with exit code 1
2025-12-17 10:33:31,344 - pytest_runner - INFO - pytest finished with exit code 1
2025-12-17 10:33:31,344 - pytest_runner - INFO - pytest finished with exit code 1
2025-12-17 10:33:31,346 - pytest_runner - INFO - pytest finished with exit code 1
2025-12-17 10:33:31,346 - pytest_runner - INFO - pytest finished with exit code 1
2025-12-17 10:33:31,346 - pytest_runner - INFO - pytest finished with exit code 1
2025-12-17 10:33:31,346 - pytest_runner - INFO - pytest finished with exit code 1
2025-12-17 10:33:31,346 - pytest_runner - INFO - pytest finished with exit code 1
2025-12-17 10:33:31,347 - pytest_runner - INFO - pytest finished with exit code 1
2025-12-17 10:33:31,347 - pytest_runner - INFO - pytest finished with exit code 1
2025-12-17 10:33:31,347 - pytest_runner - INFO - pytest finished with exit code 1
2025-12-17 10:33:31,347 - pytest_runner - INFO - pytest finished with exit code 1
2025-12-17 10:33:31,347 - pytest_runner - INFO - pytest finished with exit code 1
2025-12-17 10:33:31,347 - pytest_runner - INFO - pytest finished with exit code 1
2025-12-17 10:33:31,348 - pytest_runner - INFO - pytest finished with exit code 1
2025-12-17 10:33:31,348 - pytest_runner - INFO - pytest finished with exit code 1
2025-12-17 10:33:31,348 - pytest_runner - INFO - pytest finished with exit code 1
2025-12-17 10:33:31,348 - pytest_runner - INFO - pytest finished with exit code 1
2025-12-17 10:33:31,348 - pytest_runner - INFO - pytest finished with exit code 1
2025-12-17 10:33:31,348 - pytest_runner - INFO - pytest finished with exit code 1
2025-12-17 10:33:31,349 - pytest_runner - INFO - pytest finished with exit code 1
2025-12-17 10:33:31,349 - pytest_runner - INFO - pytest finished with exit code 1
2025-12-17 10:33:31,349 - pytest_runner - INFO - pytest finished with exit code 1
2025-12-17 10:33:31,349 - pytest_runner - INFO - pytest finished with exit code 1
2025-12-17 10:33:31,350 - pytest_runner - INFO - pytest finished with exit code 1
2025-12-17 10:33:31,350 - pytest_runner - INFO - pytest finished with exit code 1
2025-12-17 10:33:31,350 - pytest_runner - INFO - pytest finished with exit code 1
2025-12-17 10:33:31,350 - pytest_runner - INFO - pytest finished with exit code 1
2025-12-17 10:33:31,350 - pytest_runner - INFO - pytest finished with exit code 1
2025-12-17 10:33:31,350 - pytest_runner - INFO - pytest finished with exit code 1
2025-12-17 10:33:31,350 - pytest_runner - INFO - pytest finished with exit code 1
2025-12-17 10:33:31,351 - pytest_runner - INFO - pytest finished with exit code 1
2025-12-17 10:33:31,351 - pytest_runner - INFO - pytest finished with exit code 1
2025-12-17 10:33:31,351 - pytest_runner - INFO - pytest finished with exit code 1
2025-12-17 10:33:31,351 - pytest_runner - INFO - pytest finished with exit code 1
2025-12-17 10:33:31,351 - pytest_runner - INFO - pytest finished with exit code 1
2025-12-17 10:33:31,351 - pytest_runner - INFO - pytest finished with exit code 1
2025-12-17 10:33:31,351 - pytest_runner - INFO - pytest finished with exit code 1
2025-12-17 10:33:31,351 - pytest_runner - INFO - pytest finished with exit code 1
2025-12-17 10:33:31,351 - pytest_runner - INFO - pytest finished with exit code 1
2025-12-17 10:33:31,351 - pytest_runner - INFO - pytest finished with exit code 1
2025-12-17 10:33:31,353 - pytest_runner - INFO - pytest finished with exit code 1
2025-12-17 10:33:31,353 - pytest_runner - INFO - pytest finished with exit code 1
2025-12-17 10:33:31,353 - pytest_runner - INFO - pytest finished with exit code 1
2025-12-17 10:33:31,353 - pytest_runner - INFO - pytest finished with exit code 1
2025-12-17 10:33:31,353 - pytest_runner - INFO - pytest finished with exit code 1
2025-12-17 10:33:31,353 - pytest_runner - INFO - pytest finished with exit code 1
2025-12-17 10:33:31,353 - pytest_runner - INFO - pytest finished with exit code 1
2025-12-17 10:33:31,353 - pytest_runner - INFO - pytest finished with exit code 1
2025-12-17 10:33:31,353 - pytest_runner - INFO - pytest finished with exit code 1
2025-12-17 10:33:31,354 - pytest_runner - INFO - pytest finished with exit code 1
2025-12-17 10:33:31,354 - pytest_runner - INFO - pytest finished with exit code 1
2025-12-17 10:33:31,354 - pytest_runner - INFO - pytest finished with exit code 1
2025-12-17 10:33:31,354 - pytest_runner - INFO - pytest finished with exit code 1
2025-12-17 10:33:31,354 - pytest_runner - INFO - pytest finished with exit code 1
2025-12-17 10:33:31,354 - pytest_runner - INFO - pytest finished with exit code 1
2025-12-17 10:33:31,354 - pytest_runner - INFO - pytest finished with exit code 1
2025-12-17 10:33:31,354 - pytest_runner - INFO - pytest finished with exit code 1
2025-12-17 10:33:31,354 - pytest_runner - INFO - pytest finished with exit code 1
2025-12-17 10:33:31,356 - pytest_runner - INFO - pytest finished with exit code 1
2025-12-17 10:33:31,356 - pytest_runner - INFO - pytest finished with exit code 1
2025-12-17 10:33:31,356 - pytest_runner - INFO - pytest finished with exit code 1
2025-12-17 10:33:31,356 - pytest_runner - INFO - pytest finished with exit code 1
2025-12-17 10:33:31,357 - pytest_runner - INFO - pytest finished with exit code 1
2025-12-17 10:33:31,357 - pytest_runner - INFO - pytest finished with exit code 1
2025-12-17 10:33:31,357 - pytest_runner - INFO - pytest finished with exit code 1
2025-12-17 10:33:31,357 - pytest_runner - INFO - pytest finished with exit code 1
2025-12-17 10:33:31,357 - pytest_runner - INFO - pytest finished with exit code 1
2025-12-17 10:33:31,357 - pytest_runner - INFO - pytest finished with exit code 1
2025-12-17 10:33:31,357 - pytest_runner - INFO - pytest finished with exit code 1
2025-12-17 10:33:31,358 - pytest_runner - INFO - pytest finished with exit code 1
2025-12-17 10:33:31,358 - pytest_runner - INFO - pytest finished with exit code 1
2025-12-17 10:33:31,358 - pytest_runner - INFO - pytest finished with exit code 1
2025-12-17 10:33:31,358 - pytest_runner - INFO - pytest finished with exit code 1
2025-12-17 10:33:31,358 - pytest_runner - INFO - pytest finished with exit code 1
2025-12-17 10:33:31,358 - pytest_runner - INFO - pytest finished with exit code 1
2025-12-17 10:33:31,358 - pytest_runner - INFO - pytest finished with exit code 1
2025-12-17 10:33:31,359 - pytest_runner - INFO - pytest finished with exit code 1
2025-12-17 10:33:31,359 - pytest_runner - INFO - pytest finished with exit code 1
2025-12-17 10:33:31,359 - pytest_runner - INFO - pytest finished with exit code 1
2025-12-17 10:33:31,359 - pytest_runner - INFO - pytest finished with exit code 1
2025-12-17 10:33:31,359 - pytest_runner - INFO - pytest finished with exit code 1
2025-12-17 10:33:31,359 - pytest_runner - INFO - pytest finished with exit code 1
2025-12-17 10:33:31,359 - pytest_runner - INFO - pytest finished with exit code 1
2025-12-17 10:33:31,359 - pytest_runner - INFO - pytest finished with exit code 1
2025-12-17 10:33:31,359 - pytest_runner - INFO - pytest finished with exit code 1
2025-12-17 10:33:31,360 - pytest_runner - INFO - pytest finished with exit code 1
2025-12-17 10:33:31,360 - pytest_runner - INFO - pytest finished with exit code 1
2025-12-17 10:33:31,360 - pytest_runner - INFO - pytest finished with exit code 1
2025-12-17 10:33:31,360 - pytest_runner - INFO - pytest finished with exit code 1
2025-12-17 10:33:31,360 - pytest_runner - INFO - pytest finished with exit code 1
2025-12-17 10:33:31,361 - pytest_runner - INFO - pytest finished with exit code 1
2025-12-17 10:33:31,361 - pytest_runner - INFO - pytest finished with exit code 1
2025-12-17 10:33:31,361 - pytest_runner - INFO - pytest finished with exit code 1
2025-12-17 10:33:31,361 - pytest_runner - INFO - pytest finished with exit code 1
2025-12-17 10:33:31,361 - pytest_runner - INFO - pytest finished with exit code 1
2025-12-17 10:33:31,361 - pytest_runner - INFO - pytest finished with exit code 1
2025-12-17 10:33:31,363 - pytest_runner - INFO - pytest finished with exit code 1
2025-12-17 10:33:31,363 - pytest_runner - INFO - pytest finished with exit code 1
2025-12-17 10:33:31,363 - pytest_runner - INFO - pytest finished with exit code 1
2025-12-17 10:33:31,363 - pytest_runner - INFO - pytest finished with exit code 1
2025-12-17 10:33:31,363 - pytest_runner - INFO - pytest finished with exit code 1
2025-12-17 10:33:31,363 - pytest_runner - INFO - pytest finished with exit code 1
2025-12-17 10:33:31,363 - pytest_runner - INFO - pytest finished with exit code 1
2025-12-17 10:33:31,363 - pytest_runner - INFO - pytest finished with exit code 1
2025-12-17 10:33:31,363 - pytest_runner - INFO - pytest finished with exit code 1
2025-12-17 10:33:31,363 - pytest_runner - INFO - pytest finished with exit code 1
2025-12-17 10:33:31,364 - pytest_runner - INFO - pytest finished with exit code 1
2025-12-17 10:33:31,364 - pytest_runner - INFO - pytest finished with exit code 1
2025-12-17 10:33:31,364 - pytest_runner - INFO - pytest finished with exit code 1
2025-12-17 10:33:31,365 - pytest_runner - INFO - pytest finished with exit code 1
2025-12-17 10:33:31,365 - pytest_runner - INFO - pytest finished with exit code 1
2025-12-17 10:33:31,365 - pytest_runner - INFO - pytest finished with exit code 1
2025-12-17 10:33:31,365 - pytest_runner - INFO - pytest finished with exit code 1
2025-12-17 10:33:31,365 - pytest_runner - INFO - pytest finished with exit code 1
2025-12-17 10:33:31,365 - pytest_runner - INFO - pytest finished with exit code 1
2025-12-17 10:33:31,366 - pytest_runner - INFO - pytest finished with exit code 1
2025-12-17 10:33:31,366 - pytest_runner - INFO - pytest finished with exit code 1
2025-12-17 10:33:31,366 - pytest_runner - INFO - pytest finished with exit code 1
2025-12-17 10:33:31,366 - pytest_runner - INFO - pytest finished with exit code 1
2025-12-17 10:33:31,366 - pytest_runner - INFO - pytest finished with exit code 1
2025-12-17 10:33:31,367 - pytest_runner - INFO - pytest finished with exit code 1
2025-12-17 10:33:31,367 - pytest_runner - INFO - pytest finished with exit code 1
2025-12-17 10:33:31,367 - pytest_runner - INFO - pytest finished with exit code 1
2025-12-17 10:33:31,367 - pytest_runner - INFO - pytest finished with exit code 1
2025-12-17 10:33:31,367 - pytest_runner - INFO - pytest finished with exit code 1
2025-12-17 10:33:31,367 - pytest_runner - INFO - pytest finished with exit code 1
2025-12-17 10:33:31,368 - pytest_runner - INFO - pytest finished with exit code 1
2025-12-17 10:33:31,368 - pytest_runner - INFO - pytest finished with exit code 1
2025-12-17 10:33:31,368 - pytest_runner - INFO - pytest finished with exit code 1
2025-12-17 10:33:31,368 - pytest_runner - INFO - pytest finished with exit code 1
2025-12-17 10:33:31,368 - pytest_runner - INFO - pytest finished with exit code 1
2025-12-17 10:33:31,368 - pytest_runner - INFO - pytest finished with exit code 1
2025-12-17 10:33:31,368 - pytest_runner - INFO - pytest finished with exit code 1
2025-12-17 10:33:31,368 - pytest_runner - INFO - pytest finished with exit code 1
2025-12-17 10:33:31,368 - pytest_runner - INFO - pytest finished with exit code 1
2025-12-17 10:33:31,368 - pytest_runner - INFO - pytest finished with exit code 1
2025-12-17 10:33:31,369 - pytest_runner - INFO - pytest finished with exit code 1
2025-12-17 10:33:31,369 - pytest_runner - INFO - pytest finished with exit code 1
2025-12-17 10:33:31,369 - pytest_runner - INFO - pytest finished with exit code 1
2025-12-17 10:33:31,369 - pytest_runner - INFO - pytest finished with exit code 1
2025-12-17 10:33:31,369 - pytest_runner - INFO - pytest finished with exit code 1
2025-12-17 10:33:31,369 - pytest_runner - INFO - pytest finished with exit code 1
2025-12-17 10:33:31,371 - pytest_runner - INFO - pytest finished with exit code 1
2025-12-17 10:33:31,371 - pytest_runner - INFO - pytest finished with exit code 1
2025-12-17 10:33:31,371 - pytest_runner - INFO - pytest finished with exit code 1
2025-12-17 10:33:31,371 - pytest_runner - INFO - pytest finished with exit code 1
2025-12-17 10:33:31,371 - pytest_runner - INFO - pytest finished with exit code 1
2025-12-17 10:33:31,371 - pytest_runner - INFO - pytest finished with exit code 1
2025-12-17 10:33:31,372 - pytest_runner - INFO - pytest finished with exit code 1
2025-12-17 10:33:31,372 - pytest_runner - INFO - pytest finished with exit code 1
2025-12-17 10:33:31,372 - pytest_runner - INFO - pytest finished with exit code 1
2025-12-17 10:33:31,372 - pytest_runner - INFO - pytest finished with exit code 1
2025-12-17 10:33:31,372 - pytest_runner - INFO - pytest finished with exit code 1
2025-12-17 10:33:31,372 - pytest_runner - INFO - pytest finished with exit code 1
2025-12-17 10:33:31,373 - pytest_runner - INFO - pytest finished with exit code 1
2025-12-17 10:33:31,373 - pytest_runner - INFO - pytest finished with exit code 1
2025-12-17 10:33:31,373 - pytest_runner - INFO - pytest finished with exit code 1
2025-12-17 10:33:31,373 - pytest_runner - INFO - pytest finished with exit code 1
2025-12-17 10:33:31,373 - pytest_runner - INFO - pytest finished with exit code 1
2025-12-17 10:33:31,373 - pytest_runner - INFO - pytest finished with exit code 1
2025-12-17 10:33:31,373 - pytest_runner - INFO - pytest finished with exit code 1
2025-12-17 10:33:31,373 - pytest_runner - INFO - pytest finished with exit code 1
2025-12-17 10:33:31,373 - pytest_runner - INFO - pytest finished with exit code 1
2025-12-17 10:33:31,373 - pytest_runner - INFO - pytest finished with exit code 1
2025-12-17 10:33:31,374 - pytest_runner - INFO - pytest finished with exit code 1
2025-12-17 10:33:31,374 - pytest_runner - INFO - pytest finished with exit code 1
2025-12-17 10:33:31,374 - pytest_runner - INFO - pytest finished with exit code 1
2025-12-17 10:33:31,374 - pytest_runner - INFO - pytest finished with exit code 1
2025-12-17 10:33:31,374 - pytest_runner - INFO - pytest finished with exit code 1
2025-12-17 10:33:31,374 - pytest_runner - INFO - pytest finished with exit code 1
2025-12-17 10:33:31,374 - pytest_runner - INFO - pytest finished with exit code 1
2025-12-17 10:33:31,374 - pytest_runner - INFO - pytest finished with exit code 1
2025-12-17 10:33:31,376 - pytest_runner - INFO - pytest finished with exit code 1
2025-12-17 10:33:31,376 - pytest_runner - INFO - pytest finished with exit code 1
2025-12-17 10:33:31,376 - pytest_runner - INFO - pytest finished with exit code 1
2025-12-17 10:33:31,376 - pytest_runner - INFO - pytest finished with exit code 1
2025-12-17 10:33:31,376 - pytest_runner - INFO - pytest finished with exit code 1
2025-12-17 10:33:31,376 - pytest_runner - INFO - pytest finished with exit code 1
2025-12-17 10:33:31,377 - pytest_runner - INFO - pytest finished with exit code 1
2025-12-17 10:33:31,377 - pytest_runner - INFO - pytest finished with exit code 1
2025-12-17 10:33:31,377 - pytest_runner - INFO - pytest finished with exit code 1
2025-12-17 10:33:31,377 - pytest_runner - INFO - pytest finished with exit code 1
2025-12-17 10:33:31,377 - pytest_runner - INFO - pytest finished with exit code 1
2025-12-17 10:33:31,377 - pytest_runner - INFO - pytest finished with exit code 1
2025-12-17 10:33:31,377 - pytest_runner - INFO - pytest finished with exit code 1
2025-12-17 10:33:31,378 - pytest_runner - INFO - pytest finished with exit code 1
2025-12-17 10:33:31,378 - pytest_runner - INFO - pytest finished with exit code 1
2025-12-17 10:33:31,378 - pytest_runner - INFO - pytest finished with exit code 1
2025-12-17 10:33:31,378 - pytest_runner - INFO - pytest finished with exit code 1
2025-12-17 10:33:31,378 - pytest_runner - INFO - pytest finished with exit code 1
2025-12-17 10:33:31,378 - pytest_runner - INFO - pytest finished with exit code 1
2025-12-17 10:33:31,378 - pytest_runner - INFO - pytest finished with exit code 1
2025-12-17 10:33:31,379 - pytest_runner - INFO - pytest finished with exit code 1
2025-12-17 10:33:31,379 - pytest_runner - INFO - pytest finished with exit code 1
2025-12-17 10:33:31,379 - pytest_runner - INFO - pytest finished with exit code 1
2025-12-17 10:33:31,379 - pytest_runner - INFO - pytest finished with exit code 1
2025-12-17 10:33:31,379 - pytest_runner - INFO - pytest finished with exit code 1
2025-12-17 10:33:31,379 - pytest_runner - INFO - pytest finished with exit code 1
2025-12-17 10:33:31,379 - pytest_runner - INFO - pytest finished with exit code 1
2025-12-17 10:33:31,380 - pytest_runner - INFO - pytest finished with exit code 1
2025-12-17 10:33:31,380 - pytest_runner - INFO - pytest finished with exit code 1
2025-12-17 10:33:31,380 - pytest_runner - INFO - pytest finished with exit code 1
2025-12-17 10:33:31,380 - pytest_runner - INFO - pytest finished with exit code 1
2025-12-17 10:33:31,380 - pytest_runner - INFO - pytest finished with exit code 1
2025-12-17 10:33:31,380 - pytest_runner - INFO - pytest finished with exit code 1
2025-12-17 10:33:31,380 - pytest_runner - INFO - pytest finished with exit code 1
2025-12-17 10:33:31,381 - pytest_runner - INFO - pytest finished with exit code 1
2025-12-17 10:33:31,381 - pytest_runner - INFO - pytest finished with exit code 1
2025-12-17 10:33:31,381 - pytest_runner - INFO - pytest finished with exit code 1
2025-12-17 10:33:31,381 - pytest_runner - INFO - pytest finished with exit code 1
2025-12-17 10:33:31,381 - pytest_runner - INFO - pytest finished with exit code 1
2025-12-17 10:33:31,381 - pytest_runner - INFO - pytest finished with exit code 1
2025-12-17 10:33:31,381 - pytest_runner - INFO - pytest finished with exit code 1
2025-12-17 10:33:31,381 - pytest_runner - INFO - pytest finished with exit code 1
2025-12-17 10:33:31,381 - pytest_runner - INFO - pytest finished with exit code 1
2025-12-17 10:33:31,383 - pytest_runner - INFO - pytest finished with exit code 1
2025-12-17 10:33:31,383 - pytest_runner - INFO - pytest finished with exit code 1
2025-12-17 10:33:31,383 - pytest_runner - INFO - pytest finished with exit code 1
2025-12-17 10:33:31,383 - pytest_runner - INFO - pytest finished with exit code 1
2025-12-17 10:33:31,383 - pytest_runner - INFO - pytest finished with exit code 1
2025-12-17 10:33:31,383 - pytest_runner - INFO - pytest finished with exit code 1
2025-12-17 10:33:31,384 - pytest_runner - INFO - pytest finished with exit code 1
2025-12-17 10:33:31,384 - pytest_runner - INFO - pytest finished with exit code 1
2025-12-17 10:33:31,384 - pytest_runner - INFO - pytest finished with exit code 1
2025-12-17 10:33:31,384 - pytest_runner - INFO - pytest finished with exit code 1
2025-12-17 10:33:31,384 - pytest_runner - INFO - pytest finished with exit code 1
2025-12-17 10:33:31,384 - pytest_runner - INFO - pytest finished with exit code 1
2025-12-17 10:33:31,384 - pytest_runner - INFO - pytest finished with exit code 1
2025-12-17 10:33:31,384 - pytest_runner - INFO - pytest finished with exit code 1
2025-12-17 10:33:31,384 - pytest_runner - INFO - pytest finished with exit code 1
2025-12-17 10:33:31,384 - pytest_runner - INFO - pytest finished with exit code 1
2025-12-17 10:33:31,384 - pytest_runner - INFO - pytest finished with exit code 1
2025-12-17 10:33:31,384 - pytest_runner - INFO - pytest finished with exit code 1
2025-12-17 10:33:31,384 - pytest_runner - INFO - pytest finished with exit code 1
2025-12-17 10:33:31,386 - pytest_runner - INFO - pytest finished with exit code 1
2025-12-17 10:33:31,386 - pytest_runner - INFO - pytest finished with exit code 1
2025-12-17 10:33:31,386 - pytest_runner - INFO - pytest finished with exit code 1
2025-12-17 10:33:31,386 - pytest_runner - INFO - pytest finished with exit code 1
2025-12-17 10:33:31,386 - pytest_runner - INFO - pytest finished with exit code 1
2025-12-17 10:33:31,386 - pytest_runner - INFO - pytest finished with exit code 1
2025-12-17 10:33:31,386 - pytest_runner - INFO - pytest finished with exit code 1
2025-12-17 10:33:31,386 - pytest_runner - INFO - pytest finished with exit code 1
2025-12-17 10:33:31,387 - pytest_runner - INFO - pytest finished with exit code 1
2025-12-17 10:33:31,387 - pytest_runner - INFO - pytest finished with exit code 1
2025-12-17 10:33:31,387 - pytest_runner - INFO - pytest finished with exit code 1
2025-12-17 10:33:31,387 - pytest_runner - INFO - pytest finished with exit code 1
2025-12-17 10:33:31,387 - pytest_runner - INFO - pytest finished with exit code 1
2025-12-17 10:33:31,387 - pytest_runner - INFO - pytest finished with exit code 1
2025-12-17 10:33:31,388 - pytest_runner - INFO - pytest finished with exit code 1
2025-12-17 10:33:31,388 - pytest_runner - INFO - pytest finished with exit code 1
2025-12-17 10:33:31,388 - pytest_runner - INFO - pytest finished with exit code 1
2025-12-17 10:33:31,388 - pytest_runner - INFO - pytest finished with exit code 1
2025-12-17 10:33:31,388 - pytest_runner - INFO - pytest finished with exit code 1
2025-12-17 10:33:31,389 - pytest_runner - INFO - pytest finished with exit code 1
2025-12-17 10:33:31,389 - pytest_runner - INFO - pytest finished with exit code 1
2025-12-17 10:33:31,390 - pytest_runner - INFO - pytest finished with exit code 1
2025-12-17 10:33:31,390 - pytest_runner - INFO - pytest finished with exit code 1
2025-12-17 10:33:31,390 - pytest_runner - INFO - pytest finished with exit code 1
2025-12-17 10:33:31,390 - pytest_runner - INFO - pytest finished with exit code 1
2025-12-17 10:33:31,390 - pytest_runner - INFO - pytest finished with exit code 1
2025-12-17 10:33:31,391 - pytest_runner - INFO - pytest finished with exit code 1
2025-12-17 10:33:31,391 - pytest_runner - INFO - pytest finished with exit code 1
2025-12-17 10:33:31,391 - pytest_runner - INFO - pytest finished with exit code 1
2025-12-17 10:33:31,391 - pytest_runner - INFO - pytest finished with exit code 1
2025-12-17 10:33:31,391 - pytest_runner - INFO - pytest finished with exit code 1
2025-12-17 10:33:31,391 - pytest_runner - INFO - pytest finished with exit code 1
2025-12-17 10:33:31,391 - pytest_runner - INFO - pytest finished with exit code 1
2025-12-17 10:33:31,392 - pytest_runner - INFO - pytest finished with exit code 1
2025-12-17 10:33:31,392 - pytest_runner - INFO - pytest finished with exit code 1
2025-12-17 10:33:31,392 - pytest_runner - INFO - pytest finished with exit code 1
2025-12-17 10:33:31,392 - pytest_runner - INFO - pytest finished with exit code 1
2025-12-17 10:33:31,392 - pytest_runner - INFO - pytest finished with exit code 1
2025-12-17 10:33:31,392 - pytest_runner - INFO - pytest finished with exit code 1
2025-12-17 10:33:31,392 - pytest_runner - INFO - pytest finished with exit code 1
2025-12-17 10:33:31,392 - pytest_runner - INFO - pytest finished with exit code 1
2025-12-17 10:33:31,392 - pytest_runner - INFO - pytest finished with exit code 1
2025-12-17 10:33:31,392 - pytest_runner - INFO - pytest finished with exit code 1
2025-12-17 10:33:31,392 - pytest_runner - INFO - pytest finished with exit code 1
2025-12-17 10:33:31,394 - pytest_runner - INFO - pytest finished with exit code 1
2025-12-17 10:33:31,394 - pytest_runner - INFO - pytest finished with exit code 1
2025-12-17 10:33:31,394 - pytest_runner - INFO - pytest finished with exit code 1
2025-12-17 10:33:31,394 - pytest_runner - INFO - pytest finished with exit code 1
2025-12-17 10:33:31,394 - pytest_runner - INFO - pytest finished with exit code 1
2025-12-17 10:33:31,394 - pytest_runner - INFO - pytest finished with exit code 1
2025-12-17 10:33:31,394 - pytest_runner - INFO - pytest finished with exit code 1
2025-12-17 10:33:31,395 - pytest_runner - INFO - pytest finished with exit code 1
2025-12-17 10:33:31,395 - pytest_runner - INFO - pytest finished with exit code 1
2025-12-17 10:33:31,395 - pytest_runner - INFO - pytest finished with exit code 1
2025-12-17 10:33:31,395 - pytest_runner - INFO - pytest finished with exit code 1
2025-12-17 10:33:31,395 - pytest_runner - INFO - pytest finished with exit code 1
2025-12-17 10:33:31,395 - pytest_runner - INFO - pytest finished with exit code 1
2025-12-17 10:33:31,395 - pytest_runner - INFO - pytest finished with exit code 1
2025-12-17 10:33:31,395 - pytest_runner - INFO - pytest finished with exit code 1
2025-12-17 10:33:31,395 - pytest_runner - INFO - pytest finished with exit code 1
2025-12-17 10:33:31,395 - pytest_runner - INFO - pytest finished with exit code 1
2025-12-17 10:33:31,396 - pytest_runner - INFO - pytest finished with exit code 1
2025-12-17 10:33:31,396 - pytest_runner - INFO - pytest finished with exit code 1
2025-12-17 10:33:31,396 - pytest_runner - INFO - pytest finished with exit code 1
2025-12-17 10:33:31,396 - pytest_runner - INFO - pytest finished with exit code 1
2025-12-17 10:33:31,396 - pytest_runner - INFO - pytest finished with exit code 1
2025-12-17 10:33:31,396 - pytest_runner - INFO - pytest finished with exit code 1
2025-12-17 10:33:31,396 - pytest_runner - INFO - pytest finished with exit code 1
2025-12-17 10:33:31,397 - pytest_runner - INFO - pytest finished with exit code 1
2025-12-17 10:33:31,397 - pytest_runner - INFO - pytest finished with exit code 1
2025-12-17 10:33:31,397 - pytest_runner - INFO - pytest finished with exit code 1
2025-12-17 10:33:31,397 - pytest_runner - INFO - pytest finished with exit code 1
2025-12-17 10:33:31,397 - pytest_runner - INFO - pytest finished with exit code 1
2025-12-17 10:33:31,397 - pytest_runner - INFO - pytest finished with exit code 1
2025-12-17 10:33:31,397 - pytest_runner - INFO - pytest finished with exit code 1
2025-12-17 10:33:31,398 - pytest_runner - INFO - pytest finished with exit code 1
2025-12-17 10:33:31,398 - pytest_runner - INFO - pytest finished with exit code 1
2025-12-17 10:33:31,398 - pytest_runner - INFO - pytest finished with exit code 1
2025-12-17 10:33:31,398 - pytest_runner - INFO - pytest finished with exit code 1
2025-12-17 10:33:31,398 - pytest_runner - INFO - pytest finished with exit code 1
2025-12-17 10:33:31,398 - pytest_runner - INFO - pytest finished with exit code 1
2025-12-17 10:33:31,398 - pytest_runner - INFO - pytest finished with exit code 1
2025-12-17 10:33:31,399 - pytest_runner - INFO - pytest finished with exit code 1
2025-12-17 10:33:31,399 - pytest_runner - INFO - pytest finished with exit code 1
2025-12-17 10:33:31,399 - pytest_runner - INFO - pytest finished with exit code 1
2025-12-17 10:33:31,399 - pytest_runner - INFO - pytest finished with exit code 1
2025-12-17 10:33:31,399 - pytest_runner - INFO - pytest finished with exit code 1
2025-12-17 10:33:31,399 - pytest_runner - INFO - pytest finished with exit code 1
2025-12-17 10:33:31,400 - pytest_runner - INFO - pytest finished with exit code 1
2025-12-17 10:33:31,400 - pytest_runner - INFO - pytest finished with exit code 1
2025-12-17 10:33:31,400 - pytest_runner - INFO - pytest finished with exit code 1
2025-12-17 10:33:31,400 - pytest_runner - INFO - pytest finished with exit code 1
2025-12-17 10:33:31,400 - pytest_runner - INFO - pytest finished with exit code 1
2025-12-17 10:33:31,400 - pytest_runner - INFO - pytest finished with exit code 1
2025-12-17 10:33:31,401 - pytest_runner - INFO - pytest finished with exit code 1
2025-12-17 10:33:31,401 - pytest_runner - INFO - pytest finished with exit code 1
2025-12-17 10:33:31,401 - pytest_runner - INFO - pytest finished with exit code 1
2025-12-17 10:33:31,401 - pytest_runner - INFO - pytest finished with exit code 1
2025-12-17 10:33:31,401 - pytest_runner - INFO - pytest finished with exit code 1
2025-12-17 10:33:31,401 - pytest_runner - INFO - pytest finished with exit code 1
2025-12-17 10:33:31,401 - pytest_runner - INFO - pytest finished with exit code 1
2025-12-17 10:33:31,401 - pytest_runner - INFO - pytest finished with exit code 1
2025-12-17 10:33:31,403 - pytest_runner - INFO - pytest finished with exit code 1
2025-12-17 10:33:31,403 - pytest_runner - INFO - pytest finished with exit code 1
2025-12-17 10:33:31,403 - pytest_runner - INFO - pytest finished with exit code 1
2025-12-17 10:33:31,403 - pytest_runner - INFO - pytest finished with exit code 1
2025-12-17 10:33:31,403 - pytest_runner - INFO - pytest finished with exit code 1
2025-12-17 10:33:31,403 - pytest_runner - INFO - pytest finished with exit code 1
2025-12-17 10:33:31,403 - pytest_runner - INFO - pytest finished with exit code 1
2025-12-17 10:33:31,403 - pytest_runner - INFO - pytest finished with exit code 1
2025-12-17 10:33:31,403 - pytest_runner - INFO - pytest finished with exit code 1
2025-12-17 10:33:31,404 - pytest_runner - INFO - pytest finished with exit code 1
2025-12-17 10:33:31,404 - pytest_runner - INFO - pytest finished with exit code 1
2025-12-17 10:33:31,404 - pytest_runner - INFO - pytest finished with exit code 1
2025-12-17 10:33:31,404 - pytest_runner - INFO - pytest finished with exit code 1
2025-12-17 10:33:31,404 - pytest_runner - INFO - pytest finished with exit code 1
2025-12-17 10:33:31,404 - pytest_runner - INFO - pytest finished with exit code 1
2025-12-17 10:33:31,404 - pytest_runner - INFO - pytest finished with exit code 1
2025-12-17 10:33:31,404 - pytest_runner - INFO - pytest finished with exit code 1
2025-12-17 10:33:31,405 - pytest_runner - INFO - pytest finished with exit code 1
2025-12-17 10:33:31,405 - pytest_runner - INFO - pytest finished with exit code 1
2025-12-17 10:33:31,405 - pytest_runner - INFO - pytest finished with exit code 1
2025-12-17 10:33:31,405 - pytest_runner - INFO - pytest finished with exit code 1
2025-12-17 10:33:31,405 - pytest_runner - INFO - pytest finished with exit code 1
2025-12-17 10:33:31,405 - pytest_runner - INFO - pytest finished with exit code 1
2025-12-17 10:33:31,406 - pytest_runner - INFO - pytest finished with exit code 1
2025-12-17 10:33:31,406 - pytest_runner - INFO - pytest finished with exit code 1
2025-12-17 10:33:31,407 - pytest_runner - INFO - pytest finished with exit code 1
2025-12-17 10:33:31,407 - pytest_runner - INFO - pytest finished with exit code 1
2025-12-17 10:33:31,407 - pytest_runner - INFO - pytest finished with exit code 1
2025-12-17 10:33:31,407 - pytest_runner - INFO - pytest finished with exit code 1
2025-12-17 10:33:31,407 - pytest_runner - INFO - pytest finished with exit code 1
2025-12-17 10:33:31,408 - pytest_runner - INFO - pytest finished with exit code 1
2025-12-17 10:33:31,408 - pytest_runner - INFO - pytest finished with exit code 1
2025-12-17 10:33:31,408 - pytest_runner - INFO - pytest finished with exit code 1
2025-12-17 10:33:31,408 - pytest_runner - INFO - pytest finished with exit code 1
2025-12-17 10:33:31,408 - pytest_runner - INFO - pytest finished with exit code 1
2025-12-17 10:33:31,408 - pytest_runner - INFO - pytest finished with exit code 1
2025-12-17 10:33:31,408 - pytest_runner - INFO - pytest finished with exit code 1
2025-12-17 10:33:31,409 - pytest_runner - INFO - pytest finished with exit code 1
2025-12-17 10:33:31,409 - pytest_runner - INFO - pytest finished with exit code 1
2025-12-17 10:33:31,409 - pytest_runner - INFO - pytest finished with exit code 1
2025-12-17 10:33:31,409 - pytest_runner - INFO - pytest finished with exit code 1
2025-12-17 10:33:31,409 - pytest_runner - INFO - pytest finished with exit code 1
2025-12-17 10:33:31,409 - pytest_runner - INFO - pytest finished with exit code 1
2025-12-17 10:33:31,409 - pytest_runner - INFO - pytest finished with exit code 1
2025-12-17 10:33:31,409 - pytest_runner - INFO - pytest finished with exit code 1
2025-12-17 10:33:31,409 - pytest_runner - INFO - pytest finished with exit code 1
2025-12-17 10:33:31,409 - pytest_runner - INFO - pytest finished with exit code 1
2025-12-17 10:33:31,409 - pytest_runner - INFO - pytest finished with exit code 1
2025-12-17 10:33:31,411 - pytest_runner - INFO - pytest finished with exit code 1
2025-12-17 10:33:31,411 - pytest_runner - INFO - pytest finished with exit code 1
2025-12-17 10:33:31,411 - pytest_runner - INFO - pytest finished with exit code 1
2025-12-17 10:33:31,411 - pytest_runner - INFO - pytest finished with exit code 1
2025-12-17 10:33:31,411 - pytest_runner - INFO - pytest finished with exit code 1
2025-12-17 10:33:31,411 - pytest_runner - INFO - pytest finished with exit code 1
2025-12-17 10:33:31,411 - pytest_runner - INFO - pytest finished with exit code 1
2025-12-17 10:33:31,412 - pytest_runner - INFO - pytest finished with exit code 1
2025-12-17 10:33:31,412 - pytest_runner - INFO - pytest finished with exit code 1
2025-12-17 10:33:31,412 - pytest_runner - INFO - pytest finished with exit code 1
2025-12-17 10:33:31,412 - pytest_runner - INFO - pytest finished with exit code 1
2025-12-17 10:33:31,412 - pytest_runner - INFO - pytest finished with exit code 1
2025-12-17 10:33:31,412 - pytest_runner - INFO - pytest finished with exit code 1
2025-12-17 10:33:31,413 - pytest_runner - INFO - pytest finished with exit code 1
2025-12-17 10:33:31,413 - pytest_runner - INFO - pytest finished with exit code 1
2025-12-17 10:33:31,413 - pytest_runner - INFO - pytest finished with exit code 1
2025-12-17 10:33:31,413 - pytest_runner - INFO - pytest finished with exit code 1
2025-12-17 10:33:31,413 - pytest_runner - INFO - pytest finished with exit code 1
2025-12-17 10:33:31,413 - pytest_runner - INFO - pytest finished with exit code 1
2025-12-17 10:33:31,413 - pytest_runner - INFO - pytest finished with exit code 1
2025-12-17 10:33:31,413 - pytest_runner - INFO - pytest finished with exit code 1
2025-12-17 10:33:31,413 - pytest_runner - INFO - pytest finished with exit code 1
2025-12-17 10:33:31,413 - pytest_runner - INFO - pytest finished with exit code 1
2025-12-17 10:33:31,413 - pytest_runner - INFO - pytest finished with exit code 1
2025-12-17 10:33:31,414 - pytest_runner - INFO - pytest finished with exit code 1
2025-12-17 10:33:31,414 - pytest_runner - INFO - pytest finished with exit code 1
2025-12-17 10:33:31,414 - pytest_runner - INFO - pytest finished with exit code 1
2025-12-17 10:33:31,415 - pytest_runner - INFO - pytest finished with exit code 1
2025-12-17 10:33:31,415 - pytest_runner - INFO - pytest finished with exit code 1
2025-12-17 10:33:31,415 - pytest_runner - INFO - pytest finished with exit code 1
2025-12-17 10:33:31,415 - pytest_runner - INFO - pytest finished with exit code 1
2025-12-17 10:33:31,416 - pytest_runner - INFO - pytest finished with exit code 1
2025-12-17 10:33:31,416 - pytest_runner - INFO - pytest finished with exit code 1
2025-12-17 10:33:31,416 - pytest_runner - INFO - pytest finished with exit code 1
2025-12-17 10:33:31,416 - pytest_runner - INFO - pytest finished with exit code 1
2025-12-17 10:33:31,416 - pytest_runner - INFO - pytest finished with exit code 1
2025-12-17 10:33:31,417 - pytest_runner - INFO - pytest finished with exit code 1
2025-12-17 10:33:31,417 - pytest_runner - INFO - pytest finished with exit code 1
2025-12-17 10:33:31,417 - pytest_runner - INFO - pytest finished with exit code 1
2025-12-17 10:33:31,417 - pytest_runner - INFO - pytest finished with exit code 1
2025-12-17 10:33:31,417 - pytest_runner - INFO - pytest finished with exit code 1
2025-12-17 10:33:31,418 - pytest_runner - INFO - pytest finished with exit code 1
2025-12-17 10:33:31,418 - pytest_runner - INFO - pytest finished with exit code 1
2025-12-17 10:33:31,418 - pytest_runner - INFO - pytest finished with exit code 1
2025-12-17 10:33:31,418 - pytest_runner - INFO - pytest finished with exit code 1
2025-12-17 10:33:31,418 - pytest_runner - INFO - pytest finished with exit code 1
2025-12-17 10:33:31,418 - pytest_runner - INFO - pytest finished with exit code 1
2025-12-17 10:33:31,418 - pytest_runner - INFO - pytest finished with exit code 1
2025-12-17 10:33:31,419 - pytest_runner - INFO - pytest finished with exit code 1
2025-12-17 10:33:31,419 - pytest_runner - INFO - pytest finished with exit code 1
2025-12-17 10:33:31,419 - pytest_runner - INFO - pytest finished with exit code 1
2025-12-17 10:33:31,419 - pytest_runner - INFO - pytest finished with exit code 1
2025-12-17 10:33:31,419 - pytest_runner - INFO - pytest finished with exit code 1
2025-12-17 10:33:31,419 - pytest_runner - INFO - pytest finished with exit code 1
2025-12-17 10:33:31,419 - pytest_runner - INFO - pytest finished with exit code 1
2025-12-17 10:33:31,419 - pytest_runner - INFO - pytest finished with exit code 1
2025-12-17 10:33:31,419 - pytest_runner - INFO - pytest finished with exit code 1
2025-12-17 10:33:31,420 - pytest_runner - INFO - pytest finished with exit code 1
2025-12-17 10:33:31,420 - pytest_runner - INFO - pytest finished with exit code 1
2025-12-17 10:33:31,420 - pytest_runner - INFO - pytest finished with exit code 1
2025-12-17 10:33:31,420 - pytest_runner - INFO - pytest finished with exit code 1
2025-12-17 10:33:31,420 - pytest_runner - INFO - pytest finished with exit code 1
2025-12-17 10:33:31,420 - pytest_runner - INFO - pytest finished with exit code 1
2025-12-17 10:33:31,420 - pytest_runner - INFO - pytest finished with exit code 1
2025-12-17 10:33:31,421 - pytest_runner - INFO - pytest finished with exit code 1
2025-12-17 10:33:31,421 - pytest_runner - INFO - pytest finished with exit code 1
2025-12-17 10:33:31,421 - pytest_runner - INFO - pytest finished with exit code 1
2025-12-17 10:33:31,421 - pytest_runner - INFO - pytest finished with exit code 1
2025-12-17 10:33:31,421 - pytest_runner - INFO - pytest finished with exit code 1
2025-12-17 10:33:31,421 - pytest_runner - INFO - pytest finished with exit code 1
2025-12-17 10:33:31,421 - pytest_runner - INFO - pytest finished with exit code 1
2025-12-17 10:33:31,421 - pytest_runner - INFO - pytest finished with exit code 1
2025-12-17 10:33:31,423 - pytest_runner - INFO - pytest finished with exit code 1
2025-12-17 10:33:31,423 - pytest_runner - INFO - pytest finished with exit code 1
2025-12-17 10:33:31,423 - pytest_runner - INFO - pytest finished with exit code 1
2025-12-17 10:33:31,423 - pytest_runner - INFO - pytest finished with exit code 1
2025-12-17 10:33:31,423 - pytest_runner - INFO - pytest finished with exit code 1
2025-12-17 10:33:31,423 - pytest_runner - INFO - pytest finished with exit code 1
2025-12-17 10:33:31,423 - pytest_runner - INFO - pytest finished with exit code 1
2025-12-17 10:33:31,424 - pytest_runner - INFO - pytest finished with exit code 1
2025-12-17 10:33:31,424 - pytest_runner - INFO - pytest finished with exit code 1
2025-12-17 10:33:31,424 - pytest_runner - INFO - pytest finished with exit code 1
2025-12-17 10:33:31,424 - pytest_runner - INFO - pytest finished with exit code 1
2025-12-17 10:33:31,424 - pytest_runner - INFO - pytest finished with exit code 1
2025-12-17 10:33:31,424 - pytest_runner - INFO - pytest finished with exit code 1
2025-12-17 10:33:31,424 - pytest_runner - INFO - pytest finished with exit code 1
2025-12-17 10:33:31,424 - pytest_runner - INFO - pytest finished with exit code 1
2025-12-17 10:33:31,424 - pytest_runner - INFO - pytest finished with exit code 1
2025-12-17 10:33:31,426 - pytest_runner - INFO - pytest finished with exit code 1
2025-12-17 10:33:31,426 - pytest_runner - INFO - pytest finished with exit code 1
2025-12-17 10:33:31,426 - pytest_runner - INFO - pytest finished with exit code 1
2025-12-17 10:33:31,426 - pytest_runner - INFO - pytest finished with exit code 1
2025-12-17 10:33:31,426 - pytest_runner - INFO - pytest finished with exit code 1
2025-12-17 10:33:31,426 - pytest_runner - INFO - pytest finished with exit code 1
2025-12-17 10:33:31,426 - pytest_runner - INFO - pytest finished with exit code 1
2025-12-17 10:33:31,427 - pytest_runner - INFO - pytest finished with exit code 1
2025-12-17 10:33:31,427 - pytest_runner - INFO - pytest finished with exit code 1
2025-12-17 10:33:31,427 - pytest_runner - INFO - pytest finished with exit code 1
2025-12-17 10:33:31,427 - pytest_runner - INFO - pytest finished with exit code 1
2025-12-17 10:33:31,427 - pytest_runner - INFO - pytest finished with exit code 1
2025-12-17 10:33:31,427 - pytest_runner - INFO - pytest finished with exit code 1
2025-12-17 10:33:31,427 - pytest_runner - INFO - pytest finished with exit code 1
2025-12-17 10:33:31,428 - pytest_runner - INFO - pytest finished with exit code 1
2025-12-17 10:33:31,428 - pytest_runner - INFO - pytest finished with exit code 1
2025-12-17 10:33:31,428 - pytest_runner - INFO - pytest finished with exit code 1
2025-12-17 10:33:31,428 - pytest_runner - INFO - pytest finished with exit code 1
2025-12-17 10:33:31,428 - pytest_runner - INFO - pytest finished with exit code 1
2025-12-17 10:33:31,428 - pytest_runner - INFO - pytest finished with exit code 1
2025-12-17 10:33:31,428 - pytest_runner - INFO - pytest finished with exit code 1
2025-12-17 10:33:31,428 - pytest_runner - INFO - pytest finished with exit code 1
2025-12-17 10:33:31,428 - pytest_runner - INFO - pytest finished with exit code 1
2025-12-17 10:33:31,428 - pytest_runner - INFO - pytest finished with exit code 1
2025-12-17 10:33:31,428 - pytest_runner - INFO - pytest finished with exit code 1
2025-12-17 10:33:31,430 - pytest_runner - INFO - pytest finished with exit code 1
2025-12-17 10:33:31,430 - pytest_runner - INFO - pytest finished with exit code 1
2025-12-17 10:33:31,430 - pytest_runner - INFO - pytest finished with exit code 1
2025-12-17 10:33:31,430 - pytest_runner - INFO - pytest finished with exit code 1
2025-12-17 10:33:31,430 - pytest_runner - INFO - pytest finished with exit code 1
2025-12-17 10:33:31,430 - pytest_runner - INFO - pytest finished with exit code 1
2025-12-17 10:33:31,431 - pytest_runner - INFO - pytest finished with exit code 1
2025-12-17 10:33:31,431 - pytest_runner - INFO - pytest finished with exit code 1
2025-12-17 10:33:31,431 - pytest_runner - INFO - pytest finished with exit code 1
2025-12-17 10:33:31,431 - pytest_runner - INFO - pytest finished with exit code 1
2025-12-17 10:33:31,431 - pytest_runner - INFO - pytest finished with exit code 1
2025-12-17 10:33:31,431 - pytest_runner - INFO - pytest finished with exit code 1
2025-12-17 10:33:31,431 - pytest_runner - INFO - pytest finished with exit code 1
2025-12-17 10:33:31,431 - pytest_runner - INFO - pytest finished with exit code 1
2025-12-17 10:33:31,432 - pytest_runner - INFO - pytest finished with exit code 1
2025-12-17 10:33:31,432 - pytest_runner - INFO - pytest finished with exit code 1
2025-12-17 10:33:31,432 - pytest_runner - INFO - pytest finished with exit code 1
2025-12-17 10:33:31,433 - pytest_runner - INFO - pytest finished with exit code 1
2025-12-17 10:33:31,433 - pytest_runner - INFO - pytest finished with exit code 1
2025-12-17 10:33:31,433 - pytest_runner - INFO - pytest finished with exit code 1
2025-12-17 10:33:31,433 - pytest_runner - INFO - pytest finished with exit code 1
2025-12-17 10:33:31,433 - pytest_runner - INFO - pytest finished with exit code 1
2025-12-17 10:33:31,433 - pytest_runner - INFO - pytest finished with exit code 1
2025-12-17 10:33:31,433 - pytest_runner - INFO - pytest finished with exit code 1
2025-12-17 10:33:31,433 - pytest_runner - INFO - pytest finished with exit code 1
2025-12-17 10:33:31,434 - pytest_runner - INFO - pytest finished with exit code 1
2025-12-17 10:33:31,434 - pytest_runner - INFO - pytest finished with exit code 1
2025-12-17 10:33:31,434 - pytest_runner - INFO - pytest finished with exit code 1
2025-12-17 10:33:31,434 - pytest_runner - INFO - pytest finished with exit code 1
2025-12-17 10:33:31,434 - pytest_runner - INFO - pytest finished with exit code 1
2025-12-17 10:33:31,434 - pytest_runner - INFO - pytest finished with exit code 1
2025-12-17 10:33:31,434 - pytest_runner - INFO - pytest finished with exit code 1
2025-12-17 10:33:31,434 - pytest_runner - INFO - pytest finished with exit code 1
2025-12-17 10:33:31,434 - pytest_runner - INFO - pytest finished with exit code 1
2025-12-17 10:33:31,434 - pytest_runner - INFO - pytest finished with exit code 1
2025-12-17 10:33:31,434 - pytest_runner - INFO - pytest finished with exit code 1
2025-12-17 10:33:31,434 - pytest_runner - INFO - pytest finished with exit code 1
2025-12-17 10:33:31,436 - pytest_runner - INFO - pytest finished with exit code 1
2025-12-17 10:33:31,436 - pytest_runner - INFO - pytest finished with exit code 1
2025-12-17 10:33:31,436 - pytest_runner - INFO - pytest finished with exit code 1
2025-12-17 10:33:31,436 - pytest_runner - INFO - pytest finished with exit code 1
2025-12-17 10:33:31,436 - pytest_runner - INFO - pytest finished with exit code 1
2025-12-17 10:33:31,436 - pytest_runner - INFO - pytest finished with exit code 1
2025-12-17 10:33:31,437 - pytest_runner - INFO - pytest finished with exit code 1
2025-12-17 10:33:31,437 - pytest_runner - INFO - pytest finished with exit code 1
2025-12-17 10:33:31,437 - pytest_runner - INFO - pytest finished with exit code 1
2025-12-17 10:33:31,438 - pytest_runner - INFO - pytest finished with exit code 1
2025-12-17 10:33:31,438 - pytest_runner - INFO - pytest finished with exit code 1
2025-12-17 10:33:31,438 - pytest_runner - INFO - pytest finished with exit code 1
2025-12-17 10:33:31,438 - pytest_runner - INFO - pytest finished with exit code 1
2025-12-17 10:33:31,438 - pytest_runner - INFO - pytest finished with exit code 1
2025-12-17 10:33:31,438 - pytest_runner - INFO - pytest finished with exit code 1
2025-12-17 10:33:31,438 - pytest_runner - INFO - pytest finished with exit code 1
2025-12-17 10:33:31,438 - pytest_runner - INFO - pytest finished with exit code 1
2025-12-17 10:33:31,439 - pytest_runner - INFO - pytest finished with exit code 1
2025-12-17 10:33:31,439 - pytest_runner - INFO - pytest finished with exit code 1
2025-12-17 10:33:31,439 - pytest_runner - INFO - pytest finished with exit code 1
2025-12-17 10:33:31,440 - pytest_runner - INFO - pytest finished with exit code 1
2025-12-17 10:33:31,440 - pytest_runner - INFO - pytest finished with exit code 1
2025-12-17 10:33:31,440 - pytest_runner - INFO - pytest finished with exit code 1
2025-12-17 10:33:31,440 - pytest_runner - INFO - pytest finished with exit code 1
2025-12-17 10:33:31,440 - pytest_runner - INFO - pytest finished with exit code 1
2025-12-17 10:33:31,440 - pytest_runner - INFO - pytest finished with exit code 1
2025-12-17 10:33:31,441 - pytest_runner - INFO - pytest finished with exit code 1
2025-12-17 10:33:31,441 - pytest_runner - INFO - pytest finished with exit code 1
2025-12-17 10:33:31,441 - pytest_runner - INFO - pytest finished with exit code 1
2025-12-17 10:33:31,441 - pytest_runner - INFO - pytest finished with exit code 1
2025-12-17 10:33:31,441 - pytest_runner - INFO - pytest finished with exit code 1
2025-12-17 10:33:31,441 - pytest_runner - INFO - pytest finished with exit code 1
2025-12-17 10:33:31,441 - pytest_runner - INFO - pytest finished with exit code 1
2025-12-17 10:33:31,441 - pytest_runner - INFO - pytest finished with exit code 1
2025-12-17 10:33:31,442 - pytest_runner - INFO - pytest finished with exit code 1
2025-12-17 10:33:31,442 - pytest_runner - INFO - pytest finished with exit code 1
2025-12-17 10:33:31,442 - pytest_runner - INFO - pytest finished with exit code 1
2025-12-17 10:33:31,443 - pytest_runner - INFO - pytest finished with exit code 1
2025-12-17 10:33:31,443 - pytest_runner - INFO - pytest finished with exit code 1
2025-12-17 10:33:31,443 - pytest_runner - INFO - pytest finished with exit code 1
2025-12-17 10:33:31,443 - pytest_runner - INFO - pytest finished with exit code 1
2025-12-17 10:33:31,443 - pytest_runner - INFO - pytest finished with exit code 1
2025-12-17 10:33:31,443 - pytest_runner - INFO - pytest finished with exit code 1
2025-12-17 10:33:31,444 - pytest_runner - INFO - pytest finished with exit code 1
2025-12-17 10:33:31,444 - pytest_runner - INFO - pytest finished with exit code 1
2025-12-17 10:33:31,444 - pytest_runner - INFO - pytest finished with exit code 1
2025-12-17 10:33:31,444 - pytest_runner - INFO - pytest finished with exit code 1
2025-12-17 10:33:31,444 - pytest_runner - INFO - pytest finished with exit code 1
2025-12-17 10:33:31,445 - pytest_runner - INFO - pytest finished with exit code 1
2025-12-17 10:33:31,445 - pytest_runner - INFO - pytest finished with exit code 1
2025-12-17 10:33:31,445 - pytest_runner - INFO - pytest finished with exit code 1
2025-12-17 10:33:31,445 - pytest_runner - INFO - pytest finished with exit code 1
2025-12-17 10:33:31,445 - pytest_runner - INFO - pytest finished with exit code 1
2025-12-17 10:33:31,445 - pytest_runner - INFO - pytest finished with exit code 1
2025-12-17 10:33:31,446 - pytest_runner - INFO - pytest finished with exit code 1
2025-12-17 10:33:31,446 - pytest_runner - INFO - pytest finished with exit code 1
2025-12-17 10:33:31,446 - pytest_runner - INFO - pytest finished with exit code 1
2025-12-17 10:33:31,446 - pytest_runner - INFO - pytest finished with exit code 1
2025-12-17 10:33:31,446 - pytest_runner - INFO - pytest finished with exit code 1
2025-12-17 10:33:31,446 - pytest_runner - INFO - pytest finished with exit code 1
2025-12-17 10:33:31,446 - pytest_runner - INFO - pytest finished with exit code 1
2025-12-17 10:33:31,447 - pytest_runner - INFO - pytest finished with exit code 1
2025-12-17 10:33:31,447 - pytest_runner - INFO - pytest finished with exit code 1
2025-12-17 10:33:31,447 - pytest_runner - INFO - pytest finished with exit code 1
2025-12-17 10:33:31,447 - pytest_runner - INFO - pytest finished with exit code 1
2025-12-17 10:33:31,447 - pytest_runner - INFO - pytest finished with exit code 1
2025-12-17 10:33:31,447 - pytest_runner - INFO - pytest finished with exit code 1
2025-12-17 10:33:31,448 - pytest_runner - INFO - pytest finished with exit code 1
2025-12-17 10:33:31,448 - pytest_runner - INFO - pytest finished with exit code 1
2025-12-17 10:33:31,448 - pytest_runner - INFO - pytest finished with exit code 1
2025-12-17 10:33:31,448 - pytest_runner - INFO - pytest finished with exit code 1
2025-12-17 10:33:31,448 - pytest_runner - INFO - pytest finished with exit code 1
2025-12-17 10:33:31,448 - pytest_runner - INFO - pytest finished with exit code 1
2025-12-17 10:33:31,449 - pytest_runner - INFO - pytest finished with exit code 1
2025-12-17 10:33:31,449 - pytest_runner - INFO - pytest finished with exit code 1
2025-12-17 10:33:31,449 - pytest_runner - INFO - pytest finished with exit code 1
2025-12-17 10:33:31,449 - pytest_runner - INFO - pytest finished with exit code 1
2025-12-17 10:33:31,450 - pytest_runner - INFO - pytest finished with exit code 1
2025-12-17 10:33:31,450 - pytest_runner - INFO - pytest finished with exit code 1
2025-12-17 10:33:31,450 - pytest_runner - INFO - pytest finished with exit code 1
2025-12-17 10:33:31,450 - pytest_runner - INFO - pytest finished with exit code 1
2025-12-17 10:33:31,450 - pytest_runner - INFO - pytest finished with exit code 1
2025-12-17 10:33:31,451 - pytest_runner - INFO - pytest finished with exit code 1
2025-12-17 10:33:31,451 - pytest_runner - INFO - pytest finished with exit code 1
2025-12-17 10:33:31,451 - pytest_runner - INFO - pytest finished with exit code 1
2025-12-17 10:33:31,451 - pytest_runner - INFO - pytest finished with exit code 1
2025-12-17 10:33:31,451 - pytest_runner - INFO - pytest finished with exit code 1
2025-12-17 10:33:31,451 - pytest_runner - INFO - pytest finished with exit code 1
2025-12-17 10:33:31,451 - pytest_runner - INFO - pytest finished with exit code 1
2025-12-17 10:33:31,452 - pytest_runner - INFO - pytest finished with exit code 1
2025-12-17 10:33:31,452 - pytest_runner - INFO - pytest finished with exit code 1
2025-12-17 10:33:31,452 - pytest_runner - INFO - pytest finished with exit code 1
2025-12-17 10:33:31,452 - pytest_runner - INFO - pytest finished with exit code 1
2025-12-17 10:33:31,452 - pytest_runner - INFO - pytest finished with exit code 1
2025-12-17 10:33:31,453 - pytest_runner - INFO - pytest finished with exit code 1
2025-12-17 10:33:31,453 - pytest_runner - INFO - pytest finished with exit code 1
2025-12-17 10:33:31,453 - pytest_runner - INFO - pytest finished with exit code 1
2025-12-17 10:33:31,453 - pytest_runner - INFO - pytest finished with exit code 1
2025-12-17 10:33:31,453 - pytest_runner - INFO - pytest finished with exit code 1
2025-12-17 10:33:31,453 - pytest_runner - INFO - pytest finished with exit code 1
2025-12-17 10:33:31,453 - pytest_runner - INFO - pytest finished with exit code 1
2025-12-17 10:33:31,453 - pytest_runner - INFO - pytest finished with exit code 1
2025-12-17 10:33:31,453 - pytest_runner - INFO - pytest finished with exit code 1
2025-12-17 10:33:31,454 - pytest_runner - INFO - pytest finished with exit code 1
2025-12-17 10:33:31,454 - pytest_runner - INFO - pytest finished with exit code 1
2025-12-17 10:33:31,454 - pytest_runner - INFO - pytest finished with exit code 1
2025-12-17 10:33:31,454 - pytest_runner - INFO - pytest finished with exit code 1
2025-12-17 10:33:31,454 - pytest_runner - INFO - pytest finished with exit code 1
2025-12-17 10:33:31,455 - pytest_runner - INFO - pytest finished with exit code 1
2025-12-17 10:33:31,455 - pytest_runner - INFO - pytest finished with exit code 1
2025-12-17 10:33:31,455 - pytest_runner - INFO - pytest finished with exit code 1
2025-12-17 10:33:31,455 - pytest_runner - INFO - pytest finished with exit code 1
2025-12-17 10:33:31,455 - pytest_runner - INFO - pytest finished with exit code 1
2025-12-17 10:33:31,456 - pytest_runner - INFO - pytest finished with exit code 1
2025-12-17 10:33:31,456 - pytest_runner - INFO - pytest finished with exit code 1
2025-12-17 10:33:31,456 - pytest_runner - INFO - pytest finished with exit code 1
2025-12-17 10:33:31,456 - pytest_runner - INFO - pytest finished with exit code 1
2025-12-17 10:33:31,456 - pytest_runner - INFO - pytest finished with exit code 1
2025-12-17 10:33:31,456 - pytest_runner - INFO - pytest finished with exit code 1
2025-12-17 10:33:31,456 - pytest_runner - INFO - pytest finished with exit code 1
2025-12-17 10:33:31,458 - pytest_runner - INFO - pytest finished with exit code 1
2025-12-17 10:33:31,458 - pytest_runner - INFO - pytest finished with exit code 1
2025-12-17 10:33:31,458 - pytest_runner - INFO - pytest finished with exit code 1
2025-12-17 10:33:31,458 - pytest_runner - INFO - pytest finished with exit code 1
2025-12-17 10:33:31,458 - pytest_runner - INFO - pytest finished with exit code 1
2025-12-17 10:33:31,459 - pytest_runner - INFO - pytest finished with exit code 1
2025-12-17 10:33:31,459 - pytest_runner - INFO - pytest finished with exit code 1
2025-12-17 10:33:31,459 - pytest_runner - INFO - pytest finished with exit code 1
2025-12-17 10:33:31,459 - pytest_runner - INFO - pytest finished with exit code 1
2025-12-17 10:33:31,459 - pytest_runner - INFO - pytest finished with exit code 1
2025-12-17 10:33:31,459 - pytest_runner - INFO - pytest finished with exit code 1
2025-12-17 10:33:31,459 - pytest_runner - INFO - pytest finished with exit code 1
2025-12-17 10:33:31,459 - pytest_runner - INFO - pytest finished with exit code 1
2025-12-17 10:33:31,459 - pytest_runner - INFO - pytest finished with exit code 1
2025-12-17 10:33:31,459 - pytest_runner - INFO - pytest finished with exit code 1
2025-12-17 10:33:31,461 - pytest_runner - INFO - pytest finished with exit code 1
2025-12-17 10:33:31,461 - pytest_runner - INFO - pytest finished with exit code 1
2025-12-17 10:33:31,461 - pytest_runner - INFO - pytest finished with exit code 1
2025-12-17 10:33:31,461 - pytest_runner - INFO - pytest finished with exit code 1
2025-12-17 10:33:31,461 - pytest_runner - INFO - pytest finished with exit code 1
2025-12-17 10:33:31,461 - pytest_runner - INFO - pytest finished with exit code 1
2025-12-17 10:33:31,462 - pytest_runner - INFO - pytest finished with exit code 1
2025-12-17 10:33:31,462 - pytest_runner - INFO - pytest finished with exit code 1
2025-12-17 10:33:31,462 - pytest_runner - INFO - pytest finished with exit code 1
2025-12-17 10:33:31,462 - pytest_runner - INFO - pytest finished with exit code 1
2025-12-17 10:33:31,462 - pytest_runner - INFO - pytest finished with exit code 1
2025-12-17 10:33:31,462 - pytest_runner - INFO - pytest finished with exit code 1
2025-12-17 10:33:31,463 - pytest_runner - INFO - pytest finished with exit code 1
2025-12-17 10:33:31,463 - pytest_runner - INFO - pytest finished with exit code 1
2025-12-17 10:33:31,463 - pytest_runner - INFO - pytest finished with exit code 1
2025-12-17 10:33:31,463 - pytest_runner - INFO - pytest finished with exit code 1
2025-12-17 10:33:31,463 - pytest_runner - INFO - pytest finished with exit code 1
2025-12-17 10:33:31,463 - pytest_runner - INFO - pytest finished with exit code 1
2025-12-17 10:33:31,463 - pytest_runner - INFO - pytest finished with exit code 1
2025-12-17 10:33:31,463 - pytest_runner - INFO - pytest finished with exit code 1
2025-12-17 10:33:31,463 - pytest_runner - INFO - pytest finished with exit code 1
2025-12-17 10:33:31,463 - pytest_runner - INFO - pytest finished with exit code 1
2025-12-17 10:33:31,464 - pytest_runner - INFO - pytest finished with exit code 1
2025-12-17 10:33:31,464 - pytest_runner - INFO - pytest finished with exit code 1
2025-12-17 10:33:31,464 - pytest_runner - INFO - pytest finished with exit code 1
2025-12-17 10:33:31,464 - pytest_runner - INFO - pytest finished with exit code 1
2025-12-17 10:33:31,464 - pytest_runner - INFO - pytest finished with exit code 1
2025-12-17 10:33:31,464 - pytest_runner - INFO - pytest finished with exit code 1
2025-12-17 10:33:31,464 - pytest_runner - INFO - pytest finished with exit code 1
2025-12-17 10:33:31,465 - pytest_runner - INFO - pytest finished with exit code 1
2025-12-17 10:33:31,465 - pytest_runner - INFO - pytest finished with exit code 1
2025-12-17 10:33:31,465 - pytest_runner - INFO - pytest finished with exit code 1
2025-12-17 10:33:31,465 - pytest_runner - INFO - pytest finished with exit code 1
2025-12-17 10:33:31,465 - pytest_runner - INFO - pytest finished with exit code 1
2025-12-17 10:33:31,465 - pytest_runner - INFO - pytest finished with exit code 1
2025-12-17 10:33:31,465 - pytest_runner - INFO - pytest finished with exit code 1
2025-12-17 10:33:31,465 - pytest_runner - INFO - pytest finished with exit code 1
2025-12-17 10:33:31,467 - pytest_runner - INFO - pytest finished with exit code 1
2025-12-17 10:33:31,467 - pytest_runner - INFO - pytest finished with exit code 1
2025-12-17 10:33:31,467 - pytest_runner - INFO - pytest finished with exit code 1
2025-12-17 10:33:31,467 - pytest_runner - INFO - pytest finished with exit code 1
2025-12-17 10:33:31,467 - pytest_runner - INFO - pytest finished with exit code 1
2025-12-17 10:33:31,468 - pytest_runner - INFO - pytest finished with exit code 1
2025-12-17 10:33:31,468 - pytest_runner - INFO - pytest finished with exit code 1
2025-12-17 10:33:31,468 - pytest_runner - INFO - pytest finished with exit code 1
2025-12-17 10:33:31,468 - pytest_runner - INFO - pytest finished with exit code 1
2025-12-17 10:33:31,468 - pytest_runner - INFO - pytest finished with exit code 1
2025-12-17 10:33:31,468 - pytest_runner - INFO - pytest finished with exit code 1
2025-12-17 10:33:31,468 - pytest_runner - INFO - pytest finished with exit code 1
2025-12-17 10:33:31,468 - pytest_runner - INFO - pytest finished with exit code 1
2025-12-17 10:33:31,468 - pytest_runner - INFO - pytest finished with exit code 1
2025-12-17 10:33:31,470 - pytest_runner - INFO - pytest finished with exit code 1
2025-12-17 10:33:31,470 - pytest_runner - INFO - pytest finished with exit code 1
2025-12-17 10:33:31,470 - pytest_runner - INFO - pytest finished with exit code 1
2025-12-17 10:33:31,470 - pytest_runner - INFO - pytest finished with exit code 1
2025-12-17 10:33:31,470 - pytest_runner - INFO - pytest finished with exit code 1
2025-12-17 10:33:31,471 - pytest_runner - INFO - pytest finished with exit code 1
2025-12-17 10:33:31,471 - pytest_runner - INFO - pytest finished with exit code 1
2025-12-17 10:33:31,471 - pytest_runner - INFO - pytest finished with exit code 1
2025-12-17 10:33:31,471 - pytest_runner - INFO - pytest finished with exit code 1
2025-12-17 10:33:31,471 - pytest_runner - INFO - pytest finished with exit code 1
2025-12-17 10:33:31,471 - pytest_runner - INFO - pytest finished with exit code 1
2025-12-17 10:33:31,471 - pytest_runner - INFO - pytest finished with exit code 1
2025-12-17 10:33:31,472 - pytest_runner - INFO - pytest finished with exit code 1
2025-12-17 10:33:31,472 - pytest_runner - INFO - pytest finished with exit code 1
2025-12-17 10:33:31,472 - pytest_runner - INFO - pytest finished with exit code 1
2025-12-17 10:33:31,472 - pytest_runner - INFO - pytest finished with exit code 1
2025-12-17 10:33:31,472 - pytest_runner - INFO - pytest finished with exit code 1
2025-12-17 10:33:31,473 - pytest_runner - INFO - pytest finished with exit code 1
2025-12-17 10:33:31,473 - pytest_runner - INFO - pytest finished with exit code 1
2025-12-17 10:33:31,473 - pytest_runner - INFO - pytest finished with exit code 1
2025-12-17 10:33:31,473 - pytest_runner - INFO - pytest finished with exit code 1
2025-12-17 10:33:31,473 - pytest_runner - INFO - pytest finished with exit code 1
2025-12-17 10:33:31,474 - pytest_runner - INFO - pytest finished with exit code 1
2025-12-17 10:33:31,474 - pytest_runner - INFO - pytest finished with exit code 1
2025-12-17 10:33:31,474 - pytest_runner - INFO - pytest finished with exit code 1
2025-12-17 10:33:31,474 - pytest_runner - INFO - pytest finished with exit code 1
2025-12-17 10:33:31,474 - pytest_runner - INFO - pytest finished with exit code 1
2025-12-17 10:33:31,474 - pytest_runner - INFO - pytest finished with exit code 1
2025-12-17 10:33:31,475 - pytest_runner - INFO - pytest finished with exit code 1
2025-12-17 10:33:31,475 - pytest_runner - INFO - pytest finished with exit code 1
2025-12-17 10:33:31,475 - pytest_runner - INFO - pytest finished with exit code 1
2025-12-17 10:33:31,475 - pytest_runner - INFO - pytest finished with exit code 1
2025-12-17 10:33:31,475 - pytest_runner - INFO - pytest finished with exit code 1
2025-12-17 10:33:31,475 - pytest_runner - INFO - pytest finished with exit code 1
2025-12-17 10:33:31,476 - pytest_runner - INFO - pytest finished with exit code 1
2025-12-17 10:33:31,476 - pytest_runner - INFO - pytest finished with exit code 1
2025-12-17 10:33:31,476 - pytest_runner - INFO - pytest finished with exit code 1
2025-12-17 10:33:31,476 - pytest_runner - INFO - pytest finished with exit code 1
2025-12-17 10:33:31,476 - pytest_runner - INFO - pytest finished with exit code 1
2025-12-17 10:33:31,476 - pytest_runner - INFO - pytest finished with exit code 1
2025-12-17 10:33:31,476 - pytest_runner - INFO - pytest finished with exit code 1
2025-12-17 10:33:31,476 - pytest_runner - INFO - pytest finished with exit code 1
2025-12-17 10:33:31,476 - pytest_runner - INFO - pytest finished with exit code 1
2025-12-17 10:33:31,477 - pytest_runner - INFO - pytest finished with exit code 1
2025-12-17 10:33:31,477 - pytest_runner - INFO - pytest finished with exit code 1
2025-12-17 10:33:31,477 - pytest_runner - INFO - pytest finished with exit code 1
2025-12-17 10:33:31,477 - pytest_runner - INFO - pytest finished with exit code 1
2025-12-17 10:33:31,478 - pytest_runner - INFO - pytest finished with exit code 1
2025-12-17 10:33:31,478 - pytest_runner - INFO - pytest finished with exit code 1
2025-12-17 10:33:31,478 - pytest_runner - INFO - pytest finished with exit code 1
2025-12-17 10:33:31,478 - pytest_runner - INFO - pytest finished with exit code 1
2025-12-17 10:33:31,478 - pytest_runner - INFO - pytest finished with exit code 1
2025-12-17 10:33:31,478 - pytest_runner - INFO - pytest finished with exit code 1
2025-12-17 10:33:31,478 - pytest_runner - INFO - pytest finished with exit code 1
2025-12-17 10:33:31,479 - pytest_runner - INFO - pytest finished with exit code 1
2025-12-17 10:33:31,479 - pytest_runner - INFO - pytest finished with exit code 1
2025-12-17 10:33:31,479 - pytest_runner - INFO - pytest finished with exit code 1
2025-12-17 10:33:31,479 - pytest_runner - INFO - pytest finished with exit code 1
2025-12-17 10:33:31,479 - pytest_runner - INFO - pytest finished with exit code 1
2025-12-17 10:33:31,479 - pytest_runner - INFO - pytest finished with exit code 1
2025-12-17 10:33:31,479 - pytest_runner - INFO - pytest finished with exit code 1
2025-12-17 10:33:31,480 - pytest_runner - INFO - pytest finished with exit code 1
2025-12-17 10:33:31,480 - pytest_runner - INFO - pytest finished with exit code 1
2025-12-17 10:33:31,480 - pytest_runner - INFO - pytest finished with exit code 1
2025-12-17 10:33:31,480 - pytest_runner - INFO - pytest finished with exit code 1
2025-12-17 10:33:31,480 - pytest_runner - INFO - pytest finished with exit code 1
2025-12-17 10:33:31,480 - pytest_runner - INFO - pytest finished with exit code 1
2025-12-17 10:33:31,481 - pytest_runner - INFO - pytest finished with exit code 1
2025-12-17 10:33:31,481 - pytest_runner - INFO - pytest finished with exit code 1
2025-12-17 10:33:31,481 - pytest_runner - INFO - pytest finished with exit code 1
2025-12-17 10:33:31,481 - pytest_runner - INFO - pytest finished with exit code 1
2025-12-17 10:33:31,481 - pytest_runner - INFO - pytest finished with exit code 1
2025-12-17 10:33:31,481 - pytest_runner - INFO - pytest finished with exit code 1
2025-12-17 10:33:31,481 - pytest_runner - INFO - pytest finished with exit code 1
2025-12-17 10:33:31,481 - pytest_runner - INFO - pytest finished with exit code 1
2025-12-17 10:33:31,481 - pytest_runner - INFO - pytest finished with exit code 1
2025-12-17 10:33:31,483 - pytest_runner - INFO - pytest finished with exit code 1
2025-12-17 10:33:31,483 - pytest_runner - INFO - pytest finished with exit code 1
2025-12-17 10:33:31,483 - pytest_runner - INFO - pytest finished with exit code 1
2025-12-17 10:33:31,483 - pytest_runner - INFO - pytest finished with exit code 1
2025-12-17 10:33:31,483 - pytest_runner - INFO - pytest finished with exit code 1
2025-12-17 10:33:31,483 - pytest_runner - INFO - pytest finished with exit code 1
2025-12-17 10:33:31,484 - pytest_runner - INFO - pytest finished with exit code 1
2025-12-17 10:33:31,484 - pytest_runner - INFO - pytest finished with exit code 1
2025-12-17 10:33:31,484 - pytest_runner - INFO - pytest finished with exit code 1
2025-12-17 10:33:31,484 - pytest_runner - INFO - pytest finished with exit code 1
2025-12-17 10:33:31,484 - pytest_runner - INFO - pytest finished with exit code 1
2025-12-17 10:33:31,484 - pytest_runner - INFO - pytest finished with exit code 1
2025-12-17 10:33:31,484 - pytest_runner - INFO - pytest finished with exit code 1
2025-12-17 10:33:31,484 - pytest_runner - INFO - pytest finished with exit code 1
2025-12-17 10:33:31,484 - pytest_runner - INFO - pytest finished with exit code 1
2025-12-17 10:33:31,485 - pytest_runner - INFO - pytest finished with exit code 1
2025-12-17 10:33:31,485 - pytest_runner - INFO - pytest finished with exit code 1
2025-12-17 10:33:31,485 - pytest_runner - INFO - pytest finished with exit code 1
2025-12-17 10:33:31,486 - pytest_runner - INFO - pytest finished with exit code 1
2025-12-17 10:33:31,486 - pytest_runner - INFO - pytest finished with exit code 1
2025-12-17 10:33:31,486 - pytest_runner - INFO - pytest finished with exit code 1
2025-12-17 10:33:31,486 - pytest_runner - INFO - pytest finished with exit code 1
2025-12-17 10:33:31,486 - pytest_runner - INFO - pytest finished with exit code 1
2025-12-17 10:33:31,487 - pytest_runner - INFO - pytest finished with exit code 1
2025-12-17 10:33:31,487 - pytest_runner - INFO - pytest finished with exit code 1
2025-12-17 10:33:31,487 - pytest_runner - INFO - pytest finished with exit code 1
2025-12-17 10:33:31,487 - pytest_runner - INFO - pytest finished with exit code 1
2025-12-17 10:33:31,487 - pytest_runner - INFO - pytest finished with exit code 1
2025-12-17 10:33:31,488 - pytest_runner - INFO - pytest finished with exit code 1
2025-12-17 10:33:31,488 - pytest_runner - INFO - pytest finished with exit code 1
2025-12-17 10:33:31,488 - pytest_runner - INFO - pytest finished with exit code 1
2025-12-17 10:33:31,488 - pytest_runner - INFO - pytest finished with exit code 1
2025-12-17 10:33:31,488 - pytest_runner - INFO - pytest finished with exit code 1
2025-12-17 10:33:31,488 - pytest_runner - INFO - pytest finished with exit code 1
2025-12-17 10:33:31,488 - pytest_runner - INFO - pytest finished with exit code 1
2025-12-17 10:33:31,488 - pytest_runner - INFO - pytest finished with exit code 1
2025-12-17 10:33:31,488 - pytest_runner - INFO - pytest finished with exit code 1
2025-12-17 10:33:31,489 - pytest_runner - INFO - pytest finished with exit code 1
2025-12-17 10:33:31,489 - pytest_runner - INFO - pytest finished with exit code 1
2025-12-17 10:33:31,490 - pytest_runner - INFO - pytest finished with exit code 1
2025-12-17 10:33:31,490 - pytest_runner - INFO - pytest finished with exit code 1
2025-12-17 10:33:31,490 - pytest_runner - INFO - pytest finished with exit code 1
2025-12-17 10:33:31,490 - pytest_runner - INFO - pytest finished with exit code 1
2025-12-17 10:33:31,490 - pytest_runner - INFO - pytest finished with exit code 1
2025-12-17 10:33:31,490 - pytest_runner - INFO - pytest finished with exit code 1
2025-12-17 10:33:31,490 - pytest_runner - INFO - pytest finished with exit code 1
2025-12-17 10:33:31,491 - pytest_runner - INFO - pytest finished with exit code 1
2025-12-17 10:33:31,491 - pytest_runner - INFO - pytest finished with exit code 1
2025-12-17 10:33:31,491 - pytest_runner - INFO - pytest finished with exit code 1
2025-12-17 10:33:31,491 - pytest_runner - INFO - pytest finished with exit code 1
2025-12-17 10:33:31,491 - pytest_runner - INFO - pytest finished with exit code 1
2025-12-17 10:33:31,491 - pytest_runner - INFO - pytest finished with exit code 1
2025-12-17 10:33:31,492 - pytest_runner - INFO - pytest finished with exit code 1
2025-12-17 10:33:31,492 - pytest_runner - INFO - pytest finished with exit code 1
2025-12-17 10:33:31,492 - pytest_runner - INFO - pytest finished with exit code 1
2025-12-17 10:33:31,493 - pytest_runner - INFO - pytest finished with exit code 1
2025-12-17 10:33:31,493 - pytest_runner - INFO - pytest finished with exit code 1
2025-12-17 10:33:31,493 - pytest_runner - INFO - pytest finished with exit code 1
2025-12-17 10:33:31,493 - pytest_runner - INFO - pytest finished with exit code 1
2025-12-17 10:33:31,493 - pytest_runner - INFO - pytest finished with exit code 1
2025-12-17 10:33:31,493 - pytest_runner - INFO - pytest finished with exit code 1
2025-12-17 10:33:31,493 - pytest_runner - INFO - pytest finished with exit code 1
2025-12-17 10:33:31,493 - pytest_runner - INFO - pytest finished with exit code 1
2025-12-17 10:33:31,493 - pytest_runner - INFO - pytest finished with exit code 1
2025-12-17 10:33:31,494 - pytest_runner - INFO - pytest finished with exit code 1
2025-12-17 10:33:31,494 - pytest_runner - INFO - pytest finished with exit code 1
2025-12-17 10:33:31,494 - pytest_runner - INFO - pytest finished with exit code 1
2025-12-17 10:33:31,495 - pytest_runner - INFO - pytest finished with exit code 1
2025-12-17 10:33:31,495 - pytest_runner - INFO - pytest finished with exit code 1
2025-12-17 10:33:31,495 - pytest_runner - INFO - pytest finished with exit code 1
2025-12-17 10:33:31,495 - pytest_runner - INFO - pytest finished with exit code 1
2025-12-17 10:33:31,495 - pytest_runner - INFO - pytest finished with exit code 1
2025-12-17 10:33:31,495 - pytest_runner - INFO - pytest finished with exit code 1
2025-12-17 10:33:31,495 - pytest_runner - INFO - pytest finished with exit code 1
2025-12-17 10:33:31,495 - pytest_runner - INFO - pytest finished with exit code 1
2025-12-17 10:33:31,495 - pytest_runner - INFO - pytest finished with exit code 1
2025-12-17 10:33:31,495 - pytest_runner - INFO - pytest finished with exit code 1
2025-12-17 10:33:31,496 - pytest_runner - INFO - pytest finished with exit code 1
2025-12-17 10:33:31,496 - pytest_runner - INFO - pytest finished with exit code 1
2025-12-17 10:33:31,496 - pytest_runner - INFO - pytest finished with exit code 1
2025-12-17 10:33:31,496 - pytest_runner - INFO - pytest finished with exit code 1
2025-12-17 10:33:31,496 - pytest_runner - INFO - pytest finished with exit code 1
2025-12-17 10:33:31,496 - pytest_runner - INFO - pytest finished with exit code 1
2025-12-17 10:33:31,497 - pytest_runner - INFO - pytest finished with exit code 1
2025-12-17 10:33:31,497 - pytest_runner - INFO - pytest finished with exit code 1
2025-12-17 10:33:31,497 - pytest_runner - INFO - pytest finished with exit code 1
2025-12-17 10:33:31,497 - pytest_runner - INFO - pytest finished with exit code 1
2025-12-17 10:33:31,497 - pytest_runner - INFO - pytest finished with exit code 1
2025-12-17 10:33:31,497 - pytest_runner - INFO - pytest finished with exit code 1
2025-12-17 10:33:31,497 - pytest_runner - INFO - pytest finished with exit code 1
2025-12-17 10:33:31,498 - pytest_runner - INFO - pytest finished with exit code 1
2025-12-17 10:33:31,498 - pytest_runner - INFO - pytest finished with exit code 1
2025-12-17 10:33:31,498 - pytest_runner - INFO - pytest finished with exit code 1
2025-12-17 10:33:31,498 - pytest_runner - INFO - pytest finished with exit code 1
2025-12-17 10:33:31,498 - pytest_runner - INFO - pytest finished with exit code 1
2025-12-17 10:33:31,498 - pytest_runner - INFO - pytest finished with exit code 1
2025-12-17 10:33:31,498 - pytest_runner - INFO - pytest finished with exit code 1
2025-12-17 10:33:31,500 - pytest_runner - INFO - pytest finished with exit code 1
2025-12-17 10:33:31,500 - pytest_runner - INFO - pytest finished with exit code 1
2025-12-17 10:33:31,500 - pytest_runner - INFO - pytest finished with exit code 1
2025-12-17 10:33:36,634 - pytest_runner - INFO - pytest.py starting with args: ['tests/test_gmail_widget.py', '-v']
2025-12-17 10:33:36,637 - pytest_runner - INFO - pytest.py starting with args: ['tests/test_gmail_widget.py', '-v']
2025-12-17 10:33:36,640 - pytest_runner - INFO - pytest.py starting with args: ['tests/test_gmail_widget.py', '-v']
2025-12-17 10:33:36,643 - pytest_runner - INFO - pytest.py starting with args: ['tests/test_gmail_widget.py', '-v']
2025-12-17 10:33:36,646 - pytest_runner - INFO - pytest.py starting with args: ['tests/test_gmail_widget.py', '-v']
2025-12-17 10:33:36,649 - pytest_runner - INFO - pytest.py starting with args: ['tests/test_gmail_widget.py', '-v']
2025-12-17 10:33:36,651 - pytest_runner - INFO - pytest.py starting with args: ['tests/test_gmail_widget.py', '-v']
2025-12-17 10:33:36,654 - pytest_runner - INFO - pytest.py starting with args: ['tests/test_gmail_widget.py', '-v']
2025-12-17 10:33:36,657 - pytest_runner - INFO - pytest.py starting with args: ['tests/test_gmail_widget.py', '-v']
2025-12-17 10:33:36,660 - pytest_runner - INFO - pytest.py starting with args: ['tests/test_gmail_widget.py', '-v']
2025-12-17 10:33:36,663 - pytest_runner - INFO - pytest.py starting with args: ['tests/test_gmail_widget.py', '-v']
2025-12-17 10:33:36,665 - pytest_runner - INFO - pytest.py starting with args: ['tests/test_gmail_widget.py', '-v']
2025-12-17 10:33:36,668 - pytest_runner - INFO - pytest.py starting with args: ['tests/test_gmail_widget.py', '-v']
2025-12-17 10:33:36,671 - pytest_runner - INFO - pytest.py starting with args: ['tests/test_gmail_widget.py', '-v']
2025-12-17 10:33:36,673 - pytest_runner - INFO - pytest.py starting with args: ['tests/test_gmail_widget.py', '-v']
2025-12-17 10:33:36,677 - pytest_runner - INFO - pytest.py starting with args: ['tests/test_gmail_widget.py', '-v']
2025-12-17 10:33:36,680 - pytest_runner - INFO - pytest.py starting with args: ['tests/test_gmail_widget.py', '-v']
2025-12-17 10:33:36,682 - pytest_runner - INFO - pytest.py starting with args: ['tests/test_gmail_widget.py', '-v']
2025-12-17 10:33:36,684 - pytest_runner - INFO - pytest.py starting with args: ['tests/test_gmail_widget.py', '-v']
2025-12-17 10:33:36,687 - pytest_runner - INFO - pytest.py starting with args: ['tests/test_gmail_widget.py', '-v']
2025-12-17 10:33:36,691 - pytest_runner - INFO - pytest.py starting with args: ['tests/test_gmail_widget.py', '-v']
2025-12-17 10:33:36,693 - pytest_runner - INFO - pytest.py starting with args: ['tests/test_gmail_widget.py', '-v']
2025-12-17 10:33:36,697 - pytest_runner - INFO - pytest.py starting with args: ['tests/test_gmail_widget.py', '-v']
2025-12-17 10:33:36,700 - pytest_runner - INFO - pytest.py starting with args: ['tests/test_gmail_widget.py', '-v']
2025-12-17 10:33:36,702 - pytest_runner - INFO - pytest.py starting with args: ['tests/test_gmail_widget.py', '-v']
2025-12-17 10:33:36,706 - pytest_runner - INFO - pytest.py starting with args: ['tests/test_gmail_widget.py', '-v']
2025-12-17 10:33:36,715 - pytest_runner - INFO - pytest.py starting with args: ['tests/test_gmail_widget.py', '-v']
2025-12-17 10:33:36,718 - pytest_runner - INFO - pytest.py starting with args: ['tests/test_gmail_widget.py', '-v']
2025-12-17 10:33:36,722 - pytest_runner - INFO - pytest.py starting with args: ['tests/test_gmail_widget.py', '-v']
2025-12-17 10:33:36,725 - pytest_runner - INFO - pytest.py starting with args: ['tests/test_gmail_widget.py', '-v']
2025-12-17 10:33:36,728 - pytest_runner - INFO - pytest.py starting with args: ['tests/test_gmail_widget.py', '-v']
2025-12-17 10:33:36,731 - pytest_runner - INFO - pytest.py starting with args: ['tests/test_gmail_widget.py', '-v']
2025-12-17 10:33:36,734 - pytest_runner - INFO - pytest.py starting with args: ['tests/test_gmail_widget.py', '-v']
2025-12-17 10:33:36,737 - pytest_runner - INFO - pytest.py starting with args: ['tests/test_gmail_widget.py', '-v']
2025-12-17 10:33:36,740 - pytest_runner - INFO - pytest.py starting with args: ['tests/test_gmail_widget.py', '-v']
2025-12-17 10:33:36,743 - pytest_runner - INFO - pytest.py starting with args: ['tests/test_gmail_widget.py', '-v']
2025-12-17 10:33:36,746 - pytest_runner - INFO - pytest.py starting with args: ['tests/test_gmail_widget.py', '-v']
2025-12-17 10:33:36,750 - pytest_runner - INFO - pytest.py starting with args: ['tests/test_gmail_widget.py', '-v']
2025-12-17 10:33:36,754 - pytest_runner - INFO - pytest.py starting with args: ['tests/test_gmail_widget.py', '-v']
2025-12-17 10:33:36,759 - pytest_runner - INFO - pytest.py starting with args: ['tests/test_gmail_widget.py', '-v']
2025-12-17 10:33:36,762 - pytest_runner - INFO - pytest.py starting with args: ['tests/test_gmail_widget.py', '-v']
2025-12-17 10:33:36,766 - pytest_runner - INFO - pytest.py starting with args: ['tests/test_gmail_widget.py', '-v']
2025-12-17 10:33:36,769 - pytest_runner - INFO - pytest.py starting with args: ['tests/test_gmail_widget.py', '-v']
2025-12-17 10:33:36,772 - pytest_runner - INFO - pytest.py starting with args: ['tests/test_gmail_widget.py', '-v']
2025-12-17 10:33:36,775 - pytest_runner - INFO - pytest.py starting with args: ['tests/test_gmail_widget.py', '-v']
2025-12-17 10:33:36,778 - pytest_runner - INFO - pytest.py starting with args: ['tests/test_gmail_widget.py', '-v']
2025-12-17 10:33:36,780 - pytest_runner - INFO - pytest.py starting with args: ['tests/test_gmail_widget.py', '-v']
2025-12-17 10:33:36,783 - pytest_runner - INFO - pytest.py starting with args: ['tests/test_gmail_widget.py', '-v']
2025-12-17 10:33:36,786 - pytest_runner - INFO - pytest.py starting with args: ['tests/test_gmail_widget.py', '-v']
2025-12-17 10:33:36,788 - pytest_runner - INFO - pytest.py starting with args: ['tests/test_gmail_widget.py', '-v']
2025-12-17 10:33:36,792 - pytest_runner - INFO - pytest.py starting with args: ['tests/test_gmail_widget.py', '-v']
2025-12-17 10:33:36,794 - pytest_runner - INFO - pytest.py starting with args: ['tests/test_gmail_widget.py', '-v']
2025-12-17 10:33:36,797 - pytest_runner - INFO - pytest.py starting with args: ['tests/test_gmail_widget.py', '-v']
2025-12-17 10:33:36,801 - pytest_runner - INFO - pytest.py starting with args: ['tests/test_gmail_widget.py', '-v']
2025-12-17 10:33:36,804 - pytest_runner - INFO - pytest.py starting with args: ['tests/test_gmail_widget.py', '-v']
2025-12-17 10:33:36,808 - pytest_runner - INFO - pytest.py starting with args: ['tests/test_gmail_widget.py', '-v']
2025-12-17 10:33:36,812 - pytest_runner - INFO - pytest.py starting with args: ['tests/test_gmail_widget.py', '-v']
2025-12-17 10:33:36,816 - pytest_runner - INFO - pytest.py starting with args: ['tests/test_gmail_widget.py', '-v']
2025-12-17 10:33:36,820 - pytest_runner - INFO - pytest.py starting with args: ['tests/test_gmail_widget.py', '-v']
2025-12-17 10:33:36,823 - pytest_runner - INFO - pytest.py starting with args: ['tests/test_gmail_widget.py', '-v']
2025-12-17 10:33:36,827 - pytest_runner - INFO - pytest.py starting with args: ['tests/test_gmail_widget.py', '-v']
2025-12-17 10:33:36,830 - pytest_runner - INFO - pytest.py starting with args: ['tests/test_gmail_widget.py', '-v']
2025-12-17 10:33:36,833 - pytest_runner - INFO - pytest.py starting with args: ['tests/test_gmail_widget.py', '-v']
2025-12-17 10:33:36,836 - pytest_runner - INFO - pytest.py starting with args: ['tests/test_gmail_widget.py', '-v']
2025-12-17 10:33:36,838 - pytest_runner - INFO - pytest.py starting with args: ['tests/test_gmail_widget.py', '-v']
2025-12-17 10:33:36,842 - pytest_runner - INFO - pytest.py starting with args: ['tests/test_gmail_widget.py', '-v']
2025-12-17 10:33:36,844 - pytest_runner - INFO - pytest.py starting with args: ['tests/test_gmail_widget.py', '-v']
2025-12-17 10:33:36,847 - pytest_runner - INFO - pytest.py starting with args: ['tests/test_gmail_widget.py', '-v']
2025-12-17 10:33:36,850 - pytest_runner - INFO - pytest.py starting with args: ['tests/test_gmail_widget.py', '-v']
2025-12-17 10:33:36,853 - pytest_runner - INFO - pytest.py starting with args: ['tests/test_gmail_widget.py', '-v']
2025-12-17 10:33:36,855 - pytest_runner - INFO - pytest.py starting with args: ['tests/test_gmail_widget.py', '-v']
2025-12-17 10:33:36,858 - pytest_runner - INFO - pytest.py starting with args: ['tests/test_gmail_widget.py', '-v']
2025-12-17 10:33:36,861 - pytest_runner - INFO - pytest.py starting with args: ['tests/test_gmail_widget.py', '-v']
2025-12-17 10:33:36,865 - pytest_runner - INFO - pytest.py starting with args: ['tests/test_gmail_widget.py', '-v']
2025-12-17 10:33:36,868 - pytest_runner - INFO - pytest.py starting with args: ['tests/test_gmail_widget.py', '-v']
2025-12-17 10:33:36,871 - pytest_runner - INFO - pytest.py starting with args: ['tests/test_gmail_widget.py', '-v']
2025-12-17 10:33:36,874 - pytest_runner - INFO - pytest.py starting with args: ['tests/test_gmail_widget.py', '-v']
2025-12-17 10:33:36,879 - pytest_runner - INFO - pytest.py starting with args: ['tests/test_gmail_widget.py', '-v']
2025-12-17 10:33:36,883 - pytest_runner - INFO - pytest.py starting with args: ['tests/test_gmail_widget.py', '-v']
2025-12-17 10:33:36,886 - pytest_runner - INFO - pytest.py starting with args: ['tests/test_gmail_widget.py', '-v']
2025-12-17 10:33:36,890 - pytest_runner - INFO - pytest.py starting with args: ['tests/test_gmail_widget.py', '-v']
2025-12-17 10:33:36,893 - pytest_runner - INFO - pytest.py starting with args: ['tests/test_gmail_widget.py', '-v']
2025-12-17 10:33:36,896 - pytest_runner - INFO - pytest.py starting with args: ['tests/test_gmail_widget.py', '-v']
2025-12-17 10:33:36,899 - pytest_runner - INFO - pytest.py starting with args: ['tests/test_gmail_widget.py', '-v']
2025-12-17 10:33:36,902 - pytest_runner - INFO - pytest.py starting with args: ['tests/test_gmail_widget.py', '-v']
2025-12-17 10:33:36,905 - pytest_runner - INFO - pytest.py starting with args: ['tests/test_gmail_widget.py', '-v']
2025-12-17 10:33:36,908 - pytest_runner - INFO - pytest.py starting with args: ['tests/test_gmail_widget.py', '-v']
2025-12-17 10:33:36,911 - pytest_runner - INFO - pytest.py starting with args: ['tests/test_gmail_widget.py', '-v']
2025-12-17 10:33:36,913 - pytest_runner - INFO - pytest.py starting with args: ['tests/test_gmail_widget.py', '-v']
2025-12-17 10:33:36,917 - pytest_runner - INFO - pytest.py starting with args: ['tests/test_gmail_widget.py', '-v']
2025-12-17 10:33:36,920 - pytest_runner - INFO - pytest.py starting with args: ['tests/test_gmail_widget.py', '-v']
2025-12-17 10:33:36,923 - pytest_runner - INFO - pytest.py starting with args: ['tests/test_gmail_widget.py', '-v']
2025-12-17 10:33:36,924 - pytest_runner - INFO - pytest.py starting with args: ['tests/test_gmail_widget.py', '-v']
2025-12-17 10:33:36,928 - pytest_runner - INFO - pytest.py starting with args: ['tests/test_gmail_widget.py', '-v']
2025-12-17 10:33:36,930 - pytest_runner - INFO - pytest.py starting with args: ['tests/test_gmail_widget.py', '-v']
2025-12-17 10:33:36,934 - pytest_runner - INFO - pytest.py starting with args: ['tests/test_gmail_widget.py', '-v']
2025-12-17 10:33:36,938 - pytest_runner - INFO - pytest.py starting with args: ['tests/test_gmail_widget.py', '-v']
2025-12-17 10:33:36,941 - pytest_runner - INFO - pytest.py starting with args: ['tests/test_gmail_widget.py', '-v']
2025-12-17 10:33:36,944 - pytest_runner - INFO - pytest.py starting with args: ['tests/test_gmail_widget.py', '-v']
2025-12-17 10:33:36,947 - pytest_runner - INFO - pytest.py starting with args: ['tests/test_gmail_widget.py', '-v']
2025-12-17 10:33:36,949 - pytest_runner - INFO - pytest.py starting with args: ['tests/test_gmail_widget.py', '-v']
2025-12-17 10:33:36,952 - pytest_runner - INFO - pytest.py starting with args: ['tests/test_gmail_widget.py', '-v']
2025-12-17 10:33:36,954 - pytest_runner - INFO - pytest.py starting with args: ['tests/test_gmail_widget.py', '-v']
2025-12-17 10:33:36,957 - pytest_runner - INFO - pytest.py starting with args: ['tests/test_gmail_widget.py', '-v']
2025-12-17 10:33:36,959 - pytest_runner - INFO - pytest.py starting with args: ['tests/test_gmail_widget.py', '-v']
2025-12-17 10:33:36,962 - pytest_runner - INFO - pytest.py starting with args: ['tests/test_gmail_widget.py', '-v']
2025-12-17 10:33:36,965 - pytest_runner - INFO - pytest.py starting with args: ['tests/test_gmail_widget.py', '-v']
2025-12-17 10:33:36,968 - pytest_runner - INFO - pytest.py starting with args: ['tests/test_gmail_widget.py', '-v']
2025-12-17 10:33:36,970 - pytest_runner - INFO - pytest.py starting with args: ['tests/test_gmail_widget.py', '-v']
2025-12-17 10:33:36,973 - pytest_runner - INFO - pytest.py starting with args: ['tests/test_gmail_widget.py', '-v']
2025-12-17 10:33:36,976 - pytest_runner - INFO - pytest.py starting with args: ['tests/test_gmail_widget.py', '-v']
2025-12-17 10:33:36,979 - pytest_runner - INFO - pytest.py starting with args: ['tests/test_gmail_widget.py', '-v']
2025-12-17 10:33:36,983 - pytest_runner - INFO - pytest.py starting with args: ['tests/test_gmail_widget.py', '-v']
2025-12-17 10:33:36,984 - pytest_runner - INFO - pytest.py starting with args: ['tests/test_gmail_widget.py', '-v']
2025-12-17 10:33:36,988 - pytest_runner - INFO - pytest.py starting with args: ['tests/test_gmail_widget.py', '-v']
2025-12-17 10:33:36,991 - pytest_runner - INFO - pytest.py starting with args: ['tests/test_gmail_widget.py', '-v']
2025-12-17 10:33:36,994 - pytest_runner - INFO - pytest.py starting with args: ['tests/test_gmail_widget.py', '-v']
2025-12-17 10:33:36,997 - pytest_runner - INFO - pytest.py starting with args: ['tests/test_gmail_widget.py', '-v']
2025-12-17 10:33:37,000 - pytest_runner - INFO - pytest.py starting with args: ['tests/test_gmail_widget.py', '-v']
2025-12-17 10:33:37,003 - pytest_runner - INFO - pytest.py starting with args: ['tests/test_gmail_widget.py', '-v']
2025-12-17 10:33:37,005 - pytest_runner - INFO - pytest.py starting with args: ['tests/test_gmail_widget.py', '-v']
2025-12-17 10:33:37,007 - pytest_runner - INFO - pytest.py starting with args: ['tests/test_gmail_widget.py', '-v']
2025-12-17 10:33:37,011 - pytest_runner - INFO - pytest.py starting with args: ['tests/test_gmail_widget.py', '-v']
2025-12-17 10:33:37,013 - pytest_runner - INFO - pytest.py starting with args: ['tests/test_gmail_widget.py', '-v']
2025-12-17 10:33:37,016 - pytest_runner - INFO - pytest.py starting with args: ['tests/test_gmail_widget.py', '-v']
2025-12-17 10:33:37,019 - pytest_runner - INFO - pytest.py starting with args: ['tests/test_gmail_widget.py', '-v']
2025-12-17 10:33:37,021 - pytest_runner - INFO - pytest.py starting with args: ['tests/test_gmail_widget.py', '-v']
2025-12-17 10:33:37,024 - pytest_runner - INFO - pytest.py starting with args: ['tests/test_gmail_widget.py', '-v']
2025-12-17 10:33:37,027 - pytest_runner - INFO - pytest.py starting with args: ['tests/test_gmail_widget.py', '-v']
2025-12-17 10:33:37,029 - pytest_runner - INFO - pytest.py starting with args: ['tests/test_gmail_widget.py', '-v']
2025-12-17 10:33:37,032 - pytest_runner - INFO - pytest.py starting with args: ['tests/test_gmail_widget.py', '-v']
2025-12-17 10:33:37,036 - pytest_runner - INFO - pytest.py starting with args: ['tests/test_gmail_widget.py', '-v']
2025-12-17 10:33:37,038 - pytest_runner - INFO - pytest.py starting with args: ['tests/test_gmail_widget.py', '-v']
2025-12-17 10:33:37,041 - pytest_runner - INFO - pytest.py starting with args: ['tests/test_gmail_widget.py', '-v']
2025-12-17 10:33:37,044 - pytest_runner - INFO - pytest.py starting with args: ['tests/test_gmail_widget.py', '-v']
2025-12-17 10:33:37,046 - pytest_runner - INFO - pytest.py starting with args: ['tests/test_gmail_widget.py', '-v']
2025-12-17 10:33:37,049 - pytest_runner - INFO - pytest.py starting with args: ['tests/test_gmail_widget.py', '-v']
2025-12-17 10:33:37,052 - pytest_runner - INFO - pytest.py starting with args: ['tests/test_gmail_widget.py', '-v']
2025-12-17 10:33:37,055 - pytest_runner - INFO - pytest.py starting with args: ['tests/test_gmail_widget.py', '-v']
2025-12-17 10:33:37,057 - pytest_runner - INFO - pytest.py starting with args: ['tests/test_gmail_widget.py', '-v']
2025-12-17 10:33:37,060 - pytest_runner - INFO - pytest.py starting with args: ['tests/test_gmail_widget.py', '-v']
2025-12-17 10:33:37,063 - pytest_runner - INFO - pytest.py starting with args: ['tests/test_gmail_widget.py', '-v']
2025-12-17 10:33:37,066 - pytest_runner - INFO - pytest.py starting with args: ['tests/test_gmail_widget.py', '-v']
2025-12-17 10:33:37,069 - pytest_runner - INFO - pytest.py starting with args: ['tests/test_gmail_widget.py', '-v']
2025-12-17 10:33:37,072 - pytest_runner - INFO - pytest.py starting with args: ['tests/test_gmail_widget.py', '-v']
2025-12-17 10:33:37,075 - pytest_runner - INFO - pytest.py starting with args: ['tests/test_gmail_widget.py', '-v']
2025-12-17 10:33:37,078 - pytest_runner - INFO - pytest.py starting with args: ['tests/test_gmail_widget.py', '-v']
2025-12-17 10:33:37,081 - pytest_runner - INFO - pytest.py starting with args: ['tests/test_gmail_widget.py', '-v']
2025-12-17 10:33:37,083 - pytest_runner - INFO - pytest.py starting with args: ['tests/test_gmail_widget.py', '-v']
2025-12-17 10:33:37,086 - pytest_runner - INFO - pytest.py starting with args: ['tests/test_gmail_widget.py', '-v']
2025-12-17 10:33:37,089 - pytest_runner - INFO - pytest.py starting with args: ['tests/test_gmail_widget.py', '-v']
2025-12-17 10:33:37,091 - pytest_runner - INFO - pytest.py starting with args: ['tests/test_gmail_widget.py', '-v']
2025-12-17 10:33:37,093 - pytest_runner - INFO - pytest.py starting with args: ['tests/test_gmail_widget.py', '-v']
2025-12-17 10:33:37,096 - pytest_runner - INFO - pytest.py starting with args: ['tests/test_gmail_widget.py', '-v']
2025-12-17 10:33:37,099 - pytest_runner - INFO - pytest.py starting with args: ['tests/test_gmail_widget.py', '-v']
2025-12-17 10:33:37,101 - pytest_runner - INFO - pytest.py starting with args: ['tests/test_gmail_widget.py', '-v']
2025-12-17 10:33:37,103 - pytest_runner - INFO - pytest.py starting with args: ['tests/test_gmail_widget.py', '-v']
2025-12-17 10:33:37,107 - pytest_runner - INFO - pytest.py starting with args: ['tests/test_gmail_widget.py', '-v']
2025-12-17 10:33:37,109 - pytest_runner - INFO - pytest.py starting with args: ['tests/test_gmail_widget.py', '-v']
2025-12-17 10:33:37,113 - pytest_runner - INFO - pytest.py starting with args: ['tests/test_gmail_widget.py', '-v']
2025-12-17 10:33:37,116 - pytest_runner - INFO - pytest.py starting with args: ['tests/test_gmail_widget.py', '-v']
2025-12-17 10:33:37,120 - pytest_runner - INFO - pytest.py starting with args: ['tests/test_gmail_widget.py', '-v']
2025-12-17 10:33:37,123 - pytest_runner - INFO - pytest.py starting with args: ['tests/test_gmail_widget.py', '-v']
2025-12-17 10:33:37,125 - pytest_runner - INFO - pytest.py starting with args: ['tests/test_gmail_widget.py', '-v']
2025-12-17 10:33:37,128 - pytest_runner - INFO - pytest.py starting with args: ['tests/test_gmail_widget.py', '-v']
2025-12-17 10:33:37,131 - pytest_runner - INFO - pytest.py starting with args: ['tests/test_gmail_widget.py', '-v']
2025-12-17 10:33:37,134 - pytest_runner - INFO - pytest.py starting with args: ['tests/test_gmail_widget.py', '-v']
2025-12-17 10:33:37,137 - pytest_runner - INFO - pytest.py starting with args: ['tests/test_gmail_widget.py', '-v']
2025-12-17 10:33:37,140 - pytest_runner - INFO - pytest.py starting with args: ['tests/test_gmail_widget.py', '-v']
2025-12-17 10:33:37,142 - pytest_runner - INFO - pytest.py starting with args: ['tests/test_gmail_widget.py', '-v']
2025-12-17 10:33:37,144 - pytest_runner - INFO - pytest.py starting with args: ['tests/test_gmail_widget.py', '-v']
2025-12-17 10:33:37,148 - pytest_runner - INFO - pytest.py starting with args: ['tests/test_gmail_widget.py', '-v']
2025-12-17 10:33:37,151 - pytest_runner - INFO - pytest.py starting with args: ['tests/test_gmail_widget.py', '-v']
2025-12-17 10:33:37,153 - pytest_runner - INFO - pytest.py starting with args: ['tests/test_gmail_widget.py', '-v']
2025-12-17 10:33:37,157 - pytest_runner - INFO - pytest.py starting with args: ['tests/test_gmail_widget.py', '-v']
2025-12-17 10:33:37,159 - pytest_runner - INFO - pytest.py starting with args: ['tests/test_gmail_widget.py', '-v']
2025-12-17 10:33:37,162 - pytest_runner - INFO - pytest.py starting with args: ['tests/test_gmail_widget.py', '-v']
2025-12-17 10:33:37,165 - pytest_runner - INFO - pytest.py starting with args: ['tests/test_gmail_widget.py', '-v']
2025-12-17 10:33:37,168 - pytest_runner - INFO - pytest.py starting with args: ['tests/test_gmail_widget.py', '-v']
2025-12-17 10:33:37,171 - pytest_runner - INFO - pytest.py starting with args: ['tests/test_gmail_widget.py', '-v']
2025-12-17 10:33:37,174 - pytest_runner - INFO - pytest.py starting with args: ['tests/test_gmail_widget.py', '-v']
2025-12-17 10:33:37,177 - pytest_runner - INFO - pytest.py starting with args: ['tests/test_gmail_widget.py', '-v']
2025-12-17 10:33:37,179 - pytest_runner - INFO - pytest.py starting with args: ['tests/test_gmail_widget.py', '-v']
2025-12-17 10:33:37,183 - pytest_runner - INFO - pytest.py starting with args: ['tests/test_gmail_widget.py', '-v']
2025-12-17 10:33:37,186 - pytest_runner - INFO - pytest.py starting with args: ['tests/test_gmail_widget.py', '-v']
2025-12-17 10:33:37,188 - pytest_runner - INFO - pytest.py starting with args: ['tests/test_gmail_widget.py', '-v']
2025-12-17 10:33:37,191 - pytest_runner - INFO - pytest.py starting with args: ['tests/test_gmail_widget.py', '-v']
2025-12-17 10:33:37,193 - pytest_runner - INFO - pytest.py starting with args: ['tests/test_gmail_widget.py', '-v']
2025-12-17 10:33:37,196 - pytest_runner - INFO - pytest.py starting with args: ['tests/test_gmail_widget.py', '-v']
2025-12-17 10:33:37,199 - pytest_runner - INFO - pytest.py starting with args: ['tests/test_gmail_widget.py', '-v']
2025-12-17 10:33:37,201 - pytest_runner - INFO - pytest.py starting with args: ['tests/test_gmail_widget.py', '-v']
2025-12-17 10:33:37,205 - pytest_runner - INFO - pytest.py starting with args: ['tests/test_gmail_widget.py', '-v']
2025-12-17 10:33:37,208 - pytest_runner - INFO - pytest.py starting with args: ['tests/test_gmail_widget.py', '-v']
2025-12-17 10:33:37,210 - pytest_runner - INFO - pytest.py starting with args: ['tests/test_gmail_widget.py', '-v']
2025-12-17 10:33:37,213 - pytest_runner - INFO - pytest.py starting with args: ['tests/test_gmail_widget.py', '-v']
2025-12-17 10:33:37,215 - pytest_runner - INFO - pytest.py starting with args: ['tests/test_gmail_widget.py', '-v']
2025-12-17 10:33:37,218 - pytest_runner - INFO - pytest.py starting with args: ['tests/test_gmail_widget.py', '-v']
2025-12-17 10:33:37,220 - pytest_runner - INFO - pytest.py starting with args: ['tests/test_gmail_widget.py', '-v']
2025-12-17 10:33:37,223 - pytest_runner - INFO - pytest.py starting with args: ['tests/test_gmail_widget.py', '-v']
2025-12-17 10:33:37,226 - pytest_runner - INFO - pytest.py starting with args: ['tests/test_gmail_widget.py', '-v']
2025-12-17 10:33:37,229 - pytest_runner - INFO - pytest.py starting with args: ['tests/test_gmail_widget.py', '-v']
2025-12-17 10:33:37,231 - pytest_runner - INFO - pytest.py starting with args: ['tests/test_gmail_widget.py', '-v']
2025-12-17 10:33:37,234 - pytest_runner - INFO - pytest.py starting with args: ['tests/test_gmail_widget.py', '-v']
2025-12-17 10:33:37,237 - pytest_runner - INFO - pytest.py starting with args: ['tests/test_gmail_widget.py', '-v']
2025-12-17 10:33:37,240 - pytest_runner - INFO - pytest.py starting with args: ['tests/test_gmail_widget.py', '-v']
2025-12-17 10:33:37,243 - pytest_runner - INFO - pytest.py starting with args: ['tests/test_gmail_widget.py', '-v']
2025-12-17 10:33:37,244 - pytest_runner - INFO - pytest.py starting with args: ['tests/test_gmail_widget.py', '-v']
2025-12-17 10:33:37,248 - pytest_runner - INFO - pytest.py starting with args: ['tests/test_gmail_widget.py', '-v']
2025-12-17 10:33:37,251 - pytest_runner - INFO - pytest.py starting with args: ['tests/test_gmail_widget.py', '-v']
2025-12-17 10:33:37,254 - pytest_runner - INFO - pytest.py starting with args: ['tests/test_gmail_widget.py', '-v']
2025-12-17 10:33:37,257 - pytest_runner - INFO - pytest.py starting with args: ['tests/test_gmail_widget.py', '-v']
2025-12-17 10:33:37,260 - pytest_runner - INFO - pytest.py starting with args: ['tests/test_gmail_widget.py', '-v']
2025-12-17 10:33:37,263 - pytest_runner - INFO - pytest.py starting with args: ['tests/test_gmail_widget.py', '-v']
2025-12-17 10:33:37,265 - pytest_runner - INFO - pytest.py starting with args: ['tests/test_gmail_widget.py', '-v']
2025-12-17 10:33:37,267 - pytest_runner - INFO - pytest.py starting with args: ['tests/test_gmail_widget.py', '-v']
2025-12-17 10:33:37,270 - pytest_runner - INFO - pytest.py starting with args: ['tests/test_gmail_widget.py', '-v']
2025-12-17 10:33:37,273 - pytest_runner - INFO - pytest.py starting with args: ['tests/test_gmail_widget.py', '-v']
2025-12-17 10:33:37,276 - pytest_runner - INFO - pytest.py starting with args: ['tests/test_gmail_widget.py', '-v']
2025-12-17 10:33:37,279 - pytest_runner - INFO - pytest.py starting with args: ['tests/test_gmail_widget.py', '-v']
2025-12-17 10:33:37,282 - pytest_runner - INFO - pytest.py starting with args: ['tests/test_gmail_widget.py', '-v']
2025-12-17 10:33:37,284 - pytest_runner - INFO - pytest.py starting with args: ['tests/test_gmail_widget.py', '-v']
2025-12-17 10:33:37,287 - pytest_runner - INFO - pytest.py starting with args: ['tests/test_gmail_widget.py', '-v']
2025-12-17 10:33:37,290 - pytest_runner - INFO - pytest.py starting with args: ['tests/test_gmail_widget.py', '-v']
2025-12-17 10:33:37,292 - pytest_runner - INFO - pytest.py starting with args: ['tests/test_gmail_widget.py', '-v']
2025-12-17 10:33:37,295 - pytest_runner - INFO - pytest.py starting with args: ['tests/test_gmail_widget.py', '-v']
2025-12-17 10:33:37,298 - pytest_runner - INFO - pytest.py starting with args: ['tests/test_gmail_widget.py', '-v']
2025-12-17 10:33:37,300 - pytest_runner - INFO - pytest.py starting with args: ['tests/test_gmail_widget.py', '-v']
2025-12-17 10:33:37,303 - pytest_runner - INFO - pytest.py starting with args: ['tests/test_gmail_widget.py', '-v']
2025-12-17 10:33:37,305 - pytest_runner - INFO - pytest.py starting with args: ['tests/test_gmail_widget.py', '-v']
2025-12-17 10:33:37,309 - pytest_runner - INFO - pytest.py starting with args: ['tests/test_gmail_widget.py', '-v']
2025-12-17 10:33:37,311 - pytest_runner - INFO - pytest.py starting with args: ['tests/test_gmail_widget.py', '-v']
2025-12-17 10:33:37,314 - pytest_runner - INFO - pytest.py starting with args: ['tests/test_gmail_widget.py', '-v']
2025-12-17 10:33:37,317 - pytest_runner - INFO - pytest.py starting with args: ['tests/test_gmail_widget.py', '-v']
2025-12-17 10:33:37,319 - pytest_runner - INFO - pytest.py starting with args: ['tests/test_gmail_widget.py', '-v']
2025-12-17 10:33:37,322 - pytest_runner - INFO - pytest.py starting with args: ['tests/test_gmail_widget.py', '-v']
2025-12-17 10:33:37,324 - pytest_runner - INFO - pytest.py starting with args: ['tests/test_gmail_widget.py', '-v']
2025-12-17 10:33:37,328 - pytest_runner - INFO - pytest.py starting with args: ['tests/test_gmail_widget.py', '-v']
2025-12-17 10:33:37,331 - pytest_runner - INFO - pytest.py starting with args: ['tests/test_gmail_widget.py', '-v']
2025-12-17 10:33:37,334 - pytest_runner - INFO - pytest.py starting with args: ['tests/test_gmail_widget.py', '-v']
2025-12-17 10:33:37,337 - pytest_runner - INFO - pytest.py starting with args: ['tests/test_gmail_widget.py', '-v']
2025-12-17 10:33:37,341 - pytest_runner - INFO - pytest.py starting with args: ['tests/test_gmail_widget.py', '-v']
2025-12-17 10:33:37,345 - pytest_runner - INFO - pytest.py starting with args: ['tests/test_gmail_widget.py', '-v']
2025-12-17 10:33:37,349 - pytest_runner - INFO - pytest.py starting with args: ['tests/test_gmail_widget.py', '-v']
2025-12-17 10:33:37,352 - pytest_runner - INFO - pytest.py starting with args: ['tests/test_gmail_widget.py', '-v']
2025-12-17 10:33:37,354 - pytest_runner - INFO - pytest.py starting with args: ['tests/test_gmail_widget.py', '-v']
2025-12-17 10:33:37,357 - pytest_runner - INFO - pytest.py starting with args: ['tests/test_gmail_widget.py', '-v']
2025-12-17 10:33:37,361 - pytest_runner - INFO - pytest.py starting with args: ['tests/test_gmail_widget.py', '-v']
2025-12-17 10:33:37,364 - pytest_runner - INFO - pytest.py starting with args: ['tests/test_gmail_widget.py', '-v']
2025-12-17 10:33:37,368 - pytest_runner - INFO - pytest.py starting with args: ['tests/test_gmail_widget.py', '-v']
2025-12-17 10:33:37,371 - pytest_runner - INFO - pytest.py starting with args: ['tests/test_gmail_widget.py', '-v']
2025-12-17 10:33:37,373 - pytest_runner - INFO - pytest.py starting with args: ['tests/test_gmail_widget.py', '-v']
2025-12-17 10:33:37,378 - pytest_runner - INFO - pytest.py starting with args: ['tests/test_gmail_widget.py', '-v']
2025-12-17 10:33:37,381 - pytest_runner - INFO - pytest.py starting with args: ['tests/test_gmail_widget.py', '-v']
2025-12-17 10:33:37,385 - pytest_runner - INFO - pytest.py starting with args: ['tests/test_gmail_widget.py', '-v']
2025-12-17 10:33:37,390 - pytest_runner - INFO - pytest.py starting with args: ['tests/test_gmail_widget.py', '-v']
2025-12-17 10:33:37,393 - pytest_runner - INFO - pytest.py starting with args: ['tests/test_gmail_widget.py', '-v']
2025-12-17 10:33:37,396 - pytest_runner - INFO - pytest.py starting with args: ['tests/test_gmail_widget.py', '-v']
2025-12-17 10:33:37,399 - pytest_runner - INFO - pytest.py starting with args: ['tests/test_gmail_widget.py', '-v']
2025-12-17 10:33:37,402 - pytest_runner - INFO - pytest.py starting with args: ['tests/test_gmail_widget.py', '-v']
2025-12-17 10:33:37,404 - pytest_runner - INFO - pytest.py starting with args: ['tests/test_gmail_widget.py', '-v']
2025-12-17 10:33:37,408 - pytest_runner - INFO - pytest.py starting with args: ['tests/test_gmail_widget.py', '-v']
2025-12-17 10:33:37,410 - pytest_runner - INFO - pytest.py starting with args: ['tests/test_gmail_widget.py', '-v']
2025-12-17 10:33:37,413 - pytest_runner - INFO - pytest.py starting with args: ['tests/test_gmail_widget.py', '-v']
2025-12-17 10:33:37,417 - pytest_runner - INFO - pytest.py starting with args: ['tests/test_gmail_widget.py', '-v']
2025-12-17 10:33:37,419 - pytest_runner - INFO - pytest.py starting with args: ['tests/test_gmail_widget.py', '-v']
2025-12-17 10:33:37,423 - pytest_runner - INFO - pytest.py starting with args: ['tests/test_gmail_widget.py', '-v']
2025-12-17 10:33:37,425 - pytest_runner - INFO - pytest.py starting with args: ['tests/test_gmail_widget.py', '-v']
2025-12-17 10:33:37,428 - pytest_runner - INFO - pytest.py starting with args: ['tests/test_gmail_widget.py', '-v']
2025-12-17 10:33:37,431 - pytest_runner - INFO - pytest.py starting with args: ['tests/test_gmail_widget.py', '-v']
2025-12-17 10:33:37,434 - pytest_runner - INFO - pytest.py starting with args: ['tests/test_gmail_widget.py', '-v']
2025-12-17 10:33:37,437 - pytest_runner - INFO - pytest.py starting with args: ['tests/test_gmail_widget.py', '-v']
2025-12-17 10:33:37,440 - pytest_runner - INFO - pytest.py starting with args: ['tests/test_gmail_widget.py', '-v']
2025-12-17 10:33:37,442 - pytest_runner - INFO - pytest.py starting with args: ['tests/test_gmail_widget.py', '-v']
2025-12-17 10:33:37,444 - pytest_runner - INFO - pytest.py starting with args: ['tests/test_gmail_widget.py', '-v']
2025-12-17 10:33:37,448 - pytest_runner - INFO - pytest.py starting with args: ['tests/test_gmail_widget.py', '-v']
2025-12-17 10:33:37,451 - pytest_runner - INFO - pytest.py starting with args: ['tests/test_gmail_widget.py', '-v']
2025-12-17 10:33:37,455 - pytest_runner - INFO - pytest.py starting with args: ['tests/test_gmail_widget.py', '-v']
2025-12-17 10:33:37,457 - pytest_runner - INFO - pytest.py starting with args: ['tests/test_gmail_widget.py', '-v']
2025-12-17 10:33:37,460 - pytest_runner - INFO - pytest.py starting with args: ['tests/test_gmail_widget.py', '-v']
2025-12-17 10:33:37,463 - pytest_runner - INFO - pytest.py starting with args: ['tests/test_gmail_widget.py', '-v']
2025-12-17 10:33:37,465 - pytest_runner - INFO - pytest.py starting with args: ['tests/test_gmail_widget.py', '-v']
2025-12-17 10:33:37,468 - pytest_runner - INFO - pytest.py starting with args: ['tests/test_gmail_widget.py', '-v']
2025-12-17 10:33:37,472 - pytest_runner - INFO - pytest.py starting with args: ['tests/test_gmail_widget.py', '-v']
2025-12-17 10:33:37,474 - pytest_runner - INFO - pytest.py starting with args: ['tests/test_gmail_widget.py', '-v']
2025-12-17 10:33:37,477 - pytest_runner - INFO - pytest.py starting with args: ['tests/test_gmail_widget.py', '-v']
2025-12-17 10:33:37,482 - pytest_runner - INFO - pytest.py starting with args: ['tests/test_gmail_widget.py', '-v']
2025-12-17 10:33:37,486 - pytest_runner - INFO - pytest.py starting with args: ['tests/test_gmail_widget.py', '-v']
2025-12-17 10:33:37,490 - pytest_runner - INFO - pytest.py starting with args: ['tests/test_gmail_widget.py', '-v']
2025-12-17 10:33:37,493 - pytest_runner - INFO - pytest.py starting with args: ['tests/test_gmail_widget.py', '-v']
2025-12-17 10:33:37,497 - pytest_runner - INFO - pytest.py starting with args: ['tests/test_gmail_widget.py', '-v']
2025-12-17 10:33:37,500 - pytest_runner - INFO - pytest.py starting with args: ['tests/test_gmail_widget.py', '-v']
2025-12-17 10:33:37,503 - pytest_runner - INFO - pytest.py starting with args: ['tests/test_gmail_widget.py', '-v']
2025-12-17 10:33:37,506 - pytest_runner - INFO - pytest.py starting with args: ['tests/test_gmail_widget.py', '-v']
2025-12-17 10:33:37,509 - pytest_runner - INFO - pytest.py starting with args: ['tests/test_gmail_widget.py', '-v']
2025-12-17 10:33:37,512 - pytest_runner - INFO - pytest.py starting with args: ['tests/test_gmail_widget.py', '-v']
2025-12-17 10:33:37,515 - pytest_runner - INFO - pytest.py starting with args: ['tests/test_gmail_widget.py', '-v']
2025-12-17 10:33:37,518 - pytest_runner - INFO - pytest.py starting with args: ['tests/test_gmail_widget.py', '-v']
2025-12-17 10:33:37,521 - pytest_runner - INFO - pytest.py starting with args: ['tests/test_gmail_widget.py', '-v']
2025-12-17 10:33:37,524 - pytest_runner - INFO - pytest.py starting with args: ['tests/test_gmail_widget.py', '-v']
2025-12-17 10:33:37,528 - pytest_runner - INFO - pytest.py starting with args: ['tests/test_gmail_widget.py', '-v']
2025-12-17 10:33:37,531 - pytest_runner - INFO - pytest.py starting with args: ['tests/test_gmail_widget.py', '-v']
2025-12-17 10:33:37,534 - pytest_runner - INFO - pytest.py starting with args: ['tests/test_gmail_widget.py', '-v']
2025-12-17 10:33:37,536 - pytest_runner - INFO - pytest.py starting with args: ['tests/test_gmail_widget.py', '-v']
2025-12-17 10:33:37,539 - pytest_runner - INFO - pytest.py starting with args: ['tests/test_gmail_widget.py', '-v']
2025-12-17 10:33:37,542 - pytest_runner - INFO - pytest.py starting with args: ['tests/test_gmail_widget.py', '-v']
2025-12-17 10:33:37,546 - pytest_runner - INFO - pytest.py starting with args: ['tests/test_gmail_widget.py', '-v']
2025-12-17 10:33:37,549 - pytest_runner - INFO - pytest.py starting with args: ['tests/test_gmail_widget.py', '-v']
2025-12-17 10:33:37,552 - pytest_runner - INFO - pytest.py starting with args: ['tests/test_gmail_widget.py', '-v']
2025-12-17 10:33:37,554 - pytest_runner - INFO - pytest.py starting with args: ['tests/test_gmail_widget.py', '-v']
2025-12-17 10:33:37,557 - pytest_runner - INFO - pytest.py starting with args: ['tests/test_gmail_widget.py', '-v']
2025-12-17 10:33:37,559 - pytest_runner - INFO - pytest.py starting with args: ['tests/test_gmail_widget.py', '-v']
2025-12-17 10:33:37,563 - pytest_runner - INFO - pytest.py starting with args: ['tests/test_gmail_widget.py', '-v']
2025-12-17 10:33:37,565 - pytest_runner - INFO - pytest.py starting with args: ['tests/test_gmail_widget.py', '-v']
2025-12-17 10:33:37,568 - pytest_runner - INFO - pytest.py starting with args: ['tests/test_gmail_widget.py', '-v']
2025-12-17 10:33:37,571 - pytest_runner - INFO - pytest.py starting with args: ['tests/test_gmail_widget.py', '-v']
2025-12-17 10:33:37,574 - pytest_runner - INFO - pytest.py starting with args: ['tests/test_gmail_widget.py', '-v']
2025-12-17 10:33:37,578 - pytest_runner - INFO - pytest.py starting with args: ['tests/test_gmail_widget.py', '-v']
2025-12-17 10:33:37,580 - pytest_runner - INFO - pytest.py starting with args: ['tests/test_gmail_widget.py', '-v']
2025-12-17 10:33:37,584 - pytest_runner - INFO - pytest.py starting with args: ['tests/test_gmail_widget.py', '-v']
2025-12-17 10:33:37,587 - pytest_runner - INFO - pytest.py starting with args: ['tests/test_gmail_widget.py', '-v']
2025-12-17 10:33:37,591 - pytest_runner - INFO - pytest.py starting with args: ['tests/test_gmail_widget.py', '-v']
2025-12-17 10:33:37,594 - pytest_runner - INFO - pytest.py starting with args: ['tests/test_gmail_widget.py', '-v']
2025-12-17 10:33:37,598 - pytest_runner - INFO - pytest.py starting with args: ['tests/test_gmail_widget.py', '-v']
2025-12-17 10:33:37,601 - pytest_runner - INFO - pytest.py starting with args: ['tests/test_gmail_widget.py', '-v']
2025-12-17 10:33:37,604 - pytest_runner - INFO - pytest.py starting with args: ['tests/test_gmail_widget.py', '-v']
2025-12-17 10:33:37,607 - pytest_runner - INFO - pytest.py starting with args: ['tests/test_gmail_widget.py', '-v']
2025-12-17 10:33:37,610 - pytest_runner - INFO - pytest.py starting with args: ['tests/test_gmail_widget.py', '-v']
2025-12-17 10:33:37,613 - pytest_runner - INFO - pytest.py starting with args: ['tests/test_gmail_widget.py', '-v']
2025-12-17 10:33:37,615 - pytest_runner - INFO - pytest.py starting with args: ['tests/test_gmail_widget.py', '-v']
2025-12-17 10:33:37,618 - pytest_runner - INFO - pytest.py starting with args: ['tests/test_gmail_widget.py', '-v']
2025-12-17 10:33:37,621 - pytest_runner - INFO - pytest.py starting with args: ['tests/test_gmail_widget.py', '-v']
2025-12-17 10:33:37,623 - pytest_runner - INFO - pytest.py starting with args: ['tests/test_gmail_widget.py', '-v']
2025-12-17 10:33:37,626 - pytest_runner - INFO - pytest.py starting with args: ['tests/test_gmail_widget.py', '-v']
2025-12-17 10:33:37,628 - pytest_runner - INFO - pytest.py starting with args: ['tests/test_gmail_widget.py', '-v']
2025-12-17 10:33:37,631 - pytest_runner - INFO - pytest.py starting with args: ['tests/test_gmail_widget.py', '-v']
2025-12-17 10:33:37,634 - pytest_runner - INFO - pytest.py starting with args: ['tests/test_gmail_widget.py', '-v']
2025-12-17 10:33:37,638 - pytest_runner - INFO - pytest.py starting with args: ['tests/test_gmail_widget.py', '-v']
2025-12-17 10:33:37,641 - pytest_runner - INFO - pytest.py starting with args: ['tests/test_gmail_widget.py', '-v']
2025-12-17 10:33:37,643 - pytest_runner - INFO - pytest.py starting with args: ['tests/test_gmail_widget.py', '-v']
2025-12-17 10:33:37,646 - pytest_runner - INFO - pytest.py starting with args: ['tests/test_gmail_widget.py', '-v']
2025-12-17 10:33:37,649 - pytest_runner - INFO - pytest.py starting with args: ['tests/test_gmail_widget.py', '-v']
2025-12-17 10:33:37,651 - pytest_runner - INFO - pytest.py starting with args: ['tests/test_gmail_widget.py', '-v']
2025-12-17 10:33:37,654 - pytest_runner - INFO - pytest.py starting with args: ['tests/test_gmail_widget.py', '-v']
2025-12-17 10:33:37,656 - pytest_runner - INFO - pytest.py starting with args: ['tests/test_gmail_widget.py', '-v']
2025-12-17 10:33:37,659 - pytest_runner - INFO - pytest.py starting with args: ['tests/test_gmail_widget.py', '-v']
2025-12-17 10:33:37,661 - pytest_runner - INFO - pytest.py starting with args: ['tests/test_gmail_widget.py', '-v']
2025-12-17 10:33:37,665 - pytest_runner - INFO - pytest.py starting with args: ['tests/test_gmail_widget.py', '-v']
2025-12-17 10:33:37,668 - pytest_runner - INFO - pytest.py starting with args: ['tests/test_gmail_widget.py', '-v']
2025-12-17 10:33:37,670 - pytest_runner - INFO - pytest.py starting with args: ['tests/test_gmail_widget.py', '-v']
2025-12-17 10:33:37,673 - pytest_runner - INFO - pytest.py starting with args: ['tests/test_gmail_widget.py', '-v']
2025-12-17 10:33:37,677 - pytest_runner - INFO - pytest.py starting with args: ['tests/test_gmail_widget.py', '-v']
2025-12-17 10:33:37,679 - pytest_runner - INFO - pytest.py starting with args: ['tests/test_gmail_widget.py', '-v']
2025-12-17 10:33:37,682 - pytest_runner - INFO - pytest.py starting with args: ['tests/test_gmail_widget.py', '-v']
2025-12-17 10:33:37,684 - pytest_runner - INFO - pytest.py starting with args: ['tests/test_gmail_widget.py', '-v']
2025-12-17 10:33:37,688 - pytest_runner - INFO - pytest.py starting with args: ['tests/test_gmail_widget.py', '-v']
2025-12-17 10:33:37,692 - pytest_runner - INFO - pytest.py starting with args: ['tests/test_gmail_widget.py', '-v']
2025-12-17 10:33:37,694 - pytest_runner - INFO - pytest.py starting with args: ['tests/test_gmail_widget.py', '-v']
2025-12-17 10:33:37,697 - pytest_runner - INFO - pytest.py starting with args: ['tests/test_gmail_widget.py', '-v']
2025-12-17 10:33:37,700 - pytest_runner - INFO - pytest.py starting with args: ['tests/test_gmail_widget.py', '-v']
2025-12-17 10:33:37,703 - pytest_runner - INFO - pytest.py starting with args: ['tests/test_gmail_widget.py', '-v']
2025-12-17 10:33:37,706 - pytest_runner - INFO - pytest.py starting with args: ['tests/test_gmail_widget.py', '-v']
2025-12-17 10:33:37,709 - pytest_runner - INFO - pytest.py starting with args: ['tests/test_gmail_widget.py', '-v']
2025-12-17 10:33:37,711 - pytest_runner - INFO - pytest.py starting with args: ['tests/test_gmail_widget.py', '-v']
2025-12-17 10:33:37,714 - pytest_runner - INFO - pytest.py starting with args: ['tests/test_gmail_widget.py', '-v']
2025-12-17 10:33:37,717 - pytest_runner - INFO - pytest.py starting with args: ['tests/test_gmail_widget.py', '-v']
2025-12-17 10:33:37,719 - pytest_runner - INFO - pytest.py starting with args: ['tests/test_gmail_widget.py', '-v']
2025-12-17 10:33:37,724 - pytest_runner - INFO - pytest.py starting with args: ['tests/test_gmail_widget.py', '-v']
2025-12-17 10:33:37,727 - pytest_runner - INFO - pytest.py starting with args: ['tests/test_gmail_widget.py', '-v']
2025-12-17 10:33:37,730 - pytest_runner - INFO - pytest.py starting with args: ['tests/test_gmail_widget.py', '-v']
2025-12-17 10:33:37,733 - pytest_runner - INFO - pytest.py starting with args: ['tests/test_gmail_widget.py', '-v']
2025-12-17 10:33:37,736 - pytest_runner - INFO - pytest.py starting with args: ['tests/test_gmail_widget.py', '-v']
2025-12-17 10:33:37,738 - pytest_runner - INFO - pytest.py starting with args: ['tests/test_gmail_widget.py', '-v']
2025-12-17 10:33:37,741 - pytest_runner - INFO - pytest.py starting with args: ['tests/test_gmail_widget.py', '-v']
2025-12-17 10:33:37,744 - pytest_runner - INFO - pytest.py starting with args: ['tests/test_gmail_widget.py', '-v']
2025-12-17 10:33:37,746 - pytest_runner - INFO - pytest.py starting with args: ['tests/test_gmail_widget.py', '-v']
2025-12-17 10:33:37,749 - pytest_runner - INFO - pytest.py starting with args: ['tests/test_gmail_widget.py', '-v']
2025-12-17 10:33:37,751 - pytest_runner - INFO - pytest.py starting with args: ['tests/test_gmail_widget.py', '-v']
2025-12-17 10:33:37,754 - pytest_runner - INFO - pytest.py starting with args: ['tests/test_gmail_widget.py', '-v']
2025-12-17 10:33:37,758 - pytest_runner - INFO - pytest.py starting with args: ['tests/test_gmail_widget.py', '-v']
2025-12-17 10:33:37,760 - pytest_runner - INFO - pytest.py starting with args: ['tests/test_gmail_widget.py', '-v']
2025-12-17 10:33:37,763 - pytest_runner - INFO - pytest.py starting with args: ['tests/test_gmail_widget.py', '-v']
2025-12-17 10:33:37,767 - pytest_runner - INFO - pytest.py starting with args: ['tests/test_gmail_widget.py', '-v']
2025-12-17 10:33:37,769 - pytest_runner - INFO - pytest.py starting with args: ['tests/test_gmail_widget.py', '-v']
2025-12-17 10:33:37,772 - pytest_runner - INFO - pytest.py starting with args: ['tests/test_gmail_widget.py', '-v']
2025-12-17 10:33:37,775 - pytest_runner - INFO - pytest.py starting with args: ['tests/test_gmail_widget.py', '-v']
2025-12-17 10:33:37,777 - pytest_runner - INFO - pytest.py starting with args: ['tests/test_gmail_widget.py', '-v']
2025-12-17 10:33:37,780 - pytest_runner - INFO - pytest.py starting with args: ['tests/test_gmail_widget.py', '-v']
2025-12-17 10:33:37,783 - pytest_runner - INFO - pytest.py starting with args: ['tests/test_gmail_widget.py', '-v']
2025-12-17 10:33:37,786 - pytest_runner - INFO - pytest.py starting with args: ['tests/test_gmail_widget.py', '-v']
2025-12-17 10:33:37,789 - pytest_runner - INFO - pytest.py starting with args: ['tests/test_gmail_widget.py', '-v']
2025-12-17 10:33:37,792 - pytest_runner - INFO - pytest.py starting with args: ['tests/test_gmail_widget.py', '-v']
2025-12-17 10:33:37,794 - pytest_runner - INFO - pytest.py starting with args: ['tests/test_gmail_widget.py', '-v']
2025-12-17 10:33:37,798 - pytest_runner - INFO - pytest.py starting with args: ['tests/test_gmail_widget.py', '-v']
2025-12-17 10:33:37,801 - pytest_runner - INFO - pytest.py starting with args: ['tests/test_gmail_widget.py', '-v']
2025-12-17 10:33:37,803 - pytest_runner - INFO - pytest.py starting with args: ['tests/test_gmail_widget.py', '-v']
2025-12-17 10:33:37,807 - pytest_runner - INFO - pytest.py starting with args: ['tests/test_gmail_widget.py', '-v']
2025-12-17 10:33:37,809 - pytest_runner - INFO - pytest.py starting with args: ['tests/test_gmail_widget.py', '-v']
2025-12-17 10:33:37,811 - pytest_runner - INFO - pytest.py starting with args: ['tests/test_gmail_widget.py', '-v']
2025-12-17 10:33:37,815 - pytest_runner - INFO - pytest.py starting with args: ['tests/test_gmail_widget.py', '-v']
2025-12-17 10:33:37,817 - pytest_runner - INFO - pytest.py starting with args: ['tests/test_gmail_widget.py', '-v']
2025-12-17 10:33:37,820 - pytest_runner - INFO - pytest.py starting with args: ['tests/test_gmail_widget.py', '-v']
2025-12-17 10:33:37,825 - pytest_runner - INFO - pytest.py starting with args: ['tests/test_gmail_widget.py', '-v']
2025-12-17 10:33:37,827 - pytest_runner - INFO - pytest.py starting with args: ['tests/test_gmail_widget.py', '-v']
2025-12-17 10:33:37,831 - pytest_runner - INFO - pytest.py starting with args: ['tests/test_gmail_widget.py', '-v']
2025-12-17 10:33:37,834 - pytest_runner - INFO - pytest.py starting with args: ['tests/test_gmail_widget.py', '-v']
2025-12-17 10:33:37,837 - pytest_runner - INFO - pytest.py starting with args: ['tests/test_gmail_widget.py', '-v']
2025-12-17 10:33:37,840 - pytest_runner - INFO - pytest.py starting with args: ['tests/test_gmail_widget.py', '-v']
2025-12-17 10:33:37,842 - pytest_runner - INFO - pytest.py starting with args: ['tests/test_gmail_widget.py', '-v']
2025-12-17 10:33:37,845 - pytest_runner - INFO - pytest.py starting with args: ['tests/test_gmail_widget.py', '-v']
2025-12-17 10:33:37,847 - pytest_runner - INFO - pytest.py starting with args: ['tests/test_gmail_widget.py', '-v']
2025-12-17 10:33:37,849 - pytest_runner - INFO - pytest.py starting with args: ['tests/test_gmail_widget.py', '-v']
2025-12-17 10:33:37,853 - pytest_runner - INFO - pytest.py starting with args: ['tests/test_gmail_widget.py', '-v']
2025-12-17 10:33:37,855 - pytest_runner - INFO - pytest.py starting with args: ['tests/test_gmail_widget.py', '-v']
2025-12-17 10:33:37,859 - pytest_runner - INFO - pytest.py starting with args: ['tests/test_gmail_widget.py', '-v']
2025-12-17 10:33:37,861 - pytest_runner - INFO - pytest.py starting with args: ['tests/test_gmail_widget.py', '-v']
2025-12-17 10:33:37,864 - pytest_runner - INFO - pytest.py starting with args: ['tests/test_gmail_widget.py', '-v']
2025-12-17 10:33:37,867 - pytest_runner - INFO - pytest.py starting with args: ['tests/test_gmail_widget.py', '-v']
2025-12-17 10:33:37,870 - pytest_runner - INFO - pytest.py starting with args: ['tests/test_gmail_widget.py', '-v']
2025-12-17 10:33:37,873 - pytest_runner - INFO - pytest.py starting with args: ['tests/test_gmail_widget.py', '-v']
2025-12-17 10:33:37,876 - pytest_runner - INFO - pytest.py starting with args: ['tests/test_gmail_widget.py', '-v']
2025-12-17 10:33:37,878 - pytest_runner - INFO - pytest.py starting with args: ['tests/test_gmail_widget.py', '-v']
2025-12-17 10:33:37,880 - pytest_runner - INFO - pytest.py starting with args: ['tests/test_gmail_widget.py', '-v']
2025-12-17 10:33:37,883 - pytest_runner - INFO - pytest.py starting with args: ['tests/test_gmail_widget.py', '-v']
2025-12-17 10:33:37,887 - pytest_runner - INFO - pytest.py starting with args: ['tests/test_gmail_widget.py', '-v']
2025-12-17 10:33:37,890 - pytest_runner - INFO - pytest.py starting with args: ['tests/test_gmail_widget.py', '-v']
2025-12-17 10:33:37,893 - pytest_runner - INFO - pytest.py starting with args: ['tests/test_gmail_widget.py', '-v']
2025-12-17 10:33:37,896 - pytest_runner - INFO - pytest.py starting with args: ['tests/test_gmail_widget.py', '-v']
2025-12-17 10:33:37,898 - pytest_runner - INFO - pytest.py starting with args: ['tests/test_gmail_widget.py', '-v']
2025-12-17 10:33:37,902 - pytest_runner - INFO - pytest.py starting with args: ['tests/test_gmail_widget.py', '-v']
2025-12-17 10:33:37,904 - pytest_runner - INFO - pytest.py starting with args: ['tests/test_gmail_widget.py', '-v']
2025-12-17 10:33:37,907 - pytest_runner - INFO - pytest.py starting with args: ['tests/test_gmail_widget.py', '-v']
2025-12-17 10:33:37,910 - pytest_runner - INFO - pytest.py starting with args: ['tests/test_gmail_widget.py', '-v']
2025-12-17 10:33:37,912 - pytest_runner - INFO - pytest.py starting with args: ['tests/test_gmail_widget.py', '-v']
2025-12-17 10:33:37,915 - pytest_runner - INFO - pytest.py starting with args: ['tests/test_gmail_widget.py', '-v']
2025-12-17 10:33:37,919 - pytest_runner - INFO - pytest.py starting with args: ['tests/test_gmail_widget.py', '-v']
2025-12-17 10:33:37,921 - pytest_runner - INFO - pytest.py starting with args: ['tests/test_gmail_widget.py', '-v']
2025-12-17 10:33:37,924 - pytest_runner - INFO - pytest.py starting with args: ['tests/test_gmail_widget.py', '-v']
2025-12-17 10:33:37,927 - pytest_runner - INFO - pytest.py starting with args: ['tests/test_gmail_widget.py', '-v']
2025-12-17 10:33:37,930 - pytest_runner - INFO - pytest.py starting with args: ['tests/test_gmail_widget.py', '-v']
2025-12-17 10:33:37,933 - pytest_runner - INFO - pytest.py starting with args: ['tests/test_gmail_widget.py', '-v']
2025-12-17 10:33:37,936 - pytest_runner - INFO - pytest.py starting with args: ['tests/test_gmail_widget.py', '-v']
2025-12-17 10:33:37,938 - pytest_runner - INFO - pytest.py starting with args: ['tests/test_gmail_widget.py', '-v']
2025-12-17 10:33:37,941 - pytest_runner - INFO - pytest.py starting with args: ['tests/test_gmail_widget.py', '-v']
2025-12-17 10:33:37,944 - pytest_runner - INFO - pytest.py starting with args: ['tests/test_gmail_widget.py', '-v']
2025-12-17 10:33:37,946 - pytest_runner - INFO - pytest.py starting with args: ['tests/test_gmail_widget.py', '-v']
2025-12-17 10:33:37,950 - pytest_runner - INFO - pytest.py starting with args: ['tests/test_gmail_widget.py', '-v']
2025-12-17 10:33:37,953 - pytest_runner - INFO - pytest.py starting with args: ['tests/test_gmail_widget.py', '-v']
2025-12-17 10:33:37,955 - pytest_runner - INFO - pytest.py starting with args: ['tests/test_gmail_widget.py', '-v']
2025-12-17 10:33:37,959 - pytest_runner - INFO - pytest.py starting with args: ['tests/test_gmail_widget.py', '-v']
2025-12-17 10:33:37,961 - pytest_runner - INFO - pytest.py starting with args: ['tests/test_gmail_widget.py', '-v']
2025-12-17 10:33:37,963 - pytest_runner - INFO - pytest.py starting with args: ['tests/test_gmail_widget.py', '-v']
2025-12-17 10:33:37,966 - pytest_runner - INFO - pytest.py starting with args: ['tests/test_gmail_widget.py', '-v']
2025-12-17 10:33:37,968 - pytest_runner - INFO - pytest.py starting with args: ['tests/test_gmail_widget.py', '-v']
2025-12-17 10:33:37,971 - pytest_runner - INFO - pytest.py starting with args: ['tests/test_gmail_widget.py', '-v']
2025-12-17 10:33:37,975 - pytest_runner - INFO - pytest.py starting with args: ['tests/test_gmail_widget.py', '-v']
2025-12-17 10:33:37,978 - pytest_runner - INFO - pytest.py starting with args: ['tests/test_gmail_widget.py', '-v']
2025-12-17 10:33:37,981 - pytest_runner - INFO - pytest.py starting with args: ['tests/test_gmail_widget.py', '-v']
2025-12-17 10:33:37,984 - pytest_runner - INFO - pytest.py starting with args: ['tests/test_gmail_widget.py', '-v']
2025-12-17 10:33:37,986 - pytest_runner - INFO - pytest.py starting with args: ['tests/test_gmail_widget.py', '-v']
2025-12-17 10:33:37,990 - pytest_runner - INFO - pytest.py starting with args: ['tests/test_gmail_widget.py', '-v']
2025-12-17 10:33:37,993 - pytest_runner - INFO - pytest.py starting with args: ['tests/test_gmail_widget.py', '-v']
2025-12-17 10:33:37,996 - pytest_runner - INFO - pytest.py starting with args: ['tests/test_gmail_widget.py', '-v']
2025-12-17 10:33:37,998 - pytest_runner - INFO - pytest.py starting with args: ['tests/test_gmail_widget.py', '-v']
2025-12-17 10:33:38,000 - pytest_runner - INFO - pytest.py starting with args: ['tests/test_gmail_widget.py', '-v']
2025-12-17 10:33:38,004 - pytest_runner - INFO - pytest.py starting with args: ['tests/test_gmail_widget.py', '-v']
2025-12-17 10:33:38,006 - pytest_runner - INFO - pytest.py starting with args: ['tests/test_gmail_widget.py', '-v']
2025-12-17 10:33:38,009 - pytest_runner - INFO - pytest.py starting with args: ['tests/test_gmail_widget.py', '-v']
2025-12-17 10:33:38,011 - pytest_runner - INFO - pytest.py starting with args: ['tests/test_gmail_widget.py', '-v']
2025-12-17 10:33:38,014 - pytest_runner - INFO - pytest.py starting with args: ['tests/test_gmail_widget.py', '-v']
2025-12-17 10:33:38,017 - pytest_runner - INFO - pytest.py starting with args: ['tests/test_gmail_widget.py', '-v']
2025-12-17 10:33:38,019 - pytest_runner - INFO - pytest.py starting with args: ['tests/test_gmail_widget.py', '-v']
2025-12-17 10:33:38,024 - pytest_runner - INFO - pytest.py starting with args: ['tests/test_gmail_widget.py', '-v']
2025-12-17 10:33:38,026 - pytest_runner - INFO - pytest.py starting with args: ['tests/test_gmail_widget.py', '-v']
2025-12-17 10:33:38,030 - pytest_runner - INFO - pytest.py starting with args: ['tests/test_gmail_widget.py', '-v']
2025-12-17 10:33:38,033 - pytest_runner - INFO - pytest.py starting with args: ['tests/test_gmail_widget.py', '-v']
2025-12-17 10:33:38,036 - pytest_runner - INFO - pytest.py starting with args: ['tests/test_gmail_widget.py', '-v']
2025-12-17 10:33:38,038 - pytest_runner - INFO - pytest.py starting with args: ['tests/test_gmail_widget.py', '-v']
2025-12-17 10:33:38,041 - pytest_runner - INFO - pytest.py starting with args: ['tests/test_gmail_widget.py', '-v']
2025-12-17 10:33:38,045 - pytest_runner - INFO - pytest.py starting with args: ['tests/test_gmail_widget.py', '-v']
2025-12-17 10:33:38,047 - pytest_runner - INFO - pytest.py starting with args: ['tests/test_gmail_widget.py', '-v']
2025-12-17 10:33:38,051 - pytest_runner - INFO - pytest.py starting with args: ['tests/test_gmail_widget.py', '-v']
2025-12-17 10:33:38,053 - pytest_runner - INFO - pytest.py starting with args: ['tests/test_gmail_widget.py', '-v']
2025-12-17 10:33:38,057 - pytest_runner - INFO - pytest.py starting with args: ['tests/test_gmail_widget.py', '-v']
2025-12-17 10:33:38,060 - pytest_runner - INFO - pytest.py starting with args: ['tests/test_gmail_widget.py', '-v']
2025-12-17 10:33:38,064 - pytest_runner - INFO - pytest.py starting with args: ['tests/test_gmail_widget.py', '-v']
2025-12-17 10:33:38,068 - pytest_runner - INFO - pytest.py starting with args: ['tests/test_gmail_widget.py', '-v']
2025-12-17 10:33:38,071 - pytest_runner - INFO - pytest.py starting with args: ['tests/test_gmail_widget.py', '-v']
2025-12-17 10:33:38,074 - pytest_runner - INFO - pytest.py starting with args: ['tests/test_gmail_widget.py', '-v']
2025-12-17 10:33:38,077 - pytest_runner - INFO - pytest.py starting with args: ['tests/test_gmail_widget.py', '-v']
2025-12-17 10:33:38,079 - pytest_runner - INFO - pytest.py starting with args: ['tests/test_gmail_widget.py', '-v']
2025-12-17 10:33:38,082 - pytest_runner - INFO - pytest.py starting with args: ['tests/test_gmail_widget.py', '-v']
2025-12-17 10:33:38,086 - pytest_runner - INFO - pytest.py starting with args: ['tests/test_gmail_widget.py', '-v']
2025-12-17 10:33:38,088 - pytest_runner - INFO - pytest.py starting with args: ['tests/test_gmail_widget.py', '-v']
2025-12-17 10:33:38,091 - pytest_runner - INFO - pytest.py starting with args: ['tests/test_gmail_widget.py', '-v']
2025-12-17 10:33:38,093 - pytest_runner - INFO - pytest.py starting with args: ['tests/test_gmail_widget.py', '-v']
2025-12-17 10:33:38,096 - pytest_runner - INFO - pytest.py starting with args: ['tests/test_gmail_widget.py', '-v']
2025-12-17 10:33:38,099 - pytest_runner - INFO - pytest.py starting with args: ['tests/test_gmail_widget.py', '-v']
2025-12-17 10:33:38,101 - pytest_runner - INFO - pytest.py starting with args: ['tests/test_gmail_widget.py', '-v']
2025-12-17 10:33:38,104 - pytest_runner - INFO - pytest.py starting with args: ['tests/test_gmail_widget.py', '-v']
2025-12-17 10:33:38,107 - pytest_runner - INFO - pytest.py starting with args: ['tests/test_gmail_widget.py', '-v']
2025-12-17 10:33:38,109 - pytest_runner - INFO - pytest.py starting with args: ['tests/test_gmail_widget.py', '-v']
2025-12-17 10:33:38,111 - pytest_runner - INFO - pytest.py starting with args: ['tests/test_gmail_widget.py', '-v']
2025-12-17 10:33:38,116 - pytest_runner - INFO - pytest.py starting with args: ['tests/test_gmail_widget.py', '-v']
2025-12-17 10:33:38,118 - pytest_runner - INFO - pytest.py starting with args: ['tests/test_gmail_widget.py', '-v']
2025-12-17 10:33:38,122 - pytest_runner - INFO - pytest.py starting with args: ['tests/test_gmail_widget.py', '-v']
2025-12-17 10:33:38,124 - pytest_runner - INFO - pytest.py starting with args: ['tests/test_gmail_widget.py', '-v']
2025-12-17 10:33:38,127 - pytest_runner - INFO - pytest.py starting with args: ['tests/test_gmail_widget.py', '-v']
2025-12-17 10:33:38,129 - pytest_runner - INFO - pytest.py starting with args: ['tests/test_gmail_widget.py', '-v']
2025-12-17 10:33:38,132 - pytest_runner - INFO - pytest.py starting with args: ['tests/test_gmail_widget.py', '-v']
2025-12-17 10:33:38,136 - pytest_runner - INFO - pytest.py starting with args: ['tests/test_gmail_widget.py', '-v']
2025-12-17 10:33:38,138 - pytest_runner - INFO - pytest.py starting with args: ['tests/test_gmail_widget.py', '-v']
2025-12-17 10:33:38,142 - pytest_runner - INFO - pytest.py starting with args: ['tests/test_gmail_widget.py', '-v']
2025-12-17 10:33:38,144 - pytest_runner - INFO - pytest.py starting with args: ['tests/test_gmail_widget.py', '-v']
2025-12-17 10:33:38,146 - pytest_runner - INFO - pytest.py starting with args: ['tests/test_gmail_widget.py', '-v']
2025-12-17 10:33:38,149 - pytest_runner - INFO - pytest.py starting with args: ['tests/test_gmail_widget.py', '-v']
2025-12-17 10:33:38,152 - pytest_runner - INFO - pytest.py starting with args: ['tests/test_gmail_widget.py', '-v']
2025-12-17 10:33:38,155 - pytest_runner - INFO - pytest.py starting with args: ['tests/test_gmail_widget.py', '-v']
2025-12-17 10:33:38,159 - pytest_runner - INFO - pytest.py starting with args: ['tests/test_gmail_widget.py', '-v']
2025-12-17 10:33:38,161 - pytest_runner - INFO - pytest.py starting with args: ['tests/test_gmail_widget.py', '-v']
2025-12-17 10:33:38,165 - pytest_runner - INFO - pytest.py starting with args: ['tests/test_gmail_widget.py', '-v']
2025-12-17 10:33:38,167 - pytest_runner - INFO - pytest.py starting with args: ['tests/test_gmail_widget.py', '-v']
2025-12-17 10:33:38,170 - pytest_runner - INFO - pytest.py starting with args: ['tests/test_gmail_widget.py', '-v']
2025-12-17 10:33:38,173 - pytest_runner - INFO - pytest.py starting with args: ['tests/test_gmail_widget.py', '-v']
2025-12-17 10:33:38,176 - pytest_runner - INFO - pytest.py starting with args: ['tests/test_gmail_widget.py', '-v']
2025-12-17 10:33:38,179 - pytest_runner - INFO - pytest.py starting with args: ['tests/test_gmail_widget.py', '-v']
2025-12-17 10:33:38,183 - pytest_runner - INFO - pytest.py starting with args: ['tests/test_gmail_widget.py', '-v']
2025-12-17 10:33:38,186 - pytest_runner - INFO - pytest.py starting with args: ['tests/test_gmail_widget.py', '-v']
2025-12-17 10:33:38,188 - pytest_runner - INFO - pytest.py starting with args: ['tests/test_gmail_widget.py', '-v']
2025-12-17 10:33:38,192 - pytest_runner - INFO - pytest.py starting with args: ['tests/test_gmail_widget.py', '-v']
2025-12-17 10:33:38,195 - pytest_runner - INFO - pytest.py starting with args: ['tests/test_gmail_widget.py', '-v']
2025-12-17 10:33:38,197 - pytest_runner - INFO - pytest.py starting with args: ['tests/test_gmail_widget.py', '-v']
2025-12-17 10:33:38,200 - pytest_runner - INFO - pytest.py starting with args: ['tests/test_gmail_widget.py', '-v']
2025-12-17 10:33:38,204 - pytest_runner - INFO - pytest.py starting with args: ['tests/test_gmail_widget.py', '-v']
2025-12-17 10:33:38,206 - pytest_runner - INFO - pytest.py starting with args: ['tests/test_gmail_widget.py', '-v']
2025-12-17 10:33:38,209 - pytest_runner - INFO - pytest.py starting with args: ['tests/test_gmail_widget.py', '-v']
2025-12-17 10:33:38,211 - pytest_runner - INFO - pytest.py starting with args: ['tests/test_gmail_widget.py', '-v']
2025-12-17 10:33:38,214 - pytest_runner - INFO - pytest.py starting with args: ['tests/test_gmail_widget.py', '-v']
2025-12-17 10:33:38,217 - pytest_runner - INFO - pytest.py starting with args: ['tests/test_gmail_widget.py', '-v']
2025-12-17 10:33:38,221 - pytest_runner - INFO - pytest.py starting with args: ['tests/test_gmail_widget.py', '-v']
2025-12-17 10:33:38,225 - pytest_runner - INFO - pytest.py starting with args: ['tests/test_gmail_widget.py', '-v']
2025-12-17 10:33:38,227 - pytest_runner - INFO - pytest.py starting with args: ['tests/test_gmail_widget.py', '-v']
2025-12-17 10:33:38,230 - pytest_runner - INFO - pytest.py starting with args: ['tests/test_gmail_widget.py', '-v']
2025-12-17 10:33:38,233 - pytest_runner - INFO - pytest.py starting with args: ['tests/test_gmail_widget.py', '-v']
2025-12-17 10:33:38,236 - pytest_runner - INFO - pytest.py starting with args: ['tests/test_gmail_widget.py', '-v']
2025-12-17 10:33:38,238 - pytest_runner - INFO - pytest.py starting with args: ['tests/test_gmail_widget.py', '-v']
2025-12-17 10:33:38,240 - pytest_runner - INFO - pytest.py starting with args: ['tests/test_gmail_widget.py', '-v']
2025-12-17 10:33:38,244 - pytest_runner - INFO - pytest.py starting with args: ['tests/test_gmail_widget.py', '-v']
2025-12-17 10:33:38,246 - pytest_runner - INFO - pytest.py starting with args: ['tests/test_gmail_widget.py', '-v']
2025-12-17 10:33:38,249 - pytest_runner - INFO - pytest.py starting with args: ['tests/test_gmail_widget.py', '-v']
2025-12-17 10:33:38,251 - pytest_runner - INFO - pytest.py starting with args: ['tests/test_gmail_widget.py', '-v']
2025-12-17 10:33:38,255 - pytest_runner - INFO - pytest.py starting with args: ['tests/test_gmail_widget.py', '-v']
2025-12-17 10:33:38,257 - pytest_runner - INFO - pytest.py starting with args: ['tests/test_gmail_widget.py', '-v']
2025-12-17 10:33:38,260 - pytest_runner - INFO - pytest.py starting with args: ['tests/test_gmail_widget.py', '-v']
2025-12-17 10:33:38,263 - pytest_runner - INFO - pytest.py starting with args: ['tests/test_gmail_widget.py', '-v']
2025-12-17 10:33:38,266 - pytest_runner - INFO - pytest.py starting with args: ['tests/test_gmail_widget.py', '-v']
2025-12-17 10:33:38,268 - pytest_runner - INFO - pytest.py starting with args: ['tests/test_gmail_widget.py', '-v']
2025-12-17 10:33:38,271 - pytest_runner - INFO - pytest.py starting with args: ['tests/test_gmail_widget.py', '-v']
2025-12-17 10:33:38,274 - pytest_runner - INFO - pytest.py starting with args: ['tests/test_gmail_widget.py', '-v']
2025-12-17 10:33:38,279 - pytest_runner - INFO - pytest.py starting with args: ['tests/test_gmail_widget.py', '-v']
2025-12-17 10:33:38,282 - pytest_runner - INFO - pytest.py starting with args: ['tests/test_gmail_widget.py', '-v']
2025-12-17 10:33:38,284 - pytest_runner - INFO - pytest.py starting with args: ['tests/test_gmail_widget.py', '-v']
2025-12-17 10:33:38,288 - pytest_runner - INFO - pytest.py starting with args: ['tests/test_gmail_widget.py', '-v']
2025-12-17 10:33:38,291 - pytest_runner - INFO - pytest.py starting with args: ['tests/test_gmail_widget.py', '-v']
2025-12-17 10:33:38,294 - pytest_runner - INFO - pytest.py starting with args: ['tests/test_gmail_widget.py', '-v']
2025-12-17 10:33:38,297 - pytest_runner - INFO - pytest.py starting with args: ['tests/test_gmail_widget.py', '-v']
2025-12-17 10:33:38,301 - pytest_runner - INFO - pytest.py starting with args: ['tests/test_gmail_widget.py', '-v']
2025-12-17 10:33:38,304 - pytest_runner - INFO - pytest.py starting with args: ['tests/test_gmail_widget.py', '-v']
2025-12-17 10:33:38,307 - pytest_runner - INFO - pytest.py starting with args: ['tests/test_gmail_widget.py', '-v']
2025-12-17 10:33:38,309 - pytest_runner - INFO - pytest.py starting with args: ['tests/test_gmail_widget.py', '-v']
2025-12-17 10:33:38,311 - pytest_runner - INFO - pytest.py starting with args: ['tests/test_gmail_widget.py', '-v']
2025-12-17 10:33:38,315 - pytest_runner - INFO - pytest.py starting with args: ['tests/test_gmail_widget.py', '-v']
2025-12-17 10:33:38,317 - pytest_runner - INFO - pytest.py starting with args: ['tests/test_gmail_widget.py', '-v']
2025-12-17 10:33:38,320 - pytest_runner - INFO - pytest.py starting with args: ['tests/test_gmail_widget.py', '-v']
2025-12-17 10:33:38,324 - pytest_runner - INFO - pytest.py starting with args: ['tests/test_gmail_widget.py', '-v']
2025-12-17 10:33:38,328 - pytest_runner - INFO - pytest.py starting with args: ['tests/test_gmail_widget.py', '-v']
2025-12-17 10:33:38,331 - pytest_runner - INFO - pytest.py starting with args: ['tests/test_gmail_widget.py', '-v']
2025-12-17 10:33:38,334 - pytest_runner - INFO - pytest.py starting with args: ['tests/test_gmail_widget.py', '-v']
2025-12-17 10:33:38,337 - pytest_runner - INFO - pytest.py starting with args: ['tests/test_gmail_widget.py', '-v']
2025-12-17 10:33:38,340 - pytest_runner - INFO - pytest.py starting with args: ['tests/test_gmail_widget.py', '-v']
2025-12-17 10:33:38,343 - pytest_runner - INFO - pytest.py starting with args: ['tests/test_gmail_widget.py', '-v']
2025-12-17 10:33:38,346 - pytest_runner - INFO - pytest.py starting with args: ['tests/test_gmail_widget.py', '-v']
2025-12-17 10:33:38,350 - pytest_runner - INFO - pytest.py starting with args: ['tests/test_gmail_widget.py', '-v']
2025-12-17 10:33:38,353 - pytest_runner - INFO - pytest.py starting with args: ['tests/test_gmail_widget.py', '-v']
2025-12-17 10:33:38,355 - pytest_runner - INFO - pytest.py starting with args: ['tests/test_gmail_widget.py', '-v']
2025-12-17 10:33:38,358 - pytest_runner - INFO - pytest.py starting with args: ['tests/test_gmail_widget.py', '-v']
2025-12-17 10:33:38,360 - pytest_runner - INFO - pytest.py starting with args: ['tests/test_gmail_widget.py', '-v']
2025-12-17 10:33:38,363 - pytest_runner - INFO - pytest.py starting with args: ['tests/test_gmail_widget.py', '-v']
2025-12-17 10:33:38,365 - pytest_runner - INFO - pytest.py starting with args: ['tests/test_gmail_widget.py', '-v']
2025-12-17 10:33:38,368 - pytest_runner - INFO - pytest.py starting with args: ['tests/test_gmail_widget.py', '-v']
2025-12-17 10:33:38,371 - pytest_runner - INFO - pytest.py starting with args: ['tests/test_gmail_widget.py', '-v']
2025-12-17 10:33:38,373 - pytest_runner - INFO - pytest.py starting with args: ['tests/test_gmail_widget.py', '-v']
2025-12-17 10:33:38,376 - pytest_runner - INFO - pytest.py starting with args: ['tests/test_gmail_widget.py', '-v']
2025-12-17 10:33:38,379 - pytest_runner - INFO - pytest.py starting with args: ['tests/test_gmail_widget.py', '-v']
2025-12-17 10:33:38,382 - pytest_runner - INFO - pytest.py starting with args: ['tests/test_gmail_widget.py', '-v']
2025-12-17 10:33:38,385 - pytest_runner - INFO - pytest.py starting with args: ['tests/test_gmail_widget.py', '-v']
2025-12-17 10:33:38,387 - pytest_runner - INFO - pytest.py starting with args: ['tests/test_gmail_widget.py', '-v']
2025-12-17 10:33:38,390 - pytest_runner - INFO - pytest.py starting with args: ['tests/test_gmail_widget.py', '-v']
2025-12-17 10:33:38,392 - pytest_runner - INFO - pytest.py starting with args: ['tests/test_gmail_widget.py', '-v']
2025-12-17 10:33:38,396 - pytest_runner - INFO - pytest.py starting with args: ['tests/test_gmail_widget.py', '-v']
2025-12-17 10:33:38,398 - pytest_runner - INFO - pytest.py starting with args: ['tests/test_gmail_widget.py', '-v']
2025-12-17 10:33:38,401 - pytest_runner - INFO - pytest.py starting with args: ['tests/test_gmail_widget.py', '-v']
2025-12-17 10:33:38,404 - pytest_runner - INFO - pytest.py starting with args: ['tests/test_gmail_widget.py', '-v']
2025-12-17 10:33:38,407 - pytest_runner - INFO - pytest.py starting with args: ['tests/test_gmail_widget.py', '-v']
2025-12-17 10:33:38,409 - pytest_runner - INFO - pytest.py starting with args: ['tests/test_gmail_widget.py', '-v']
2025-12-17 10:33:38,411 - pytest_runner - INFO - pytest.py starting with args: ['tests/test_gmail_widget.py', '-v']
2025-12-17 10:33:38,415 - pytest_runner - INFO - pytest.py starting with args: ['tests/test_gmail_widget.py', '-v']
2025-12-17 10:33:38,418 - pytest_runner - INFO - pytest.py starting with args: ['tests/test_gmail_widget.py', '-v']
2025-12-17 10:33:38,420 - pytest_runner - INFO - pytest.py starting with args: ['tests/test_gmail_widget.py', '-v']
2025-12-17 10:33:38,424 - pytest_runner - INFO - pytest.py starting with args: ['tests/test_gmail_widget.py', '-v']
2025-12-17 10:33:38,427 - pytest_runner - INFO - pytest.py starting with args: ['tests/test_gmail_widget.py', '-v']
2025-12-17 10:33:38,429 - pytest_runner - INFO - pytest.py starting with args: ['tests/test_gmail_widget.py', '-v']
2025-12-17 10:33:38,431 - pytest_runner - INFO - pytest.py starting with args: ['tests/test_gmail_widget.py', '-v']
2025-12-17 10:33:38,434 - pytest_runner - INFO - pytest.py starting with args: ['tests/test_gmail_widget.py', '-v']
2025-12-17 10:33:38,436 - pytest_runner - INFO - pytest.py starting with args: ['tests/test_gmail_widget.py', '-v']
2025-12-17 10:33:38,440 - pytest_runner - INFO - pytest.py starting with args: ['tests/test_gmail_widget.py', '-v']
2025-12-17 10:33:38,443 - pytest_runner - INFO - pytest.py starting with args: ['tests/test_gmail_widget.py', '-v']
2025-12-17 10:33:38,444 - pytest_runner - INFO - pytest.py starting with args: ['tests/test_gmail_widget.py', '-v']
2025-12-17 10:33:38,448 - pytest_runner - INFO - pytest.py starting with args: ['tests/test_gmail_widget.py', '-v']
2025-12-17 10:33:38,450 - pytest_runner - INFO - pytest.py starting with args: ['tests/test_gmail_widget.py', '-v']
2025-12-17 10:33:38,452 - pytest_runner - INFO - pytest.py starting with args: ['tests/test_gmail_widget.py', '-v']
2025-12-17 10:33:38,455 - pytest_runner - INFO - pytest.py starting with args: ['tests/test_gmail_widget.py', '-v']
2025-12-17 10:33:38,459 - pytest_runner - INFO - pytest.py starting with args: ['tests/test_gmail_widget.py', '-v']
2025-12-17 10:33:38,461 - pytest_runner - INFO - pytest.py starting with args: ['tests/test_gmail_widget.py', '-v']
2025-12-17 10:33:38,464 - pytest_runner - INFO - pytest.py starting with args: ['tests/test_gmail_widget.py', '-v']
2025-12-17 10:33:38,467 - pytest_runner - INFO - pytest.py starting with args: ['tests/test_gmail_widget.py', '-v']
2025-12-17 10:33:38,469 - pytest_runner - INFO - pytest.py starting with args: ['tests/test_gmail_widget.py', '-v']
2025-12-17 10:33:38,473 - pytest_runner - INFO - pytest.py starting with args: ['tests/test_gmail_widget.py', '-v']
2025-12-17 10:33:38,476 - pytest_runner - INFO - pytest.py starting with args: ['tests/test_gmail_widget.py', '-v']
2025-12-17 10:33:38,479 - pytest_runner - INFO - pytest.py starting with args: ['tests/test_gmail_widget.py', '-v']
2025-12-17 10:33:38,482 - pytest_runner - INFO - pytest.py starting with args: ['tests/test_gmail_widget.py', '-v']
2025-12-17 10:33:38,485 - pytest_runner - INFO - pytest.py starting with args: ['tests/test_gmail_widget.py', '-v']
2025-12-17 10:33:38,488 - pytest_runner - INFO - pytest.py starting with args: ['tests/test_gmail_widget.py', '-v']
2025-12-17 10:33:38,490 - pytest_runner - INFO - pytest.py starting with args: ['tests/test_gmail_widget.py', '-v']
2025-12-17 10:33:38,494 - pytest_runner - INFO - pytest.py starting with args: ['tests/test_gmail_widget.py', '-v']
2025-12-17 10:33:38,496 - pytest_runner - INFO - pytest.py starting with args: ['tests/test_gmail_widget.py', '-v']
2025-12-17 10:33:38,498 - pytest_runner - INFO - pytest.py starting with args: ['tests/test_gmail_widget.py', '-v']
2025-12-17 10:33:38,501 - pytest_runner - INFO - pytest.py starting with args: ['tests/test_gmail_widget.py', '-v']
2025-12-17 10:33:38,503 - pytest_runner - INFO - pytest.py starting with args: ['tests/test_gmail_widget.py', '-v']
2025-12-17 10:33:38,507 - pytest_runner - INFO - pytest.py starting with args: ['tests/test_gmail_widget.py', '-v']
2025-12-17 10:33:38,509 - pytest_runner - INFO - pytest.py starting with args: ['tests/test_gmail_widget.py', '-v']
2025-12-17 10:33:38,511 - pytest_runner - INFO - pytest.py starting with args: ['tests/test_gmail_widget.py', '-v']
2025-12-17 10:33:38,514 - pytest_runner - INFO - pytest.py starting with args: ['tests/test_gmail_widget.py', '-v']
2025-12-17 10:33:38,517 - pytest_runner - INFO - pytest.py starting with args: ['tests/test_gmail_widget.py', '-v']
2025-12-17 10:33:38,519 - pytest_runner - INFO - pytest.py starting with args: ['tests/test_gmail_widget.py', '-v']
2025-12-17 10:33:38,523 - pytest_runner - INFO - pytest.py starting with args: ['tests/test_gmail_widget.py', '-v']
2025-12-17 10:33:38,527 - pytest_runner - INFO - pytest.py starting with args: ['tests/test_gmail_widget.py', '-v']
2025-12-17 10:33:38,531 - pytest_runner - INFO - pytest.py starting with args: ['tests/test_gmail_widget.py', '-v']
2025-12-17 10:33:38,536 - pytest_runner - INFO - pytest.py starting with args: ['tests/test_gmail_widget.py', '-v']
2025-12-17 10:33:38,538 - pytest_runner - INFO - pytest.py starting with args: ['tests/test_gmail_widget.py', '-v']
2025-12-17 10:33:38,542 - pytest_runner - INFO - pytest.py starting with args: ['tests/test_gmail_widget.py', '-v']
2025-12-17 10:33:38,544 - pytest_runner - INFO - pytest.py starting with args: ['tests/test_gmail_widget.py', '-v']
2025-12-17 10:33:38,548 - pytest_runner - INFO - pytest.py starting with args: ['tests/test_gmail_widget.py', '-v']
2025-12-17 10:33:38,551 - pytest_runner - INFO - pytest.py starting with args: ['tests/test_gmail_widget.py', '-v']
2025-12-17 10:33:38,553 - pytest_runner - INFO - pytest.py starting with args: ['tests/test_gmail_widget.py', '-v']
2025-12-17 10:33:38,556 - pytest_runner - INFO - pytest.py starting with args: ['tests/test_gmail_widget.py', '-v']
2025-12-17 10:33:38,559 - pytest_runner - INFO - pytest.py starting with args: ['tests/test_gmail_widget.py', '-v']
2025-12-17 10:33:38,562 - pytest_runner - INFO - pytest.py starting with args: ['tests/test_gmail_widget.py', '-v']
2025-12-17 10:33:38,564 - pytest_runner - INFO - pytest.py starting with args: ['tests/test_gmail_widget.py', '-v']
2025-12-17 10:33:38,568 - pytest_runner - INFO - pytest.py starting with args: ['tests/test_gmail_widget.py', '-v']
2025-12-17 10:33:38,569 - pytest_runner - INFO - pytest.py starting with args: ['tests/test_gmail_widget.py', '-v']
2025-12-17 10:33:38,573 - pytest_runner - INFO - pytest.py starting with args: ['tests/test_gmail_widget.py', '-v']
2025-12-17 10:33:38,577 - pytest_runner - INFO - pytest.py starting with args: ['tests/test_gmail_widget.py', '-v']
2025-12-17 10:33:38,579 - pytest_runner - INFO - pytest.py starting with args: ['tests/test_gmail_widget.py', '-v']
2025-12-17 10:33:38,582 - pytest_runner - INFO - pytest.py starting with args: ['tests/test_gmail_widget.py', '-v']
2025-12-17 10:33:38,584 - pytest_runner - INFO - pytest.py starting with args: ['tests/test_gmail_widget.py', '-v']
2025-12-17 10:33:38,588 - pytest_runner - INFO - pytest.py starting with args: ['tests/test_gmail_widget.py', '-v']
2025-12-17 10:33:38,591 - pytest_runner - INFO - pytest.py starting with args: ['tests/test_gmail_widget.py', '-v']
2025-12-17 10:33:38,594 - pytest_runner - INFO - pytest.py starting with args: ['tests/test_gmail_widget.py', '-v']
2025-12-17 10:33:38,597 - pytest_runner - INFO - pytest.py starting with args: ['tests/test_gmail_widget.py', '-v']
2025-12-17 10:33:38,600 - pytest_runner - INFO - pytest.py starting with args: ['tests/test_gmail_widget.py', '-v']
2025-12-17 10:33:38,602 - pytest_runner - INFO - pytest.py starting with args: ['tests/test_gmail_widget.py', '-v']
2025-12-17 10:33:38,605 - pytest_runner - INFO - pytest.py starting with args: ['tests/test_gmail_widget.py', '-v']
2025-12-17 10:33:38,609 - pytest_runner - INFO - pytest.py starting with args: ['tests/test_gmail_widget.py', '-v']
2025-12-17 10:33:38,611 - pytest_runner - INFO - pytest.py starting with args: ['tests/test_gmail_widget.py', '-v']
2025-12-17 10:33:38,615 - pytest_runner - INFO - pytest.py starting with args: ['tests/test_gmail_widget.py', '-v']
2025-12-17 10:33:38,617 - pytest_runner - INFO - pytest.py starting with args: ['tests/test_gmail_widget.py', '-v']
2025-12-17 10:33:38,619 - pytest_runner - INFO - pytest.py starting with args: ['tests/test_gmail_widget.py', '-v']
2025-12-17 10:33:38,623 - pytest_runner - INFO - pytest.py starting with args: ['tests/test_gmail_widget.py', '-v']
2025-12-17 10:33:38,627 - pytest_runner - INFO - pytest.py starting with args: ['tests/test_gmail_widget.py', '-v']
2025-12-17 10:33:38,630 - pytest_runner - INFO - pytest.py starting with args: ['tests/test_gmail_widget.py', '-v']
2025-12-17 10:33:38,633 - pytest_runner - INFO - pytest.py starting with args: ['tests/test_gmail_widget.py', '-v']
2025-12-17 10:33:38,636 - pytest_runner - INFO - pytest.py starting with args: ['tests/test_gmail_widget.py', '-v']
2025-12-17 10:33:38,638 - pytest_runner - INFO - pytest.py starting with args: ['tests/test_gmail_widget.py', '-v']
2025-12-17 10:33:38,641 - pytest_runner - INFO - pytest.py starting with args: ['tests/test_gmail_widget.py', '-v']
2025-12-17 10:33:38,645 - pytest_runner - INFO - pytest.py starting with args: ['tests/test_gmail_widget.py', '-v']
2025-12-17 10:33:38,648 - pytest_runner - INFO - pytest.py starting with args: ['tests/test_gmail_widget.py', '-v']
2025-12-17 10:33:38,650 - pytest_runner - INFO - pytest.py starting with args: ['tests/test_gmail_widget.py', '-v']
2025-12-17 10:33:38,653 - pytest_runner - INFO - pytest.py starting with args: ['tests/test_gmail_widget.py', '-v']
2025-12-17 10:33:38,655 - pytest_runner - INFO - pytest.py starting with args: ['tests/test_gmail_widget.py', '-v']
2025-12-17 10:33:38,659 - pytest_runner - INFO - pytest.py starting with args: ['tests/test_gmail_widget.py', '-v']
2025-12-17 10:33:38,661 - pytest_runner - INFO - pytest.py starting with args: ['tests/test_gmail_widget.py', '-v']
2025-12-17 10:33:38,663 - pytest_runner - INFO - pytest.py starting with args: ['tests/test_gmail_widget.py', '-v']
2025-12-17 10:33:38,665 - pytest_runner - INFO - pytest.py starting with args: ['tests/test_gmail_widget.py', '-v']
2025-12-17 10:33:38,668 - pytest_runner - INFO - pytest.py starting with args: ['tests/test_gmail_widget.py', '-v']
2025-12-17 10:33:38,671 - pytest_runner - INFO - pytest.py starting with args: ['tests/test_gmail_widget.py', '-v']
2025-12-17 10:33:38,674 - pytest_runner - INFO - pytest.py starting with args: ['tests/test_gmail_widget.py', '-v']
2025-12-17 10:33:38,677 - pytest_runner - INFO - pytest.py starting with args: ['tests/test_gmail_widget.py', '-v']
2025-12-17 10:33:38,680 - pytest_runner - INFO - pytest.py starting with args: ['tests/test_gmail_widget.py', '-v']
2025-12-17 10:33:38,683 - pytest_runner - INFO - pytest.py starting with args: ['tests/test_gmail_widget.py', '-v']
2025-12-17 10:33:38,686 - pytest_runner - INFO - pytest.py starting with args: ['tests/test_gmail_widget.py', '-v']
2025-12-17 10:33:38,688 - pytest_runner - INFO - pytest.py starting with args: ['tests/test_gmail_widget.py', '-v']
2025-12-17 10:33:38,692 - pytest_runner - INFO - pytest.py starting with args: ['tests/test_gmail_widget.py', '-v']
2025-12-17 10:33:38,695 - pytest_runner - INFO - pytest.py starting with args: ['tests/test_gmail_widget.py', '-v']
2025-12-17 10:33:38,698 - pytest_runner - INFO - pytest.py starting with args: ['tests/test_gmail_widget.py', '-v']
2025-12-17 10:33:38,701 - pytest_runner - INFO - pytest.py starting with args: ['tests/test_gmail_widget.py', '-v']
2025-12-17 10:33:38,703 - pytest_runner - INFO - pytest.py starting with args: ['tests/test_gmail_widget.py', '-v']
2025-12-17 10:33:38,707 - pytest_runner - INFO - pytest.py starting with args: ['tests/test_gmail_widget.py', '-v']
2025-12-17 10:33:38,709 - pytest_runner - INFO - pytest.py starting with args: ['tests/test_gmail_widget.py', '-v']
2025-12-17 10:33:38,713 - pytest_runner - INFO - pytest.py starting with args: ['tests/test_gmail_widget.py', '-v']
2025-12-17 10:33:38,716 - pytest_runner - INFO - pytest.py starting with args: ['tests/test_gmail_widget.py', '-v']
2025-12-17 10:33:38,718 - pytest_runner - INFO - pytest.py starting with args: ['tests/test_gmail_widget.py', '-v']
2025-12-17 10:33:38,720 - pytest_runner - INFO - pytest.py starting with args: ['tests/test_gmail_widget.py', '-v']
2025-12-17 10:33:38,724 - pytest_runner - INFO - pytest.py starting with args: ['tests/test_gmail_widget.py', '-v']
2025-12-17 10:33:38,727 - pytest_runner - INFO - pytest.py starting with args: ['tests/test_gmail_widget.py', '-v']
2025-12-17 10:33:38,729 - pytest_runner - INFO - pytest.py starting with args: ['tests/test_gmail_widget.py', '-v']
2025-12-17 10:33:38,733 - pytest_runner - INFO - pytest.py starting with args: ['tests/test_gmail_widget.py', '-v']
2025-12-17 10:33:38,736 - pytest_runner - INFO - pytest.py starting with args: ['tests/test_gmail_widget.py', '-v']
2025-12-17 10:33:38,738 - pytest_runner - INFO - pytest.py starting with args: ['tests/test_gmail_widget.py', '-v']
2025-12-17 10:33:38,742 - pytest_runner - INFO - pytest.py starting with args: ['tests/test_gmail_widget.py', '-v']
2025-12-17 10:33:38,744 - pytest_runner - INFO - pytest.py starting with args: ['tests/test_gmail_widget.py', '-v']
2025-12-17 10:33:38,748 - pytest_runner - INFO - pytest.py starting with args: ['tests/test_gmail_widget.py', '-v']
2025-12-17 10:33:38,751 - pytest_runner - INFO - pytest.py starting with args: ['tests/test_gmail_widget.py', '-v']
2025-12-17 10:33:38,753 - pytest_runner - INFO - pytest.py starting with args: ['tests/test_gmail_widget.py', '-v']
2025-12-17 10:33:38,756 - pytest_runner - INFO - pytest.py starting with args: ['tests/test_gmail_widget.py', '-v']
2025-12-17 10:33:38,760 - pytest_runner - INFO - pytest.py starting with args: ['tests/test_gmail_widget.py', '-v']
2025-12-17 10:33:38,764 - pytest_runner - INFO - pytest.py starting with args: ['tests/test_gmail_widget.py', '-v']
2025-12-17 10:33:38,768 - pytest_runner - INFO - pytest.py starting with args: ['tests/test_gmail_widget.py', '-v']
2025-12-17 10:33:38,771 - pytest_runner - INFO - pytest.py starting with args: ['tests/test_gmail_widget.py', '-v']
2025-12-17 10:33:38,774 - pytest_runner - INFO - pytest.py starting with args: ['tests/test_gmail_widget.py', '-v']
2025-12-17 10:33:38,779 - pytest_runner - INFO - pytest.py starting with args: ['tests/test_gmail_widget.py', '-v']
2025-12-17 10:33:38,781 - pytest_runner - INFO - pytest.py starting with args: ['tests/test_gmail_widget.py', '-v']
2025-12-17 10:33:38,785 - pytest_runner - INFO - pytest.py starting with args: ['tests/test_gmail_widget.py', '-v']
2025-12-17 10:33:38,788 - pytest_runner - INFO - pytest.py starting with args: ['tests/test_gmail_widget.py', '-v']
2025-12-17 10:33:38,791 - pytest_runner - INFO - pytest.py starting with args: ['tests/test_gmail_widget.py', '-v']
2025-12-17 10:33:38,794 - pytest_runner - INFO - pytest.py starting with args: ['tests/test_gmail_widget.py', '-v']
2025-12-17 10:33:38,797 - pytest_runner - INFO - pytest.py starting with args: ['tests/test_gmail_widget.py', '-v']
2025-12-17 10:33:38,800 - pytest_runner - INFO - pytest.py starting with args: ['tests/test_gmail_widget.py', '-v']
2025-12-17 10:33:38,802 - pytest_runner - INFO - pytest.py starting with args: ['tests/test_gmail_widget.py', '-v']
2025-12-17 10:33:38,804 - pytest_runner - INFO - pytest.py starting with args: ['tests/test_gmail_widget.py', '-v']
2025-12-17 10:33:38,809 - pytest_runner - INFO - pytest.py starting with args: ['tests/test_gmail_widget.py', '-v']
2025-12-17 10:33:38,812 - pytest_runner - INFO - pytest.py starting with args: ['tests/test_gmail_widget.py', '-v']
2025-12-17 10:33:38,815 - pytest_runner - INFO - pytest.py starting with args: ['tests/test_gmail_widget.py', '-v']
2025-12-17 10:33:38,817 - pytest_runner - INFO - pytest.py starting with args: ['tests/test_gmail_widget.py', '-v']
2025-12-17 10:33:38,819 - pytest_runner - INFO - pytest.py starting with args: ['tests/test_gmail_widget.py', '-v']
2025-12-17 10:33:38,823 - pytest_runner - INFO - pytest.py starting with args: ['tests/test_gmail_widget.py', '-v']
2025-12-17 10:33:38,826 - pytest_runner - INFO - pytest.py starting with args: ['tests/test_gmail_widget.py', '-v']
2025-12-17 10:33:38,829 - pytest_runner - INFO - pytest.py starting with args: ['tests/test_gmail_widget.py', '-v']
2025-12-17 10:33:38,831 - pytest_runner - INFO - pytest.py starting with args: ['tests/test_gmail_widget.py', '-v']
2025-12-17 10:33:38,834 - pytest_runner - INFO - pytest.py starting with args: ['tests/test_gmail_widget.py', '-v']
2025-12-17 10:33:38,837 - pytest_runner - INFO - pytest.py starting with args: ['tests/test_gmail_widget.py', '-v']
2025-12-17 10:33:38,840 - pytest_runner - INFO - pytest.py starting with args: ['tests/test_gmail_widget.py', '-v']
2025-12-17 10:33:38,843 - pytest_runner - INFO - pytest.py starting with args: ['tests/test_gmail_widget.py', '-v']
2025-12-17 10:33:38,846 - pytest_runner - INFO - pytest.py starting with args: ['tests/test_gmail_widget.py', '-v']
2025-12-17 10:33:38,849 - pytest_runner - INFO - pytest.py starting with args: ['tests/test_gmail_widget.py', '-v']
2025-12-17 10:33:38,851 - pytest_runner - INFO - pytest.py starting with args: ['tests/test_gmail_widget.py', '-v']
2025-12-17 10:33:38,854 - pytest_runner - INFO - pytest.py starting with args: ['tests/test_gmail_widget.py', '-v']
2025-12-17 10:33:38,857 - pytest_runner - INFO - pytest.py starting with args: ['tests/test_gmail_widget.py', '-v']
2025-12-17 10:33:38,860 - pytest_runner - INFO - pytest.py starting with args: ['tests/test_gmail_widget.py', '-v']
2025-12-17 10:33:38,863 - pytest_runner - INFO - pytest.py starting with args: ['tests/test_gmail_widget.py', '-v']
2025-12-17 10:33:38,866 - pytest_runner - INFO - pytest.py starting with args: ['tests/test_gmail_widget.py', '-v']
2025-12-17 10:33:38,869 - pytest_runner - INFO - pytest.py starting with args: ['tests/test_gmail_widget.py', '-v']
2025-12-17 10:33:38,871 - pytest_runner - INFO - pytest.py starting with args: ['tests/test_gmail_widget.py', '-v']
2025-12-17 10:33:38,875 - pytest_runner - INFO - pytest.py starting with args: ['tests/test_gmail_widget.py', '-v']
2025-12-17 10:33:38,877 - pytest_runner - INFO - pytest.py starting with args: ['tests/test_gmail_widget.py', '-v']
2025-12-17 10:33:38,881 - pytest_runner - INFO - pytest.py starting with args: ['tests/test_gmail_widget.py', '-v']
2025-12-17 10:33:38,883 - pytest_runner - INFO - pytest.py starting with args: ['tests/test_gmail_widget.py', '-v']
2025-12-17 10:33:38,886 - pytest_runner - INFO - pytest.py starting with args: ['tests/test_gmail_widget.py', '-v']
2025-12-17 10:33:38,890 - pytest_runner - INFO - pytest.py starting with args: ['tests/test_gmail_widget.py', '-v']
2025-12-17 10:33:38,893 - pytest_runner - INFO - pytest.py starting with args: ['tests/test_gmail_widget.py', '-v']
2025-12-17 10:33:38,896 - pytest_runner - INFO - pytest.py starting with args: ['tests/test_gmail_widget.py', '-v']
2025-12-17 10:33:38,899 - pytest_runner - INFO - pytest.py starting with args: ['tests/test_gmail_widget.py', '-v']
2025-12-17 10:33:38,901 - pytest_runner - INFO - pytest.py starting with args: ['tests/test_gmail_widget.py', '-v']
2025-12-17 10:33:38,903 - pytest_runner - INFO - pytest.py starting with args: ['tests/test_gmail_widget.py', '-v']
2025-12-17 10:33:38,907 - pytest_runner - INFO - pytest.py starting with args: ['tests/test_gmail_widget.py', '-v']
2025-12-17 10:33:38,910 - pytest_runner - INFO - pytest.py starting with args: ['tests/test_gmail_widget.py', '-v']
2025-12-17 10:33:38,914 - pytest_runner - INFO - pytest.py starting with args: ['tests/test_gmail_widget.py', '-v']
2025-12-17 10:33:38,917 - pytest_runner - INFO - pytest.py starting with args: ['tests/test_gmail_widget.py', '-v']
2025-12-17 10:33:38,919 - pytest_runner - INFO - pytest.py starting with args: ['tests/test_gmail_widget.py', '-v']
2025-12-17 10:33:38,922 - pytest_runner - INFO - pytest.py starting with args: ['tests/test_gmail_widget.py', '-v']
2025-12-17 10:33:38,924 - pytest_runner - INFO - pytest.py starting with args: ['tests/test_gmail_widget.py', '-v']
2025-12-17 10:33:38,929 - pytest_runner - INFO - pytest.py starting with args: ['tests/test_gmail_widget.py', '-v']
2025-12-17 10:33:38,932 - pytest_runner - INFO - pytest.py starting with args: ['tests/test_gmail_widget.py', '-v']
2025-12-17 10:33:38,935 - pytest_runner - INFO - pytest.py starting with args: ['tests/test_gmail_widget.py', '-v']
2025-12-17 10:33:38,937 - pytest_runner - INFO - pytest.py starting with args: ['tests/test_gmail_widget.py', '-v']
2025-12-17 10:33:38,941 - pytest_runner - INFO - pytest.py starting with args: ['tests/test_gmail_widget.py', '-v']
2025-12-17 10:33:38,944 - pytest_runner - INFO - pytest.py starting with args: ['tests/test_gmail_widget.py', '-v']
2025-12-17 10:33:38,946 - pytest_runner - INFO - pytest.py starting with args: ['tests/test_gmail_widget.py', '-v']
2025-12-17 10:33:38,950 - pytest_runner - INFO - pytest.py starting with args: ['tests/test_gmail_widget.py', '-v']
2025-12-17 10:33:38,953 - pytest_runner - INFO - pytest.py starting with args: ['tests/test_gmail_widget.py', '-v']
2025-12-17 10:33:38,954 - pytest_runner - INFO - pytest.py starting with args: ['tests/test_gmail_widget.py', '-v']
2025-12-17 10:33:38,958 - pytest_runner - INFO - pytest.py starting with args: ['tests/test_gmail_widget.py', '-v']
2025-12-17 10:33:38,960 - pytest_runner - INFO - pytest.py starting with args: ['tests/test_gmail_widget.py', '-v']
2025-12-17 10:33:38,964 - pytest_runner - INFO - pytest.py starting with args: ['tests/test_gmail_widget.py', '-v']
2025-12-17 10:33:38,967 - pytest_runner - INFO - pytest.py starting with args: ['tests/test_gmail_widget.py', '-v']
2025-12-17 10:33:38,970 - pytest_runner - INFO - pytest.py starting with args: ['tests/test_gmail_widget.py', '-v']
2025-12-17 10:33:38,973 - pytest_runner - INFO - pytest.py starting with args: ['tests/test_gmail_widget.py', '-v']
2025-12-17 10:33:38,976 - pytest_runner - INFO - pytest.py starting with args: ['tests/test_gmail_widget.py', '-v']
2025-12-17 10:33:38,980 - pytest_runner - INFO - pytest.py starting with args: ['tests/test_gmail_widget.py', '-v']
2025-12-17 10:33:38,983 - pytest_runner - INFO - pytest.py starting with args: ['tests/test_gmail_widget.py', '-v']
2025-12-17 10:33:38,985 - pytest_runner - INFO - pytest.py starting with args: ['tests/test_gmail_widget.py', '-v']
2025-12-17 10:33:38,988 - pytest_runner - INFO - pytest.py starting with args: ['tests/test_gmail_widget.py', '-v']
2025-12-17 10:33:38,992 - pytest_runner - INFO - pytest.py starting with args: ['tests/test_gmail_widget.py', '-v']
2025-12-17 10:33:38,994 - pytest_runner - INFO - pytest.py starting with args: ['tests/test_gmail_widget.py', '-v']
2025-12-17 10:33:38,997 - pytest_runner - INFO - pytest.py starting with args: ['tests/test_gmail_widget.py', '-v']
2025-12-17 10:33:39,000 - pytest_runner - INFO - pytest.py starting with args: ['tests/test_gmail_widget.py', '-v']
2025-12-17 10:33:39,003 - pytest_runner - INFO - pytest.py starting with args: ['tests/test_gmail_widget.py', '-v']
2025-12-17 10:33:39,006 - pytest_runner - INFO - pytest.py starting with args: ['tests/test_gmail_widget.py', '-v']
2025-12-17 10:33:39,010 - pytest_runner - INFO - pytest.py starting with args: ['tests/test_gmail_widget.py', '-v']
2025-12-17 10:33:39,014 - pytest_runner - INFO - pytest.py starting with args: ['tests/test_gmail_widget.py', '-v']
2025-12-17 10:33:39,018 - pytest_runner - INFO - pytest.py starting with args: ['tests/test_gmail_widget.py', '-v']
2025-12-17 10:33:39,021 - pytest_runner - INFO - pytest.py starting with args: ['tests/test_gmail_widget.py', '-v']
2025-12-17 10:33:39,024 - pytest_runner - INFO - pytest.py starting with args: ['tests/test_gmail_widget.py', '-v']
2025-12-17 10:33:39,026 - pytest_runner - INFO - pytest.py starting with args: ['tests/test_gmail_widget.py', '-v']
2025-12-17 10:33:39,030 - pytest_runner - INFO - pytest.py starting with args: ['tests/test_gmail_widget.py', '-v']
2025-12-17 10:33:39,033 - pytest_runner - INFO - pytest.py starting with args: ['tests/test_gmail_widget.py', '-v']
2025-12-17 10:33:39,035 - pytest_runner - INFO - pytest.py starting with args: ['tests/test_gmail_widget.py', '-v']
2025-12-17 10:33:39,038 - pytest_runner - INFO - pytest.py starting with args: ['tests/test_gmail_widget.py', '-v']
2025-12-17 10:33:39,042 - pytest_runner - INFO - pytest.py starting with args: ['tests/test_gmail_widget.py', '-v']
2025-12-17 10:33:39,045 - pytest_runner - INFO - pytest.py starting with args: ['tests/test_gmail_widget.py', '-v']
2025-12-17 10:33:39,049 - pytest_runner - INFO - pytest.py starting with args: ['tests/test_gmail_widget.py', '-v']
2025-12-17 10:33:39,052 - pytest_runner - INFO - pytest.py starting with args: ['tests/test_gmail_widget.py', '-v']
2025-12-17 10:33:39,054 - pytest_runner - INFO - pytest.py starting with args: ['tests/test_gmail_widget.py', '-v']
2025-12-17 10:33:39,059 - pytest_runner - INFO - pytest.py starting with args: ['tests/test_gmail_widget.py', '-v']
2025-12-17 10:33:39,061 - pytest_runner - INFO - pytest.py starting with args: ['tests/test_gmail_widget.py', '-v']
2025-12-17 10:33:39,065 - pytest_runner - INFO - pytest.py starting with args: ['tests/test_gmail_widget.py', '-v']
2025-12-17 10:33:39,068 - pytest_runner - INFO - pytest.py starting with args: ['tests/test_gmail_widget.py', '-v']
2025-12-17 10:33:39,070 - pytest_runner - INFO - pytest.py starting with args: ['tests/test_gmail_widget.py', '-v']
2025-12-17 10:33:39,073 - pytest_runner - INFO - pytest.py starting with args: ['tests/test_gmail_widget.py', '-v']
2025-12-17 10:33:39,076 - pytest_runner - INFO - pytest.py starting with args: ['tests/test_gmail_widget.py', '-v']
2025-12-17 10:33:39,079 - pytest_runner - INFO - pytest.py starting with args: ['tests/test_gmail_widget.py', '-v']
2025-12-17 10:33:39,083 - pytest_runner - INFO - pytest.py starting with args: ['tests/test_gmail_widget.py', '-v']
2025-12-17 10:33:39,086 - pytest_runner - INFO - pytest.py starting with args: ['tests/test_gmail_widget.py', '-v']
2025-12-17 10:33:39,088 - pytest_runner - INFO - pytest.py starting with args: ['tests/test_gmail_widget.py', '-v']
2025-12-17 10:33:39,092 - pytest_runner - INFO - pytest.py starting with args: ['tests/test_gmail_widget.py', '-v']
2025-12-17 10:33:39,096 - pytest_runner - INFO - pytest.py starting with args: ['tests/test_gmail_widget.py', '-v']
2025-12-17 10:33:39,098 - pytest_runner - INFO - pytest.py starting with args: ['tests/test_gmail_widget.py', '-v']
2025-12-17 10:33:39,101 - pytest_runner - INFO - pytest.py starting with args: ['tests/test_gmail_widget.py', '-v']
2025-12-17 10:33:39,104 - pytest_runner - INFO - pytest.py starting with args: ['tests/test_gmail_widget.py', '-v']
2025-12-17 10:33:39,106 - pytest_runner - INFO - pytest.py starting with args: ['tests/test_gmail_widget.py', '-v']
2025-12-17 10:33:39,110 - pytest_runner - INFO - pytest.py starting with args: ['tests/test_gmail_widget.py', '-v']
2025-12-17 10:33:39,113 - pytest_runner - INFO - pytest.py starting with args: ['tests/test_gmail_widget.py', '-v']
2025-12-17 10:33:39,116 - pytest_runner - INFO - pytest.py starting with args: ['tests/test_gmail_widget.py', '-v']
2025-12-17 10:33:39,119 - pytest_runner - INFO - pytest.py starting with args: ['tests/test_gmail_widget.py', '-v']
2025-12-17 10:33:39,121 - pytest_runner - INFO - pytest.py starting with args: ['tests/test_gmail_widget.py', '-v']
2025-12-17 10:33:39,124 - pytest_runner - INFO - pytest.py starting with args: ['tests/test_gmail_widget.py', '-v']
2025-12-17 10:33:39,128 - pytest_runner - INFO - pytest.py starting with args: ['tests/test_gmail_widget.py', '-v']
2025-12-17 10:33:39,130 - pytest_runner - INFO - pytest.py starting with args: ['tests/test_gmail_widget.py', '-v']
2025-12-17 10:33:39,133 - pytest_runner - INFO - pytest.py starting with args: ['tests/test_gmail_widget.py', '-v']
2025-12-17 10:33:39,136 - pytest_runner - INFO - pytest.py starting with args: ['tests/test_gmail_widget.py', '-v']
2025-12-17 10:33:39,138 - pytest_runner - INFO - pytest.py starting with args: ['tests/test_gmail_widget.py', '-v']
2025-12-17 10:33:39,142 - pytest_runner - INFO - pytest.py starting with args: ['tests/test_gmail_widget.py', '-v']
2025-12-17 10:33:39,146 - pytest_runner - INFO - pytest.py starting with args: ['tests/test_gmail_widget.py', '-v']
2025-12-17 10:33:39,149 - pytest_runner - INFO - pytest.py starting with args: ['tests/test_gmail_widget.py', '-v']
2025-12-17 10:33:39,151 - pytest_runner - INFO - pytest.py starting with args: ['tests/test_gmail_widget.py', '-v']
2025-12-17 10:33:39,154 - pytest_runner - INFO - pytest.py starting with args: ['tests/test_gmail_widget.py', '-v']
2025-12-17 10:33:39,157 - pytest_runner - INFO - pytest.py starting with args: ['tests/test_gmail_widget.py', '-v']
2025-12-17 10:33:39,160 - pytest_runner - INFO - pytest.py starting with args: ['tests/test_gmail_widget.py', '-v']
2025-12-17 10:33:39,164 - pytest_runner - INFO - pytest.py starting with args: ['tests/test_gmail_widget.py', '-v']
2025-12-17 10:33:39,167 - pytest_runner - INFO - pytest.py starting with args: ['tests/test_gmail_widget.py', '-v']
2025-12-17 10:33:39,173 - pytest_runner - INFO - pytest.py starting with args: ['tests/test_gmail_widget.py', '-v']
2025-12-17 10:33:39,176 - pytest_runner - INFO - pytest.py starting with args: ['tests/test_gmail_widget.py', '-v']
2025-12-17 10:33:39,178 - pytest_runner - INFO - pytest.py starting with args: ['tests/test_gmail_widget.py', '-v']
2025-12-17 10:33:39,181 - pytest_runner - INFO - pytest.py starting with args: ['tests/test_gmail_widget.py', '-v']
2025-12-17 10:33:39,184 - pytest_runner - INFO - pytest.py starting with args: ['tests/test_gmail_widget.py', '-v']
2025-12-17 10:33:39,187 - pytest_runner - INFO - pytest.py starting with args: ['tests/test_gmail_widget.py', '-v']
2025-12-17 10:33:39,191 - pytest_runner - INFO - pytest.py starting with args: ['tests/test_gmail_widget.py', '-v']
2025-12-17 10:33:39,193 - pytest_runner - INFO - pytest.py starting with args: ['tests/test_gmail_widget.py', '-v']
2025-12-17 10:33:39,196 - pytest_runner - INFO - pytest.py starting with args: ['tests/test_gmail_widget.py', '-v']
2025-12-17 10:33:39,199 - pytest_runner - INFO - pytest.py starting with args: ['tests/test_gmail_widget.py', '-v']
2025-12-17 10:33:39,201 - pytest_runner - INFO - pytest.py starting with args: ['tests/test_gmail_widget.py', '-v']
2025-12-17 10:33:39,204 - pytest_runner - INFO - pytest.py starting with args: ['tests/test_gmail_widget.py', '-v']
2025-12-17 10:33:39,207 - pytest_runner - INFO - pytest.py starting with args: ['tests/test_gmail_widget.py', '-v']
2025-12-17 10:33:39,210 - pytest_runner - INFO - pytest.py starting with args: ['tests/test_gmail_widget.py', '-v']
2025-12-17 10:33:39,213 - pytest_runner - INFO - pytest.py starting with args: ['tests/test_gmail_widget.py', '-v']
2025-12-17 10:33:39,216 - pytest_runner - INFO - pytest.py starting with args: ['tests/test_gmail_widget.py', '-v']
2025-12-17 10:33:39,219 - pytest_runner - INFO - pytest.py starting with args: ['tests/test_gmail_widget.py', '-v']
2025-12-17 10:33:39,223 - pytest_runner - INFO - pytest.py starting with args: ['tests/test_gmail_widget.py', '-v']
2025-12-17 10:33:39,226 - pytest_runner - INFO - pytest.py starting with args: ['tests/test_gmail_widget.py', '-v']
2025-12-17 10:33:39,229 - pytest_runner - INFO - pytest.py starting with args: ['tests/test_gmail_widget.py', '-v']
2025-12-17 10:33:39,233 - pytest_runner - INFO - pytest.py starting with args: ['tests/test_gmail_widget.py', '-v']
2025-12-17 10:33:39,235 - pytest_runner - INFO - pytest.py starting with args: ['tests/test_gmail_widget.py', '-v']
2025-12-17 10:33:39,237 - pytest_runner - INFO - pytest.py starting with args: ['tests/test_gmail_widget.py', '-v']
2025-12-17 10:33:39,241 - pytest_runner - INFO - pytest.py starting with args: ['tests/test_gmail_widget.py', '-v']
2025-12-17 10:33:39,244 - pytest_runner - INFO - pytest.py starting with args: ['tests/test_gmail_widget.py', '-v']
2025-12-17 10:33:39,247 - pytest_runner - INFO - pytest.py starting with args: ['tests/test_gmail_widget.py', '-v']
2025-12-17 10:33:39,250 - pytest_runner - INFO - pytest.py starting with args: ['tests/test_gmail_widget.py', '-v']
2025-12-17 10:33:39,253 - pytest_runner - INFO - pytest.py starting with args: ['tests/test_gmail_widget.py', '-v']
2025-12-17 10:33:39,256 - pytest_runner - INFO - pytest.py starting with args: ['tests/test_gmail_widget.py', '-v']
2025-12-17 10:33:39,259 - pytest_runner - INFO - pytest.py starting with args: ['tests/test_gmail_widget.py', '-v']
2025-12-17 10:33:39,262 - pytest_runner - INFO - pytest.py starting with args: ['tests/test_gmail_widget.py', '-v']
2025-12-17 10:33:39,266 - pytest_runner - INFO - pytest.py starting with args: ['tests/test_gmail_widget.py', '-v']
2025-12-17 10:33:39,269 - pytest_runner - INFO - pytest.py starting with args: ['tests/test_gmail_widget.py', '-v']
2025-12-17 10:33:39,271 - pytest_runner - INFO - pytest.py starting with args: ['tests/test_gmail_widget.py', '-v']
2025-12-17 10:33:39,276 - pytest_runner - INFO - pytest.py starting with args: ['tests/test_gmail_widget.py', '-v']
2025-12-17 10:33:39,279 - pytest_runner - INFO - pytest.py starting with args: ['tests/test_gmail_widget.py', '-v']
2025-12-17 10:33:39,281 - pytest_runner - INFO - pytest.py starting with args: ['tests/test_gmail_widget.py', '-v']
2025-12-17 10:33:39,285 - pytest_runner - INFO - pytest.py starting with args: ['tests/test_gmail_widget.py', '-v']
2025-12-17 10:33:39,287 - pytest_runner - INFO - pytest.py starting with args: ['tests/test_gmail_widget.py', '-v']
2025-12-17 10:33:39,291 - pytest_runner - INFO - pytest.py starting with args: ['tests/test_gmail_widget.py', '-v']
2025-12-17 10:33:39,293 - pytest_runner - INFO - pytest.py starting with args: ['tests/test_gmail_widget.py', '-v']
2025-12-17 10:33:39,296 - pytest_runner - INFO - pytest.py starting with args: ['tests/test_gmail_widget.py', '-v']
2025-12-17 10:33:39,299 - pytest_runner - INFO - pytest.py starting with args: ['tests/test_gmail_widget.py', '-v']
2025-12-17 10:33:39,301 - pytest_runner - INFO - pytest.py starting with args: ['tests/test_gmail_widget.py', '-v']
2025-12-17 10:33:39,303 - pytest_runner - INFO - pytest.py starting with args: ['tests/test_gmail_widget.py', '-v']
2025-12-17 10:33:39,307 - pytest_runner - INFO - pytest.py starting with args: ['tests/test_gmail_widget.py', '-v']
2025-12-17 10:33:39,309 - pytest_runner - INFO - pytest.py starting with args: ['tests/test_gmail_widget.py', '-v']
2025-12-17 10:33:39,311 - pytest_runner - INFO - pytest.py starting with args: ['tests/test_gmail_widget.py', '-v']
2025-12-17 10:33:39,315 - pytest_runner - INFO - pytest.py starting with args: ['tests/test_gmail_widget.py', '-v']
2025-12-17 10:33:39,318 - pytest_runner - INFO - pytest.py starting with args: ['tests/test_gmail_widget.py', '-v']
2025-12-17 10:33:39,320 - pytest_runner - INFO - pytest.py starting with args: ['tests/test_gmail_widget.py', '-v']
2025-12-17 10:33:39,324 - pytest_runner - INFO - pytest.py starting with args: ['tests/test_gmail_widget.py', '-v']
2025-12-17 10:33:39,329 - pytest_runner - INFO - pytest.py starting with args: ['tests/test_gmail_widget.py', '-v']
2025-12-17 10:33:39,332 - pytest_runner - INFO - pytest.py starting with args: ['tests/test_gmail_widget.py', '-v']
2025-12-17 10:33:39,334 - pytest_runner - INFO - pytest.py starting with args: ['tests/test_gmail_widget.py', '-v']
2025-12-17 10:33:39,338 - pytest_runner - INFO - pytest.py starting with args: ['tests/test_gmail_widget.py', '-v']
2025-12-17 10:33:39,340 - pytest_runner - INFO - pytest.py starting with args: ['tests/test_gmail_widget.py', '-v']
2025-12-17 10:33:39,344 - pytest_runner - INFO - pytest.py starting with args: ['tests/test_gmail_widget.py', '-v']
2025-12-17 10:33:39,347 - pytest_runner - INFO - pytest.py starting with args: ['tests/test_gmail_widget.py', '-v']
2025-12-17 10:33:39,349 - pytest_runner - INFO - pytest.py starting with args: ['tests/test_gmail_widget.py', '-v']
2025-12-17 10:33:39,351 - pytest_runner - INFO - pytest.py starting with args: ['tests/test_gmail_widget.py', '-v']
2025-12-17 10:33:39,354 - pytest_runner - INFO - pytest.py starting with args: ['tests/test_gmail_widget.py', '-v']
2025-12-17 10:33:39,357 - pytest_runner - INFO - pytest.py starting with args: ['tests/test_gmail_widget.py', '-v']
2025-12-17 10:33:39,361 - pytest_runner - INFO - pytest.py starting with args: ['tests/test_gmail_widget.py', '-v']
2025-12-17 10:33:39,364 - pytest_runner - INFO - pytest.py starting with args: ['tests/test_gmail_widget.py', '-v']
2025-12-17 10:33:39,367 - pytest_runner - INFO - pytest.py starting with args: ['tests/test_gmail_widget.py', '-v']
2025-12-17 10:33:39,370 - pytest_runner - INFO - pytest.py starting with args: ['tests/test_gmail_widget.py', '-v']
2025-12-17 10:33:39,373 - pytest_runner - INFO - pytest.py starting with args: ['tests/test_gmail_widget.py', '-v']
2025-12-17 10:33:39,375 - pytest_runner - INFO - pytest.py starting with args: ['tests/test_gmail_widget.py', '-v']
2025-12-17 10:33:39,379 - pytest_runner - INFO - pytest.py starting with args: ['tests/test_gmail_widget.py', '-v']
2025-12-17 10:33:39,381 - pytest_runner - INFO - pytest.py starting with args: ['tests/test_gmail_widget.py', '-v']
2025-12-17 10:33:39,384 - pytest_runner - INFO - pytest.py starting with args: ['tests/test_gmail_widget.py', '-v']
2025-12-17 10:33:39,387 - pytest_runner - INFO - pytest.py starting with args: ['tests/test_gmail_widget.py', '-v']
2025-12-17 10:33:39,391 - pytest_runner - INFO - pytest.py starting with args: ['tests/test_gmail_widget.py', '-v']
2025-12-17 10:33:39,393 - pytest_runner - INFO - pytest.py starting with args: ['tests/test_gmail_widget.py', '-v']
2025-12-17 10:33:39,396 - pytest_runner - INFO - pytest.py starting with args: ['tests/test_gmail_widget.py', '-v']
2025-12-17 10:33:39,399 - pytest_runner - INFO - pytest.py starting with args: ['tests/test_gmail_widget.py', '-v']
2025-12-17 10:33:39,401 - pytest_runner - INFO - pytest.py starting with args: ['tests/test_gmail_widget.py', '-v']
2025-12-17 10:33:39,405 - pytest_runner - INFO - pytest.py starting with args: ['tests/test_gmail_widget.py', '-v']
2025-12-17 10:33:39,407 - pytest_runner - INFO - pytest.py starting with args: ['tests/test_gmail_widget.py', '-v']
2025-12-17 10:33:39,410 - pytest_runner - INFO - pytest.py starting with args: ['tests/test_gmail_widget.py', '-v']
2025-12-17 10:33:39,413 - pytest_runner - INFO - pytest.py starting with args: ['tests/test_gmail_widget.py', '-v']
2025-12-17 10:33:39,415 - pytest_runner - INFO - pytest.py starting with args: ['tests/test_gmail_widget.py', '-v']
2025-12-17 10:33:39,417 - pytest_runner - INFO - pytest.py starting with args: ['tests/test_gmail_widget.py', '-v']
2025-12-17 10:33:39,421 - pytest_runner - INFO - pytest.py starting with args: ['tests/test_gmail_widget.py', '-v']
2025-12-17 10:33:39,424 - pytest_runner - INFO - pytest.py starting with args: ['tests/test_gmail_widget.py', '-v']
2025-12-17 10:33:39,427 - pytest_runner - INFO - pytest.py starting with args: ['tests/test_gmail_widget.py', '-v']
2025-12-17 10:33:39,430 - pytest_runner - INFO - pytest.py starting with args: ['tests/test_gmail_widget.py', '-v']
2025-12-17 10:33:39,433 - pytest_runner - INFO - pytest.py starting with args: ['tests/test_gmail_widget.py', '-v']
2025-12-17 10:33:39,436 - pytest_runner - INFO - pytest.py starting with args: ['tests/test_gmail_widget.py', '-v']
2025-12-17 10:33:39,438 - pytest_runner - INFO - pytest.py starting with args: ['tests/test_gmail_widget.py', '-v']
2025-12-17 10:33:39,441 - pytest_runner - INFO - pytest.py starting with args: ['tests/test_gmail_widget.py', '-v']
2025-12-17 10:33:39,443 - pytest_runner - INFO - pytest.py starting with args: ['tests/test_gmail_widget.py', '-v']
2025-12-17 10:33:39,447 - pytest_runner - INFO - pytest.py starting with args: ['tests/test_gmail_widget.py', '-v']
2025-12-17 10:33:39,451 - pytest_runner - INFO - pytest.py starting with args: ['tests/test_gmail_widget.py', '-v']
2025-12-17 10:33:39,454 - pytest_runner - INFO - pytest.py starting with args: ['tests/test_gmail_widget.py', '-v']
2025-12-17 10:33:39,456 - pytest_runner - INFO - pytest.py starting with args: ['tests/test_gmail_widget.py', '-v']
2025-12-17 10:33:39,459 - pytest_runner - INFO - pytest.py starting with args: ['tests/test_gmail_widget.py', '-v']
2025-12-17 10:33:39,461 - pytest_runner - INFO - pytest.py starting with args: ['tests/test_gmail_widget.py', '-v']
2025-12-17 10:33:39,465 - pytest_runner - INFO - pytest.py starting with args: ['tests/test_gmail_widget.py', '-v']
2025-12-17 10:33:39,468 - pytest_runner - INFO - pytest.py starting with args: ['tests/test_gmail_widget.py', '-v']
2025-12-17 10:33:39,470 - pytest_runner - INFO - pytest.py starting with args: ['tests/test_gmail_widget.py', '-v']
2025-12-17 10:33:39,473 - pytest_runner - INFO - pytest.py starting with args: ['tests/test_gmail_widget.py', '-v']
2025-12-17 10:33:39,474 - pytest_runner - INFO - pytest.py starting with args: ['tests/test_gmail_widget.py', '-v']
2025-12-17 10:33:39,477 - pytest_runner - INFO - pytest.py starting with args: ['tests/test_gmail_widget.py', '-v']
2025-12-17 10:33:39,481 - pytest_runner - INFO - pytest.py starting with args: ['tests/test_gmail_widget.py', '-v']
2025-12-17 10:33:39,483 - pytest_runner - INFO - pytest.py starting with args: ['tests/test_gmail_widget.py', '-v']
2025-12-17 10:33:39,486 - pytest_runner - INFO - pytest.py starting with args: ['tests/test_gmail_widget.py', '-v']
2025-12-17 10:33:39,490 - pytest_runner - INFO - pytest.py starting with args: ['tests/test_gmail_widget.py', '-v']
2025-12-17 10:33:39,493 - pytest_runner - INFO - pytest.py starting with args: ['tests/test_gmail_widget.py', '-v']
2025-12-17 10:33:39,496 - pytest_runner - INFO - pytest.py starting with args: ['tests/test_gmail_widget.py', '-v']
2025-12-17 10:33:39,500 - pytest_runner - INFO - pytest.py starting with args: ['tests/test_gmail_widget.py', '-v']
2025-12-17 10:33:39,503 - pytest_runner - INFO - pytest.py starting with args: ['tests/test_gmail_widget.py', '-v']
2025-12-17 10:33:39,506 - pytest_runner - INFO - pytest.py starting with args: ['tests/test_gmail_widget.py', '-v']
2025-12-17 10:33:39,509 - pytest_runner - INFO - pytest.py starting with args: ['tests/test_gmail_widget.py', '-v']
2025-12-17 10:33:39,512 - pytest_runner - INFO - pytest.py starting with args: ['tests/test_gmail_widget.py', '-v']
2025-12-17 10:33:39,515 - pytest_runner - INFO - pytest.py starting with args: ['tests/test_gmail_widget.py', '-v']
2025-12-17 10:33:39,518 - pytest_runner - INFO - pytest.py starting with args: ['tests/test_gmail_widget.py', '-v']
2025-12-17 10:33:39,520 - pytest_runner - INFO - pytest.py starting with args: ['tests/test_gmail_widget.py', '-v']
2025-12-17 10:33:39,523 - pytest_runner - INFO - pytest.py starting with args: ['tests/test_gmail_widget.py', '-v']
2025-12-17 10:33:39,526 - pytest_runner - INFO - pytest.py starting with args: ['tests/test_gmail_widget.py', '-v']
2025-12-17 10:33:39,529 - pytest_runner - INFO - pytest.py starting with args: ['tests/test_gmail_widget.py', '-v']
2025-12-17 10:33:39,531 - pytest_runner - INFO - pytest.py starting with args: ['tests/test_gmail_widget.py', '-v']
2025-12-17 10:33:39,534 - pytest_runner - INFO - pytest.py starting with args: ['tests/test_gmail_widget.py', '-v']
2025-12-17 10:33:39,537 - pytest_runner - INFO - pytest.py starting with args: ['tests/test_gmail_widget.py', '-v']
2025-12-17 10:33:39,539 - pytest_runner - INFO - pytest.py starting with args: ['tests/test_gmail_widget.py', '-v']
2025-12-17 10:33:39,542 - pytest_runner - INFO - pytest.py starting with args: ['tests/test_gmail_widget.py', '-v']
2025-12-17 10:33:39,705 - pytest_runner - INFO - pytest finished with exit code 1
2025-12-17 10:33:39,705 - pytest_runner - INFO - pytest finished with exit code 1
2025-12-17 10:33:39,705 - pytest_runner - INFO - pytest finished with exit code 1
2025-12-17 10:33:39,706 - pytest_runner - INFO - pytest finished with exit code 1
2025-12-17 10:33:39,706 - pytest_runner - INFO - pytest finished with exit code 1
2025-12-17 10:33:39,706 - pytest_runner - INFO - pytest finished with exit code 1
2025-12-17 10:33:39,706 - pytest_runner - INFO - pytest finished with exit code 1
2025-12-17 10:33:39,707 - pytest_runner - INFO - pytest finished with exit code 1
2025-12-17 10:33:39,707 - pytest_runner - INFO - pytest finished with exit code 1
2025-12-17 10:33:39,707 - pytest_runner - INFO - pytest finished with exit code 1
2025-12-17 10:33:39,707 - pytest_runner - INFO - pytest finished with exit code 1
2025-12-17 10:33:39,707 - pytest_runner - INFO - pytest finished with exit code 1
2025-12-17 10:33:39,708 - pytest_runner - INFO - pytest finished with exit code 1
2025-12-17 10:33:39,708 - pytest_runner - INFO - pytest finished with exit code 1
2025-12-17 10:33:39,708 - pytest_runner - INFO - pytest finished with exit code 1
2025-12-17 10:33:39,708 - pytest_runner - INFO - pytest finished with exit code 1
2025-12-17 10:33:39,709 - pytest_runner - INFO - pytest finished with exit code 1
2025-12-17 10:33:39,709 - pytest_runner - INFO - pytest finished with exit code 1
2025-12-17 10:33:39,709 - pytest_runner - INFO - pytest finished with exit code 1
2025-12-17 10:33:39,709 - pytest_runner - INFO - pytest finished with exit code 1
2025-12-17 10:33:39,709 - pytest_runner - INFO - pytest finished with exit code 1
2025-12-17 10:33:39,709 - pytest_runner - INFO - pytest finished with exit code 1
2025-12-17 10:33:39,709 - pytest_runner - INFO - pytest finished with exit code 1
2025-12-17 10:33:39,709 - pytest_runner - INFO - pytest finished with exit code 1
2025-12-17 10:33:39,710 - pytest_runner - INFO - pytest finished with exit code 1
2025-12-17 10:33:39,710 - pytest_runner - INFO - pytest finished with exit code 1
2025-12-17 10:33:39,710 - pytest_runner - INFO - pytest finished with exit code 1
2025-12-17 10:33:39,710 - pytest_runner - INFO - pytest finished with exit code 1
2025-12-17 10:33:39,710 - pytest_runner - INFO - pytest finished with exit code 1
2025-12-17 10:33:39,711 - pytest_runner - INFO - pytest finished with exit code 1
2025-12-17 10:33:39,711 - pytest_runner - INFO - pytest finished with exit code 1
2025-12-17 10:33:39,711 - pytest_runner - INFO - pytest finished with exit code 1
2025-12-17 10:33:39,711 - pytest_runner - INFO - pytest finished with exit code 1
2025-12-17 10:33:39,711 - pytest_runner - INFO - pytest finished with exit code 1
2025-12-17 10:33:39,711 - pytest_runner - INFO - pytest finished with exit code 1
2025-12-17 10:33:39,711 - pytest_runner - INFO - pytest finished with exit code 1
2025-12-17 10:33:39,711 - pytest_runner - INFO - pytest finished with exit code 1
2025-12-17 10:33:39,713 - pytest_runner - INFO - pytest finished with exit code 1
2025-12-17 10:33:39,713 - pytest_runner - INFO - pytest finished with exit code 1
2025-12-17 10:33:39,713 - pytest_runner - INFO - pytest finished with exit code 1
2025-12-17 10:33:39,713 - pytest_runner - INFO - pytest finished with exit code 1
2025-12-17 10:33:39,713 - pytest_runner - INFO - pytest finished with exit code 1
2025-12-17 10:33:39,713 - pytest_runner - INFO - pytest finished with exit code 1
2025-12-17 10:33:39,713 - pytest_runner - INFO - pytest finished with exit code 1
2025-12-17 10:33:39,713 - pytest_runner - INFO - pytest finished with exit code 1
2025-12-17 10:33:39,713 - pytest_runner - INFO - pytest finished with exit code 1
2025-12-17 10:33:39,714 - pytest_runner - INFO - pytest finished with exit code 1
2025-12-17 10:33:39,714 - pytest_runner - INFO - pytest finished with exit code 1
2025-12-17 10:33:39,714 - pytest_runner - INFO - pytest finished with exit code 1
2025-12-17 10:33:39,714 - pytest_runner - INFO - pytest finished with exit code 1
2025-12-17 10:33:39,714 - pytest_runner - INFO - pytest finished with exit code 1
2025-12-17 10:33:39,714 - pytest_runner - INFO - pytest finished with exit code 1
2025-12-17 10:33:39,714 - pytest_runner - INFO - pytest finished with exit code 1
2025-12-17 10:33:39,714 - pytest_runner - INFO - pytest finished with exit code 1
2025-12-17 10:33:39,715 - pytest_runner - INFO - pytest finished with exit code 1
2025-12-17 10:33:39,715 - pytest_runner - INFO - pytest finished with exit code 1
2025-12-17 10:33:39,715 - pytest_runner - INFO - pytest finished with exit code 1
2025-12-17 10:33:39,715 - pytest_runner - INFO - pytest finished with exit code 1
2025-12-17 10:33:39,715 - pytest_runner - INFO - pytest finished with exit code 1
2025-12-17 10:33:39,716 - pytest_runner - INFO - pytest finished with exit code 1
2025-12-17 10:33:39,716 - pytest_runner - INFO - pytest finished with exit code 1
2025-12-17 10:33:39,716 - pytest_runner - INFO - pytest finished with exit code 1
2025-12-17 10:33:39,716 - pytest_runner - INFO - pytest finished with exit code 1
2025-12-17 10:33:39,716 - pytest_runner - INFO - pytest finished with exit code 1
2025-12-17 10:33:39,716 - pytest_runner - INFO - pytest finished with exit code 1
2025-12-17 10:33:39,717 - pytest_runner - INFO - pytest finished with exit code 1
2025-12-17 10:33:39,717 - pytest_runner - INFO - pytest finished with exit code 1
2025-12-17 10:33:39,717 - pytest_runner - INFO - pytest finished with exit code 1
2025-12-17 10:33:39,717 - pytest_runner - INFO - pytest finished with exit code 1
2025-12-17 10:33:39,717 - pytest_runner - INFO - pytest finished with exit code 1
2025-12-17 10:33:39,717 - pytest_runner - INFO - pytest finished with exit code 1
2025-12-17 10:33:39,717 - pytest_runner - INFO - pytest finished with exit code 1
2025-12-17 10:33:39,717 - pytest_runner - INFO - pytest finished with exit code 1
2025-12-17 10:33:39,719 - pytest_runner - INFO - pytest finished with exit code 1
2025-12-17 10:33:39,719 - pytest_runner - INFO - pytest finished with exit code 1
2025-12-17 10:33:39,719 - pytest_runner - INFO - pytest finished with exit code 1
2025-12-17 10:33:39,719 - pytest_runner - INFO - pytest finished with exit code 1
2025-12-17 10:33:39,719 - pytest_runner - INFO - pytest finished with exit code 1
2025-12-17 10:33:39,719 - pytest_runner - INFO - pytest finished with exit code 1
2025-12-17 10:33:39,719 - pytest_runner - INFO - pytest finished with exit code 1
2025-12-17 10:33:39,720 - pytest_runner - INFO - pytest finished with exit code 1
2025-12-17 10:33:39,720 - pytest_runner - INFO - pytest finished with exit code 1
2025-12-17 10:33:39,720 - pytest_runner - INFO - pytest finished with exit code 1
2025-12-17 10:33:39,720 - pytest_runner - INFO - pytest finished with exit code 1
2025-12-17 10:33:39,720 - pytest_runner - INFO - pytest finished with exit code 1
2025-12-17 10:33:39,720 - pytest_runner - INFO - pytest finished with exit code 1
2025-12-17 10:33:39,720 - pytest_runner - INFO - pytest finished with exit code 1
2025-12-17 10:33:39,720 - pytest_runner - INFO - pytest finished with exit code 1
2025-12-17 10:33:39,721 - pytest_runner - INFO - pytest finished with exit code 1
2025-12-17 10:33:39,721 - pytest_runner - INFO - pytest finished with exit code 1
2025-12-17 10:33:39,721 - pytest_runner - INFO - pytest finished with exit code 1
2025-12-17 10:33:39,721 - pytest_runner - INFO - pytest finished with exit code 1
2025-12-17 10:33:39,721 - pytest_runner - INFO - pytest finished with exit code 1
2025-12-17 10:33:39,721 - pytest_runner - INFO - pytest finished with exit code 1
2025-12-17 10:33:39,721 - pytest_runner - INFO - pytest finished with exit code 1
2025-12-17 10:33:39,721 - pytest_runner - INFO - pytest finished with exit code 1
2025-12-17 10:33:39,721 - pytest_runner - INFO - pytest finished with exit code 1
2025-12-17 10:33:39,723 - pytest_runner - INFO - pytest finished with exit code 1
2025-12-17 10:33:39,723 - pytest_runner - INFO - pytest finished with exit code 1
2025-12-17 10:33:39,723 - pytest_runner - INFO - pytest finished with exit code 1
2025-12-17 10:33:39,723 - pytest_runner - INFO - pytest finished with exit code 1
2025-12-17 10:33:39,723 - pytest_runner - INFO - pytest finished with exit code 1
2025-12-17 10:33:39,723 - pytest_runner - INFO - pytest finished with exit code 1
2025-12-17 10:33:39,723 - pytest_runner - INFO - pytest finished with exit code 1
2025-12-17 10:33:39,723 - pytest_runner - INFO - pytest finished with exit code 1
2025-12-17 10:33:39,723 - pytest_runner - INFO - pytest finished with exit code 1
2025-12-17 10:33:39,723 - pytest_runner - INFO - pytest finished with exit code 1
2025-12-17 10:33:39,724 - pytest_runner - INFO - pytest finished with exit code 1
2025-12-17 10:33:39,724 - pytest_runner - INFO - pytest finished with exit code 1
2025-12-17 10:33:39,724 - pytest_runner - INFO - pytest finished with exit code 1
2025-12-17 10:33:39,724 - pytest_runner - INFO - pytest finished with exit code 1
2025-12-17 10:33:39,724 - pytest_runner - INFO - pytest finished with exit code 1
2025-12-17 10:33:39,724 - pytest_runner - INFO - pytest finished with exit code 1
2025-12-17 10:33:39,724 - pytest_runner - INFO - pytest finished with exit code 1
2025-12-17 10:33:39,724 - pytest_runner - INFO - pytest finished with exit code 1
2025-12-17 10:33:39,724 - pytest_runner - INFO - pytest finished with exit code 1
2025-12-17 10:33:39,724 - pytest_runner - INFO - pytest finished with exit code 1
2025-12-17 10:33:39,726 - pytest_runner - INFO - pytest finished with exit code 1
2025-12-17 10:33:39,726 - pytest_runner - INFO - pytest finished with exit code 1
2025-12-17 10:33:39,726 - pytest_runner - INFO - pytest finished with exit code 1
2025-12-17 10:33:39,726 - pytest_runner - INFO - pytest finished with exit code 1
2025-12-17 10:33:39,726 - pytest_runner - INFO - pytest finished with exit code 1
2025-12-17 10:33:39,726 - pytest_runner - INFO - pytest finished with exit code 1
2025-12-17 10:33:39,726 - pytest_runner - INFO - pytest finished with exit code 1
2025-12-17 10:33:39,726 - pytest_runner - INFO - pytest finished with exit code 1
2025-12-17 10:33:39,726 - pytest_runner - INFO - pytest finished with exit code 1
2025-12-17 10:33:39,726 - pytest_runner - INFO - pytest finished with exit code 1
2025-12-17 10:33:39,726 - pytest_runner - INFO - pytest finished with exit code 1
2025-12-17 10:33:39,726 - pytest_runner - INFO - pytest finished with exit code 1
2025-12-17 10:33:39,727 - pytest_runner - INFO - pytest finished with exit code 1
2025-12-17 10:33:39,727 - pytest_runner - INFO - pytest finished with exit code 1
2025-12-17 10:33:39,727 - pytest_runner - INFO - pytest finished with exit code 1
2025-12-17 10:33:39,728 - pytest_runner - INFO - pytest finished with exit code 1
2025-12-17 10:33:39,728 - pytest_runner - INFO - pytest finished with exit code 1
2025-12-17 10:33:39,728 - pytest_runner - INFO - pytest finished with exit code 1
2025-12-17 10:33:39,728 - pytest_runner - INFO - pytest finished with exit code 1
2025-12-17 10:33:39,728 - pytest_runner - INFO - pytest finished with exit code 1
2025-12-17 10:33:39,728 - pytest_runner - INFO - pytest finished with exit code 1
2025-12-17 10:33:39,729 - pytest_runner - INFO - pytest finished with exit code 1
2025-12-17 10:33:39,729 - pytest_runner - INFO - pytest finished with exit code 1
2025-12-17 10:33:39,729 - pytest_runner - INFO - pytest finished with exit code 1
2025-12-17 10:33:39,729 - pytest_runner - INFO - pytest finished with exit code 1
2025-12-17 10:33:39,729 - pytest_runner - INFO - pytest finished with exit code 1
2025-12-17 10:33:39,729 - pytest_runner - INFO - pytest finished with exit code 1
2025-12-17 10:33:39,730 - pytest_runner - INFO - pytest finished with exit code 1
2025-12-17 10:33:39,730 - pytest_runner - INFO - pytest finished with exit code 1
2025-12-17 10:33:39,730 - pytest_runner - INFO - pytest finished with exit code 1
2025-12-17 10:33:39,730 - pytest_runner - INFO - pytest finished with exit code 1
2025-12-17 10:33:39,730 - pytest_runner - INFO - pytest finished with exit code 1
2025-12-17 10:33:39,730 - pytest_runner - INFO - pytest finished with exit code 1
2025-12-17 10:33:39,731 - pytest_runner - INFO - pytest finished with exit code 1
2025-12-17 10:33:39,731 - pytest_runner - INFO - pytest finished with exit code 1
2025-12-17 10:33:39,731 - pytest_runner - INFO - pytest finished with exit code 1
2025-12-17 10:33:39,731 - pytest_runner - INFO - pytest finished with exit code 1
2025-12-17 10:33:39,731 - pytest_runner - INFO - pytest finished with exit code 1
2025-12-17 10:33:39,731 - pytest_runner - INFO - pytest finished with exit code 1
2025-12-17 10:33:39,731 - pytest_runner - INFO - pytest finished with exit code 1
2025-12-17 10:33:39,731 - pytest_runner - INFO - pytest finished with exit code 1
2025-12-17 10:33:39,731 - pytest_runner - INFO - pytest finished with exit code 1
2025-12-17 10:33:39,731 - pytest_runner - INFO - pytest finished with exit code 1
2025-12-17 10:33:39,732 - pytest_runner - INFO - pytest finished with exit code 1
2025-12-17 10:33:39,732 - pytest_runner - INFO - pytest finished with exit code 1
2025-12-17 10:33:39,732 - pytest_runner - INFO - pytest finished with exit code 1
2025-12-17 10:33:39,733 - pytest_runner - INFO - pytest finished with exit code 1
2025-12-17 10:33:39,733 - pytest_runner - INFO - pytest finished with exit code 1
2025-12-17 10:33:39,733 - pytest_runner - INFO - pytest finished with exit code 1
2025-12-17 10:33:39,733 - pytest_runner - INFO - pytest finished with exit code 1
2025-12-17 10:33:39,733 - pytest_runner - INFO - pytest finished with exit code 1
2025-12-17 10:33:39,734 - pytest_runner - INFO - pytest finished with exit code 1
2025-12-17 10:33:39,734 - pytest_runner - INFO - pytest finished with exit code 1
2025-12-17 10:33:39,734 - pytest_runner - INFO - pytest finished with exit code 1
2025-12-17 10:33:39,734 - pytest_runner - INFO - pytest finished with exit code 1
2025-12-17 10:33:39,734 - pytest_runner - INFO - pytest finished with exit code 1
2025-12-17 10:33:39,734 - pytest_runner - INFO - pytest finished with exit code 1
2025-12-17 10:33:39,734 - pytest_runner - INFO - pytest finished with exit code 1
2025-12-17 10:33:39,734 - pytest_runner - INFO - pytest finished with exit code 1
2025-12-17 10:33:39,734 - pytest_runner - INFO - pytest finished with exit code 1
2025-12-17 10:33:39,735 - pytest_runner - INFO - pytest finished with exit code 1
2025-12-17 10:33:39,735 - pytest_runner - INFO - pytest finished with exit code 1
2025-12-17 10:33:39,735 - pytest_runner - INFO - pytest finished with exit code 1
2025-12-17 10:33:39,736 - pytest_runner - INFO - pytest finished with exit code 1
2025-12-17 10:33:39,736 - pytest_runner - INFO - pytest finished with exit code 1
2025-12-17 10:33:39,736 - pytest_runner - INFO - pytest finished with exit code 1
2025-12-17 10:33:39,736 - pytest_runner - INFO - pytest finished with exit code 1
2025-12-17 10:33:39,736 - pytest_runner - INFO - pytest finished with exit code 1
2025-12-17 10:33:39,736 - pytest_runner - INFO - pytest finished with exit code 1
2025-12-17 10:33:39,736 - pytest_runner - INFO - pytest finished with exit code 1
2025-12-17 10:33:39,737 - pytest_runner - INFO - pytest finished with exit code 1
2025-12-17 10:33:39,737 - pytest_runner - INFO - pytest finished with exit code 1
2025-12-17 10:33:39,737 - pytest_runner - INFO - pytest finished with exit code 1
2025-12-17 10:33:39,737 - pytest_runner - INFO - pytest finished with exit code 1
2025-12-17 10:33:39,737 - pytest_runner - INFO - pytest finished with exit code 1
2025-12-17 10:33:39,737 - pytest_runner - INFO - pytest finished with exit code 1
2025-12-17 10:33:39,737 - pytest_runner - INFO - pytest finished with exit code 1
2025-12-17 10:33:39,738 - pytest_runner - INFO - pytest finished with exit code 1
2025-12-17 10:33:39,738 - pytest_runner - INFO - pytest finished with exit code 1
2025-12-17 10:33:39,738 - pytest_runner - INFO - pytest finished with exit code 1
2025-12-17 10:33:39,738 - pytest_runner - INFO - pytest finished with exit code 1
2025-12-17 10:33:39,738 - pytest_runner - INFO - pytest finished with exit code 1
2025-12-17 10:33:39,738 - pytest_runner - INFO - pytest finished with exit code 1
2025-12-17 10:33:39,738 - pytest_runner - INFO - pytest finished with exit code 1
2025-12-17 10:33:39,738 - pytest_runner - INFO - pytest finished with exit code 1
2025-12-17 10:33:39,740 - pytest_runner - INFO - pytest finished with exit code 1
2025-12-17 10:33:39,740 - pytest_runner - INFO - pytest finished with exit code 1
2025-12-17 10:33:39,740 - pytest_runner - INFO - pytest finished with exit code 1
2025-12-17 10:33:39,740 - pytest_runner - INFO - pytest finished with exit code 1
2025-12-17 10:33:39,740 - pytest_runner - INFO - pytest finished with exit code 1
2025-12-17 10:33:39,741 - pytest_runner - INFO - pytest finished with exit code 1
2025-12-17 10:33:39,741 - pytest_runner - INFO - pytest finished with exit code 1
2025-12-17 10:33:39,741 - pytest_runner - INFO - pytest finished with exit code 1
2025-12-17 10:33:39,741 - pytest_runner - INFO - pytest finished with exit code 1
2025-12-17 10:33:39,741 - pytest_runner - INFO - pytest finished with exit code 1
2025-12-17 10:33:39,741 - pytest_runner - INFO - pytest finished with exit code 1
2025-12-17 10:33:39,741 - pytest_runner - INFO - pytest finished with exit code 1
2025-12-17 10:33:39,741 - pytest_runner - INFO - pytest finished with exit code 1
2025-12-17 10:33:39,741 - pytest_runner - INFO - pytest finished with exit code 1
2025-12-17 10:33:39,742 - pytest_runner - INFO - pytest finished with exit code 1
2025-12-17 10:33:39,742 - pytest_runner - INFO - pytest finished with exit code 1
2025-12-17 10:33:39,742 - pytest_runner - INFO - pytest finished with exit code 1
2025-12-17 10:33:39,743 - pytest_runner - INFO - pytest finished with exit code 1
2025-12-17 10:33:39,743 - pytest_runner - INFO - pytest finished with exit code 1
2025-12-17 10:33:39,743 - pytest_runner - INFO - pytest finished with exit code 1
2025-12-17 10:33:39,743 - pytest_runner - INFO - pytest finished with exit code 1
2025-12-17 10:33:39,743 - pytest_runner - INFO - pytest finished with exit code 1
2025-12-17 10:33:39,743 - pytest_runner - INFO - pytest finished with exit code 1
2025-12-17 10:33:39,744 - pytest_runner - INFO - pytest finished with exit code 1
2025-12-17 10:33:39,744 - pytest_runner - INFO - pytest finished with exit code 1
2025-12-17 10:33:39,744 - pytest_runner - INFO - pytest finished with exit code 1
2025-12-17 10:33:39,744 - pytest_runner - INFO - pytest finished with exit code 1
2025-12-17 10:33:39,744 - pytest_runner - INFO - pytest finished with exit code 1
2025-12-17 10:33:39,744 - pytest_runner - INFO - pytest finished with exit code 1
2025-12-17 10:33:39,744 - pytest_runner - INFO - pytest finished with exit code 1
2025-12-17 10:33:39,745 - pytest_runner - INFO - pytest finished with exit code 1
2025-12-17 10:33:39,745 - pytest_runner - INFO - pytest finished with exit code 1
2025-12-17 10:33:39,745 - pytest_runner - INFO - pytest finished with exit code 1
2025-12-17 10:33:39,745 - pytest_runner - INFO - pytest finished with exit code 1
2025-12-17 10:33:39,745 - pytest_runner - INFO - pytest finished with exit code 1
2025-12-17 10:33:39,745 - pytest_runner - INFO - pytest finished with exit code 1
2025-12-17 10:33:39,745 - pytest_runner - INFO - pytest finished with exit code 1
2025-12-17 10:33:39,745 - pytest_runner - INFO - pytest finished with exit code 1
2025-12-17 10:33:39,745 - pytest_runner - INFO - pytest finished with exit code 1
2025-12-17 10:33:39,745 - pytest_runner - INFO - pytest finished with exit code 1
2025-12-17 10:33:39,746 - pytest_runner - INFO - pytest finished with exit code 1
2025-12-17 10:33:39,746 - pytest_runner - INFO - pytest finished with exit code 1
2025-12-17 10:33:39,746 - pytest_runner - INFO - pytest finished with exit code 1
2025-12-17 10:33:39,746 - pytest_runner - INFO - pytest finished with exit code 1
2025-12-17 10:33:39,746 - pytest_runner - INFO - pytest finished with exit code 1
2025-12-17 10:33:39,746 - pytest_runner - INFO - pytest finished with exit code 1
2025-12-17 10:33:39,746 - pytest_runner - INFO - pytest finished with exit code 1
2025-12-17 10:33:39,748 - pytest_runner - INFO - pytest finished with exit code 1
2025-12-17 10:33:39,748 - pytest_runner - INFO - pytest finished with exit code 1
2025-12-17 10:33:39,748 - pytest_runner - INFO - pytest finished with exit code 1
2025-12-17 10:33:39,748 - pytest_runner - INFO - pytest finished with exit code 1
2025-12-17 10:33:39,748 - pytest_runner - INFO - pytest finished with exit code 1
2025-12-17 10:33:39,749 - pytest_runner - INFO - pytest finished with exit code 1
2025-12-17 10:33:39,749 - pytest_runner - INFO - pytest finished with exit code 1
2025-12-17 10:33:39,749 - pytest_runner - INFO - pytest finished with exit code 1
2025-12-17 10:33:39,749 - pytest_runner - INFO - pytest finished with exit code 1
2025-12-17 10:33:39,749 - pytest_runner - INFO - pytest finished with exit code 1
2025-12-17 10:33:39,749 - pytest_runner - INFO - pytest finished with exit code 1
2025-12-17 10:33:39,750 - pytest_runner - INFO - pytest finished with exit code 1
2025-12-17 10:33:39,750 - pytest_runner - INFO - pytest finished with exit code 1
2025-12-17 10:33:39,750 - pytest_runner - INFO - pytest finished with exit code 1
2025-12-17 10:33:39,750 - pytest_runner - INFO - pytest finished with exit code 1
2025-12-17 10:33:39,750 - pytest_runner - INFO - pytest finished with exit code 1
2025-12-17 10:33:39,750 - pytest_runner - INFO - pytest finished with exit code 1
2025-12-17 10:33:39,751 - pytest_runner - INFO - pytest finished with exit code 1
2025-12-17 10:33:39,751 - pytest_runner - INFO - pytest finished with exit code 1
2025-12-17 10:33:39,751 - pytest_runner - INFO - pytest finished with exit code 1
2025-12-17 10:33:39,751 - pytest_runner - INFO - pytest finished with exit code 1
2025-12-17 10:33:39,751 - pytest_runner - INFO - pytest finished with exit code 1
2025-12-17 10:33:39,751 - pytest_runner - INFO - pytest finished with exit code 1
2025-12-17 10:33:39,751 - pytest_runner - INFO - pytest finished with exit code 1
2025-12-17 10:33:39,751 - pytest_runner - INFO - pytest finished with exit code 1
2025-12-17 10:33:39,751 - pytest_runner - INFO - pytest finished with exit code 1
2025-12-17 10:33:39,751 - pytest_runner - INFO - pytest finished with exit code 1
2025-12-17 10:33:39,752 - pytest_runner - INFO - pytest finished with exit code 1
2025-12-17 10:33:39,752 - pytest_runner - INFO - pytest finished with exit code 1
2025-12-17 10:33:39,752 - pytest_runner - INFO - pytest finished with exit code 1
2025-12-17 10:33:39,752 - pytest_runner - INFO - pytest finished with exit code 1
2025-12-17 10:33:39,752 - pytest_runner - INFO - pytest finished with exit code 1
2025-12-17 10:33:39,752 - pytest_runner - INFO - pytest finished with exit code 1
2025-12-17 10:33:39,752 - pytest_runner - INFO - pytest finished with exit code 1
2025-12-17 10:33:39,752 - pytest_runner - INFO - pytest finished with exit code 1
2025-12-17 10:33:39,752 - pytest_runner - INFO - pytest finished with exit code 1
2025-12-17 10:33:39,752 - pytest_runner - INFO - pytest finished with exit code 1
2025-12-17 10:33:39,752 - pytest_runner - INFO - pytest finished with exit code 1
2025-12-17 10:33:39,752 - pytest_runner - INFO - pytest finished with exit code 1
2025-12-17 10:33:39,754 - pytest_runner - INFO - pytest finished with exit code 1
2025-12-17 10:33:39,754 - pytest_runner - INFO - pytest finished with exit code 1
2025-12-17 10:33:39,754 - pytest_runner - INFO - pytest finished with exit code 1
2025-12-17 10:33:39,755 - pytest_runner - INFO - pytest finished with exit code 1
2025-12-17 10:33:39,755 - pytest_runner - INFO - pytest finished with exit code 1
2025-12-17 10:33:39,755 - pytest_runner - INFO - pytest finished with exit code 1
2025-12-17 10:33:39,755 - pytest_runner - INFO - pytest finished with exit code 1
2025-12-17 10:33:39,755 - pytest_runner - INFO - pytest finished with exit code 1
2025-12-17 10:33:39,755 - pytest_runner - INFO - pytest finished with exit code 1
2025-12-17 10:33:39,755 - pytest_runner - INFO - pytest finished with exit code 1
2025-12-17 10:33:39,756 - pytest_runner - INFO - pytest finished with exit code 1
2025-12-17 10:33:39,756 - pytest_runner - INFO - pytest finished with exit code 1
2025-12-17 10:33:39,756 - pytest_runner - INFO - pytest finished with exit code 1
2025-12-17 10:33:39,756 - pytest_runner - INFO - pytest finished with exit code 1
2025-12-17 10:33:39,756 - pytest_runner - INFO - pytest finished with exit code 1
2025-12-17 10:33:39,756 - pytest_runner - INFO - pytest finished with exit code 1
2025-12-17 10:33:39,757 - pytest_runner - INFO - pytest finished with exit code 1
2025-12-17 10:33:39,757 - pytest_runner - INFO - pytest finished with exit code 1
2025-12-17 10:33:39,757 - pytest_runner - INFO - pytest finished with exit code 1
2025-12-17 10:33:39,757 - pytest_runner - INFO - pytest finished with exit code 1
2025-12-17 10:33:39,757 - pytest_runner - INFO - pytest finished with exit code 1
2025-12-17 10:33:39,757 - pytest_runner - INFO - pytest finished with exit code 1
2025-12-17 10:33:39,757 - pytest_runner - INFO - pytest finished with exit code 1
2025-12-17 10:33:39,758 - pytest_runner - INFO - pytest finished with exit code 1
2025-12-17 10:33:39,758 - pytest_runner - INFO - pytest finished with exit code 1
2025-12-17 10:33:39,758 - pytest_runner - INFO - pytest finished with exit code 1
2025-12-17 10:33:39,758 - pytest_runner - INFO - pytest finished with exit code 1
2025-12-17 10:33:39,758 - pytest_runner - INFO - pytest finished with exit code 1
2025-12-17 10:33:39,758 - pytest_runner - INFO - pytest finished with exit code 1
2025-12-17 10:33:39,758 - pytest_runner - INFO - pytest finished with exit code 1
2025-12-17 10:33:39,759 - pytest_runner - INFO - pytest finished with exit code 1
2025-12-17 10:33:39,759 - pytest_runner - INFO - pytest finished with exit code 1
2025-12-17 10:33:39,759 - pytest_runner - INFO - pytest finished with exit code 1
2025-12-17 10:33:39,759 - pytest_runner - INFO - pytest finished with exit code 1
2025-12-17 10:33:39,759 - pytest_runner - INFO - pytest finished with exit code 1
2025-12-17 10:33:39,759 - pytest_runner - INFO - pytest finished with exit code 1
2025-12-17 10:33:39,759 - pytest_runner - INFO - pytest finished with exit code 1
2025-12-17 10:33:39,759 - pytest_runner - INFO - pytest finished with exit code 1
2025-12-17 10:33:39,759 - pytest_runner - INFO - pytest finished with exit code 1
2025-12-17 10:33:39,759 - pytest_runner - INFO - pytest finished with exit code 1
2025-12-17 10:33:39,760 - pytest_runner - INFO - pytest finished with exit code 1
2025-12-17 10:33:39,760 - pytest_runner - INFO - pytest finished with exit code 1
2025-12-17 10:33:39,760 - pytest_runner - INFO - pytest finished with exit code 1
2025-12-17 10:33:39,760 - pytest_runner - INFO - pytest finished with exit code 1
2025-12-17 10:33:39,760 - pytest_runner - INFO - pytest finished with exit code 1
2025-12-17 10:33:39,761 - pytest_runner - INFO - pytest finished with exit code 1
2025-12-17 10:33:39,761 - pytest_runner - INFO - pytest finished with exit code 1
2025-12-17 10:33:39,761 - pytest_runner - INFO - pytest finished with exit code 1
2025-12-17 10:33:39,761 - pytest_runner - INFO - pytest finished with exit code 1
2025-12-17 10:33:39,761 - pytest_runner - INFO - pytest finished with exit code 1
2025-12-17 10:33:39,761 - pytest_runner - INFO - pytest finished with exit code 1
2025-12-17 10:33:39,761 - pytest_runner - INFO - pytest finished with exit code 1
2025-12-17 10:33:39,761 - pytest_runner - INFO - pytest finished with exit code 1
2025-12-17 10:33:39,761 - pytest_runner - INFO - pytest finished with exit code 1
2025-12-17 10:33:39,763 - pytest_runner - INFO - pytest finished with exit code 1
2025-12-17 10:33:39,763 - pytest_runner - INFO - pytest finished with exit code 1
2025-12-17 10:33:39,763 - pytest_runner - INFO - pytest finished with exit code 1
2025-12-17 10:33:39,763 - pytest_runner - INFO - pytest finished with exit code 1
2025-12-17 10:33:39,763 - pytest_runner - INFO - pytest finished with exit code 1
2025-12-17 10:33:39,763 - pytest_runner - INFO - pytest finished with exit code 1
2025-12-17 10:33:39,763 - pytest_runner - INFO - pytest finished with exit code 1
2025-12-17 10:33:39,763 - pytest_runner - INFO - pytest finished with exit code 1
2025-12-17 10:33:39,763 - pytest_runner - INFO - pytest finished with exit code 1
2025-12-17 10:33:39,764 - pytest_runner - INFO - pytest finished with exit code 1
2025-12-17 10:33:39,764 - pytest_runner - INFO - pytest finished with exit code 1
2025-12-17 10:33:39,764 - pytest_runner - INFO - pytest finished with exit code 1
2025-12-17 10:33:39,765 - pytest_runner - INFO - pytest finished with exit code 1
2025-12-17 10:33:39,765 - pytest_runner - INFO - pytest finished with exit code 1
2025-12-17 10:33:39,765 - pytest_runner - INFO - pytest finished with exit code 1
2025-12-17 10:33:39,765 - pytest_runner - INFO - pytest finished with exit code 1
2025-12-17 10:33:39,765 - pytest_runner - INFO - pytest finished with exit code 1
2025-12-17 10:33:39,765 - pytest_runner - INFO - pytest finished with exit code 1
2025-12-17 10:33:39,765 - pytest_runner - INFO - pytest finished with exit code 1
2025-12-17 10:33:39,766 - pytest_runner - INFO - pytest finished with exit code 1
2025-12-17 10:33:39,766 - pytest_runner - INFO - pytest finished with exit code 1
2025-12-17 10:33:39,766 - pytest_runner - INFO - pytest finished with exit code 1
2025-12-17 10:33:39,766 - pytest_runner - INFO - pytest finished with exit code 1
2025-12-17 10:33:39,766 - pytest_runner - INFO - pytest finished with exit code 1
2025-12-17 10:33:39,766 - pytest_runner - INFO - pytest finished with exit code 1
2025-12-17 10:33:39,767 - pytest_runner - INFO - pytest finished with exit code 1
2025-12-17 10:33:39,767 - pytest_runner - INFO - pytest finished with exit code 1
2025-12-17 10:33:39,767 - pytest_runner - INFO - pytest finished with exit code 1
2025-12-17 10:33:39,767 - pytest_runner - INFO - pytest finished with exit code 1
2025-12-17 10:33:39,767 - pytest_runner - INFO - pytest finished with exit code 1
2025-12-17 10:33:39,767 - pytest_runner - INFO - pytest finished with exit code 1
2025-12-17 10:33:39,767 - pytest_runner - INFO - pytest finished with exit code 1
2025-12-17 10:33:39,767 - pytest_runner - INFO - pytest finished with exit code 1
2025-12-17 10:33:39,767 - pytest_runner - INFO - pytest finished with exit code 1
2025-12-17 10:33:39,767 - pytest_runner - INFO - pytest finished with exit code 1
2025-12-17 10:33:39,768 - pytest_runner - INFO - pytest finished with exit code 1
2025-12-17 10:33:39,768 - pytest_runner - INFO - pytest finished with exit code 1
2025-12-17 10:33:39,768 - pytest_runner - INFO - pytest finished with exit code 1
2025-12-17 10:33:39,768 - pytest_runner - INFO - pytest finished with exit code 1
2025-12-17 10:33:39,768 - pytest_runner - INFO - pytest finished with exit code 1
2025-12-17 10:33:39,768 - pytest_runner - INFO - pytest finished with exit code 1
2025-12-17 10:33:39,769 - pytest_runner - INFO - pytest finished with exit code 1
2025-12-17 10:33:39,769 - pytest_runner - INFO - pytest finished with exit code 1
2025-12-17 10:33:39,769 - pytest_runner - INFO - pytest finished with exit code 1
2025-12-17 10:33:39,769 - pytest_runner - INFO - pytest finished with exit code 1
2025-12-17 10:33:39,770 - pytest_runner - INFO - pytest finished with exit code 1
2025-12-17 10:33:39,770 - pytest_runner - INFO - pytest finished with exit code 1
2025-12-17 10:33:39,770 - pytest_runner - INFO - pytest finished with exit code 1
2025-12-17 10:33:39,770 - pytest_runner - INFO - pytest finished with exit code 1
2025-12-17 10:33:39,770 - pytest_runner - INFO - pytest finished with exit code 1
2025-12-17 10:33:39,770 - pytest_runner - INFO - pytest finished with exit code 1
2025-12-17 10:33:39,771 - pytest_runner - INFO - pytest finished with exit code 1
2025-12-17 10:33:39,771 - pytest_runner - INFO - pytest finished with exit code 1
2025-12-17 10:33:39,771 - pytest_runner - INFO - pytest finished with exit code 1
2025-12-17 10:33:39,771 - pytest_runner - INFO - pytest finished with exit code 1
2025-12-17 10:33:39,771 - pytest_runner - INFO - pytest finished with exit code 1
2025-12-17 10:33:39,771 - pytest_runner - INFO - pytest finished with exit code 1
2025-12-17 10:33:39,772 - pytest_runner - INFO - pytest finished with exit code 1
2025-12-17 10:33:39,772 - pytest_runner - INFO - pytest finished with exit code 1
2025-12-17 10:33:39,772 - pytest_runner - INFO - pytest finished with exit code 1
2025-12-17 10:33:39,772 - pytest_runner - INFO - pytest finished with exit code 1
2025-12-17 10:33:39,772 - pytest_runner - INFO - pytest finished with exit code 1
2025-12-17 10:33:39,772 - pytest_runner - INFO - pytest finished with exit code 1
2025-12-17 10:33:39,772 - pytest_runner - INFO - pytest finished with exit code 1
2025-12-17 10:33:39,773 - pytest_runner - INFO - pytest finished with exit code 1
2025-12-17 10:33:39,773 - pytest_runner - INFO - pytest finished with exit code 1
2025-12-17 10:33:39,773 - pytest_runner - INFO - pytest finished with exit code 1
2025-12-17 10:33:39,773 - pytest_runner - INFO - pytest finished with exit code 1
2025-12-17 10:33:39,773 - pytest_runner - INFO - pytest finished with exit code 1
2025-12-17 10:33:39,773 - pytest_runner - INFO - pytest finished with exit code 1
2025-12-17 10:33:39,773 - pytest_runner - INFO - pytest finished with exit code 1
2025-12-17 10:33:39,773 - pytest_runner - INFO - pytest finished with exit code 1
2025-12-17 10:33:39,774 - pytest_runner - INFO - pytest finished with exit code 1
2025-12-17 10:33:39,774 - pytest_runner - INFO - pytest finished with exit code 1
2025-12-17 10:33:39,774 - pytest_runner - INFO - pytest finished with exit code 1
2025-12-17 10:33:39,774 - pytest_runner - INFO - pytest finished with exit code 1
2025-12-17 10:33:39,774 - pytest_runner - INFO - pytest finished with exit code 1
2025-12-17 10:33:39,774 - pytest_runner - INFO - pytest finished with exit code 1
2025-12-17 10:33:39,774 - pytest_runner - INFO - pytest finished with exit code 1
2025-12-17 10:33:39,774 - pytest_runner - INFO - pytest finished with exit code 1
2025-12-17 10:33:39,774 - pytest_runner - INFO - pytest finished with exit code 1
2025-12-17 10:33:39,776 - pytest_runner - INFO - pytest finished with exit code 1
2025-12-17 10:33:39,776 - pytest_runner - INFO - pytest finished with exit code 1
2025-12-17 10:33:39,776 - pytest_runner - INFO - pytest finished with exit code 1
2025-12-17 10:33:39,776 - pytest_runner - INFO - pytest finished with exit code 1
2025-12-17 10:33:39,776 - pytest_runner - INFO - pytest finished with exit code 1
2025-12-17 10:33:39,776 - pytest_runner - INFO - pytest finished with exit code 1
2025-12-17 10:33:39,776 - pytest_runner - INFO - pytest finished with exit code 1
2025-12-17 10:33:39,776 - pytest_runner - INFO - pytest finished with exit code 1
2025-12-17 10:33:39,776 - pytest_runner - INFO - pytest finished with exit code 1
2025-12-17 10:33:39,776 - pytest_runner - INFO - pytest finished with exit code 1
2025-12-17 10:33:39,777 - pytest_runner - INFO - pytest finished with exit code 1
2025-12-17 10:33:39,777 - pytest_runner - INFO - pytest finished with exit code 1
2025-12-17 10:33:39,777 - pytest_runner - INFO - pytest finished with exit code 1
2025-12-17 10:33:39,778 - pytest_runner - INFO - pytest finished with exit code 1
2025-12-17 10:33:39,778 - pytest_runner - INFO - pytest finished with exit code 1
2025-12-17 10:33:39,778 - pytest_runner - INFO - pytest finished with exit code 1
2025-12-17 10:33:39,778 - pytest_runner - INFO - pytest finished with exit code 1
2025-12-17 10:33:39,778 - pytest_runner - INFO - pytest finished with exit code 1
2025-12-17 10:33:39,778 - pytest_runner - INFO - pytest finished with exit code 1
2025-12-17 10:33:39,778 - pytest_runner - INFO - pytest finished with exit code 1
2025-12-17 10:33:39,779 - pytest_runner - INFO - pytest finished with exit code 1
2025-12-17 10:33:39,779 - pytest_runner - INFO - pytest finished with exit code 1
2025-12-17 10:33:39,779 - pytest_runner - INFO - pytest finished with exit code 1
2025-12-17 10:33:39,779 - pytest_runner - INFO - pytest finished with exit code 1
2025-12-17 10:33:39,779 - pytest_runner - INFO - pytest finished with exit code 1
2025-12-17 10:33:39,779 - pytest_runner - INFO - pytest finished with exit code 1
2025-12-17 10:33:39,780 - pytest_runner - INFO - pytest finished with exit code 1
2025-12-17 10:33:39,780 - pytest_runner - INFO - pytest finished with exit code 1
2025-12-17 10:33:39,780 - pytest_runner - INFO - pytest finished with exit code 1
2025-12-17 10:33:39,780 - pytest_runner - INFO - pytest finished with exit code 1
2025-12-17 10:33:39,780 - pytest_runner - INFO - pytest finished with exit code 1
2025-12-17 10:33:39,780 - pytest_runner - INFO - pytest finished with exit code 1
2025-12-17 10:33:39,781 - pytest_runner - INFO - pytest finished with exit code 1
2025-12-17 10:33:39,781 - pytest_runner - INFO - pytest finished with exit code 1
2025-12-17 10:33:39,781 - pytest_runner - INFO - pytest finished with exit code 1
2025-12-17 10:33:39,781 - pytest_runner - INFO - pytest finished with exit code 1
2025-12-17 10:33:39,781 - pytest_runner - INFO - pytest finished with exit code 1
2025-12-17 10:33:39,781 - pytest_runner - INFO - pytest finished with exit code 1
2025-12-17 10:33:39,781 - pytest_runner - INFO - pytest finished with exit code 1
2025-12-17 10:33:39,781 - pytest_runner - INFO - pytest finished with exit code 1
2025-12-17 10:33:39,781 - pytest_runner - INFO - pytest finished with exit code 1
2025-12-17 10:33:39,781 - pytest_runner - INFO - pytest finished with exit code 1
2025-12-17 10:33:39,782 - pytest_runner - INFO - pytest finished with exit code 1
2025-12-17 10:33:39,782 - pytest_runner - INFO - pytest finished with exit code 1
2025-12-17 10:33:39,782 - pytest_runner - INFO - pytest finished with exit code 1
2025-12-17 10:33:39,783 - pytest_runner - INFO - pytest finished with exit code 1
2025-12-17 10:33:39,783 - pytest_runner - INFO - pytest finished with exit code 1
2025-12-17 10:33:39,783 - pytest_runner - INFO - pytest finished with exit code 1
2025-12-17 10:33:39,783 - pytest_runner - INFO - pytest finished with exit code 1
2025-12-17 10:33:39,783 - pytest_runner - INFO - pytest finished with exit code 1
2025-12-17 10:33:39,783 - pytest_runner - INFO - pytest finished with exit code 1
2025-12-17 10:33:39,783 - pytest_runner - INFO - pytest finished with exit code 1
2025-12-17 10:33:39,784 - pytest_runner - INFO - pytest finished with exit code 1
2025-12-17 10:33:39,784 - pytest_runner - INFO - pytest finished with exit code 1
2025-12-17 10:33:39,784 - pytest_runner - INFO - pytest finished with exit code 1
2025-12-17 10:33:39,784 - pytest_runner - INFO - pytest finished with exit code 1
2025-12-17 10:33:39,784 - pytest_runner - INFO - pytest finished with exit code 1
2025-12-17 10:33:39,784 - pytest_runner - INFO - pytest finished with exit code 1
2025-12-17 10:33:39,784 - pytest_runner - INFO - pytest finished with exit code 1
2025-12-17 10:33:39,784 - pytest_runner - INFO - pytest finished with exit code 1
2025-12-17 10:33:39,784 - pytest_runner - INFO - pytest finished with exit code 1
2025-12-17 10:33:39,784 - pytest_runner - INFO - pytest finished with exit code 1
2025-12-17 10:33:39,785 - pytest_runner - INFO - pytest finished with exit code 1
2025-12-17 10:33:39,785 - pytest_runner - INFO - pytest finished with exit code 1
2025-12-17 10:33:39,786 - pytest_runner - INFO - pytest finished with exit code 1
2025-12-17 10:33:39,786 - pytest_runner - INFO - pytest finished with exit code 1
2025-12-17 10:33:39,786 - pytest_runner - INFO - pytest finished with exit code 1
2025-12-17 10:33:39,786 - pytest_runner - INFO - pytest finished with exit code 1
2025-12-17 10:33:39,786 - pytest_runner - INFO - pytest finished with exit code 1
2025-12-17 10:33:39,786 - pytest_runner - INFO - pytest finished with exit code 1
2025-12-17 10:33:39,787 - pytest_runner - INFO - pytest finished with exit code 1
2025-12-17 10:33:39,787 - pytest_runner - INFO - pytest finished with exit code 1
2025-12-17 10:33:39,787 - pytest_runner - INFO - pytest finished with exit code 1
2025-12-17 10:33:39,787 - pytest_runner - INFO - pytest finished with exit code 1
2025-12-17 10:33:39,787 - pytest_runner - INFO - pytest finished with exit code 1
2025-12-17 10:33:39,788 - pytest_runner - INFO - pytest finished with exit code 1
2025-12-17 10:33:39,788 - pytest_runner - INFO - pytest finished with exit code 1
2025-12-17 10:33:39,788 - pytest_runner - INFO - pytest finished with exit code 1
2025-12-17 10:33:39,788 - pytest_runner - INFO - pytest finished with exit code 1
2025-12-17 10:33:39,788 - pytest_runner - INFO - pytest finished with exit code 1
2025-12-17 10:33:39,788 - pytest_runner - INFO - pytest finished with exit code 1
2025-12-17 10:33:39,788 - pytest_runner - INFO - pytest finished with exit code 1
2025-12-17 10:33:39,788 - pytest_runner - INFO - pytest finished with exit code 1
2025-12-17 10:33:39,790 - pytest_runner - INFO - pytest finished with exit code 1
2025-12-17 10:33:39,790 - pytest_runner - INFO - pytest finished with exit code 1
2025-12-17 10:33:39,790 - pytest_runner - INFO - pytest finished with exit code 1
2025-12-17 10:33:39,790 - pytest_runner - INFO - pytest finished with exit code 1
2025-12-17 10:33:39,790 - pytest_runner - INFO - pytest finished with exit code 1
2025-12-17 10:33:39,790 - pytest_runner - INFO - pytest finished with exit code 1
2025-12-17 10:33:39,791 - pytest_runner - INFO - pytest finished with exit code 1
2025-12-17 10:33:39,791 - pytest_runner - INFO - pytest finished with exit code 1
2025-12-17 10:33:39,791 - pytest_runner - INFO - pytest finished with exit code 1
2025-12-17 10:33:39,791 - pytest_runner - INFO - pytest finished with exit code 1
2025-12-17 10:33:39,791 - pytest_runner - INFO - pytest finished with exit code 1
2025-12-17 10:33:39,791 - pytest_runner - INFO - pytest finished with exit code 1
2025-12-17 10:33:39,792 - pytest_runner - INFO - pytest finished with exit code 1
2025-12-17 10:33:39,792 - pytest_runner - INFO - pytest finished with exit code 1
2025-12-17 10:33:39,792 - pytest_runner - INFO - pytest finished with exit code 1
2025-12-17 10:33:39,792 - pytest_runner - INFO - pytest finished with exit code 1
2025-12-17 10:33:39,792 - pytest_runner - INFO - pytest finished with exit code 1
2025-12-17 10:33:39,792 - pytest_runner - INFO - pytest finished with exit code 1
2025-12-17 10:33:39,792 - pytest_runner - INFO - pytest finished with exit code 1
2025-12-17 10:33:39,793 - pytest_runner - INFO - pytest finished with exit code 1
2025-12-17 10:33:39,793 - pytest_runner - INFO - pytest finished with exit code 1
2025-12-17 10:33:39,793 - pytest_runner - INFO - pytest finished with exit code 1
2025-12-17 10:33:39,793 - pytest_runner - INFO - pytest finished with exit code 1
2025-12-17 10:33:39,793 - pytest_runner - INFO - pytest finished with exit code 1
2025-12-17 10:33:39,793 - pytest_runner - INFO - pytest finished with exit code 1
2025-12-17 10:33:39,793 - pytest_runner - INFO - pytest finished with exit code 1
2025-12-17 10:33:39,793 - pytest_runner - INFO - pytest finished with exit code 1
2025-12-17 10:33:39,793 - pytest_runner - INFO - pytest finished with exit code 1
2025-12-17 10:33:39,793 - pytest_runner - INFO - pytest finished with exit code 1
2025-12-17 10:33:39,794 - pytest_runner - INFO - pytest finished with exit code 1
2025-12-17 10:33:39,794 - pytest_runner - INFO - pytest finished with exit code 1
2025-12-17 10:33:39,794 - pytest_runner - INFO - pytest finished with exit code 1
2025-12-17 10:33:39,794 - pytest_runner - INFO - pytest finished with exit code 1
2025-12-17 10:33:39,794 - pytest_runner - INFO - pytest finished with exit code 1
2025-12-17 10:33:39,794 - pytest_runner - INFO - pytest finished with exit code 1
2025-12-17 10:33:39,794 - pytest_runner - INFO - pytest finished with exit code 1
2025-12-17 10:33:39,794 - pytest_runner - INFO - pytest finished with exit code 1
2025-12-17 10:33:39,794 - pytest_runner - INFO - pytest finished with exit code 1
2025-12-17 10:33:39,796 - pytest_runner - INFO - pytest finished with exit code 1
2025-12-17 10:33:39,796 - pytest_runner - INFO - pytest finished with exit code 1
2025-12-17 10:33:39,796 - pytest_runner - INFO - pytest finished with exit code 1
2025-12-17 10:33:39,796 - pytest_runner - INFO - pytest finished with exit code 1
2025-12-17 10:33:39,796 - pytest_runner - INFO - pytest finished with exit code 1
2025-12-17 10:33:39,797 - pytest_runner - INFO - pytest finished with exit code 1
2025-12-17 10:33:39,797 - pytest_runner - INFO - pytest finished with exit code 1
2025-12-17 10:33:39,797 - pytest_runner - INFO - pytest finished with exit code 1
2025-12-17 10:33:39,797 - pytest_runner - INFO - pytest finished with exit code 1
2025-12-17 10:33:39,797 - pytest_runner - INFO - pytest finished with exit code 1
2025-12-17 10:33:39,797 - pytest_runner - INFO - pytest finished with exit code 1
2025-12-17 10:33:39,797 - pytest_runner - INFO - pytest finished with exit code 1
2025-12-17 10:33:39,798 - pytest_runner - INFO - pytest finished with exit code 1
2025-12-17 10:33:39,798 - pytest_runner - INFO - pytest finished with exit code 1
2025-12-17 10:33:39,798 - pytest_runner - INFO - pytest finished with exit code 1
2025-12-17 10:33:39,798 - pytest_runner - INFO - pytest finished with exit code 1
2025-12-17 10:33:39,798 - pytest_runner - INFO - pytest finished with exit code 1
2025-12-17 10:33:39,798 - pytest_runner - INFO - pytest finished with exit code 1
2025-12-17 10:33:39,799 - pytest_runner - INFO - pytest finished with exit code 1
2025-12-17 10:33:39,799 - pytest_runner - INFO - pytest finished with exit code 1
2025-12-17 10:33:39,799 - pytest_runner - INFO - pytest finished with exit code 1
2025-12-17 10:33:39,799 - pytest_runner - INFO - pytest finished with exit code 1
2025-12-17 10:33:39,799 - pytest_runner - INFO - pytest finished with exit code 1
2025-12-17 10:33:39,799 - pytest_runner - INFO - pytest finished with exit code 1
2025-12-17 10:33:39,799 - pytest_runner - INFO - pytest finished with exit code 1
2025-12-17 10:33:39,800 - pytest_runner - INFO - pytest finished with exit code 1
2025-12-17 10:33:39,800 - pytest_runner - INFO - pytest finished with exit code 1
2025-12-17 10:33:39,800 - pytest_runner - INFO - pytest finished with exit code 1
2025-12-17 10:33:39,800 - pytest_runner - INFO - pytest finished with exit code 1
2025-12-17 10:33:39,800 - pytest_runner - INFO - pytest finished with exit code 1
2025-12-17 10:33:39,800 - pytest_runner - INFO - pytest finished with exit code 1
2025-12-17 10:33:39,800 - pytest_runner - INFO - pytest finished with exit code 1
2025-12-17 10:33:39,800 - pytest_runner - INFO - pytest finished with exit code 1
2025-12-17 10:33:39,801 - pytest_runner - INFO - pytest finished with exit code 1
2025-12-17 10:33:39,801 - pytest_runner - INFO - pytest finished with exit code 1
2025-12-17 10:33:39,801 - pytest_runner - INFO - pytest finished with exit code 1
2025-12-17 10:33:39,801 - pytest_runner - INFO - pytest finished with exit code 1
2025-12-17 10:33:39,801 - pytest_runner - INFO - pytest finished with exit code 1
2025-12-17 10:33:39,801 - pytest_runner - INFO - pytest finished with exit code 1
2025-12-17 10:33:39,801 - pytest_runner - INFO - pytest finished with exit code 1
2025-12-17 10:33:39,802 - pytest_runner - INFO - pytest finished with exit code 1
2025-12-17 10:33:39,802 - pytest_runner - INFO - pytest finished with exit code 1
2025-12-17 10:33:39,802 - pytest_runner - INFO - pytest finished with exit code 1
2025-12-17 10:33:39,802 - pytest_runner - INFO - pytest finished with exit code 1
2025-12-17 10:33:39,802 - pytest_runner - INFO - pytest finished with exit code 1
2025-12-17 10:33:39,802 - pytest_runner - INFO - pytest finished with exit code 1
2025-12-17 10:33:39,803 - pytest_runner - INFO - pytest finished with exit code 1
2025-12-17 10:33:39,803 - pytest_runner - INFO - pytest finished with exit code 1
2025-12-17 10:33:39,803 - pytest_runner - INFO - pytest finished with exit code 1
2025-12-17 10:33:39,803 - pytest_runner - INFO - pytest finished with exit code 1
2025-12-17 10:33:39,803 - pytest_runner - INFO - pytest finished with exit code 1
2025-12-17 10:33:39,803 - pytest_runner - INFO - pytest finished with exit code 1
2025-12-17 10:33:39,803 - pytest_runner - INFO - pytest finished with exit code 1
2025-12-17 10:33:39,804 - pytest_runner - INFO - pytest finished with exit code 1
2025-12-17 10:33:39,804 - pytest_runner - INFO - pytest finished with exit code 1
2025-12-17 10:33:39,804 - pytest_runner - INFO - pytest finished with exit code 1
2025-12-17 10:33:39,804 - pytest_runner - INFO - pytest finished with exit code 1
2025-12-17 10:33:39,804 - pytest_runner - INFO - pytest finished with exit code 1
2025-12-17 10:33:39,804 - pytest_runner - INFO - pytest finished with exit code 1
2025-12-17 10:33:39,804 - pytest_runner - INFO - pytest finished with exit code 1
2025-12-17 10:33:39,806 - pytest_runner - INFO - pytest finished with exit code 1
2025-12-17 10:33:39,806 - pytest_runner - INFO - pytest finished with exit code 1
2025-12-17 10:33:39,806 - pytest_runner - INFO - pytest finished with exit code 1
2025-12-17 10:33:39,806 - pytest_runner - INFO - pytest finished with exit code 1
2025-12-17 10:33:39,806 - pytest_runner - INFO - pytest finished with exit code 1
2025-12-17 10:33:39,807 - pytest_runner - INFO - pytest finished with exit code 1
2025-12-17 10:33:39,807 - pytest_runner - INFO - pytest finished with exit code 1
2025-12-17 10:33:39,807 - pytest_runner - INFO - pytest finished with exit code 1
2025-12-17 10:33:39,807 - pytest_runner - INFO - pytest finished with exit code 1
2025-12-17 10:33:39,807 - pytest_runner - INFO - pytest finished with exit code 1
2025-12-17 10:33:39,807 - pytest_runner - INFO - pytest finished with exit code 1
2025-12-17 10:33:39,808 - pytest_runner - INFO - pytest finished with exit code 1
2025-12-17 10:33:39,808 - pytest_runner - INFO - pytest finished with exit code 1
2025-12-17 10:33:39,808 - pytest_runner - INFO - pytest finished with exit code 1
2025-12-17 10:33:39,808 - pytest_runner - INFO - pytest finished with exit code 1
2025-12-17 10:33:39,808 - pytest_runner - INFO - pytest finished with exit code 1
2025-12-17 10:33:39,808 - pytest_runner - INFO - pytest finished with exit code 1
2025-12-17 10:33:39,808 - pytest_runner - INFO - pytest finished with exit code 1
2025-12-17 10:33:39,809 - pytest_runner - INFO - pytest finished with exit code 1
2025-12-17 10:33:39,809 - pytest_runner - INFO - pytest finished with exit code 1
2025-12-17 10:33:39,809 - pytest_runner - INFO - pytest finished with exit code 1
2025-12-17 10:33:39,809 - pytest_runner - INFO - pytest finished with exit code 1
2025-12-17 10:33:39,809 - pytest_runner - INFO - pytest finished with exit code 1
2025-12-17 10:33:39,809 - pytest_runner - INFO - pytest finished with exit code 1
2025-12-17 10:33:39,809 - pytest_runner - INFO - pytest finished with exit code 1
2025-12-17 10:33:39,809 - pytest_runner - INFO - pytest finished with exit code 1
2025-12-17 10:33:39,809 - pytest_runner - INFO - pytest finished with exit code 1
2025-12-17 10:33:39,809 - pytest_runner - INFO - pytest finished with exit code 1
2025-12-17 10:33:39,810 - pytest_runner - INFO - pytest finished with exit code 1
2025-12-17 10:33:39,810 - pytest_runner - INFO - pytest finished with exit code 1
2025-12-17 10:33:39,810 - pytest_runner - INFO - pytest finished with exit code 1
2025-12-17 10:33:39,810 - pytest_runner - INFO - pytest finished with exit code 1
2025-12-17 10:33:39,810 - pytest_runner - INFO - pytest finished with exit code 1
2025-12-17 10:33:39,810 - pytest_runner - INFO - pytest finished with exit code 1
2025-12-17 10:33:39,810 - pytest_runner - INFO - pytest finished with exit code 1
2025-12-17 10:33:39,811 - pytest_runner - INFO - pytest finished with exit code 1
2025-12-17 10:33:39,811 - pytest_runner - INFO - pytest finished with exit code 1
2025-12-17 10:33:39,811 - pytest_runner - INFO - pytest finished with exit code 1
2025-12-17 10:33:39,811 - pytest_runner - INFO - pytest finished with exit code 1
2025-12-17 10:33:39,811 - pytest_runner - INFO - pytest finished with exit code 1
2025-12-17 10:33:39,811 - pytest_runner - INFO - pytest finished with exit code 1
2025-12-17 10:33:39,811 - pytest_runner - INFO - pytest finished with exit code 1
2025-12-17 10:33:39,811 - pytest_runner - INFO - pytest finished with exit code 1
2025-12-17 10:33:39,811 - pytest_runner - INFO - pytest finished with exit code 1
2025-12-17 10:33:39,813 - pytest_runner - INFO - pytest finished with exit code 1
2025-12-17 10:33:39,813 - pytest_runner - INFO - pytest finished with exit code 1
2025-12-17 10:33:39,813 - pytest_runner - INFO - pytest finished with exit code 1
2025-12-17 10:33:39,813 - pytest_runner - INFO - pytest finished with exit code 1
2025-12-17 10:33:39,813 - pytest_runner - INFO - pytest finished with exit code 1
2025-12-17 10:33:39,813 - pytest_runner - INFO - pytest finished with exit code 1
2025-12-17 10:33:39,813 - pytest_runner - INFO - pytest finished with exit code 1
2025-12-17 10:33:39,813 - pytest_runner - INFO - pytest finished with exit code 1
2025-12-17 10:33:39,814 - pytest_runner - INFO - pytest finished with exit code 1
2025-12-17 10:33:39,814 - pytest_runner - INFO - pytest finished with exit code 1
2025-12-17 10:33:39,814 - pytest_runner - INFO - pytest finished with exit code 1
2025-12-17 10:33:39,814 - pytest_runner - INFO - pytest finished with exit code 1
2025-12-17 10:33:39,814 - pytest_runner - INFO - pytest finished with exit code 1
2025-12-17 10:33:39,814 - pytest_runner - INFO - pytest finished with exit code 1
2025-12-17 10:33:39,814 - pytest_runner - INFO - pytest finished with exit code 1
2025-12-17 10:33:39,814 - pytest_runner - INFO - pytest finished with exit code 1
2025-12-17 10:33:39,816 - pytest_runner - INFO - pytest finished with exit code 1
2025-12-17 10:33:39,816 - pytest_runner - INFO - pytest finished with exit code 1
2025-12-17 10:33:39,816 - pytest_runner - INFO - pytest finished with exit code 1
2025-12-17 10:33:39,816 - pytest_runner - INFO - pytest finished with exit code 1
2025-12-17 10:33:39,816 - pytest_runner - INFO - pytest finished with exit code 1
2025-12-17 10:33:39,817 - pytest_runner - INFO - pytest finished with exit code 1
2025-12-17 10:33:39,817 - pytest_runner - INFO - pytest finished with exit code 1
2025-12-17 10:33:39,817 - pytest_runner - INFO - pytest finished with exit code 1
2025-12-17 10:33:39,817 - pytest_runner - INFO - pytest finished with exit code 1
2025-12-17 10:33:39,817 - pytest_runner - INFO - pytest finished with exit code 1
2025-12-17 10:33:39,817 - pytest_runner - INFO - pytest finished with exit code 1
2025-12-17 10:33:39,817 - pytest_runner - INFO - pytest finished with exit code 1
2025-12-17 10:33:39,818 - pytest_runner - INFO - pytest finished with exit code 1
2025-12-17 10:33:39,818 - pytest_runner - INFO - pytest finished with exit code 1
2025-12-17 10:33:39,818 - pytest_runner - INFO - pytest finished with exit code 1
2025-12-17 10:33:39,818 - pytest_runner - INFO - pytest finished with exit code 1
2025-12-17 10:33:39,818 - pytest_runner - INFO - pytest finished with exit code 1
2025-12-17 10:33:39,818 - pytest_runner - INFO - pytest finished with exit code 1
2025-12-17 10:33:39,818 - pytest_runner - INFO - pytest finished with exit code 1
2025-12-17 10:33:39,818 - pytest_runner - INFO - pytest finished with exit code 1
2025-12-17 10:33:39,818 - pytest_runner - INFO - pytest finished with exit code 1
2025-12-17 10:33:39,819 - pytest_runner - INFO - pytest finished with exit code 1
2025-12-17 10:33:39,819 - pytest_runner - INFO - pytest finished with exit code 1
2025-12-17 10:33:39,819 - pytest_runner - INFO - pytest finished with exit code 1
2025-12-17 10:33:39,819 - pytest_runner - INFO - pytest finished with exit code 1
2025-12-17 10:33:39,819 - pytest_runner - INFO - pytest finished with exit code 1
2025-12-17 10:33:39,819 - pytest_runner - INFO - pytest finished with exit code 1
2025-12-17 10:33:39,820 - pytest_runner - INFO - pytest finished with exit code 1
2025-12-17 10:33:39,820 - pytest_runner - INFO - pytest finished with exit code 1
2025-12-17 10:33:39,820 - pytest_runner - INFO - pytest finished with exit code 1
2025-12-17 10:33:39,820 - pytest_runner - INFO - pytest finished with exit code 1
2025-12-17 10:33:39,820 - pytest_runner - INFO - pytest finished with exit code 1
2025-12-17 10:33:39,820 - pytest_runner - INFO - pytest finished with exit code 1
2025-12-17 10:33:39,820 - pytest_runner - INFO - pytest finished with exit code 1
2025-12-17 10:33:39,821 - pytest_runner - INFO - pytest finished with exit code 1
2025-12-17 10:33:39,821 - pytest_runner - INFO - pytest finished with exit code 1
2025-12-17 10:33:39,821 - pytest_runner - INFO - pytest finished with exit code 1
2025-12-17 10:33:39,821 - pytest_runner - INFO - pytest finished with exit code 1
2025-12-17 10:33:39,821 - pytest_runner - INFO - pytest finished with exit code 1
2025-12-17 10:33:39,821 - pytest_runner - INFO - pytest finished with exit code 1
2025-12-17 10:33:39,822 - pytest_runner - INFO - pytest finished with exit code 1
2025-12-17 10:33:39,822 - pytest_runner - INFO - pytest finished with exit code 1
2025-12-17 10:33:39,822 - pytest_runner - INFO - pytest finished with exit code 1
2025-12-17 10:33:39,822 - pytest_runner - INFO - pytest finished with exit code 1
2025-12-17 10:33:39,823 - pytest_runner - INFO - pytest finished with exit code 1
2025-12-17 10:33:39,823 - pytest_runner - INFO - pytest finished with exit code 1
2025-12-17 10:33:39,823 - pytest_runner - INFO - pytest finished with exit code 1
2025-12-17 10:33:39,823 - pytest_runner - INFO - pytest finished with exit code 1
2025-12-17 10:33:39,823 - pytest_runner - INFO - pytest finished with exit code 1
2025-12-17 10:33:39,823 - pytest_runner - INFO - pytest finished with exit code 1
2025-12-17 10:33:39,823 - pytest_runner - INFO - pytest finished with exit code 1
2025-12-17 10:33:39,823 - pytest_runner - INFO - pytest finished with exit code 1
2025-12-17 10:33:39,823 - pytest_runner - INFO - pytest finished with exit code 1
2025-12-17 10:33:39,824 - pytest_runner - INFO - pytest finished with exit code 1
2025-12-17 10:33:39,824 - pytest_runner - INFO - pytest finished with exit code 1
2025-12-17 10:33:39,824 - pytest_runner - INFO - pytest finished with exit code 1
2025-12-17 10:33:39,824 - pytest_runner - INFO - pytest finished with exit code 1
2025-12-17 10:33:39,824 - pytest_runner - INFO - pytest finished with exit code 1
2025-12-17 10:33:39,824 - pytest_runner - INFO - pytest finished with exit code 1
2025-12-17 10:33:39,824 - pytest_runner - INFO - pytest finished with exit code 1
2025-12-17 10:33:39,824 - pytest_runner - INFO - pytest finished with exit code 1
2025-12-17 10:33:39,824 - pytest_runner - INFO - pytest finished with exit code 1
2025-12-17 10:33:39,826 - pytest_runner - INFO - pytest finished with exit code 1
2025-12-17 10:33:39,826 - pytest_runner - INFO - pytest finished with exit code 1
2025-12-17 10:33:39,826 - pytest_runner - INFO - pytest finished with exit code 1
2025-12-17 10:33:39,826 - pytest_runner - INFO - pytest finished with exit code 1
2025-12-17 10:33:39,826 - pytest_runner - INFO - pytest finished with exit code 1
2025-12-17 10:33:39,826 - pytest_runner - INFO - pytest finished with exit code 1
2025-12-17 10:33:39,827 - pytest_runner - INFO - pytest finished with exit code 1
2025-12-17 10:33:39,827 - pytest_runner - INFO - pytest finished with exit code 1
2025-12-17 10:33:39,827 - pytest_runner - INFO - pytest finished with exit code 1
2025-12-17 10:33:39,827 - pytest_runner - INFO - pytest finished with exit code 1
2025-12-17 10:33:39,827 - pytest_runner - INFO - pytest finished with exit code 1
2025-12-17 10:33:39,827 - pytest_runner - INFO - pytest finished with exit code 1
2025-12-17 10:33:39,828 - pytest_runner - INFO - pytest finished with exit code 1
2025-12-17 10:33:39,828 - pytest_runner - INFO - pytest finished with exit code 1
2025-12-17 10:33:39,828 - pytest_runner - INFO - pytest finished with exit code 1
2025-12-17 10:33:39,828 - pytest_runner - INFO - pytest finished with exit code 1
2025-12-17 10:33:39,828 - pytest_runner - INFO - pytest finished with exit code 1
2025-12-17 10:33:39,829 - pytest_runner - INFO - pytest finished with exit code 1
2025-12-17 10:33:39,829 - pytest_runner - INFO - pytest finished with exit code 1
2025-12-17 10:33:39,829 - pytest_runner - INFO - pytest finished with exit code 1
2025-12-17 10:33:39,829 - pytest_runner - INFO - pytest finished with exit code 1
2025-12-17 10:33:39,829 - pytest_runner - INFO - pytest finished with exit code 1
2025-12-17 10:33:39,829 - pytest_runner - INFO - pytest finished with exit code 1
2025-12-17 10:33:39,830 - pytest_runner - INFO - pytest finished with exit code 1
2025-12-17 10:33:39,830 - pytest_runner - INFO - pytest finished with exit code 1
2025-12-17 10:33:39,830 - pytest_runner - INFO - pytest finished with exit code 1
2025-12-17 10:33:39,830 - pytest_runner - INFO - pytest finished with exit code 1
2025-12-17 10:33:39,830 - pytest_runner - INFO - pytest finished with exit code 1
2025-12-17 10:33:39,830 - pytest_runner - INFO - pytest finished with exit code 1
2025-12-17 10:33:39,830 - pytest_runner - INFO - pytest finished with exit code 1
2025-12-17 10:33:39,830 - pytest_runner - INFO - pytest finished with exit code 1
2025-12-17 10:33:39,830 - pytest_runner - INFO - pytest finished with exit code 1
2025-12-17 10:33:39,832 - pytest_runner - INFO - pytest finished with exit code 1
2025-12-17 10:33:39,832 - pytest_runner - INFO - pytest finished with exit code 1
2025-12-17 10:33:39,832 - pytest_runner - INFO - pytest finished with exit code 1
2025-12-17 10:33:39,832 - pytest_runner - INFO - pytest finished with exit code 1
2025-12-17 10:33:39,832 - pytest_runner - INFO - pytest finished with exit code 1
2025-12-17 10:33:39,832 - pytest_runner - INFO - pytest finished with exit code 1
2025-12-17 10:33:39,833 - pytest_runner - INFO - pytest finished with exit code 1
2025-12-17 10:33:39,833 - pytest_runner - INFO - pytest finished with exit code 1
2025-12-17 10:33:39,833 - pytest_runner - INFO - pytest finished with exit code 1
2025-12-17 10:33:39,833 - pytest_runner - INFO - pytest finished with exit code 1
2025-12-17 10:33:39,833 - pytest_runner - INFO - pytest finished with exit code 1
2025-12-17 10:33:39,833 - pytest_runner - INFO - pytest finished with exit code 1
2025-12-17 10:33:39,833 - pytest_runner - INFO - pytest finished with exit code 1
2025-12-17 10:33:39,833 - pytest_runner - INFO - pytest finished with exit code 1
2025-12-17 10:33:39,833 - pytest_runner - INFO - pytest finished with exit code 1
2025-12-17 10:33:39,833 - pytest_runner - INFO - pytest finished with exit code 1
2025-12-17 10:33:39,834 - pytest_runner - INFO - pytest finished with exit code 1
2025-12-17 10:33:39,834 - pytest_runner - INFO - pytest finished with exit code 1
2025-12-17 10:33:39,834 - pytest_runner - INFO - pytest finished with exit code 1
2025-12-17 10:33:39,834 - pytest_runner - INFO - pytest finished with exit code 1
2025-12-17 10:33:39,834 - pytest_runner - INFO - pytest finished with exit code 1
2025-12-17 10:33:39,834 - pytest_runner - INFO - pytest finished with exit code 1
2025-12-17 10:33:39,834 - pytest_runner - INFO - pytest finished with exit code 1
2025-12-17 10:33:39,834 - pytest_runner - INFO - pytest finished with exit code 1
2025-12-17 10:33:39,834 - pytest_runner - INFO - pytest finished with exit code 1
2025-12-17 10:33:39,834 - pytest_runner - INFO - pytest finished with exit code 1
2025-12-17 10:33:39,834 - pytest_runner - INFO - pytest finished with exit code 1
2025-12-17 10:33:39,836 - pytest_runner - INFO - pytest finished with exit code 1
2025-12-17 10:33:39,836 - pytest_runner - INFO - pytest finished with exit code 1
2025-12-17 10:33:39,836 - pytest_runner - INFO - pytest finished with exit code 1
2025-12-17 10:33:39,836 - pytest_runner - INFO - pytest finished with exit code 1
2025-12-17 10:33:39,836 - pytest_runner - INFO - pytest finished with exit code 1
2025-12-17 10:33:39,836 - pytest_runner - INFO - pytest finished with exit code 1
2025-12-17 10:33:39,836 - pytest_runner - INFO - pytest finished with exit code 1
2025-12-17 10:33:39,836 - pytest_runner - INFO - pytest finished with exit code 1
2025-12-17 10:33:39,836 - pytest_runner - INFO - pytest finished with exit code 1
2025-12-17 10:33:39,837 - pytest_runner - INFO - pytest finished with exit code 1
2025-12-17 10:33:39,837 - pytest_runner - INFO - pytest finished with exit code 1
2025-12-17 10:33:39,837 - pytest_runner - INFO - pytest finished with exit code 1
2025-12-17 10:33:39,837 - pytest_runner - INFO - pytest finished with exit code 1
2025-12-17 10:33:39,837 - pytest_runner - INFO - pytest finished with exit code 1
2025-12-17 10:33:39,838 - pytest_runner - INFO - pytest finished with exit code 1
2025-12-17 10:33:39,838 - pytest_runner - INFO - pytest finished with exit code 1
2025-12-17 10:33:39,838 - pytest_runner - INFO - pytest finished with exit code 1
2025-12-17 10:33:39,838 - pytest_runner - INFO - pytest finished with exit code 1
2025-12-17 10:33:39,838 - pytest_runner - INFO - pytest finished with exit code 1
2025-12-17 10:33:39,838 - pytest_runner - INFO - pytest finished with exit code 1
2025-12-17 10:33:39,838 - pytest_runner - INFO - pytest finished with exit code 1
2025-12-17 10:33:39,839 - pytest_runner - INFO - pytest finished with exit code 1
2025-12-17 10:33:39,839 - pytest_runner - INFO - pytest finished with exit code 1
2025-12-17 10:33:39,839 - pytest_runner - INFO - pytest finished with exit code 1
2025-12-17 10:33:39,840 - pytest_runner - INFO - pytest finished with exit code 1
2025-12-17 10:33:39,840 - pytest_runner - INFO - pytest finished with exit code 1
2025-12-17 10:33:39,840 - pytest_runner - INFO - pytest finished with exit code 1
2025-12-17 10:33:39,840 - pytest_runner - INFO - pytest finished with exit code 1
2025-12-17 10:33:39,840 - pytest_runner - INFO - pytest finished with exit code 1
2025-12-17 10:33:39,840 - pytest_runner - INFO - pytest finished with exit code 1
2025-12-17 10:33:39,841 - pytest_runner - INFO - pytest finished with exit code 1
2025-12-17 10:33:39,841 - pytest_runner - INFO - pytest finished with exit code 1
2025-12-17 10:33:39,841 - pytest_runner - INFO - pytest finished with exit code 1
2025-12-17 10:33:39,841 - pytest_runner - INFO - pytest finished with exit code 1
2025-12-17 10:33:39,841 - pytest_runner - INFO - pytest finished with exit code 1
2025-12-17 10:33:39,842 - pytest_runner - INFO - pytest finished with exit code 1
2025-12-17 10:33:39,842 - pytest_runner - INFO - pytest finished with exit code 1
2025-12-17 10:33:39,842 - pytest_runner - INFO - pytest finished with exit code 1
2025-12-17 10:33:39,842 - pytest_runner - INFO - pytest finished with exit code 1
2025-12-17 10:33:39,842 - pytest_runner - INFO - pytest finished with exit code 1
2025-12-17 10:33:39,842 - pytest_runner - INFO - pytest finished with exit code 1
2025-12-17 10:33:39,842 - pytest_runner - INFO - pytest finished with exit code 1
2025-12-17 10:33:39,842 - pytest_runner - INFO - pytest finished with exit code 1
2025-12-17 10:33:39,842 - pytest_runner - INFO - pytest finished with exit code 1
2025-12-17 10:33:39,842 - pytest_runner - INFO - pytest finished with exit code 1
2025-12-17 10:33:39,843 - pytest_runner - INFO - pytest finished with exit code 1
2025-12-17 10:33:39,843 - pytest_runner - INFO - pytest finished with exit code 1
2025-12-17 10:33:39,843 - pytest_runner - INFO - pytest finished with exit code 1
2025-12-17 10:33:39,843 - pytest_runner - INFO - pytest finished with exit code 1
2025-12-17 10:33:39,843 - pytest_runner - INFO - pytest finished with exit code 1
2025-12-17 10:33:39,843 - pytest_runner - INFO - pytest finished with exit code 1
2025-12-17 10:33:39,843 - pytest_runner - INFO - pytest finished with exit code 1
2025-12-17 10:33:39,844 - pytest_runner - INFO - pytest finished with exit code 1
2025-12-17 10:33:39,844 - pytest_runner - INFO - pytest finished with exit code 1
2025-12-17 10:33:39,844 - pytest_runner - INFO - pytest finished with exit code 1
2025-12-17 10:33:39,845 - pytest_runner - INFO - pytest finished with exit code 1
2025-12-17 10:33:39,845 - pytest_runner - INFO - pytest finished with exit code 1
2025-12-17 10:33:39,845 - pytest_runner - INFO - pytest finished with exit code 1
2025-12-17 10:33:39,845 - pytest_runner - INFO - pytest finished with exit code 1
2025-12-17 10:33:39,845 - pytest_runner - INFO - pytest finished with exit code 1
2025-12-17 10:33:39,846 - pytest_runner - INFO - pytest finished with exit code 1
2025-12-17 10:33:39,846 - pytest_runner - INFO - pytest finished with exit code 1
2025-12-17 10:33:39,846 - pytest_runner - INFO - pytest finished with exit code 1
2025-12-17 10:33:39,846 - pytest_runner - INFO - pytest finished with exit code 1
2025-12-17 10:33:39,846 - pytest_runner - INFO - pytest finished with exit code 1
2025-12-17 10:33:39,846 - pytest_runner - INFO - pytest finished with exit code 1
2025-12-17 10:33:39,846 - pytest_runner - INFO - pytest finished with exit code 1
2025-12-17 10:33:39,846 - pytest_runner - INFO - pytest finished with exit code 1
2025-12-17 10:33:39,846 - pytest_runner - INFO - pytest finished with exit code 1
2025-12-17 10:33:39,847 - pytest_runner - INFO - pytest finished with exit code 1
2025-12-17 10:33:39,847 - pytest_runner - INFO - pytest finished with exit code 1
2025-12-17 10:33:39,847 - pytest_runner - INFO - pytest finished with exit code 1
2025-12-17 10:33:39,847 - pytest_runner - INFO - pytest finished with exit code 1
2025-12-17 10:33:39,847 - pytest_runner - INFO - pytest finished with exit code 1
2025-12-17 10:33:39,847 - pytest_runner - INFO - pytest finished with exit code 1
2025-12-17 10:33:39,847 - pytest_runner - INFO - pytest finished with exit code 1
2025-12-17 10:33:39,848 - pytest_runner - INFO - pytest finished with exit code 1
2025-12-17 10:33:39,848 - pytest_runner - INFO - pytest finished with exit code 1
2025-12-17 10:33:39,848 - pytest_runner - INFO - pytest finished with exit code 1
2025-12-17 10:33:39,848 - pytest_runner - INFO - pytest finished with exit code 1
2025-12-17 10:33:39,848 - pytest_runner - INFO - pytest finished with exit code 1
2025-12-17 10:33:39,849 - pytest_runner - INFO - pytest finished with exit code 1
2025-12-17 10:33:39,849 - pytest_runner - INFO - pytest finished with exit code 1
2025-12-17 10:33:39,849 - pytest_runner - INFO - pytest finished with exit code 1
2025-12-17 10:33:39,849 - pytest_runner - INFO - pytest finished with exit code 1
2025-12-17 10:33:39,849 - pytest_runner - INFO - pytest finished with exit code 1
2025-12-17 10:33:39,849 - pytest_runner - INFO - pytest finished with exit code 1
2025-12-17 10:33:39,849 - pytest_runner - INFO - pytest finished with exit code 1
2025-12-17 10:33:39,850 - pytest_runner - INFO - pytest finished with exit code 1
2025-12-17 10:33:39,850 - pytest_runner - INFO - pytest finished with exit code 1
2025-12-17 10:33:39,850 - pytest_runner - INFO - pytest finished with exit code 1
2025-12-17 10:33:39,850 - pytest_runner - INFO - pytest finished with exit code 1
2025-12-17 10:33:39,850 - pytest_runner - INFO - pytest finished with exit code 1
2025-12-17 10:33:39,850 - pytest_runner - INFO - pytest finished with exit code 1
2025-12-17 10:33:39,850 - pytest_runner - INFO - pytest finished with exit code 1
2025-12-17 10:33:39,852 - pytest_runner - INFO - pytest finished with exit code 1
2025-12-17 10:33:39,852 - pytest_runner - INFO - pytest finished with exit code 1
2025-12-17 10:33:39,852 - pytest_runner - INFO - pytest finished with exit code 1
2025-12-17 10:33:39,852 - pytest_runner - INFO - pytest finished with exit code 1
2025-12-17 10:33:39,852 - pytest_runner - INFO - pytest finished with exit code 1
2025-12-17 10:33:39,852 - pytest_runner - INFO - pytest finished with exit code 1
2025-12-17 10:33:39,852 - pytest_runner - INFO - pytest finished with exit code 1
2025-12-17 10:33:39,853 - pytest_runner - INFO - pytest finished with exit code 1
2025-12-17 10:33:39,853 - pytest_runner - INFO - pytest finished with exit code 1
2025-12-17 10:33:39,853 - pytest_runner - INFO - pytest finished with exit code 1
2025-12-17 10:33:39,853 - pytest_runner - INFO - pytest finished with exit code 1
2025-12-17 10:33:39,853 - pytest_runner - INFO - pytest finished with exit code 1
2025-12-17 10:33:39,853 - pytest_runner - INFO - pytest finished with exit code 1
2025-12-17 10:33:39,853 - pytest_runner - INFO - pytest finished with exit code 1
2025-12-17 10:33:39,853 - pytest_runner - INFO - pytest finished with exit code 1
2025-12-17 10:33:39,854 - pytest_runner - INFO - pytest finished with exit code 1
2025-12-17 10:33:39,854 - pytest_runner - INFO - pytest finished with exit code 1
2025-12-17 10:33:39,854 - pytest_runner - INFO - pytest finished with exit code 1
2025-12-17 10:33:39,854 - pytest_runner - INFO - pytest finished with exit code 1
2025-12-17 10:33:39,854 - pytest_runner - INFO - pytest finished with exit code 1
2025-12-17 10:33:39,854 - pytest_runner - INFO - pytest finished with exit code 1
2025-12-17 10:33:39,854 - pytest_runner - INFO - pytest finished with exit code 1
2025-12-17 10:33:39,855 - pytest_runner - INFO - pytest finished with exit code 1
2025-12-17 10:33:39,855 - pytest_runner - INFO - pytest finished with exit code 1
2025-12-17 10:33:39,855 - pytest_runner - INFO - pytest finished with exit code 1
2025-12-17 10:33:39,855 - pytest_runner - INFO - pytest finished with exit code 1
2025-12-17 10:33:39,855 - pytest_runner - INFO - pytest finished with exit code 1
2025-12-17 10:33:39,855 - pytest_runner - INFO - pytest finished with exit code 1
2025-12-17 10:33:39,855 - pytest_runner - INFO - pytest finished with exit code 1
2025-12-17 10:33:39,855 - pytest_runner - INFO - pytest finished with exit code 1
2025-12-17 10:33:39,857 - pytest_runner - INFO - pytest finished with exit code 1
2025-12-17 10:33:39,857 - pytest_runner - INFO - pytest finished with exit code 1
2025-12-17 10:33:39,857 - pytest_runner - INFO - pytest finished with exit code 1
2025-12-17 10:33:39,857 - pytest_runner - INFO - pytest finished with exit code 1
2025-12-17 10:33:39,857 - pytest_runner - INFO - pytest finished with exit code 1
2025-12-17 10:33:39,857 - pytest_runner - INFO - pytest finished with exit code 1
2025-12-17 10:33:39,858 - pytest_runner - INFO - pytest finished with exit code 1
2025-12-17 10:33:39,858 - pytest_runner - INFO - pytest finished with exit code 1
2025-12-17 10:33:39,858 - pytest_runner - INFO - pytest finished with exit code 1
2025-12-17 10:33:39,858 - pytest_runner - INFO - pytest finished with exit code 1
2025-12-17 10:33:39,858 - pytest_runner - INFO - pytest finished with exit code 1
2025-12-17 10:33:39,858 - pytest_runner - INFO - pytest finished with exit code 1
2025-12-17 10:33:39,858 - pytest_runner - INFO - pytest finished with exit code 1
2025-12-17 10:33:39,859 - pytest_runner - INFO - pytest finished with exit code 1
2025-12-17 10:33:39,859 - pytest_runner - INFO - pytest finished with exit code 1
2025-12-17 10:33:39,859 - pytest_runner - INFO - pytest finished with exit code 1
2025-12-17 10:33:39,859 - pytest_runner - INFO - pytest finished with exit code 1
2025-12-17 10:33:39,859 - pytest_runner - INFO - pytest finished with exit code 1
2025-12-17 10:33:39,859 - pytest_runner - INFO - pytest finished with exit code 1
2025-12-17 10:33:39,859 - pytest_runner - INFO - pytest finished with exit code 1
2025-12-17 10:33:39,859 - pytest_runner - INFO - pytest finished with exit code 1
2025-12-17 10:33:39,859 - pytest_runner - INFO - pytest finished with exit code 1
2025-12-17 10:33:39,859 - pytest_runner - INFO - pytest finished with exit code 1
2025-12-17 10:33:39,859 - pytest_runner - INFO - pytest finished with exit code 1
2025-12-17 10:33:39,860 - pytest_runner - INFO - pytest finished with exit code 1
2025-12-17 10:33:39,860 - pytest_runner - INFO - pytest finished with exit code 1
2025-12-17 10:33:39,860 - pytest_runner - INFO - pytest finished with exit code 1
2025-12-17 10:33:39,860 - pytest_runner - INFO - pytest finished with exit code 1
2025-12-17 10:33:39,860 - pytest_runner - INFO - pytest finished with exit code 1
2025-12-17 10:33:39,860 - pytest_runner - INFO - pytest finished with exit code 1
2025-12-17 10:33:39,861 - pytest_runner - INFO - pytest finished with exit code 1
2025-12-17 10:33:39,861 - pytest_runner - INFO - pytest finished with exit code 1
2025-12-17 10:33:39,861 - pytest_runner - INFO - pytest finished with exit code 1
2025-12-17 10:33:39,861 - pytest_runner - INFO - pytest finished with exit code 1
2025-12-17 10:33:39,861 - pytest_runner - INFO - pytest finished with exit code 1
2025-12-17 10:33:39,861 - pytest_runner - INFO - pytest finished with exit code 1
2025-12-17 10:33:39,861 - pytest_runner - INFO - pytest finished with exit code 1
2025-12-17 10:33:39,861 - pytest_runner - INFO - pytest finished with exit code 1
2025-12-17 10:33:39,863 - pytest_runner - INFO - pytest finished with exit code 1
2025-12-17 10:33:39,863 - pytest_runner - INFO - pytest finished with exit code 1
2025-12-17 10:33:39,863 - pytest_runner - INFO - pytest finished with exit code 1
2025-12-17 10:33:39,863 - pytest_runner - INFO - pytest finished with exit code 1
2025-12-17 10:33:39,863 - pytest_runner - INFO - pytest finished with exit code 1
2025-12-17 10:33:39,863 - pytest_runner - INFO - pytest finished with exit code 1
2025-12-17 10:33:39,864 - pytest_runner - INFO - pytest finished with exit code 1
2025-12-17 10:33:39,864 - pytest_runner - INFO - pytest finished with exit code 1
2025-12-17 10:33:39,864 - pytest_runner - INFO - pytest finished with exit code 1
2025-12-17 10:33:39,864 - pytest_runner - INFO - pytest finished with exit code 1
2025-12-17 10:33:39,864 - pytest_runner - INFO - pytest finished with exit code 1
2025-12-17 10:33:39,864 - pytest_runner - INFO - pytest finished with exit code 1
2025-12-17 10:33:39,865 - pytest_runner - INFO - pytest finished with exit code 1
2025-12-17 10:33:39,865 - pytest_runner - INFO - pytest finished with exit code 1
2025-12-17 10:33:39,865 - pytest_runner - INFO - pytest finished with exit code 1
2025-12-17 10:33:39,865 - pytest_runner - INFO - pytest finished with exit code 1
2025-12-17 10:33:39,865 - pytest_runner - INFO - pytest finished with exit code 1
2025-12-17 10:33:39,865 - pytest_runner - INFO - pytest finished with exit code 1
2025-12-17 10:33:39,865 - pytest_runner - INFO - pytest finished with exit code 1
2025-12-17 10:33:39,865 - pytest_runner - INFO - pytest finished with exit code 1
2025-12-17 10:33:39,866 - pytest_runner - INFO - pytest finished with exit code 1
2025-12-17 10:33:39,866 - pytest_runner - INFO - pytest finished with exit code 1
2025-12-17 10:33:39,866 - pytest_runner - INFO - pytest finished with exit code 1
2025-12-17 10:33:39,866 - pytest_runner - INFO - pytest finished with exit code 1
2025-12-17 10:33:39,866 - pytest_runner - INFO - pytest finished with exit code 1
2025-12-17 10:33:39,866 - pytest_runner - INFO - pytest finished with exit code 1
2025-12-18 01:34:00,724 - pytest_runner - INFO - pytest.py starting with args: ['-vv', '--maxfail=5', 'tests']
2025-12-18 01:34:14,992 - pytest_runner - INFO - pytest finished with exit code 1
2025-12-18 01:37:38,131 - pytest_runner - INFO - pytest.py starting with args: ['-vv', '--maxfail=5', 'tests']
2025-12-18 01:37:51,793 - pytest_runner - INFO - pytest finished with exit code 1
2025-12-18 01:44:17,702 - pytest_runner - INFO - pytest.py starting with args: ['--version']
2025-12-18 01:44:17,977 - pytest_runner - INFO - pytest finished with exit code 0
2025-12-18 01:50:20,670 - pytest_runner - INFO - pytest.py starting with args: ['-vv', '--maxfail=1', 'tests/test_settings.py']
2025-12-18 01:50:21,180 - pytest_runner - INFO - pytest finished with exit code 0
2025-12-18 01:58:46,621 - pytest_runner - INFO - pytest.py starting with args: ['-vv', '--maxfail=5', 'tests/test_events.py', 'tests/test_resources.py', 'tests/test_settings.py', 'tests/test_threading.py']
2025-12-18 01:58:47,648 - pytest_runner - INFO - pytest finished with exit code 1
2025-12-18 07:53:22,126 - pytest_runner - INFO - pytest.py starting with args: ['tests/test_settings_sync.py', '-v']
2025-12-18 07:53:22,715 - pytest_runner - INFO - pytest finished with exit code 0
2025-12-18 07:57:23,682 - pytest_runner - INFO - pytest.py starting with args: ['tests/test_settings_sync.py', '-v']
2025-12-18 07:57:24,042 - pytest_runner - INFO - pytest finished with exit code 0
2025-12-18 07:57:29,369 - pytest_runner - INFO - pytest.py starting with args: ['tests/test_settings_sync.py']
2025-12-18 07:57:29,774 - pytest_runner - INFO - pytest finished with exit code 0
2025-12-18 08:01:29,344 - pytest_runner - INFO - pytest.py starting with args: ['tests/test_settings_sync.py', '-v']
2025-12-18 08:01:29,809 - pytest_runner - INFO - pytest finished with exit code 0
2025-12-18 09:07:19,716 - pytest_runner - INFO - pytest.py starting with args: ['tests/test_transitions_tab.py', 'tests/test_settings.py', '-v']
2025-12-18 09:07:20,991 - pytest_runner - INFO - pytest finished with exit code 0
2025-12-18 09:35:55,669 - pytest_runner - INFO - pytest.py starting with args: ['tests/test_settings.py', 'tests/test_transitions_tab.py', 'tests/test_settings_sync.py', '-v']
2025-12-18 09:35:56,638 - pytest_runner - INFO - pytest finished with exit code 0
2025-12-18 09:48:58,914 - pytest_runner - INFO - pytest.py starting with args: []
2025-12-18 10:22:03,774 - pytest_runner - INFO - pytest.py starting with args: ['tests/', '--ignore=tests/test_gl_compositor_blinds.py', '--ignore=tests/test_gl_transitions.py', '-v']
2025-12-18 10:30:45,989 - pytest_runner - INFO - pytest finished with exit code 1
2025-12-18 11:07:09,683 - pytest_runner - INFO - pytest.py starting with args: ['tests/test_settings.py', 'tests/test_transitions_tab.py', 'tests/test_rss_behavior.py', '-v']
2025-12-18 11:07:22,822 - pytest_runner - INFO - pytest finished with exit code 0
2025-12-18 11:07:29,754 - pytest_runner - INFO - pytest.py starting with args: ['tests/test_settings.py', 'tests/test_transitions_tab.py', 'tests/test_rss_behavior.py', '-v', '--tb=short']
2025-12-18 11:07:42,915 - pytest_runner - INFO - pytest finished with exit code 0
2025-12-18 11:07:49,804 - pytest_runner - INFO - pytest.py starting with args: ['tests/test_settings.py', '-v', '--tb=short']
2025-12-18 11:07:50,274 - pytest_runner - INFO - pytest finished with exit code 0
2025-12-18 11:07:56,808 - pytest_runner - INFO - pytest.py starting with args: ['tests/test_settings.py', '-v', '--tb=short']
2025-12-18 11:07:57,412 - pytest_runner - INFO - pytest finished with exit code 0
2025-12-18 11:08:17,378 - pytest_runner - INFO - pytest.py starting with args: ['tests/test_settings.py', '-v', '--tb=short']
2025-12-18 11:08:17,831 - pytest_runner - INFO - pytest finished with exit code 0
2025-12-18 11:08:24,077 - pytest_runner - INFO - pytest.py starting with args: ['tests/test_settings.py', '-v', '--tb=short']
2025-12-18 11:08:24,628 - pytest_runner - INFO - pytest finished with exit code 0
2025-12-18 11:08:38,268 - pytest_runner - INFO - pytest.py starting with args: ['tests/test_settings.py', '-v', '--tb=short']
2025-12-18 11:08:38,710 - pytest_runner - INFO - pytest finished with exit code 0
2025-12-18 11:09:13,326 - pytest_runner - INFO - pytest.py starting with args: ['tests/test_settings.py', 'tests/test_transitions_tab.py', 'tests/test_rss_behavior.py', '-v', '--tb=short']
2025-12-18 11:09:27,022 - pytest_runner - INFO - pytest finished with exit code 1
2025-12-18 11:09:54,422 - pytest_runner - INFO - pytest.py starting with args: ['tests/test_settings.py', 'tests/test_transitions_tab.py', 'tests/test_transitions_integration.py', 'tests/test_image_queue.py', '-v', '--tb=short']
2025-12-18 11:09:55,831 - pytest_runner - INFO - pytest finished with exit code 0
2025-12-18 11:16:21,517 - pytest_runner - INFO - pytest.py starting with args: ['tests/test_reddit_exit_logic.py', '-v', '--tb=short']
2025-12-18 11:16:22,454 - pytest_runner - INFO - pytest finished with exit code 1
2025-12-18 11:27:32,532 - pytest_runner - INFO - pytest.py starting with args: ['tests/test_transitions_tab.py', 'tests/test_settings.py', '-v', '--tb=short']
2025-12-18 11:27:33,432 - pytest_runner - INFO - pytest finished with exit code 0
2025-12-18 11:40:03,613 - pytest_runner - INFO - pytest.py starting with args: ['tests/test_transitions_tab.py', 'tests/test_settings.py', '-v', '--tb=short']
2025-12-18 11:40:04,662 - pytest_runner - INFO - pytest finished with exit code 0
2025-12-19 01:08:06,661 - pytest_runner - INFO - pytest.py starting with args: ['-q', 'tests/test_geometry_dpi_matrix.py', '-vv']
2025-12-19 01:08:08,482 - pytest_runner - INFO - pytest finished with exit code 1
2025-12-19 01:12:04,035 - pytest_runner - INFO - pytest.py starting with args: ['-q', 'tests/test_geometry_dpi_matrix.py', '-vv']
2025-12-19 01:12:05,216 - pytest_runner - INFO - pytest finished with exit code 1
2025-12-19 01:15:54,324 - pytest_runner - INFO - pytest.py starting with args: ['-vv', 'tests/test_geometry_dpi_matrix.py']
2025-12-19 01:15:55,770 - pytest_runner - INFO - pytest finished with exit code 1
2025-12-19 01:16:35,178 - pytest_runner - INFO - pytest.py starting with args: ['-vv', 'tests/test_geometry_dpi_matrix.py']
2025-12-19 01:16:36,699 - pytest_runner - INFO - pytest finished with exit code 1
2025-12-19 01:57:05,441 - pytest_runner - INFO - pytest.py starting with args: ['-q', 'tests/test_hotkeys_no_text.py', 'tests/test_scrollwheel_volume.py']
2025-12-19 01:57:06,809 - pytest_runner - INFO - pytest finished with exit code 1
2025-12-24 02:28:18,222 - pytest_runner - INFO - pytest.py starting with args: ['tests/test_weather_widget.py']
2025-12-24 02:28:20,090 - pytest_runner - INFO - pytest finished with exit code 1
2025-12-24 02:56:05,725 - pytest_runner - INFO - pytest.py starting with args: ['tests/test_weather_widget.py']
2025-12-24 02:56:06,684 - pytest_runner - INFO - pytest finished with exit code 1
2025-12-24 02:56:49,905 - pytest_runner - INFO - pytest.py starting with args: ['tests/test_weather_widget.py']
2025-12-24 02:56:50,678 - pytest_runner - INFO - pytest finished with exit code 0
2025-12-24 03:00:07,141 - pytest_runner - INFO - pytest.py starting with args: ['tests/test_geometry_dpi_matrix.py']
2025-12-24 03:00:09,064 - pytest_runner - INFO - pytest finished with exit code 0
2025-12-24 03:03:05,531 - pytest_runner - INFO - pytest.py starting with args: ['tests/test_context_menu_effect_invalidation.py', '-vv']
2025-12-24 03:03:06,772 - pytest_runner - INFO - pytest finished with exit code 0
2025-12-24 03:03:19,812 - pytest_runner - INFO - pytest.py starting with args: ['tests/test_scrollwheel_volume.py', '-vv']
2025-12-24 03:03:21,709 - pytest_runner - INFO - pytest finished with exit code 1
2025-12-24 03:04:16,960 - pytest_runner - INFO - pytest.py starting with args: ['tests/test_scrollwheel_volume.py', '-vv']
2025-12-24 03:04:18,731 - pytest_runner - INFO - pytest finished with exit code 1
2025-12-24 03:05:09,851 - pytest_runner - INFO - pytest.py starting with args: ['tests/test_scrollwheel_volume.py', '-vv']
2025-12-24 03:05:11,465 - pytest_runner - INFO - pytest finished with exit code 0
2025-12-24 04:15:14,402 - pytest_runner - INFO - pytest.py starting with args: ['tests/test_spotify_visualizer_widget.py', '-vv', '-k', 'bars_not_stuck_at_top or kick_emphasizes_center_more_than_vocals']
2025-12-24 04:15:15,304 - pytest_runner - INFO - pytest finished with exit code 0
2025-12-24 04:15:47,509 - pytest_runner - INFO - pytest.py starting with args: ['tests/test_spotify_visualizer_widget.py', '-vv']
2025-12-24 04:15:48,868 - pytest_runner - INFO - pytest finished with exit code 0
2025-12-24 04:17:49,839 - pytest_runner - INFO - pytest.py starting with args: ['tests/test_clock_widget.py', '-vv']
2025-12-24 04:17:55,927 - pytest_runner - INFO - pytest finished with exit code 1
2025-12-24 04:18:26,539 - pytest_runner - INFO - pytest.py starting with args: ['tests/test_clock_widget.py', '-vv']
2025-12-24 04:18:31,566 - pytest_runner - INFO - pytest finished with exit code 0
2025-12-24 04:19:37,548 - pytest_runner - INFO - pytest.py starting with args: ['tests/test_ctrl_interaction_mode.py', '-vv']
2025-12-24 04:19:43,732 - pytest_runner - INFO - pytest finished with exit code 1
2025-12-24 04:20:22,329 - pytest_runner - INFO - pytest.py starting with args: ['tests/test_ctrl_interaction_mode.py', '-vv', '-k', 'settings_dialog_active']
2025-12-24 04:20:24,071 - pytest_runner - INFO - pytest finished with exit code 1
2025-12-24 04:23:36,033 - pytest_runner - INFO - pytest.py starting with args: ['tests/test_ctrl_interaction_mode.py', '-vv', '-k', 'settings_dialog_active']
2025-12-24 04:23:37,664 - pytest_runner - INFO - pytest finished with exit code 1
2025-12-24 04:24:21,086 - pytest_runner - INFO - pytest.py starting with args: ['tests/test_ctrl_interaction_mode.py', '-vv', '-k', 'settings_dialog_active']
2025-12-24 04:24:22,793 - pytest_runner - INFO - pytest finished with exit code 1
2025-12-24 04:31:35,237 - pytest_runner - INFO - pytest.py starting with args: ['tests/test_ctrl_interaction_mode.py', '-vv', '-k', 'settings_dialog_active']
2025-12-24 04:31:36,818 - pytest_runner - INFO - pytest finished with exit code 0
2025-12-25 18:41:20,899 - pytest_runner - INFO - pytest.py starting with args: []
2025-12-25 18:51:02,870 - pytest_runner - INFO - pytest.py starting with args: ['tests/test_gl_compositor_blinds.py', '-vv']
2025-12-25 18:51:06,696 - pytest_runner - INFO - pytest finished with exit code 0
2025-12-25 18:51:39,639 - pytest_runner - INFO - pytest.py starting with args: ['--maxfail=1', 'tests/test_ctrl_interaction_mode.py', '-k', 'settings_dialog_active', '-vv']
2025-12-25 18:51:41,232 - pytest_runner - INFO - pytest finished with exit code 1
2025-12-25 19:19:14,208 - pytest_runner - INFO - pytest.py starting with args: []
2025-12-25 19:38:34,676 - pytest_runner - INFO - pytest.py starting with args: ['tests/test_media_widget.py', '-vv']
2025-12-25 19:38:36,305 - pytest_runner - INFO - pytest finished with exit code 1
2025-12-25 19:56:49,394 - pytest_runner - INFO - pytest.py starting with args: ['tests/test_media_widget.py', '-vv']
2025-12-25 19:56:51,089 - pytest_runner - INFO - pytest finished with exit code 1
2025-12-25 20:08:50,193 - pytest_runner - INFO - pytest.py starting with args: ['tests/test_media_widget.py', '-vv']
2025-12-25 20:08:52,439 - pytest_runner - INFO - pytest finished with exit code 1
2025-12-25 20:11:15,548 - pytest_runner - INFO - pytest.py starting with args: ['tests/test_media_widget.py', '-vv']
2025-12-25 20:11:17,415 - pytest_runner - INFO - pytest finished with exit code 1
2025-12-25 20:16:36,257 - pytest_runner - INFO - pytest.py starting with args: ['tests/test_media_widget.py', '-vv']
2025-12-25 20:16:38,252 - pytest_runner - INFO - pytest finished with exit code 1
2025-12-25 20:19:00,065 - pytest_runner - INFO - pytest.py starting with args: ['tests/test_media_widget.py', '-vv']
2025-12-25 20:19:01,820 - pytest_runner - INFO - pytest finished with exit code 1
2025-12-25 20:21:21,657 - pytest_runner - INFO - pytest.py starting with args: ['tests/test_media_widget.py', '-vv']
2025-12-25 20:21:23,344 - pytest_runner - INFO - pytest finished with exit code 1
2025-12-25 22:39:54,847 - pytest_runner - INFO - pytest.py starting with args: ['tests/test_media_widget.py', '-vv']
2025-12-25 22:39:57,377 - pytest_runner - INFO - pytest finished with exit code 1
2025-12-25 22:46:55,257 - pytest_runner - INFO - pytest.py starting with args: ['tests/test_media_widget.py', '-vv']
2025-12-25 22:46:57,210 - pytest_runner - INFO - pytest finished with exit code 1
2025-12-25 22:50:57,412 - pytest_runner - INFO - pytest.py starting with args: ['tests/test_media_widget.py', '-vv']
2025-12-25 22:51:01,463 - pytest_runner - INFO - pytest finished with exit code 1
2025-12-25 23:13:00,245 - pytest_runner - INFO - pytest.py starting with args: ['tests/test_media_widget.py', '-vv']
2025-12-25 23:13:04,125 - pytest_runner - INFO - pytest finished with exit code 1
2025-12-26 00:31:24,466 - pytest_runner - INFO - pytest.py starting with args: ['tests/test_media_widget.py', '-vv']
2025-12-26 00:31:28,707 - pytest_runner - INFO - pytest finished with exit code 1
2025-12-26 00:39:06,190 - pytest_runner - INFO - pytest.py starting with args: ['tests/test_media_widget.py', '-vv']
2025-12-26 00:39:14,838 - pytest_runner - INFO - pytest finished with exit code 1
2025-12-27 20:02:00,704 - pytest_runner - INFO - pytest.py starting with args: ['tests/test_spotify_visualizer_widget.py', '-k', 'bars_not_stuck']
2025-12-27 20:02:01,486 - pytest_runner - INFO - pytest finished with exit code 1
2025-12-27 20:02:20,646 - pytest_runner - INFO - pytest.py starting with args: ['tests/test_spotify_visualizer_widget.py', '-k', 'bars_not_stuck', '-vv']
2025-12-27 20:02:21,281 - pytest_runner - INFO - pytest finished with exit code 1
2025-12-27 20:03:27,458 - pytest_runner - INFO - pytest.py starting with args: ['tests/test_spotify_visualizer_widget.py', '-k', 'bars_not_stuck']
2025-12-27 20:03:28,166 - pytest_runner - INFO - pytest finished with exit code 1
2025-12-27 21:54:31,587 - pytest_runner - INFO - pytest.py starting with args: ['tests/test_visualizer_distribution.py', '-k', 'reactivity_realistic', '-vv']
2025-12-27 21:54:32,439 - pytest_runner - INFO - pytest finished with exit code 5
2025-12-27 21:54:47,948 - pytest_runner - INFO - pytest.py starting with args: ['tests/test_visualizer_distribution.py', '-k', 'reactivity_realistic', '-vv', '-s']
2025-12-27 21:54:48,641 - pytest_runner - INFO - pytest finished with exit code 5
2025-12-28 01:49:53,635 - pytest_runner - INFO - pytest.py starting with args: ['tests/test_visualizer_distribution.py']
2025-12-28 01:49:54,375 - pytest_runner - INFO - pytest finished with exit code 5
2025-12-28 01:50:24,873 - pytest_runner - INFO - pytest.py starting with args: ['tests/test_visualizer_distribution.py']
2025-12-28 01:50:25,411 - pytest_runner - INFO - pytest finished with exit code 5
